000 (7842997.000.000) 07/01 23:48:51 Job submitted from host: <188.185.16.120:9618?addrs=188.185.16.120-9618+[2001-1458-d00-65--100-39b]-9618&alias=bigbird27.cern.ch&noUDP&sock=schedd_4465_3274>
...
040 (7842997.000.000) 07/01 23:49:09 Started transferring input files
	Transferring to host: <128.142.33.22:9618?addrs=128.142.33.22-9618+[2001-1458-301-53--100-13]-9618&alias=b9g34p0608.cern.ch&noUDP&sock=slot1_19_2704319_212b_51080>
...
040 (7842997.000.000) 07/01 23:49:15 Finished transferring input files
...
001 (7842997.000.000) 07/01 23:49:15 Job executing on host: <128.142.33.22:9618?addrs=128.142.33.22-9618+[2001-1458-301-53--100-13]-9618&alias=b9g34p0608.cern.ch&noUDP&sock=startd_5282_9754>
	SlotName: slot1_19@b9g34p0608.cern.ch
	CondorScratchDir = "/pool/condor/dir_3851942"
	Cpus = 1
	Disk = 10003133
	GPUs = 0
	Memory = 3000
...
006 (7842997.000.000) 07/01 23:49:23 Image size of job updated: 58276
	57  -  MemoryUsage of job (MB)
	58276  -  ResidentSetSize of job (KB)
...
040 (7842997.000.000) 07/01 23:49:23 Started transferring output files
...
040 (7842997.000.000) 07/01 23:49:23 Finished transferring output files
...
012 (7842997.000.000) 07/01 23:49:24 Job was held.
	Job held by ON_EXIT_HOLD due to exit code 1.
	Code 3 Subcode 0
...
013 (7842997.000.000) 07/01 23:59:52 Job was released.
	The job attribute PeriodicRelease expression '(NumJobStarts < 3) && ((CurrentTime - EnteredCurrentStatus) > 10 * 60)' evaluated to TRUE
...
040 (7842997.000.000) 07/02 00:00:17 Started transferring input files
	Transferring to host: <188.185.193.145:9618?addrs=188.185.193.145-9618+[2001-1458-303-20--100-8d]-9618&alias=b9p19p9101.cern.ch&noUDP&sock=slot1_15_4545_1d12_16982>
...
040 (7842997.000.000) 07/02 00:00:18 Finished transferring input files
...
001 (7842997.000.000) 07/02 00:00:18 Job executing on host: <188.185.193.145:9618?addrs=188.185.193.145-9618+[2001-1458-303-20--100-8d]-9618&alias=b9p19p9101.cern.ch&noUDP&sock=startd_3982_e636>
	SlotName: slot1_15@b9p19p9101.cern.ch
	CondorScratchDir = "/pool/condor/dir_1131689"
	Cpus = 1
	Disk = 10003101
	GPUs = 0
	Memory = 3000
...
040 (7842997.000.000) 07/02 00:00:40 Started transferring output files
...
040 (7842997.000.000) 07/02 00:00:40 Finished transferring output files
...
012 (7842997.000.000) 07/02 00:00:40 Job was held.
	Job held by ON_EXIT_HOLD due to exit code 1.
	Code 3 Subcode 0
...
013 (7842997.000.000) 07/02 00:10:53 Job was released.
	The job attribute PeriodicRelease expression '(NumJobStarts < 3) && ((CurrentTime - EnteredCurrentStatus) > 10 * 60)' evaluated to TRUE
...
040 (7842997.000.000) 07/02 00:11:55 Started transferring input files
	Transferring to host: <188.185.193.124:9618?addrs=188.185.193.124-9618+[2001-1458-303-20--100-78]-9618&alias=b9p19p8329.cern.ch&noUDP&sock=slot1_27_2029266_3911_16008>
...
040 (7842997.000.000) 07/02 00:11:56 Finished transferring input files
...
001 (7842997.000.000) 07/02 00:11:56 Job executing on host: <188.185.193.124:9618?addrs=188.185.193.124-9618+[2001-1458-303-20--100-78]-9618&alias=b9p19p8329.cern.ch&noUDP&sock=startd_2029207_cc5b>
	SlotName: slot1_27@b9p19p8329.cern.ch
	CondorScratchDir = "/pool/condor/dir_2009728"
	Cpus = 1
	Disk = 10003150
	GPUs = 0
	Memory = 3000
...
040 (7842997.000.000) 07/02 00:12:17 Started transferring output files
...
040 (7842997.000.000) 07/02 00:12:17 Finished transferring output files
...
012 (7842997.000.000) 07/02 00:12:17 Job was held.
	Job held by ON_EXIT_HOLD due to exit code 1.
	Code 3 Subcode 0
...
009 (7842997.000.000) 07/02 00:37:26 Job was aborted.
	via condor_rm (by user hlarson)

	Job terminated by itself at 2025-07-01T22:12:17Z (using method 0: OF_ITS_OWN_ACCORD).
...
000 (7843031.000.000) 07/02 00:38:38 Job submitted from host: <188.185.16.120:9618?addrs=188.185.16.120-9618+[2001-1458-d00-65--100-39b]-9618&alias=bigbird27.cern.ch&noUDP&sock=schedd_4465_3274>
...
040 (7843031.000.000) 07/02 00:40:12 Started transferring input files
	Transferring to host: <188.185.198.168:9618?addrs=188.185.198.168-9618+[2001-1458-303-25--100-a4]-9618&alias=b9p15p7641.cern.ch&noUDP&sock=slot1_22_8999_5c07_34535>
...
040 (7843031.000.000) 07/02 00:40:13 Finished transferring input files
...
001 (7843031.000.000) 07/02 00:40:13 Job executing on host: <188.185.198.168:9618?addrs=188.185.198.168-9618+[2001-1458-303-25--100-a4]-9618&alias=b9p15p7641.cern.ch&noUDP&sock=startd_8907_0a24>
	SlotName: slot1_22@b9p15p7641.cern.ch
	CondorScratchDir = "/pool/condor/dir_1593553"
	Cpus = 1
	Disk = 10003146
	GPUs = 0
	Memory = 3000
...
006 (7843031.000.000) 07/02 00:40:21 Image size of job updated: 63428
	62  -  MemoryUsage of job (MB)
	63428  -  ResidentSetSize of job (KB)
...
006 (7843031.000.000) 07/02 00:45:21 Image size of job updated: 847016
	828  -  MemoryUsage of job (MB)
	847016  -  ResidentSetSize of job (KB)
...
040 (7843031.000.000) 07/02 03:29:29 Started transferring output files
...
040 (7843031.000.000) 07/02 03:29:29 Finished transferring output files
...
012 (7843031.000.000) 07/02 03:29:29 Job was held.
	Job held by ON_EXIT_HOLD due to exit code 1.
	Code 3 Subcode 0
...
013 (7843031.000.000) 07/02 03:39:59 Job was released.
	The job attribute PeriodicRelease expression '(NumJobStarts < 3) && ((CurrentTime - EnteredCurrentStatus) > 10 * 60)' evaluated to TRUE
...
040 (7843031.000.000) 07/02 03:40:20 Started transferring input files
	Transferring to host: <188.184.185.53:9618?addrs=188.184.185.53-9618+[2001-1458-301-52--100-34]-9618&alias=b9g37p4087.cern.ch&noUDP&sock=slot1_5_901887_badc_40107>
...
040 (7843031.000.000) 07/02 03:40:20 Finished transferring input files
...
001 (7843031.000.000) 07/02 03:40:20 Job executing on host: <188.184.185.53:9618?addrs=188.184.185.53-9618+[2001-1458-301-52--100-34]-9618&alias=b9g37p4087.cern.ch&noUDP&sock=startd_6053_6ed9>
	SlotName: slot1_5@b9g37p4087.cern.ch
	CondorScratchDir = "/pool/condor/dir_2240610"
	Cpus = 1
	Disk = 10003619
	GPUs = 0
	Memory = 3000
...
040 (7843031.000.000) 07/02 07:03:18 Started transferring output files
...
040 (7843031.000.000) 07/02 07:03:18 Finished transferring output files
...
012 (7843031.000.000) 07/02 07:03:18 Job was held.
	Job held by ON_EXIT_HOLD due to exit code 1.
	Code 3 Subcode 0
...
013 (7843031.000.000) 07/02 07:14:08 Job was released.
	The job attribute PeriodicRelease expression '(NumJobStarts < 3) && ((CurrentTime - EnteredCurrentStatus) > 10 * 60)' evaluated to TRUE
...
040 (7843031.000.000) 07/02 07:14:36 Started transferring input files
	Transferring to host: <188.185.193.127:9618?addrs=188.185.193.127-9618+[2001-1458-303-20--100-7b]-9618&alias=b9p19p4258.cern.ch&noUDP&sock=slot1_14_5215_306d_8278>
...
040 (7843031.000.000) 07/02 07:14:42 Finished transferring input files
...
001 (7843031.000.000) 07/02 07:14:42 Job executing on host: <188.185.193.127:9618?addrs=188.185.193.127-9618+[2001-1458-303-20--100-7b]-9618&alias=b9p19p4258.cern.ch&noUDP&sock=startd_4694_45a4>
	SlotName: slot1_14@b9p19p4258.cern.ch
	CondorScratchDir = "/pool/condor/dir_3524858"
	Cpus = 1
	Disk = 10003171
	GPUs = 0
	Memory = 3000
...
040 (7843031.000.000) 07/02 09:21:06 Started transferring output files
...
040 (7843031.000.000) 07/02 09:21:06 Finished transferring output files
...
012 (7843031.000.000) 07/02 09:21:06 Job was held.
	Job held by ON_EXIT_HOLD due to exit code 1.
	Code 3 Subcode 0
...
009 (7843031.000.000) 07/02 21:25:29 Job was aborted.
	via condor_rm (by user hlarson)

	Job terminated by itself at 2025-07-02T07:21:06Z (using method 0: OF_ITS_OWN_ACCORD).
...
000 (7845781.000.000) 07/02 21:26:03 Job submitted from host: <188.185.16.120:9618?addrs=188.185.16.120-9618+[2001-1458-d00-65--100-39b]-9618&alias=bigbird27.cern.ch&noUDP&sock=schedd_4465_3274>
...
040 (7845781.000.000) 07/02 21:28:14 Started transferring input files
	Transferring to host: <188.185.193.178:9618?addrs=188.185.193.178-9618+[2001-1458-303-20--100-ae]-9618&alias=b9p19p9149.cern.ch&noUDP&sock=slot1_16_4414_cfed_15783>
...
040 (7845781.000.000) 07/02 21:28:40 Finished transferring input files
...
001 (7845781.000.000) 07/02 21:28:40 Job executing on host: <188.185.193.178:9618?addrs=188.185.193.178-9618+[2001-1458-303-20--100-ae]-9618&alias=b9p19p9149.cern.ch&noUDP&sock=startd_3808_8cbb>
	SlotName: slot1_16@b9p19p9149.cern.ch
	CondorScratchDir = "/pool/condor/dir_1131282"
	Cpus = 1
	Disk = 10003157
	GPUs = 0
	Memory = 3000
...
006 (7845781.000.000) 07/02 21:28:54 Image size of job updated: 49040
	48  -  MemoryUsage of job (MB)
	49040  -  ResidentSetSize of job (KB)
...
006 (7845781.000.000) 07/02 21:33:55 Image size of job updated: 342372
	335  -  MemoryUsage of job (MB)
	342372  -  ResidentSetSize of job (KB)
...
006 (7845781.000.000) 07/02 21:38:55 Image size of job updated: 402476
	394  -  MemoryUsage of job (MB)
	402476  -  ResidentSetSize of job (KB)
...
006 (7845781.000.000) 07/02 21:43:56 Image size of job updated: 403076
	394  -  MemoryUsage of job (MB)
	403076  -  ResidentSetSize of job (KB)
...
006 (7845781.000.000) 07/02 21:48:57 Image size of job updated: 403392
	394  -  MemoryUsage of job (MB)
	403392  -  ResidentSetSize of job (KB)
...
006 (7845781.000.000) 07/02 21:53:57 Image size of job updated: 438412
	429  -  MemoryUsage of job (MB)
	438412  -  ResidentSetSize of job (KB)
...
006 (7845781.000.000) 07/02 21:58:58 Image size of job updated: 438696
	429  -  MemoryUsage of job (MB)
	438696  -  ResidentSetSize of job (KB)
...
006 (7845781.000.000) 07/02 22:03:59 Image size of job updated: 466096
	456  -  MemoryUsage of job (MB)
	466096  -  ResidentSetSize of job (KB)
...
006 (7845781.000.000) 07/02 22:08:59 Image size of job updated: 466356
	456  -  MemoryUsage of job (MB)
	466356  -  ResidentSetSize of job (KB)
...
006 (7845781.000.000) 07/02 22:14:00 Image size of job updated: 466520
	456  -  MemoryUsage of job (MB)
	466520  -  ResidentSetSize of job (KB)
...
006 (7845781.000.000) 07/02 22:19:00 Image size of job updated: 489900
	479  -  MemoryUsage of job (MB)
	489900  -  ResidentSetSize of job (KB)
...
006 (7845781.000.000) 07/02 22:24:00 Image size of job updated: 490172
	479  -  MemoryUsage of job (MB)
	490172  -  ResidentSetSize of job (KB)
...
006 (7845781.000.000) 07/02 22:29:01 Image size of job updated: 494864
	484  -  MemoryUsage of job (MB)
	494864  -  ResidentSetSize of job (KB)
...
006 (7845781.000.000) 07/02 22:34:01 Image size of job updated: 507284
	496  -  MemoryUsage of job (MB)
	507284  -  ResidentSetSize of job (KB)
...
006 (7845781.000.000) 07/02 22:39:01 Image size of job updated: 507332
	496  -  MemoryUsage of job (MB)
	507332  -  ResidentSetSize of job (KB)
...
006 (7845781.000.000) 07/02 22:44:02 Image size of job updated: 507412
	496  -  MemoryUsage of job (MB)
	507412  -  ResidentSetSize of job (KB)
...
006 (7845781.000.000) 07/02 22:49:02 Image size of job updated: 520512
	509  -  MemoryUsage of job (MB)
	520512  -  ResidentSetSize of job (KB)
...
006 (7845781.000.000) 07/02 22:54:02 Image size of job updated: 520516
	509  -  MemoryUsage of job (MB)
	520516  -  ResidentSetSize of job (KB)
...
006 (7845781.000.000) 07/02 22:59:03 Image size of job updated: 520640
	509  -  MemoryUsage of job (MB)
	520640  -  ResidentSetSize of job (KB)
...
006 (7845781.000.000) 07/02 23:04:03 Image size of job updated: 523280
	512  -  MemoryUsage of job (MB)
	523280  -  ResidentSetSize of job (KB)
...
006 (7845781.000.000) 07/02 23:09:04 Image size of job updated: 523332
	512  -  MemoryUsage of job (MB)
	523332  -  ResidentSetSize of job (KB)
...
006 (7845781.000.000) 07/02 23:14:05 Image size of job updated: 525660
	514  -  MemoryUsage of job (MB)
	525660  -  ResidentSetSize of job (KB)
...
006 (7845781.000.000) 07/02 23:19:05 Image size of job updated: 525692
	514  -  MemoryUsage of job (MB)
	525692  -  ResidentSetSize of job (KB)
...
006 (7845781.000.000) 07/02 23:24:06 Image size of job updated: 525740
	514  -  MemoryUsage of job (MB)
	525740  -  ResidentSetSize of job (KB)
...
006 (7845781.000.000) 07/02 23:29:07 Image size of job updated: 533348
	521  -  MemoryUsage of job (MB)
	533348  -  ResidentSetSize of job (KB)
...
006 (7845781.000.000) 07/02 23:34:07 Image size of job updated: 533368
	521  -  MemoryUsage of job (MB)
	533368  -  ResidentSetSize of job (KB)
...
006 (7845781.000.000) 07/02 23:39:08 Image size of job updated: 539684
	528  -  MemoryUsage of job (MB)
	539684  -  ResidentSetSize of job (KB)
...
006 (7845781.000.000) 07/02 23:49:09 Image size of job updated: 541328
	529  -  MemoryUsage of job (MB)
	541328  -  ResidentSetSize of job (KB)
...
006 (7845781.000.000) 07/02 23:54:10 Image size of job updated: 552580
	540  -  MemoryUsage of job (MB)
	552580  -  ResidentSetSize of job (KB)
...
006 (7845781.000.000) 07/02 23:59:11 Image size of job updated: 552588
	540  -  MemoryUsage of job (MB)
	552588  -  ResidentSetSize of job (KB)
...
006 (7845781.000.000) 07/03 00:04:11 Image size of job updated: 552860
	540  -  MemoryUsage of job (MB)
	552860  -  ResidentSetSize of job (KB)
...
006 (7845781.000.000) 07/03 00:14:13 Image size of job updated: 553748
	541  -  MemoryUsage of job (MB)
	553748  -  ResidentSetSize of job (KB)
...
006 (7845781.000.000) 07/03 00:24:14 Image size of job updated: 553752
	541  -  MemoryUsage of job (MB)
	553752  -  ResidentSetSize of job (KB)
...
006 (7845781.000.000) 07/03 00:34:14 Image size of job updated: 553756
	541  -  MemoryUsage of job (MB)
	553756  -  ResidentSetSize of job (KB)
...
006 (7845781.000.000) 07/03 00:44:15 Image size of job updated: 553764
	541  -  MemoryUsage of job (MB)
	553764  -  ResidentSetSize of job (KB)
...
006 (7845781.000.000) 07/03 03:29:33 Image size of job updated: 553768
	541  -  MemoryUsage of job (MB)
	553768  -  ResidentSetSize of job (KB)
...
006 (7845781.000.000) 07/03 03:34:33 Image size of job updated: 553788
	541  -  MemoryUsage of job (MB)
	553788  -  ResidentSetSize of job (KB)
...
006 (7845781.000.000) 07/03 03:49:35 Image size of job updated: 562436
	550  -  MemoryUsage of job (MB)
	562436  -  ResidentSetSize of job (KB)
...
006 (7845781.000.000) 07/03 03:54:36 Image size of job updated: 562452
	550  -  MemoryUsage of job (MB)
	562452  -  ResidentSetSize of job (KB)
...
006 (7845781.000.000) 07/03 03:59:37 Image size of job updated: 573592
	561  -  MemoryUsage of job (MB)
	573592  -  ResidentSetSize of job (KB)
...
006 (7845781.000.000) 07/03 04:09:38 Image size of job updated: 576748
	564  -  MemoryUsage of job (MB)
	576748  -  ResidentSetSize of job (KB)
...
006 (7845781.000.000) 07/03 04:14:38 Image size of job updated: 577116
	564  -  MemoryUsage of job (MB)
	577116  -  ResidentSetSize of job (KB)
...
006 (7845781.000.000) 07/03 04:24:39 Image size of job updated: 587136
	574  -  MemoryUsage of job (MB)
	587136  -  ResidentSetSize of job (KB)
...
006 (7845781.000.000) 07/03 04:29:39 Image size of job updated: 587140
	574  -  MemoryUsage of job (MB)
	587140  -  ResidentSetSize of job (KB)
...
006 (7845781.000.000) 07/03 04:34:40 Image size of job updated: 587452
	574  -  MemoryUsage of job (MB)
	587452  -  ResidentSetSize of job (KB)
...
006 (7845781.000.000) 07/03 04:34:59 Image size of job updated: 735776
	574  -  MemoryUsage of job (MB)
	587452  -  ResidentSetSize of job (KB)
...
040 (7845781.000.000) 07/03 04:34:59 Started transferring output files
...
040 (7845781.000.000) 07/03 04:34:59 Finished transferring output files
...
005 (7845781.000.000) 07/03 04:34:59 Job terminated.
	(1) Normal termination (return value 0)
		Usr 0 00:26:21, Sys 0 00:01:54  -  Run Remote Usage
		Usr 0 00:00:00, Sys 0 00:00:00  -  Run Local Usage
		Usr 0 00:26:21, Sys 0 00:01:54  -  Total Remote Usage
		Usr 0 00:00:00, Sys 0 00:00:00  -  Total Local Usage
	24298  -  Run Bytes Sent By Job
	117616904  -  Run Bytes Received By Job
	24298  -  Total Bytes Sent By Job
	117616904  -  Total Bytes Received By Job
	Partitionable Resources :     Usage  Request Allocated 
	   Cpus                 :      0.14        1         1 
	   Disk (KB)            : 282310    10000000  10003157 
	   GPUs                 :                            0 
	   Memory (MB)          :    574        3000      3000 
	   TimeExecute (s)      :  25579                       
	   TimeSlotBusy (s)     :  25606                       

	Job terminated of its own accord at 2025-07-03T02:34:59Z with exit-code 0.
...
