000 (7842997.001.000) 07/01 23:48:51 Job submitted from host: <188.185.16.120:9618?addrs=188.185.16.120-9618+[2001-1458-d00-65--100-39b]-9618&alias=bigbird27.cern.ch&noUDP&sock=schedd_4465_3274>
...
040 (7842997.001.000) 07/01 23:49:25 Started transferring input files
	Transferring to host: <128.142.33.22:9618?addrs=128.142.33.22-9618+[2001-1458-301-53--100-13]-9618&alias=b9g34p0608.cern.ch&noUDP&sock=slot1_19_2704319_212b_51082>
...
040 (7842997.001.000) 07/01 23:49:25 Finished transferring input files
...
001 (7842997.001.000) 07/01 23:49:25 Job executing on host: <128.142.33.22:9618?addrs=128.142.33.22-9618+[2001-1458-301-53--100-13]-9618&alias=b9g34p0608.cern.ch&noUDP&sock=startd_5282_9754>
	SlotName: slot1_19@b9g34p0608.cern.ch
	CondorScratchDir = "/pool/condor/dir_3852772"
	Cpus = 1
	Disk = 10002940
	GPUs = 0
	Memory = 3000
...
006 (7842997.001.000) 07/01 23:49:31 Image size of job updated: 5784
	6  -  MemoryUsage of job (MB)
	5784  -  ResidentSetSize of job (KB)
...
040 (7842997.001.000) 07/01 23:49:31 Started transferring output files
...
040 (7842997.001.000) 07/01 23:49:31 Finished transferring output files
...
012 (7842997.001.000) 07/01 23:49:31 Job was held.
	Job held by ON_EXIT_HOLD due to exit code 1.
	Code 3 Subcode 0
...
013 (7842997.001.000) 07/01 23:59:52 Job was released.
	The job attribute PeriodicRelease expression '(NumJobStarts < 3) && ((CurrentTime - EnteredCurrentStatus) > 10 * 60)' evaluated to TRUE
...
040 (7842997.001.000) 07/02 00:00:19 Started transferring input files
	Transferring to host: <188.185.195.13:9618?addrs=188.185.195.13-9618+[2001-1458-303-22--100-9]-9618&alias=b9p17p7306.cern.ch&noUDP&sock=slot1_24_6912_e112_32950>
...
040 (7842997.001.000) 07/02 00:00:20 Finished transferring input files
...
001 (7842997.001.000) 07/02 00:00:20 Job executing on host: <188.185.195.13:9618?addrs=188.185.195.13-9618+[2001-1458-303-22--100-9]-9618&alias=b9p17p7306.cern.ch&noUDP&sock=startd_6365_7066>
	SlotName: slot1_24@b9p17p7306.cern.ch
	CondorScratchDir = "/pool/condor/dir_572196"
	Cpus = 1
	Disk = 10001370
	GPUs = 0
	Memory = 3000
...
006 (7842997.001.000) 07/02 00:00:34 Image size of job updated: 25008
	25  -  MemoryUsage of job (MB)
	25008  -  ResidentSetSize of job (KB)
...
006 (7842997.001.000) 07/02 00:00:44 Image size of job updated: 27168
	25  -  MemoryUsage of job (MB)
	25372  -  ResidentSetSize of job (KB)
...
040 (7842997.001.000) 07/02 00:00:44 Started transferring output files
...
040 (7842997.001.000) 07/02 00:00:44 Finished transferring output files
...
012 (7842997.001.000) 07/02 00:00:44 Job was held.
	Job held by ON_EXIT_HOLD due to exit code 1.
	Code 3 Subcode 0
...
013 (7842997.001.000) 07/02 00:10:53 Job was released.
	The job attribute PeriodicRelease expression '(NumJobStarts < 3) && ((CurrentTime - EnteredCurrentStatus) > 10 * 60)' evaluated to TRUE
...
040 (7842997.001.000) 07/02 00:11:56 Started transferring input files
	Transferring to host: <188.185.198.46:9618?addrs=188.185.198.46-9618+[2001-1458-303-25--100-2a]-9618&alias=b9p15p0351.cern.ch&noUDP&sock=slot1_27_6515_2822_33453>
...
040 (7842997.001.000) 07/02 00:11:57 Finished transferring input files
...
001 (7842997.001.000) 07/02 00:11:57 Job executing on host: <188.185.198.46:9618?addrs=188.185.198.46-9618+[2001-1458-303-25--100-2a]-9618&alias=b9p15p0351.cern.ch&noUDP&sock=startd_5895_0ee2>
	SlotName: slot1_27@b9p15p0351.cern.ch
	CondorScratchDir = "/pool/condor/dir_1900677"
	Cpus = 1
	Disk = 10003159
	GPUs = 0
	Memory = 3000
...
040 (7842997.001.000) 07/02 00:12:13 Started transferring output files
...
040 (7842997.001.000) 07/02 00:12:13 Finished transferring output files
...
012 (7842997.001.000) 07/02 00:12:13 Job was held.
	Job held by ON_EXIT_HOLD due to exit code 1.
	Code 3 Subcode 0
...
009 (7842997.001.000) 07/02 00:37:26 Job was aborted.
	via condor_rm (by user hlarson)

	Job terminated by itself at 2025-07-01T22:12:13Z (using method 0: OF_ITS_OWN_ACCORD).
...
000 (7843031.001.000) 07/02 00:38:38 Job submitted from host: <188.185.16.120:9618?addrs=188.185.16.120-9618+[2001-1458-d00-65--100-39b]-9618&alias=bigbird27.cern.ch&noUDP&sock=schedd_4465_3274>
...
040 (7843031.001.000) 07/02 00:40:10 Started transferring input files
	Transferring to host: <188.185.192.89:9618?addrs=188.185.192.89-9618&alias=b9p13p4128.cern.ch&noUDP&sock=slot1_29_1567943_6fa9_20558>
...
040 (7843031.001.000) 07/02 00:40:11 Finished transferring input files
...
001 (7843031.001.000) 07/02 00:40:11 Job executing on host: <188.185.192.89:9618?addrs=188.185.192.89-9618&alias=b9p13p4128.cern.ch&noUDP&sock=startd_1567896_d28e>
	SlotName: slot1_29@b9p13p4128.cern.ch
	CondorScratchDir = "/pool/condor/dir_1330626"
	Cpus = 1
	Disk = 10003266
	GPUs = 0
	Memory = 3000
...
006 (7843031.001.000) 07/02 00:40:25 Image size of job updated: 21804
	22  -  MemoryUsage of job (MB)
	21804  -  ResidentSetSize of job (KB)
...
006 (7843031.001.000) 07/02 00:45:26 Image size of job updated: 339968
	332  -  MemoryUsage of job (MB)
	339124  -  ResidentSetSize of job (KB)
...
006 (7843031.001.000) 07/02 00:50:26 Image size of job updated: 428692
	419  -  MemoryUsage of job (MB)
	428692  -  ResidentSetSize of job (KB)
...
006 (7843031.001.000) 07/02 00:55:27 Image size of job updated: 429060
	420  -  MemoryUsage of job (MB)
	429060  -  ResidentSetSize of job (KB)
...
006 (7843031.001.000) 07/02 01:00:27 Image size of job updated: 455264
	445  -  MemoryUsage of job (MB)
	455264  -  ResidentSetSize of job (KB)
...
006 (7843031.001.000) 07/02 01:05:28 Image size of job updated: 455608
	445  -  MemoryUsage of job (MB)
	455608  -  ResidentSetSize of job (KB)
...
006 (7843031.001.000) 07/02 01:10:28 Image size of job updated: 479176
	468  -  MemoryUsage of job (MB)
	479176  -  ResidentSetSize of job (KB)
...
006 (7843031.001.000) 07/02 01:15:29 Image size of job updated: 486596
	476  -  MemoryUsage of job (MB)
	486596  -  ResidentSetSize of job (KB)
...
006 (7843031.001.000) 07/02 01:20:30 Image size of job updated: 486776
	476  -  MemoryUsage of job (MB)
	486776  -  ResidentSetSize of job (KB)
...
006 (7843031.001.000) 07/02 01:25:30 Image size of job updated: 491028
	480  -  MemoryUsage of job (MB)
	491028  -  ResidentSetSize of job (KB)
...
006 (7843031.001.000) 07/02 01:30:31 Image size of job updated: 496076
	485  -  MemoryUsage of job (MB)
	496076  -  ResidentSetSize of job (KB)
...
006 (7843031.001.000) 07/02 01:35:31 Image size of job updated: 496084
	485  -  MemoryUsage of job (MB)
	496084  -  ResidentSetSize of job (KB)
...
006 (7843031.001.000) 07/02 01:40:32 Image size of job updated: 496088
	485  -  MemoryUsage of job (MB)
	496088  -  ResidentSetSize of job (KB)
...
006 (7843031.001.000) 07/02 01:45:32 Image size of job updated: 496092
	485  -  MemoryUsage of job (MB)
	496092  -  ResidentSetSize of job (KB)
...
006 (7843031.001.000) 07/02 01:50:33 Image size of job updated: 496104
	485  -  MemoryUsage of job (MB)
	496104  -  ResidentSetSize of job (KB)
...
006 (7843031.001.000) 07/02 01:55:33 Image size of job updated: 496112
	485  -  MemoryUsage of job (MB)
	496112  -  ResidentSetSize of job (KB)
...
006 (7843031.001.000) 07/02 02:00:34 Image size of job updated: 496116
	485  -  MemoryUsage of job (MB)
	496116  -  ResidentSetSize of job (KB)
...
006 (7843031.001.000) 07/02 02:05:35 Image size of job updated: 496120
	485  -  MemoryUsage of job (MB)
	496120  -  ResidentSetSize of job (KB)
...
006 (7843031.001.000) 07/02 02:10:35 Image size of job updated: 496136
	485  -  MemoryUsage of job (MB)
	496136  -  ResidentSetSize of job (KB)
...
006 (7843031.001.000) 07/02 02:15:36 Image size of job updated: 496140
	485  -  MemoryUsage of job (MB)
	496140  -  ResidentSetSize of job (KB)
...
006 (7843031.001.000) 07/02 02:20:36 Image size of job updated: 496144
	485  -  MemoryUsage of job (MB)
	496144  -  ResidentSetSize of job (KB)
...
006 (7843031.001.000) 07/02 02:25:37 Image size of job updated: 496156
	485  -  MemoryUsage of job (MB)
	496156  -  ResidentSetSize of job (KB)
...
006 (7843031.001.000) 07/02 02:40:38 Image size of job updated: 496168
	485  -  MemoryUsage of job (MB)
	496168  -  ResidentSetSize of job (KB)
...
006 (7843031.001.000) 07/02 02:45:39 Image size of job updated: 496172
	485  -  MemoryUsage of job (MB)
	496172  -  ResidentSetSize of job (KB)
...
006 (7843031.001.000) 07/02 02:50:39 Image size of job updated: 496180
	485  -  MemoryUsage of job (MB)
	496180  -  ResidentSetSize of job (KB)
...
006 (7843031.001.000) 07/02 02:55:41 Image size of job updated: 496184
	485  -  MemoryUsage of job (MB)
	496184  -  ResidentSetSize of job (KB)
...
006 (7843031.001.000) 07/02 03:00:41 Image size of job updated: 496188
	485  -  MemoryUsage of job (MB)
	496188  -  ResidentSetSize of job (KB)
...
006 (7843031.001.000) 07/02 03:05:41 Image size of job updated: 496200
	485  -  MemoryUsage of job (MB)
	496200  -  ResidentSetSize of job (KB)
...
006 (7843031.001.000) 07/02 03:10:42 Image size of job updated: 496208
	485  -  MemoryUsage of job (MB)
	496208  -  ResidentSetSize of job (KB)
...
006 (7843031.001.000) 07/02 03:15:42 Image size of job updated: 496216
	485  -  MemoryUsage of job (MB)
	496216  -  ResidentSetSize of job (KB)
...
006 (7843031.001.000) 07/02 03:20:43 Image size of job updated: 496220
	485  -  MemoryUsage of job (MB)
	496220  -  ResidentSetSize of job (KB)
...
006 (7843031.001.000) 07/02 03:25:43 Image size of job updated: 496224
	485  -  MemoryUsage of job (MB)
	496224  -  ResidentSetSize of job (KB)
...
006 (7843031.001.000) 07/02 03:30:44 Image size of job updated: 496232
	485  -  MemoryUsage of job (MB)
	496232  -  ResidentSetSize of job (KB)
...
006 (7843031.001.000) 07/02 03:35:44 Image size of job updated: 501980
	491  -  MemoryUsage of job (MB)
	501980  -  ResidentSetSize of job (KB)
...
006 (7843031.001.000) 07/02 03:40:45 Image size of job updated: 504796
	493  -  MemoryUsage of job (MB)
	504796  -  ResidentSetSize of job (KB)
...
006 (7843031.001.000) 07/02 03:45:45 Image size of job updated: 504872
	494  -  MemoryUsage of job (MB)
	504872  -  ResidentSetSize of job (KB)
...
006 (7843031.001.000) 07/02 03:50:46 Image size of job updated: 504876
	494  -  MemoryUsage of job (MB)
	504876  -  ResidentSetSize of job (KB)
...
006 (7843031.001.000) 07/02 04:00:47 Image size of job updated: 504880
	494  -  MemoryUsage of job (MB)
	504880  -  ResidentSetSize of job (KB)
...
006 (7843031.001.000) 07/02 04:05:48 Image size of job updated: 504892
	494  -  MemoryUsage of job (MB)
	504892  -  ResidentSetSize of job (KB)
...
006 (7843031.001.000) 07/02 04:10:48 Image size of job updated: 504944
	494  -  MemoryUsage of job (MB)
	504944  -  ResidentSetSize of job (KB)
...
006 (7843031.001.000) 07/02 04:15:49 Image size of job updated: 513204
	502  -  MemoryUsage of job (MB)
	513204  -  ResidentSetSize of job (KB)
...
006 (7843031.001.000) 07/02 04:20:49 Image size of job updated: 513232
	502  -  MemoryUsage of job (MB)
	513232  -  ResidentSetSize of job (KB)
...
006 (7843031.001.000) 07/02 04:25:50 Image size of job updated: 516300
	505  -  MemoryUsage of job (MB)
	516300  -  ResidentSetSize of job (KB)
...
006 (7843031.001.000) 07/02 04:30:50 Image size of job updated: 516312
	505  -  MemoryUsage of job (MB)
	516312  -  ResidentSetSize of job (KB)
...
006 (7843031.001.000) 07/02 04:35:51 Image size of job updated: 519772
	508  -  MemoryUsage of job (MB)
	519772  -  ResidentSetSize of job (KB)
...
006 (7843031.001.000) 07/02 04:40:51 Image size of job updated: 520972
	509  -  MemoryUsage of job (MB)
	520972  -  ResidentSetSize of job (KB)
...
006 (7843031.001.000) 07/02 04:50:52 Image size of job updated: 521720
	510  -  MemoryUsage of job (MB)
	521720  -  ResidentSetSize of job (KB)
...
006 (7843031.001.000) 07/02 04:55:52 Image size of job updated: 527900
	516  -  MemoryUsage of job (MB)
	527900  -  ResidentSetSize of job (KB)
...
006 (7843031.001.000) 07/02 05:00:53 Image size of job updated: 540980
	529  -  MemoryUsage of job (MB)
	540980  -  ResidentSetSize of job (KB)
...
006 (7843031.001.000) 07/02 05:05:53 Image size of job updated: 540984
	529  -  MemoryUsage of job (MB)
	540984  -  ResidentSetSize of job (KB)
...
006 (7843031.001.000) 07/02 05:10:54 Image size of job updated: 541024
	529  -  MemoryUsage of job (MB)
	541024  -  ResidentSetSize of job (KB)
...
006 (7843031.001.000) 07/02 05:15:54 Image size of job updated: 550244
	538  -  MemoryUsage of job (MB)
	550244  -  ResidentSetSize of job (KB)
...
006 (7843031.001.000) 07/02 05:20:55 Image size of job updated: 552072
	540  -  MemoryUsage of job (MB)
	552072  -  ResidentSetSize of job (KB)
...
006 (7843031.001.000) 07/02 05:25:55 Image size of job updated: 552104
	540  -  MemoryUsage of job (MB)
	552104  -  ResidentSetSize of job (KB)
...
006 (7843031.001.000) 07/02 05:30:56 Image size of job updated: 556192
	544  -  MemoryUsage of job (MB)
	556192  -  ResidentSetSize of job (KB)
...
006 (7843031.001.000) 07/02 05:35:56 Image size of job updated: 557580
	545  -  MemoryUsage of job (MB)
	557580  -  ResidentSetSize of job (KB)
...
006 (7843031.001.000) 07/02 05:40:57 Image size of job updated: 557588
	545  -  MemoryUsage of job (MB)
	557588  -  ResidentSetSize of job (KB)
...
006 (7843031.001.000) 07/02 05:45:57 Image size of job updated: 557652
	545  -  MemoryUsage of job (MB)
	557652  -  ResidentSetSize of job (KB)
...
006 (7843031.001.000) 07/02 05:50:59 Image size of job updated: 566728
	554  -  MemoryUsage of job (MB)
	566728  -  ResidentSetSize of job (KB)
...
006 (7843031.001.000) 07/02 05:55:59 Image size of job updated: 566740
	554  -  MemoryUsage of job (MB)
	566740  -  ResidentSetSize of job (KB)
...
006 (7843031.001.000) 07/02 06:00:59 Image size of job updated: 571196
	558  -  MemoryUsage of job (MB)
	571196  -  ResidentSetSize of job (KB)
...
006 (7843031.001.000) 07/02 06:06:00 Image size of job updated: 582420
	569  -  MemoryUsage of job (MB)
	582420  -  ResidentSetSize of job (KB)
...
006 (7843031.001.000) 07/02 06:11:00 Image size of job updated: 582428
	569  -  MemoryUsage of job (MB)
	582428  -  ResidentSetSize of job (KB)
...
006 (7843031.001.000) 07/02 06:20:43 Image size of job updated: 582432
	569  -  MemoryUsage of job (MB)
	582428  -  ResidentSetSize of job (KB)
...
040 (7843031.001.000) 07/02 06:20:43 Started transferring output files
...
040 (7843031.001.000) 07/02 06:20:43 Finished transferring output files
...
012 (7843031.001.000) 07/02 06:20:43 Job was held.
	Job held by ON_EXIT_HOLD due to exit code 1.
	Code 3 Subcode 0
...
013 (7843031.001.000) 07/02 06:31:05 Job was released.
	The job attribute PeriodicRelease expression '(NumJobStarts < 3) && ((CurrentTime - EnteredCurrentStatus) > 10 * 60)' evaluated to TRUE
...
040 (7843031.001.000) 07/02 06:32:00 Started transferring input files
	Transferring to host: <188.185.194.17:9618?addrs=188.185.194.17-9618+[2001-1458-303-21--100-d]-9618&alias=b9p20p4452.cern.ch&noUDP&sock=slot1_13_5463_ed77_17837>
...
040 (7843031.001.000) 07/02 06:32:01 Finished transferring input files
...
001 (7843031.001.000) 07/02 06:32:01 Job executing on host: <188.185.194.17:9618?addrs=188.185.194.17-9618+[2001-1458-303-21--100-d]-9618&alias=b9p20p4452.cern.ch&noUDP&sock=startd_4893_c4fd>
	SlotName: slot1_13@b9p20p4452.cern.ch
	CondorScratchDir = "/pool/condor/dir_4131775"
	Cpus = 1
	Disk = 10003164
	GPUs = 0
	Memory = 3000
...
040 (7843031.001.000) 07/02 09:40:08 Started transferring output files
...
040 (7843031.001.000) 07/02 09:40:08 Finished transferring output files
...
012 (7843031.001.000) 07/02 09:40:08 Job was held.
	Job held by ON_EXIT_HOLD due to exit code 1.
	Code 3 Subcode 0
...
013 (7843031.001.000) 07/02 09:50:28 Job was released.
	The job attribute PeriodicRelease expression '(NumJobStarts < 3) && ((CurrentTime - EnteredCurrentStatus) > 10 * 60)' evaluated to TRUE
...
040 (7843031.001.000) 07/02 09:52:19 Started transferring input files
	Transferring to host: <188.185.195.120:9618?addrs=188.185.195.120-9618+[2001-1458-303-22--100-74]-9618&alias=b9p17p7877.cern.ch&noUDP&sock=slot1_22_1686542_2920_16358>
...
040 (7843031.001.000) 07/02 09:52:20 Finished transferring input files
...
001 (7843031.001.000) 07/02 09:52:20 Job executing on host: <188.185.195.120:9618?addrs=188.185.195.120-9618+[2001-1458-303-22--100-74]-9618&alias=b9p17p7877.cern.ch&noUDP&sock=startd_1686485_033e>
	SlotName: slot1_22@b9p17p7877.cern.ch
	CondorScratchDir = "/pool/condor/dir_826343"
	Cpus = 1
	Disk = 10010379
	GPUs = 0
	Memory = 3000
...
040 (7843031.001.000) 07/02 13:28:06 Started transferring output files
...
040 (7843031.001.000) 07/02 13:28:06 Finished transferring output files
...
012 (7843031.001.000) 07/02 13:28:06 Job was held.
	Job held by ON_EXIT_HOLD due to exit code 1.
	Code 3 Subcode 0
...
009 (7843031.001.000) 07/02 21:25:29 Job was aborted.
	via condor_rm (by user hlarson)

	Job terminated by itself at 2025-07-02T11:28:06Z (using method 0: OF_ITS_OWN_ACCORD).
...
000 (7845781.001.000) 07/02 21:26:03 Job submitted from host: <188.185.16.120:9618?addrs=188.185.16.120-9618+[2001-1458-d00-65--100-39b]-9618&alias=bigbird27.cern.ch&noUDP&sock=schedd_4465_3274>
...
040 (7845781.001.000) 07/02 21:28:14 Started transferring input files
	Transferring to host: <188.185.212.44:9618?addrs=188.185.212.44-9618+[2001-1458-303-18--100-28]-9618&alias=b9p25p2071.cern.ch&noUDP&sock=slot1_6_2682926_d365_32416>
...
040 (7845781.001.000) 07/02 21:28:40 Finished transferring input files
...
001 (7845781.001.000) 07/02 21:28:40 Job executing on host: <188.185.212.44:9618?addrs=188.185.212.44-9618+[2001-1458-303-18--100-28]-9618&alias=b9p25p2071.cern.ch&noUDP&sock=startd_8347_ed1b>
	SlotName: slot1_6@b9p25p2071.cern.ch
	CondorScratchDir = "/pool/condor/dir_1068881"
	Cpus = 1
	Disk = 10003059
	GPUs = 0
	Memory = 3000
...
006 (7845781.001.000) 07/02 21:28:49 Image size of job updated: 117164
	115  -  MemoryUsage of job (MB)
	117164  -  ResidentSetSize of job (KB)
...
006 (7845781.001.000) 07/02 21:33:50 Image size of job updated: 805988
	788  -  MemoryUsage of job (MB)
	805988  -  ResidentSetSize of job (KB)
...
006 (7845781.001.000) 07/02 21:38:51 Image size of job updated: 806180
	788  -  MemoryUsage of job (MB)
	806180  -  ResidentSetSize of job (KB)
...
006 (7845781.001.000) 07/02 21:43:51 Image size of job updated: 895556
	875  -  MemoryUsage of job (MB)
	895556  -  ResidentSetSize of job (KB)
...
006 (7845781.001.000) 07/02 21:48:52 Image size of job updated: 895892
	875  -  MemoryUsage of job (MB)
	895892  -  ResidentSetSize of job (KB)
...
006 (7845781.001.000) 07/02 21:58:53 Image size of job updated: 917740
	897  -  MemoryUsage of job (MB)
	917740  -  ResidentSetSize of job (KB)
...
006 (7845781.001.000) 07/02 22:03:53 Image size of job updated: 918376
	897  -  MemoryUsage of job (MB)
	918376  -  ResidentSetSize of job (KB)
...
006 (7845781.001.000) 07/02 22:13:54 Image size of job updated: 918440
	897  -  MemoryUsage of job (MB)
	918440  -  ResidentSetSize of job (KB)
...
006 (7845781.001.000) 07/02 22:18:54 Image size of job updated: 918904
	898  -  MemoryUsage of job (MB)
	918904  -  ResidentSetSize of job (KB)
...
006 (7845781.001.000) 07/02 22:23:55 Image size of job updated: 948996
	927  -  MemoryUsage of job (MB)
	948996  -  ResidentSetSize of job (KB)
...
006 (7845781.001.000) 07/02 22:28:55 Image size of job updated: 949012
	927  -  MemoryUsage of job (MB)
	949012  -  ResidentSetSize of job (KB)
...
006 (7845781.001.000) 07/02 22:48:56 Image size of job updated: 949012
	927  -  MemoryUsage of job (MB)
	949172  -  ResidentSetSize of job (KB)
...
006 (7845781.001.000) 07/02 23:03:57 Image size of job updated: 961316
	939  -  MemoryUsage of job (MB)
	961316  -  ResidentSetSize of job (KB)
...
006 (7845781.001.000) 07/02 23:08:58 Image size of job updated: 961316
	939  -  MemoryUsage of job (MB)
	961320  -  ResidentSetSize of job (KB)
...
006 (7845781.001.000) 07/02 23:13:58 Image size of job updated: 973176
	951  -  MemoryUsage of job (MB)
	973176  -  ResidentSetSize of job (KB)
...
006 (7845781.001.000) 07/02 23:23:59 Image size of job updated: 979724
	957  -  MemoryUsage of job (MB)
	979724  -  ResidentSetSize of job (KB)
...
006 (7845781.001.000) 07/02 23:28:59 Image size of job updated: 980060
	958  -  MemoryUsage of job (MB)
	980060  -  ResidentSetSize of job (KB)
...
006 (7845781.001.000) 07/02 23:39:01 Image size of job updated: 982112
	960  -  MemoryUsage of job (MB)
	982112  -  ResidentSetSize of job (KB)
...
006 (7845781.001.000) 07/02 23:44:01 Image size of job updated: 982180
	960  -  MemoryUsage of job (MB)
	982180  -  ResidentSetSize of job (KB)
...
006 (7845781.001.000) 07/02 23:49:02 Image size of job updated: 986124
	964  -  MemoryUsage of job (MB)
	986124  -  ResidentSetSize of job (KB)
...
006 (7845781.001.000) 07/02 23:54:03 Image size of job updated: 986928
	964  -  MemoryUsage of job (MB)
	986928  -  ResidentSetSize of job (KB)
...
006 (7845781.001.000) 07/02 23:59:03 Image size of job updated: 987520
	965  -  MemoryUsage of job (MB)
	987520  -  ResidentSetSize of job (KB)
...
006 (7845781.001.000) 07/03 00:04:03 Image size of job updated: 993312
	971  -  MemoryUsage of job (MB)
	993312  -  ResidentSetSize of job (KB)
...
006 (7845781.001.000) 07/03 00:09:04 Image size of job updated: 1005392
	982  -  MemoryUsage of job (MB)
	1005392  -  ResidentSetSize of job (KB)
...
006 (7845781.001.000) 07/03 00:24:05 Image size of job updated: 1015828
	993  -  MemoryUsage of job (MB)
	1015828  -  ResidentSetSize of job (KB)
...
006 (7845781.001.000) 07/03 00:29:05 Image size of job updated: 1020100
	997  -  MemoryUsage of job (MB)
	1020100  -  ResidentSetSize of job (KB)
...
006 (7845781.001.000) 07/03 00:34:05 Image size of job updated: 1024276
	1001  -  MemoryUsage of job (MB)
	1024276  -  ResidentSetSize of job (KB)
...
006 (7845781.001.000) 07/03 00:39:07 Image size of job updated: 1024748
	1001  -  MemoryUsage of job (MB)
	1024748  -  ResidentSetSize of job (KB)
...
006 (7845781.001.000) 07/03 00:44:07 Image size of job updated: 1033956
	1010  -  MemoryUsage of job (MB)
	1033956  -  ResidentSetSize of job (KB)
...
006 (7845781.001.000) 07/03 01:19:11 Image size of job updated: 1037520
	1014  -  MemoryUsage of job (MB)
	1037520  -  ResidentSetSize of job (KB)
...
006 (7845781.001.000) 07/03 01:29:13 Image size of job updated: 1047760
	1024  -  MemoryUsage of job (MB)
	1047760  -  ResidentSetSize of job (KB)
...
040 (7845781.001.000) 07/03 01:37:41 Started transferring output files
...
040 (7845781.001.000) 07/03 01:37:41 Finished transferring output files
...
005 (7845781.001.000) 07/03 01:37:41 Job terminated.
	(1) Normal termination (return value 0)
		Usr 0 00:17:23, Sys 0 00:02:21  -  Run Remote Usage
		Usr 0 00:00:00, Sys 0 00:00:00  -  Run Local Usage
		Usr 0 00:17:23, Sys 0 00:02:21  -  Total Remote Usage
		Usr 0 00:00:00, Sys 0 00:00:00  -  Total Local Usage
	24302  -  Run Bytes Sent By Job
	117616904  -  Run Bytes Received By Job
	24302  -  Total Bytes Sent By Job
	117616904  -  Total Bytes Received By Job
	Partitionable Resources :     Usage  Request Allocated 
	   Cpus                 :      0.08        1         1 
	   Disk (KB)            : 282282    10000000  10003059 
	   GPUs                 :                            0 
	   Memory (MB)          :   1024        3000      3000 
	   TimeExecute (s)      :  14940                       
	   TimeSlotBusy (s)     :  14968                       

	Job terminated of its own accord at 2025-07-02T23:37:40Z with exit-code 0.
...
