b9g03p2120.cern.ch
workdir: /srv
args: 2
total 114880
-rw-r--r--. 1 hlarson zh 117551767 Jul  3 18:09 CMSSW.tar.gz
-rwxr-xr-x. 1 hlarson zh      6303 Jul  3 18:09 Cert_Collisions2023_366442_370790_Golden.json
-rw-r--r--. 1 hlarson zh         0 Jul  3 18:09 _condor_stderr
-rw-r--r--. 1 hlarson zh        41 Jul  3 18:09 _condor_stdout
-rw-r--r--. 1 hlarson zh       466 Jul  3 18:09 heavyFlavSFTree_cfg.json
-rw-------. 1 hlarson zh      2591 Jul  3 18:09 hlarson.cc
-rw-r--r--. 1 hlarson zh       885 Jul  3 18:09 keep_and_drop_input.txt
-rw-r--r--. 1 hlarson zh       434 Jul  3 18:09 keep_and_drop_output.txt
-rw-r--r--. 1 hlarson zh     40039 Jul  3 18:09 metadata.json
-rwxr-xr-x. 1 hlarson zh      5147 Jul  3 18:09 processor.py
-rwxr-xr-x. 1 hlarson zh      1555 Jul  3 18:09 run_postproc_condor.sh
drwxr-x---. 6 hlarson zh        71 Jul  3 18:09 scratch
drwx------. 2 hlarson zh         6 Jul  3 18:09 srv
drwx------. 2 hlarson zh         6 Jul  3 18:09 tmp
drwx------. 3 hlarson zh        17 Jul  3 18:09 var
drwxrwxrwt. 2 hlarson zh         6 Jul  3 18:09 var_tmp
printing pwd
/srv
>>> creating new release CMSSW_12_6_4
>>> preparing sandbox release CMSSW_12_6_4
>>> fixing python paths
[2025-07-03 18:10:23] wrapper ready
total 114884
-rw-r--r--. 1 hlarson zh 117551767 Jul  3 18:09 CMSSW.tar.gz
drwxr-xr-x. 9 hlarson zh       124 Jul  3 18:10 CMSSW_12_6_4
-rwxr-xr-x. 1 hlarson zh      6303 Jul  3 18:09 Cert_Collisions2023_366442_370790_Golden.json
-rw-r--r--. 1 hlarson zh       163 Jul  3 18:10 _condor_stderr
-rw-r--r--. 1 hlarson zh      1233 Jul  3 18:10 _condor_stdout
-rw-r--r--. 1 hlarson zh       466 Jul  3 18:09 heavyFlavSFTree_cfg.json
-rw-------. 1 hlarson zh      2591 Jul  3 18:09 hlarson.cc
-rw-r--r--. 1 hlarson zh       885 Jul  3 18:09 keep_and_drop_input.txt
-rw-r--r--. 1 hlarson zh       434 Jul  3 18:09 keep_and_drop_output.txt
-rw-r--r--. 1 hlarson zh     40039 Jul  3 18:09 metadata.json
-rwxr-xr-x. 1 hlarson zh      5147 Jul  3 18:09 processor.py
-rwxr-xr-x. 1 hlarson zh      1555 Jul  3 18:09 run_postproc_condor.sh
drwxr-x---. 6 hlarson zh        71 Jul  3 18:09 scratch
drwx------. 2 hlarson zh         6 Jul  3 18:09 srv
drwx------. 3 hlarson zh        34 Jul  3 18:09 tmp
drwx------. 3 hlarson zh        17 Jul  3 18:09 var
drwxrwxrwt. 2 hlarson zh         6 Jul  3 18:09 var_tmp
Loading heavyFlavSFTreeFromConfig from PhysicsTools.NanoHRTTools.producers.HeavyFlavSFTreeProducer 
['root://xrootd-cms.infn.it////store/data/Run2023C/Muon0/NANOAOD/22Sep2023_v4-v1/30000/c53475a0-25cd-49cd-8d37-d63cc303eeae.root', 'root://xrootd-cms.infn.it////store/data/Run2023C/Muon0/NANOAOD/22Sep2023_v4-v1/30000/cdbb7822-528c-4313-83d9-f2dd8cd68aa6.root', 'root://xrootd-cms.infn.it////store/data/Run2023C/Muon0/NANOAOD/22Sep2023_v4-v1/30000/d2dec7d9-e80f-4405-a564-9415e918c799.root', 'root://xrootd-cms.infn.it////store/data/Run2023C/Muon0/NANOAOD/22Sep2023_v4-v1/30000/db3bee78-a07b-4841-90be-a5a7948095dc.root', 'root://xrootd-cms.infn.it////store/data/Run2023C/Muon0/NANOAOD/22Sep2023_v4-v1/30000/e23d25e4-8f8e-4e58-a4c9-bbdb370d1ef1.root', 'root://xrootd-cms.infn.it////store/data/Run2023C/Muon0/NANOAOD/22Sep2023_v4-v1/30000/ea027105-816d-485b-83f4-5e7e7fbf5aba.root', 'root://xrootd-cms.infn.it////store/data/Run2023C/Muon0/NANOAOD/22Sep2023_v4-v1/30000/fb9b86e9-3a74-4de5-9c56-4930b3fa80b6.root', 'root://xrootd-cms.infn.it////store/data/Run2023C/Muon0/NANOAOD/22Sep2023_v4-v1/30000/fb595c5d-c663-4dc4-886d-5f5ced860b81.root', 'root://xrootd-cms.infn.it////store/data/Run2023C/Muon0/NANOAOD/22Sep2023_v4-v1/30000/ff3db674-c6ce-4343-9300-d85e2f34f610.root', 'root://xrootd-cms.infn.it////store/data/Run2023C/Muon0/NANOAOD/22Sep2023_v4-v1/30000/ff8d7aff-d789-45d5-8bc6-5b346633667d.root', 'root://xrootd-cms.infn.it////store/data/Run2023C/Muon0/NANOAOD/22Sep2023_v4-v1/40000/0cd43325-4064-4450-8f0a-12ca200b6523.root', 'root://xrootd-cms.infn.it////store/data/Run2023C/Muon0/NANOAOD/22Sep2023_v4-v1/40000/1b28a5de-d7ae-4970-ae93-2b4420c7540e.root', 'root://xrootd-cms.infn.it////store/data/Run2023C/Muon0/NANOAOD/22Sep2023_v4-v1/40000/1d6027ee-6321-4ab2-8a2a-70b70778a626.root', 'root://xrootd-cms.infn.it////store/data/Run2023C/Muon0/NANOAOD/22Sep2023_v4-v1/40000/2c9ba9fb-3fec-4ac7-9af2-b7549fe18346.root', 'root://xrootd-cms.infn.it////store/data/Run2023C/Muon0/NANOAOD/22Sep2023_v4-v1/40000/2e8076cc-a3f4-43e1-b263-6f160106a2f5.root', 'root://xrootd-cms.infn.it////store/data/Run2023C/Muon0/NANOAOD/22Sep2023_v4-v1/40000/3a869d4d-99b1-40f1-a73e-d702c0f9d9ba.root', 'root://xrootd-cms.infn.it////store/data/Run2023C/Muon0/NANOAOD/22Sep2023_v4-v1/40000/3c0a4a19-736a-4c33-8a1a-19171a1b3f6d.root', 'root://xrootd-cms.infn.it////store/data/Run2023C/Muon0/NANOAOD/22Sep2023_v4-v1/40000/3e229048-55b6-4de1-a435-436364ca2e19.root', 'root://xrootd-cms.infn.it////store/data/Run2023C/Muon0/NANOAOD/22Sep2023_v4-v1/40000/3eb8567e-56fa-44fe-8ebe-904fb0149993.root', 'root://xrootd-cms.infn.it////store/data/Run2023C/Muon0/NANOAOD/22Sep2023_v4-v1/40000/4ddaa995-20e6-4bfe-afd8-e88e2859fe35.root']
Will write selected trees to .
Pre-select 363 entries out of 136372 (0.27%)
Processed 363 preselected entries from root://xrootd-cms.infn.it////store/data/Run2023C/Muon0/NANOAOD/22Sep2023_v4-v1/30000/c53475a0-25cd-49cd-8d37-d63cc303eeae.root (136372 entries). Finally selected 15 entries
Done ./c53475a0-25cd-49cd-8d37-d63cc303eeae_Skim.root
Pre-select 3814 entries out of 1059226 (0.36%)
Processed 3814 preselected entries from root://xrootd-cms.infn.it////store/data/Run2023C/Muon0/NANOAOD/22Sep2023_v4-v1/30000/cdbb7822-528c-4313-83d9-f2dd8cd68aa6.root (1059226 entries). Finally selected 191 entries
Done ./cdbb7822-528c-4313-83d9-f2dd8cd68aa6_Skim.root
Pre-select 3435 entries out of 912963 (0.38%)
Processed 3435 preselected entries from root://xrootd-cms.infn.it////store/data/Run2023C/Muon0/NANOAOD/22Sep2023_v4-v1/30000/d2dec7d9-e80f-4405-a564-9415e918c799.root (912963 entries). Finally selected 167 entries
Done ./d2dec7d9-e80f-4405-a564-9415e918c799_Skim.root
Pre-select 929 entries out of 246264 (0.38%)
Processed 929 preselected entries from root://xrootd-cms.infn.it////store/data/Run2023C/Muon0/NANOAOD/22Sep2023_v4-v1/30000/db3bee78-a07b-4841-90be-a5a7948095dc.root (246264 entries). Finally selected 47 entries
Done ./db3bee78-a07b-4841-90be-a5a7948095dc_Skim.root
Pre-select 3280 entries out of 943959 (0.35%)
Processed 3280 preselected entries from root://xrootd-cms.infn.it////store/data/Run2023C/Muon0/NANOAOD/22Sep2023_v4-v1/30000/e23d25e4-8f8e-4e58-a4c9-bbdb370d1ef1.root (943959 entries). Finally selected 160 entries
Done ./e23d25e4-8f8e-4e58-a4c9-bbdb370d1ef1_Skim.root
Pre-select 3316 entries out of 905891 (0.37%)
Processed 3316 preselected entries from root://xrootd-cms.infn.it////store/data/Run2023C/Muon0/NANOAOD/22Sep2023_v4-v1/30000/ea027105-816d-485b-83f4-5e7e7fbf5aba.root (905891 entries). Finally selected 157 entries
Done ./ea027105-816d-485b-83f4-5e7e7fbf5aba_Skim.root
Pre-select 3907 entries out of 962473 (0.41%)
Processed 3907 preselected entries from root://xrootd-cms.infn.it////store/data/Run2023C/Muon0/NANOAOD/22Sep2023_v4-v1/30000/fb9b86e9-3a74-4de5-9c56-4930b3fa80b6.root (962473 entries). Finally selected 177 entries
Done ./fb9b86e9-3a74-4de5-9c56-4930b3fa80b6_Skim.root
Pre-select 291 entries out of 85431 (0.34%)
Processed 291 preselected entries from root://xrootd-cms.infn.it////store/data/Run2023C/Muon0/NANOAOD/22Sep2023_v4-v1/30000/fb595c5d-c663-4dc4-886d-5f5ced860b81.root (85431 entries). Finally selected 14 entries
Done ./fb595c5d-c663-4dc4-886d-5f5ced860b81_Skim.root
Pre-select 3025 entries out of 811703 (0.37%)
Processed 3025 preselected entries from root://xrootd-cms.infn.it////store/data/Run2023C/Muon0/NANOAOD/22Sep2023_v4-v1/30000/ff3db674-c6ce-4343-9300-d85e2f34f610.root (811703 entries). Finally selected 169 entries
Done ./ff3db674-c6ce-4343-9300-d85e2f34f610_Skim.root
Pre-select 3388 entries out of 917142 (0.37%)
Processed 3388 preselected entries from root://xrootd-cms.infn.it////store/data/Run2023C/Muon0/NANOAOD/22Sep2023_v4-v1/30000/ff8d7aff-d789-45d5-8bc6-5b346633667d.root (917142 entries). Finally selected 150 entries
Done ./ff8d7aff-d789-45d5-8bc6-5b346633667d_Skim.root
Pre-select 3290 entries out of 901468 (0.36%)
Processed 3290 preselected entries from root://xrootd-cms.infn.it////store/data/Run2023C/Muon0/NANOAOD/22Sep2023_v4-v1/40000/0cd43325-4064-4450-8f0a-12ca200b6523.root (901468 entries). Finally selected 171 entries
Done ./0cd43325-4064-4450-8f0a-12ca200b6523_Skim.root
Pre-select 673 entries out of 248683 (0.27%)
Processed 673 preselected entries from root://xrootd-cms.infn.it////store/data/Run2023C/Muon0/NANOAOD/22Sep2023_v4-v1/40000/1b28a5de-d7ae-4970-ae93-2b4420c7540e.root (248683 entries). Finally selected 29 entries
Done ./1b28a5de-d7ae-4970-ae93-2b4420c7540e_Skim.root
Pre-select 3624 entries out of 1024945 (0.35%)
Processed 3624 preselected entries from root://xrootd-cms.infn.it////store/data/Run2023C/Muon0/NANOAOD/22Sep2023_v4-v1/40000/1d6027ee-6321-4ab2-8a2a-70b70778a626.root (1024945 entries). Finally selected 194 entries
Done ./1d6027ee-6321-4ab2-8a2a-70b70778a626_Skim.root
Pre-select 3123 entries out of 849122 (0.37%)
Processed 3123 preselected entries from root://xrootd-cms.infn.it////store/data/Run2023C/Muon0/NANOAOD/22Sep2023_v4-v1/40000/2c9ba9fb-3fec-4ac7-9af2-b7549fe18346.root (849122 entries). Finally selected 129 entries
Done ./2c9ba9fb-3fec-4ac7-9af2-b7549fe18346_Skim.root
Pre-select 3730 entries out of 1068378 (0.35%)
Processed 3730 preselected entries from root://xrootd-cms.infn.it////store/data/Run2023C/Muon0/NANOAOD/22Sep2023_v4-v1/40000/2e8076cc-a3f4-43e1-b263-6f160106a2f5.root (1068378 entries). Finally selected 195 entries
Done ./2e8076cc-a3f4-43e1-b263-6f160106a2f5_Skim.root
Pre-select 4141 entries out of 1097636 (0.38%)
Processed 4141 preselected entries from root://xrootd-cms.infn.it////store/data/Run2023C/Muon0/NANOAOD/22Sep2023_v4-v1/40000/3a869d4d-99b1-40f1-a73e-d702c0f9d9ba.root (1097636 entries). Finally selected 200 entries
Done ./3a869d4d-99b1-40f1-a73e-d702c0f9d9ba_Skim.root
Pre-select 2373 entries out of 866048 (0.27%)
Processed 2373 preselected entries from root://xrootd-cms.infn.it////store/data/Run2023C/Muon0/NANOAOD/22Sep2023_v4-v1/40000/3c0a4a19-736a-4c33-8a1a-19171a1b3f6d.root (866048 entries). Finally selected 117 entries
Done ./3c0a4a19-736a-4c33-8a1a-19171a1b3f6d_Skim.root
Pre-select 2717 entries out of 906815 (0.30%)
Adding file 0cd43325-4064-4450-8f0a-12ca200b6523_Skim.root
Adding file 1b28a5de-d7ae-4970-ae93-2b4420c7540e_Skim.root
Adding file 1d6027ee-6321-4ab2-8a2a-70b70778a626_Skim.root
Adding file 2c9ba9fb-3fec-4ac7-9af2-b7549fe18346_Skim.root
Adding file 2e8076cc-a3f4-43e1-b263-6f160106a2f5_Skim.root
Adding file 3a869d4d-99b1-40f1-a73e-d702c0f9d9ba_Skim.root
Adding file 3c0a4a19-736a-4c33-8a1a-19171a1b3f6d_Skim.root
Adding file 3e229048-55b6-4de1-a435-436364ca2e19_Skim.root
Adding file 3eb8567e-56fa-44fe-8ebe-904fb0149993_Skim.root
Adding file 4ddaa995-20e6-4bfe-afd8-e88e2859fe35_Skim.root
Adding file c53475a0-25cd-49cd-8d37-d63cc303eeae_Skim.root
Adding file cdbb7822-528c-4313-83d9-f2dd8cd68aa6_Skim.root
Adding file d2dec7d9-e80f-4405-a564-9415e918c799_Skim.root
Adding file db3bee78-a07b-4841-90be-a5a7948095dc_Skim.root
Adding file e23d25e4-8f8e-4e58-a4c9-bbdb370d1ef1_Skim.root
Adding file ea027105-816d-485b-83f4-5e7e7fbf5aba_Skim.root
Adding file fb595c5d-c663-4dc4-886d-5f5ced860b81_Skim.root
Adding file fb9b86e9-3a74-4de5-9c56-4930b3fa80b6_Skim.root
Adding file ff3db674-c6ce-4343-9300-d85e2f34f610_Skim.root
Adding file ff8d7aff-d789-45d5-8bc6-5b346633667d_Skim.root
MergingEvents
missing: []
 Additional: []
missing: []
 Additional: []
missing: []
 Additional: []
missing: []
 Additional: []
missing: []
 Additional: []
missing: []
 Additional: []
missing: []
 Additional: []
missing: []
 Additional: []
missing: []
 Additional: []
missing: []
 Additional: []
missing: []
 Additional: []
missing: []
 Additional: []
missing: []
 Additional: []
missing: []
 Additional: []
missing: []
 Additional: []
missing: []
 Additional: []
missing: []
 Additional: []
missing: []
 Additional: []
missing: []
 Additional: []
MergingLuminosityBlocks
MergingRuns
missing: []
 Additional: []
missing: []
 Additional: []
missing: []
 Additional: []
missing: []
 Additional: []
missing: []
 Additional: []
missing: []
 Additional: []
missing: []
 Additional: []
missing: []
 Additional: []
missing: []
 Additional: []
missing: []
 Additional: []
missing: []
 Additional: []
missing: []
 Additional: []
missing: []
 Additional: []
missing: []
 Additional: []
missing: []
 Additional: []
missing: []
 Additional: []
missing: []
 Additional: []
missing: []
 Additional: []
missing: []
 Additional: []
Mergingtag
Processed 2717 preselected entries from root://xrootd-cms.infn.it////store/data/Run2023C/Muon0/NANOAOD/22Sep2023_v4-v1/40000/3e229048-55b6-4de1-a435-436364ca2e19.root (906815 entries). Finally selected 120 entries
Done ./3e229048-55b6-4de1-a435-436364ca2e19_Skim.root
Pre-select 1229 entries out of 345434 (0.36%)
Processed 1229 preselected entries from root://xrootd-cms.infn.it////store/data/Run2023C/Muon0/NANOAOD/22Sep2023_v4-v1/40000/3eb8567e-56fa-44fe-8ebe-904fb0149993.root (345434 entries). Finally selected 57 entries
Done ./3eb8567e-56fa-44fe-8ebe-904fb0149993_Skim.root
Pre-select 3306 entries out of 879728 (0.38%)
Processed 3306 preselected entries from root://xrootd-cms.infn.it////store/data/Run2023C/Muon0/NANOAOD/22Sep2023_v4-v1/40000/4ddaa995-20e6-4bfe-afd8-e88e2859fe35.root (879728 entries). Finally selected 150 entries
Done ./4ddaa995-20e6-4bfe-afd8-e88e2859fe35_Skim.root
Total time 11436.9 sec. to process 15169681 events. Rate = 1326.4 Hz.
xrdcp --silent -p -f Muon0_2_tree.root root://eosuser.cern.ch///eos/user/h/hlarson/NanoHRT/_ak8_muon_20230/data/pieces/Muon0_2_tree.root
total 114908
-rw-r--r--. 1 hlarson zh 117551767 Jul  3 18:09 CMSSW.tar.gz
drwxr-xr-x. 9 hlarson zh       124 Jul  3 18:10 CMSSW_12_6_4
-rwxr-xr-x. 1 hlarson zh      6303 Jul  3 18:09 Cert_Collisions2023_366442_370790_Golden.json
-rw-r--r--. 1 hlarson zh      9351 Jul  3 21:21 _condor_stderr
-rw-r--r--. 1 hlarson zh     13844 Jul  3 21:21 _condor_stdout
-rw-r--r--. 1 hlarson zh       466 Jul  3 18:09 heavyFlavSFTree_cfg.json
-rw-------. 1 hlarson zh      4771 Jul  3 21:21 hlarson.cc
-rw-r--r--. 1 hlarson zh       885 Jul  3 18:09 keep_and_drop_input.txt
-rw-r--r--. 1 hlarson zh       434 Jul  3 18:09 keep_and_drop_output.txt
-rw-r--r--. 1 hlarson zh     40039 Jul  3 18:09 metadata.json
-rwxr-xr-x. 1 hlarson zh      5147 Jul  3 18:09 processor.py
-rwxr-xr-x. 1 hlarson zh      1555 Jul  3 18:09 run_postproc_condor.sh
drwxr-x---. 6 hlarson zh        71 Jul  3 18:09 scratch
drwx------. 2 hlarson zh         6 Jul  3 18:09 srv
drwx------. 3 hlarson zh        34 Jul  3 18:09 tmp
drwx------. 3 hlarson zh        17 Jul  3 18:09 var
drwxrwxrwt. 2 hlarson zh         6 Jul  3 18:09 var_tmp
