000 (7842997.003.000) 07/01 23:48:51 Job submitted from host: <188.185.16.120:9618?addrs=188.185.16.120-9618+[2001-1458-d00-65--100-39b]-9618&alias=bigbird27.cern.ch&noUDP&sock=schedd_4465_3274>
...
040 (7842997.003.000) 07/01 23:49:09 Started transferring input files
	Transferring to host: <128.142.33.26:9618?addrs=128.142.33.26-9618+[2001-1458-301-53--100-17]-9618&alias=b9g34p8811.cern.ch&noUDP&sock=slot1_21_5426_db96_55096>
...
040 (7842997.003.000) 07/01 23:49:15 Finished transferring input files
...
001 (7842997.003.000) 07/01 23:49:15 Job executing on host: <128.142.33.26:9618?addrs=128.142.33.26-9618+[2001-1458-301-53--100-17]-9618&alias=b9g34p8811.cern.ch&noUDP&sock=startd_4383_f3b0>
	SlotName: slot1_21@b9g34p8811.cern.ch
	CondorScratchDir = "/pool/condor/dir_449472"
	Cpus = 1
	Disk = 10003118
	GPUs = 0
	Memory = 3000
...
006 (7842997.003.000) 07/01 23:49:23 Image size of job updated: 60672
	60  -  MemoryUsage of job (MB)
	60672  -  ResidentSetSize of job (KB)
...
006 (7842997.003.000) 07/01 23:49:25 Image size of job updated: 60672
	61  -  MemoryUsage of job (MB)
	61860  -  ResidentSetSize of job (KB)
...
040 (7842997.003.000) 07/01 23:49:25 Started transferring output files
...
040 (7842997.003.000) 07/01 23:49:25 Finished transferring output files
...
012 (7842997.003.000) 07/01 23:49:25 Job was held.
	Job held by ON_EXIT_HOLD due to exit code 1.
	Code 3 Subcode 0
...
013 (7842997.003.000) 07/01 23:59:52 Job was released.
	The job attribute PeriodicRelease expression '(NumJobStarts < 3) && ((CurrentTime - EnteredCurrentStatus) > 10 * 60)' evaluated to TRUE
...
040 (7842997.003.000) 07/02 00:00:17 Started transferring input files
	Transferring to host: <188.185.192.83:9618?addrs=188.185.192.83-9618+[2001-1458-303-1f--100-4f]-9618&alias=b9p13p4805.cern.ch&noUDP&sock=slot1_36_8833_65c0_32676>
...
040 (7842997.003.000) 07/02 00:00:18 Finished transferring input files
...
001 (7842997.003.000) 07/02 00:00:18 Job executing on host: <188.185.192.83:9618?addrs=188.185.192.83-9618+[2001-1458-303-1f--100-4f]-9618&alias=b9p13p4805.cern.ch&noUDP&sock=startd_8786_0b2f>
	SlotName: slot1_36@b9p13p4805.cern.ch
	CondorScratchDir = "/pool/condor/dir_2716806"
	Cpus = 1
	Disk = 10002935
	GPUs = 0
	Memory = 3000
...
040 (7842997.003.000) 07/02 00:00:46 Started transferring output files
...
040 (7842997.003.000) 07/02 00:00:46 Finished transferring output files
...
012 (7842997.003.000) 07/02 00:00:46 Job was held.
	Job held by ON_EXIT_HOLD due to exit code 1.
	Code 3 Subcode 0
...
013 (7842997.003.000) 07/02 00:10:53 Job was released.
	The job attribute PeriodicRelease expression '(NumJobStarts < 3) && ((CurrentTime - EnteredCurrentStatus) > 10 * 60)' evaluated to TRUE
...
040 (7842997.003.000) 07/02 00:11:54 Started transferring input files
	Transferring to host: <188.185.198.34:9618?addrs=188.185.198.34-9618+[2001-1458-303-25--100-1e]-9618&alias=b9p15p3368.cern.ch&noUDP&sock=slot1_2_4593_ef14_32429>
...
040 (7842997.003.000) 07/02 00:11:55 Finished transferring input files
...
001 (7842997.003.000) 07/02 00:11:55 Job executing on host: <188.185.198.34:9618?addrs=188.185.198.34-9618+[2001-1458-303-25--100-1e]-9618&alias=b9p15p3368.cern.ch&noUDP&sock=startd_3400_b217>
	SlotName: slot1_2@b9p15p3368.cern.ch
	CondorScratchDir = "/pool/condor/dir_2290867"
	Cpus = 1
	Disk = 10003249
	GPUs = 0
	Memory = 3000
...
040 (7842997.003.000) 07/02 00:12:14 Started transferring output files
...
040 (7842997.003.000) 07/02 00:12:14 Finished transferring output files
...
012 (7842997.003.000) 07/02 00:12:14 Job was held.
	Job held by ON_EXIT_HOLD due to exit code 1.
	Code 3 Subcode 0
...
009 (7842997.003.000) 07/02 00:37:26 Job was aborted.
	via condor_rm (by user hlarson)

	Job terminated by itself at 2025-07-01T22:12:14Z (using method 0: OF_ITS_OWN_ACCORD).
...
000 (7843031.003.000) 07/02 00:38:38 Job submitted from host: <188.185.16.120:9618?addrs=188.185.16.120-9618+[2001-1458-d00-65--100-39b]-9618&alias=bigbird27.cern.ch&noUDP&sock=schedd_4465_3274>
...
040 (7843031.003.000) 07/02 00:40:11 Started transferring input files
	Transferring to host: <188.185.194.137:9618?addrs=188.185.194.137-9618+[2001-1458-303-21--100-85]-9618&alias=b9p20p1306.cern.ch&noUDP&sock=slot1_27_2377982_30f5_14689>
...
040 (7843031.003.000) 07/02 00:40:11 Finished transferring input files
...
001 (7843031.003.000) 07/02 00:40:12 Job executing on host: <188.185.194.137:9618?addrs=188.185.194.137-9618+[2001-1458-303-21--100-85]-9618&alias=b9p20p1306.cern.ch&noUDP&sock=startd_2377938_4211>
	SlotName: slot1_27@b9p20p1306.cern.ch
	CondorScratchDir = "/pool/condor/dir_676698"
	Cpus = 1
	Disk = 10003161
	GPUs = 0
	Memory = 3000
...
006 (7843031.003.000) 07/02 00:40:25 Image size of job updated: 24980
	25  -  MemoryUsage of job (MB)
	24980  -  ResidentSetSize of job (KB)
...
006 (7843031.003.000) 07/02 00:45:25 Image size of job updated: 403816
	395  -  MemoryUsage of job (MB)
	403816  -  ResidentSetSize of job (KB)
...
006 (7843031.003.000) 07/02 00:50:26 Image size of job updated: 404792
	396  -  MemoryUsage of job (MB)
	404792  -  ResidentSetSize of job (KB)
...
006 (7843031.003.000) 07/02 00:55:26 Image size of job updated: 444000
	434  -  MemoryUsage of job (MB)
	444000  -  ResidentSetSize of job (KB)
...
006 (7843031.003.000) 07/02 01:00:27 Image size of job updated: 445100
	435  -  MemoryUsage of job (MB)
	445100  -  ResidentSetSize of job (KB)
...
006 (7843031.003.000) 07/02 01:05:28 Image size of job updated: 470228
	460  -  MemoryUsage of job (MB)
	470228  -  ResidentSetSize of job (KB)
...
006 (7843031.003.000) 07/02 01:10:28 Image size of job updated: 480712
	470  -  MemoryUsage of job (MB)
	480712  -  ResidentSetSize of job (KB)
...
006 (7843031.003.000) 07/02 01:15:29 Image size of job updated: 490124
	479  -  MemoryUsage of job (MB)
	490124  -  ResidentSetSize of job (KB)
...
006 (7843031.003.000) 07/02 01:20:29 Image size of job updated: 507300
	496  -  MemoryUsage of job (MB)
	507300  -  ResidentSetSize of job (KB)
...
006 (7843031.003.000) 07/02 01:25:29 Image size of job updated: 507344
	496  -  MemoryUsage of job (MB)
	507344  -  ResidentSetSize of job (KB)
...
006 (7843031.003.000) 07/02 01:30:30 Image size of job updated: 513288
	502  -  MemoryUsage of job (MB)
	513288  -  ResidentSetSize of job (KB)
...
006 (7843031.003.000) 07/02 01:35:30 Image size of job updated: 513320
	502  -  MemoryUsage of job (MB)
	513320  -  ResidentSetSize of job (KB)
...
006 (7843031.003.000) 07/02 01:40:31 Image size of job updated: 513352
	502  -  MemoryUsage of job (MB)
	513352  -  ResidentSetSize of job (KB)
...
006 (7843031.003.000) 07/02 01:45:32 Image size of job updated: 513460
	502  -  MemoryUsage of job (MB)
	513460  -  ResidentSetSize of job (KB)
...
006 (7843031.003.000) 07/02 01:50:32 Image size of job updated: 527160
	515  -  MemoryUsage of job (MB)
	527160  -  ResidentSetSize of job (KB)
...
006 (7843031.003.000) 07/02 01:55:33 Image size of job updated: 532448
	520  -  MemoryUsage of job (MB)
	532448  -  ResidentSetSize of job (KB)
...
006 (7843031.003.000) 07/02 02:00:33 Image size of job updated: 533936
	522  -  MemoryUsage of job (MB)
	533936  -  ResidentSetSize of job (KB)
...
006 (7843031.003.000) 07/02 02:05:35 Image size of job updated: 542340
	530  -  MemoryUsage of job (MB)
	542340  -  ResidentSetSize of job (KB)
...
006 (7843031.003.000) 07/02 02:10:35 Image size of job updated: 542348
	530  -  MemoryUsage of job (MB)
	542348  -  ResidentSetSize of job (KB)
...
006 (7843031.003.000) 07/02 02:15:35 Image size of job updated: 542352
	530  -  MemoryUsage of job (MB)
	542352  -  ResidentSetSize of job (KB)
...
006 (7843031.003.000) 07/02 02:20:36 Image size of job updated: 547452
	535  -  MemoryUsage of job (MB)
	547452  -  ResidentSetSize of job (KB)
...
006 (7843031.003.000) 07/02 02:25:36 Image size of job updated: 547456
	535  -  MemoryUsage of job (MB)
	547456  -  ResidentSetSize of job (KB)
...
006 (7843031.003.000) 07/02 02:30:37 Image size of job updated: 554668
	542  -  MemoryUsage of job (MB)
	554668  -  ResidentSetSize of job (KB)
...
006 (7843031.003.000) 07/02 02:35:37 Image size of job updated: 554684
	542  -  MemoryUsage of job (MB)
	554684  -  ResidentSetSize of job (KB)
...
006 (7843031.003.000) 07/02 02:40:39 Image size of job updated: 560120
	547  -  MemoryUsage of job (MB)
	560120  -  ResidentSetSize of job (KB)
...
006 (7843031.003.000) 07/02 02:45:39 Image size of job updated: 581092
	568  -  MemoryUsage of job (MB)
	581092  -  ResidentSetSize of job (KB)
...
006 (7843031.003.000) 07/02 02:50:39 Image size of job updated: 581124
	568  -  MemoryUsage of job (MB)
	581124  -  ResidentSetSize of job (KB)
...
006 (7843031.003.000) 07/02 02:55:40 Image size of job updated: 581196
	568  -  MemoryUsage of job (MB)
	581196  -  ResidentSetSize of job (KB)
...
006 (7843031.003.000) 07/02 03:00:40 Image size of job updated: 582176
	569  -  MemoryUsage of job (MB)
	582176  -  ResidentSetSize of job (KB)
...
006 (7843031.003.000) 07/02 03:05:41 Image size of job updated: 582804
	570  -  MemoryUsage of job (MB)
	582804  -  ResidentSetSize of job (KB)
...
006 (7843031.003.000) 07/02 03:10:42 Image size of job updated: 583620
	570  -  MemoryUsage of job (MB)
	583620  -  ResidentSetSize of job (KB)
...
006 (7843031.003.000) 07/02 03:15:42 Image size of job updated: 583808
	571  -  MemoryUsage of job (MB)
	583808  -  ResidentSetSize of job (KB)
...
006 (7843031.003.000) 07/02 03:20:43 Image size of job updated: 583816
	571  -  MemoryUsage of job (MB)
	583816  -  ResidentSetSize of job (KB)
...
006 (7843031.003.000) 07/02 03:22:06 Image size of job updated: 584160
	571  -  MemoryUsage of job (MB)
	583816  -  ResidentSetSize of job (KB)
...
040 (7843031.003.000) 07/02 03:22:06 Started transferring output files
...
040 (7843031.003.000) 07/02 03:22:06 Finished transferring output files
...
012 (7843031.003.000) 07/02 03:22:06 Job was held.
	Job held by ON_EXIT_HOLD due to exit code 1.
	Code 3 Subcode 0
...
013 (7843031.003.000) 07/02 03:32:59 Job was released.
	The job attribute PeriodicRelease expression '(NumJobStarts < 3) && ((CurrentTime - EnteredCurrentStatus) > 10 * 60)' evaluated to TRUE
...
040 (7843031.003.000) 07/02 03:34:41 Started transferring input files
	Transferring to host: <188.185.198.122:9618?addrs=188.185.198.122-9618+[2001-1458-303-25--100-76]-9618&alias=b9p15p2858.cern.ch&noUDP&sock=slot1_36_4717_4d99_33470>
...
040 (7843031.003.000) 07/02 03:34:41 Finished transferring input files
...
001 (7843031.003.000) 07/02 03:34:41 Job executing on host: <188.185.198.122:9618?addrs=188.185.198.122-9618+[2001-1458-303-25--100-76]-9618&alias=b9p15p2858.cern.ch&noUDP&sock=startd_3822_270f>
	SlotName: slot1_36@b9p15p2858.cern.ch
	CondorScratchDir = "/pool/condor/dir_2369782"
	Cpus = 1
	Disk = 10003295
	GPUs = 0
	Memory = 3000
...
040 (7843031.003.000) 07/02 07:07:58 Started transferring output files
...
040 (7843031.003.000) 07/02 07:07:58 Finished transferring output files
...
012 (7843031.003.000) 07/02 07:07:58 Job was held.
	Job held by ON_EXIT_HOLD due to exit code 1.
	Code 3 Subcode 0
...
013 (7843031.003.000) 07/02 07:18:08 Job was released.
	The job attribute PeriodicRelease expression '(NumJobStarts < 3) && ((CurrentTime - EnteredCurrentStatus) > 10 * 60)' evaluated to TRUE
...
040 (7843031.003.000) 07/02 07:19:07 Started transferring input files
	Transferring to host: <128.142.248.216:9618?addrs=128.142.248.216-9618+[2001-1458-301-73--100-d7]-9618&alias=b9g23p4460.cern.ch&noUDP&sock=slot1_2_1631157_6af4_16375>
...
040 (7843031.003.000) 07/02 07:19:08 Finished transferring input files
...
001 (7843031.003.000) 07/02 07:19:08 Job executing on host: <128.142.248.216:9618?addrs=128.142.248.216-9618+[2001-1458-301-73--100-d7]-9618&alias=b9g23p4460.cern.ch&noUDP&sock=startd_1631102_e198>
	SlotName: slot1_2@b9g23p4460.cern.ch
	CondorScratchDir = "/pool/condor/dir_372247"
	Cpus = 1
	Disk = 10003192
	GPUs = 0
	Memory = 3000
...
040 (7843031.003.000) 07/02 11:59:40 Started transferring output files
...
040 (7843031.003.000) 07/02 11:59:40 Finished transferring output files
...
012 (7843031.003.000) 07/02 11:59:41 Job was held.
	Job held by ON_EXIT_HOLD due to exit code 1.
	Code 3 Subcode 0
...
009 (7843031.003.000) 07/02 21:25:29 Job was aborted.
	via condor_rm (by user hlarson)

	Job terminated by itself at 2025-07-02T09:59:40Z (using method 0: OF_ITS_OWN_ACCORD).
...
000 (7845781.003.000) 07/02 21:26:03 Job submitted from host: <188.185.16.120:9618?addrs=188.185.16.120-9618+[2001-1458-d00-65--100-39b]-9618&alias=bigbird27.cern.ch&noUDP&sock=schedd_4465_3274>
...
040 (7845781.003.000) 07/02 21:28:14 Started transferring input files
	Transferring to host: <188.185.214.11:9618?addrs=188.185.214.11-9618+[2001-1458-303-1c--100-7]-9618&alias=b9p29p4563.cern.ch&noUDP&sock=slot1_3_7953_5b9c_40764>
...
040 (7845781.003.000) 07/02 21:28:40 Finished transferring input files
...
001 (7845781.003.000) 07/02 21:28:40 Job executing on host: <188.185.214.11:9618?addrs=188.185.214.11-9618+[2001-1458-303-1c--100-7]-9618&alias=b9p29p4563.cern.ch&noUDP&sock=startd_7166_dbc2>
	SlotName: slot1_3@b9p29p4563.cern.ch
	CondorScratchDir = "/pool/condor/dir_3546117"
	Cpus = 1
	Disk = 10003089
	GPUs = 0
	Memory = 3000
...
006 (7845781.003.000) 07/02 21:28:49 Image size of job updated: 136896
	134  -  MemoryUsage of job (MB)
	136896  -  ResidentSetSize of job (KB)
...
006 (7845781.003.000) 07/02 21:33:50 Image size of job updated: 781636
	764  -  MemoryUsage of job (MB)
	781636  -  ResidentSetSize of job (KB)
...
006 (7845781.003.000) 07/02 21:38:51 Image size of job updated: 782676
	765  -  MemoryUsage of job (MB)
	782676  -  ResidentSetSize of job (KB)
...
006 (7845781.003.000) 07/02 21:43:51 Image size of job updated: 843644
	824  -  MemoryUsage of job (MB)
	843644  -  ResidentSetSize of job (KB)
...
006 (7845781.003.000) 07/02 21:48:52 Image size of job updated: 844076
	825  -  MemoryUsage of job (MB)
	844076  -  ResidentSetSize of job (KB)
...
006 (7845781.003.000) 07/02 21:53:53 Image size of job updated: 844076
	825  -  MemoryUsage of job (MB)
	844160  -  ResidentSetSize of job (KB)
...
006 (7845781.003.000) 07/02 21:58:53 Image size of job updated: 881128
	861  -  MemoryUsage of job (MB)
	881128  -  ResidentSetSize of job (KB)
...
006 (7845781.003.000) 07/02 22:03:54 Image size of job updated: 881592
	861  -  MemoryUsage of job (MB)
	881592  -  ResidentSetSize of job (KB)
...
006 (7845781.003.000) 07/02 22:08:55 Image size of job updated: 882112
	862  -  MemoryUsage of job (MB)
	882112  -  ResidentSetSize of job (KB)
...
006 (7845781.003.000) 07/02 22:13:55 Image size of job updated: 918756
	898  -  MemoryUsage of job (MB)
	918756  -  ResidentSetSize of job (KB)
...
006 (7845781.003.000) 07/02 22:23:57 Image size of job updated: 927516
	906  -  MemoryUsage of job (MB)
	927516  -  ResidentSetSize of job (KB)
...
006 (7845781.003.000) 07/02 22:28:57 Image size of job updated: 931728
	910  -  MemoryUsage of job (MB)
	931728  -  ResidentSetSize of job (KB)
...
006 (7845781.003.000) 07/02 22:33:58 Image size of job updated: 968644
	946  -  MemoryUsage of job (MB)
	968644  -  ResidentSetSize of job (KB)
...
006 (7845781.003.000) 07/02 22:43:59 Image size of job updated: 971404
	949  -  MemoryUsage of job (MB)
	971404  -  ResidentSetSize of job (KB)
...
006 (7845781.003.000) 07/02 22:49:01 Image size of job updated: 972200
	950  -  MemoryUsage of job (MB)
	972200  -  ResidentSetSize of job (KB)
...
006 (7845781.003.000) 07/02 22:54:01 Image size of job updated: 972200
	950  -  MemoryUsage of job (MB)
	972204  -  ResidentSetSize of job (KB)
...
006 (7845781.003.000) 07/02 22:59:01 Image size of job updated: 972600
	950  -  MemoryUsage of job (MB)
	972600  -  ResidentSetSize of job (KB)
...
006 (7845781.003.000) 07/02 23:04:02 Image size of job updated: 979676
	957  -  MemoryUsage of job (MB)
	979676  -  ResidentSetSize of job (KB)
...
006 (7845781.003.000) 07/02 23:14:03 Image size of job updated: 985140
	963  -  MemoryUsage of job (MB)
	985140  -  ResidentSetSize of job (KB)
...
006 (7845781.003.000) 07/02 23:49:07 Image size of job updated: 1000372
	977  -  MemoryUsage of job (MB)
	1000372  -  ResidentSetSize of job (KB)
...
006 (7845781.003.000) 07/02 23:54:07 Image size of job updated: 1000784
	978  -  MemoryUsage of job (MB)
	1000784  -  ResidentSetSize of job (KB)
...
006 (7845781.003.000) 07/02 23:59:07 Image size of job updated: 1009656
	986  -  MemoryUsage of job (MB)
	1009656  -  ResidentSetSize of job (KB)
...
006 (7845781.003.000) 07/03 00:04:08 Image size of job updated: 1009656
	987  -  MemoryUsage of job (MB)
	1009728  -  ResidentSetSize of job (KB)
...
006 (7845781.003.000) 07/03 00:09:08 Image size of job updated: 1010500
	987  -  MemoryUsage of job (MB)
	1010500  -  ResidentSetSize of job (KB)
...
006 (7845781.003.000) 07/03 00:14:09 Image size of job updated: 1033900
	1010  -  MemoryUsage of job (MB)
	1033900  -  ResidentSetSize of job (KB)
...
006 (7845781.003.000) 07/03 00:24:10 Image size of job updated: 1035684
	1012  -  MemoryUsage of job (MB)
	1035684  -  ResidentSetSize of job (KB)
...
006 (7845781.003.000) 07/03 00:29:12 Image size of job updated: 1035792
	1012  -  MemoryUsage of job (MB)
	1035792  -  ResidentSetSize of job (KB)
...
006 (7845781.003.000) 07/03 00:34:12 Image size of job updated: 1036112
	1012  -  MemoryUsage of job (MB)
	1036112  -  ResidentSetSize of job (KB)
...
006 (7845781.003.000) 07/03 00:39:12 Image size of job updated: 1036344
	1013  -  MemoryUsage of job (MB)
	1036344  -  ResidentSetSize of job (KB)
...
006 (7845781.003.000) 07/03 00:44:14 Image size of job updated: 1046340
	1022  -  MemoryUsage of job (MB)
	1046340  -  ResidentSetSize of job (KB)
...
006 (7845781.003.000) 07/03 00:49:14 Image size of job updated: 1046916
	1023  -  MemoryUsage of job (MB)
	1046916  -  ResidentSetSize of job (KB)
...
006 (7845781.003.000) 07/03 00:54:14 Image size of job updated: 1047076
	1023  -  MemoryUsage of job (MB)
	1047076  -  ResidentSetSize of job (KB)
...
040 (7845781.003.000) 07/03 00:54:58 Started transferring output files
...
040 (7845781.003.000) 07/03 00:54:59 Finished transferring output files
...
005 (7845781.003.000) 07/03 00:54:59 Job terminated.
	(1) Normal termination (return value 0)
		Usr 0 00:18:41, Sys 0 00:02:36  -  Run Remote Usage
		Usr 0 00:00:00, Sys 0 00:00:00  -  Run Local Usage
		Usr 0 00:18:41, Sys 0 00:02:36  -  Total Remote Usage
		Usr 0 00:00:00, Sys 0 00:00:00  -  Total Local Usage
	24311  -  Run Bytes Sent By Job
	117616904  -  Run Bytes Received By Job
	24311  -  Total Bytes Sent By Job
	117616904  -  Total Bytes Received By Job
	Partitionable Resources :     Usage  Request Allocated 
	   Cpus                 :      0.09        1         1 
	   Disk (KB)            : 282297    10000000  10003089 
	   GPUs                 :                            0 
	   Memory (MB)          :   1023        3000      3000 
	   TimeExecute (s)      :  12378                       
	   TimeSlotBusy (s)     :  12407                       

	Job terminated of its own accord at 2025-07-02T22:54:58Z with exit-code 0.
...
