000 (7842997.004.000) 07/01 23:48:51 Job submitted from host: <188.185.16.120:9618?addrs=188.185.16.120-9618+[2001-1458-d00-65--100-39b]-9618&alias=bigbird27.cern.ch&noUDP&sock=schedd_4465_3274>
...
040 (7842997.004.000) 07/01 23:49:10 Started transferring input files
	Transferring to host: <188.184.185.90:9618?addrs=188.184.185.90-9618+[2001-1458-301-52--100-59]-9618&alias=b9g37p1669.cern.ch&noUDP&sock=slot1_28_605647_d9ce_50050>
...
040 (7842997.004.000) 07/01 23:49:15 Finished transferring input files
...
001 (7842997.004.000) 07/01 23:49:15 Job executing on host: <188.184.185.90:9618?addrs=188.184.185.90-9618+[2001-1458-301-52--100-59]-9618&alias=b9g37p1669.cern.ch&noUDP&sock=startd_6514_a402>
	SlotName: slot1_28@b9g37p1669.cern.ch
	CondorScratchDir = "/pool/condor/dir_3617372"
	Cpus = 1
	Disk = 10003054
	GPUs = 0
	Memory = 3000
...
006 (7842997.004.000) 07/01 23:49:24 Image size of job updated: 1780
	2  -  MemoryUsage of job (MB)
	1780  -  ResidentSetSize of job (KB)
...
006 (7842997.004.000) 07/01 23:49:51 Image size of job updated: 36880
	37  -  MemoryUsage of job (MB)
	36880  -  ResidentSetSize of job (KB)
...
040 (7842997.004.000) 07/01 23:49:51 Started transferring output files
...
040 (7842997.004.000) 07/01 23:49:52 Finished transferring output files
...
012 (7842997.004.000) 07/01 23:49:52 Job was held.
	Job held by ON_EXIT_HOLD due to exit code 1.
	Code 3 Subcode 0
...
013 (7842997.004.000) 07/02 00:00:52 Job was released.
	The job attribute PeriodicRelease expression '(NumJobStarts < 3) && ((CurrentTime - EnteredCurrentStatus) > 10 * 60)' evaluated to TRUE
...
040 (7842997.004.000) 07/02 00:05:32 Started transferring input files
	Transferring to host: <188.185.196.57:9618?addrs=188.185.196.57-9618+[2001-1458-303-23--100-35]-9618&alias=b9p16p1771.cern.ch&noUDP&sock=slot1_7_8655_faf9_32835>
...
040 (7842997.004.000) 07/02 00:05:33 Finished transferring input files
...
001 (7842997.004.000) 07/02 00:05:33 Job executing on host: <188.185.196.57:9618?addrs=188.185.196.57-9618+[2001-1458-303-23--100-35]-9618&alias=b9p16p1771.cern.ch&noUDP&sock=startd_8079_19b9>
	SlotName: slot1_7@b9p16p1771.cern.ch
	CondorScratchDir = "/pool/condor/dir_1924328"
	Cpus = 1
	Disk = 10002887
	GPUs = 0
	Memory = 3000
...
006 (7842997.004.000) 07/02 00:05:42 Image size of job updated: 45884
	45  -  MemoryUsage of job (MB)
	45884  -  ResidentSetSize of job (KB)
...
040 (7842997.004.000) 07/02 00:05:45 Started transferring output files
...
040 (7842997.004.000) 07/02 00:05:45 Finished transferring output files
...
012 (7842997.004.000) 07/02 00:05:45 Job was held.
	Job held by ON_EXIT_HOLD due to exit code 1.
	Code 3 Subcode 0
...
013 (7842997.004.000) 07/02 00:15:53 Job was released.
	The job attribute PeriodicRelease expression '(NumJobStarts < 3) && ((CurrentTime - EnteredCurrentStatus) > 10 * 60)' evaluated to TRUE
...
040 (7842997.004.000) 07/02 00:18:22 Started transferring input files
	Transferring to host: <188.185.215.201:9618?addrs=188.185.215.201-9618+[2001-1458-303-26--100-45]-9618&alias=b9p18p8619.cern.ch&noUDP&sock=slot1_26_8364_f1cd_33802>
...
040 (7842997.004.000) 07/02 00:18:23 Finished transferring input files
...
001 (7842997.004.000) 07/02 00:18:23 Job executing on host: <188.185.215.201:9618?addrs=188.185.215.201-9618+[2001-1458-303-26--100-45]-9618&alias=b9p18p8619.cern.ch&noUDP&sock=startd_8169_d540>
	SlotName: slot1_26@b9p18p8619.cern.ch
	CondorScratchDir = "/pool/condor/dir_1205885"
	Cpus = 1
	Disk = 10003249
	GPUs = 0
	Memory = 3000
...
006 (7842997.004.000) 07/02 00:18:31 Image size of job updated: 49232
	49  -  MemoryUsage of job (MB)
	49232  -  ResidentSetSize of job (KB)
...
040 (7842997.004.000) 07/02 00:18:33 Started transferring output files
...
040 (7842997.004.000) 07/02 00:18:33 Finished transferring output files
...
012 (7842997.004.000) 07/02 00:18:33 Job was held.
	Job held by ON_EXIT_HOLD due to exit code 1.
	Code 3 Subcode 0
...
009 (7842997.004.000) 07/02 00:37:26 Job was aborted.
	via condor_rm (by user hlarson)

	Job terminated by itself at 2025-07-01T22:18:32Z (using method 0: OF_ITS_OWN_ACCORD).
...
000 (7843031.004.000) 07/02 00:38:38 Job submitted from host: <188.185.16.120:9618?addrs=188.185.16.120-9618+[2001-1458-d00-65--100-39b]-9618&alias=bigbird27.cern.ch&noUDP&sock=schedd_4465_3274>
...
040 (7843031.004.000) 07/02 00:40:11 Started transferring input files
	Transferring to host: <188.185.195.149:9618?addrs=188.185.195.149-9618+[2001-1458-303-22--100-91]-9618&alias=b9p17p9437.cern.ch&noUDP&sock=slot1_5_6907_5b32_29319>
...
040 (7843031.004.000) 07/02 00:40:11 Finished transferring input files
...
001 (7843031.004.000) 07/02 00:40:11 Job executing on host: <188.185.195.149:9618?addrs=188.185.195.149-9618+[2001-1458-303-22--100-91]-9618&alias=b9p17p9437.cern.ch&noUDP&sock=startd_6421_d9b3>
	SlotName: slot1_5@b9p17p9437.cern.ch
	CondorScratchDir = "/pool/condor/dir_2545800"
	Cpus = 1
	Disk = 10003231
	GPUs = 0
	Memory = 3000
...
006 (7843031.004.000) 07/02 00:40:20 Image size of job updated: 153120
	150  -  MemoryUsage of job (MB)
	153120  -  ResidentSetSize of job (KB)
...
006 (7843031.004.000) 07/02 00:45:21 Image size of job updated: 669544
	654  -  MemoryUsage of job (MB)
	669544  -  ResidentSetSize of job (KB)
...
006 (7843031.004.000) 07/02 00:55:22 Image size of job updated: 777536
	760  -  MemoryUsage of job (MB)
	777536  -  ResidentSetSize of job (KB)
...
040 (7843031.004.000) 07/02 08:52:23 Started transferring output files
...
040 (7843031.004.000) 07/02 08:52:24 Finished transferring output files
...
012 (7843031.004.000) 07/02 08:52:24 Job was held.
	Job held by ON_EXIT_HOLD due to exit code 1.
	Code 3 Subcode 0
...
013 (7843031.004.000) 07/02 09:03:21 Job was released.
	The job attribute PeriodicRelease expression '(NumJobStarts < 3) && ((CurrentTime - EnteredCurrentStatus) > 10 * 60)' evaluated to TRUE
...
040 (7843031.004.000) 07/02 09:05:03 Started transferring input files
	Transferring to host: <188.185.196.52:9618?addrs=188.185.196.52-9618+[2001-1458-303-23--100-30]-9618&alias=b9p16p0444.cern.ch&noUDP&sock=slot1_14_8671_40fa_31838>
...
040 (7843031.004.000) 07/02 09:05:09 Finished transferring input files
...
001 (7843031.004.000) 07/02 09:05:09 Job executing on host: <188.185.196.52:9618?addrs=188.185.196.52-9618+[2001-1458-303-23--100-30]-9618&alias=b9p16p0444.cern.ch&noUDP&sock=startd_8194_fb1e>
	SlotName: slot1_14@b9p16p0444.cern.ch
	CondorScratchDir = "/pool/condor/dir_2457377"
	Cpus = 1
	Disk = 10003185
	GPUs = 0
	Memory = 3000
...
040 (7843031.004.000) 07/02 13:23:47 Started transferring output files
...
040 (7843031.004.000) 07/02 13:23:47 Finished transferring output files
...
012 (7843031.004.000) 07/02 13:23:47 Job was held.
	Job held by ON_EXIT_HOLD due to exit code 1.
	Code 3 Subcode 0
...
013 (7843031.004.000) 07/02 13:34:27 Job was released.
	The job attribute PeriodicRelease expression '(NumJobStarts < 3) && ((CurrentTime - EnteredCurrentStatus) > 10 * 60)' evaluated to TRUE
...
040 (7843031.004.000) 07/02 13:35:52 Started transferring input files
	Transferring to host: <188.185.214.53:9618?addrs=188.185.214.53-9618+[2001-1458-303-1c--100-31]-9618&alias=b9p29p4388.cern.ch&noUDP&sock=slot1_13_7664_bb31_42129>
...
040 (7843031.004.000) 07/02 13:35:59 Finished transferring input files
...
001 (7843031.004.000) 07/02 13:35:59 Job executing on host: <188.185.214.53:9618?addrs=188.185.214.53-9618+[2001-1458-303-1c--100-31]-9618&alias=b9p29p4388.cern.ch&noUDP&sock=startd_6527_8ebd>
	SlotName: slot1_13@b9p29p4388.cern.ch
	CondorScratchDir = "/pool/condor/dir_1787052"
	Cpus = 1
	Disk = 10003188
	GPUs = 0
	Memory = 3000
...
040 (7843031.004.000) 07/02 21:25:30 Started transferring output files
...
040 (7843031.004.000) 07/02 21:25:30 Finished transferring output files
...
004 (7843031.004.000) 07/02 21:25:30 Job was evicted.
	(0) CPU times
		Usr 0 00:18:23, Sys 0 00:02:32  -  Run Remote Usage
		Usr 0 00:00:00, Sys 0 00:00:00  -  Run Local Usage
	19432  -  Run Bytes Sent By Job
	117616912  -  Run Bytes Received By Job
	Partitionable Resources :     Usage  Request Allocated 
	   Cpus                 :      0.11        1         1 
	   Disk (KB)            : 282324    10000000  10003188 
	   GPUs                 :                            0 
	   Memory (MB)          :    977        3000      3000 
	   TimeExecute (s)      :  28171                       
	   TimeSlotBusy (s)     :  28179                       
...
009 (7843031.004.000) 07/02 21:25:30 Job was aborted.
	via condor_rm (by user hlarson)

	Job terminated by itself at 2025-07-02T11:23:47Z (using method 0: OF_ITS_OWN_ACCORD).
...
000 (7845781.004.000) 07/02 21:26:04 Job submitted from host: <188.185.16.120:9618?addrs=188.185.16.120-9618+[2001-1458-d00-65--100-39b]-9618&alias=bigbird27.cern.ch&noUDP&sock=schedd_4465_3274>
...
040 (7845781.004.000) 07/02 21:28:15 Started transferring input files
	Transferring to host: <188.185.210.201:9618?addrs=188.185.210.201-9618+[2001-1458-303-15--100-45]-9618&alias=b9p22p5174.cern.ch&noUDP&sock=slot1_6_1159848_9736_19156>
...
040 (7845781.004.000) 07/02 21:28:40 Finished transferring input files
...
001 (7845781.004.000) 07/02 21:28:40 Job executing on host: <188.185.210.201:9618?addrs=188.185.210.201-9618+[2001-1458-303-15--100-45]-9618&alias=b9p22p5174.cern.ch&noUDP&sock=startd_1159764_37aa>
	SlotName: slot1_6@b9p22p5174.cern.ch
	CondorScratchDir = "/pool/condor/dir_3718459"
	Cpus = 1
	Disk = 10003150
	GPUs = 0
	Memory = 3000
...
006 (7845781.004.000) 07/02 21:28:49 Image size of job updated: 72664
	71  -  MemoryUsage of job (MB)
	72664  -  ResidentSetSize of job (KB)
...
006 (7845781.004.000) 07/02 21:33:50 Image size of job updated: 819864
	801  -  MemoryUsage of job (MB)
	819864  -  ResidentSetSize of job (KB)
...
006 (7845781.004.000) 07/02 21:38:51 Image size of job updated: 820228
	802  -  MemoryUsage of job (MB)
	820228  -  ResidentSetSize of job (KB)
...
006 (7845781.004.000) 07/02 21:43:51 Image size of job updated: 821652
	803  -  MemoryUsage of job (MB)
	821652  -  ResidentSetSize of job (KB)
...
006 (7845781.004.000) 07/02 21:48:52 Image size of job updated: 847412
	828  -  MemoryUsage of job (MB)
	847412  -  ResidentSetSize of job (KB)
...
006 (7845781.004.000) 07/02 21:53:53 Image size of job updated: 880148
	860  -  MemoryUsage of job (MB)
	880148  -  ResidentSetSize of job (KB)
...
006 (7845781.004.000) 07/02 21:58:53 Image size of job updated: 881232
	861  -  MemoryUsage of job (MB)
	881232  -  ResidentSetSize of job (KB)
...
006 (7845781.004.000) 07/02 22:03:55 Image size of job updated: 897864
	877  -  MemoryUsage of job (MB)
	897864  -  ResidentSetSize of job (KB)
...
006 (7845781.004.000) 07/02 22:08:55 Image size of job updated: 897868
	877  -  MemoryUsage of job (MB)
	897868  -  ResidentSetSize of job (KB)
...
006 (7845781.004.000) 07/02 22:13:55 Image size of job updated: 913808
	893  -  MemoryUsage of job (MB)
	913808  -  ResidentSetSize of job (KB)
...
006 (7845781.004.000) 07/02 22:18:56 Image size of job updated: 914416
	893  -  MemoryUsage of job (MB)
	914416  -  ResidentSetSize of job (KB)
...
006 (7845781.004.000) 07/02 22:23:56 Image size of job updated: 914596
	894  -  MemoryUsage of job (MB)
	914596  -  ResidentSetSize of job (KB)
...
006 (7845781.004.000) 07/02 22:28:56 Image size of job updated: 915028
	894  -  MemoryUsage of job (MB)
	915028  -  ResidentSetSize of job (KB)
...
006 (7845781.004.000) 07/02 22:33:57 Image size of job updated: 915048
	894  -  MemoryUsage of job (MB)
	915048  -  ResidentSetSize of job (KB)
...
006 (7845781.004.000) 07/02 22:53:58 Image size of job updated: 915132
	894  -  MemoryUsage of job (MB)
	915132  -  ResidentSetSize of job (KB)
...
006 (7845781.004.000) 07/02 23:03:59 Image size of job updated: 915164
	894  -  MemoryUsage of job (MB)
	915164  -  ResidentSetSize of job (KB)
...
006 (7845781.004.000) 07/02 23:14:00 Image size of job updated: 915512
	895  -  MemoryUsage of job (MB)
	915512  -  ResidentSetSize of job (KB)
...
040 (7845781.004.000) 07/03 05:41:11 Started transferring output files
...
040 (7845781.004.000) 07/03 05:41:12 Finished transferring output files
...
005 (7845781.004.000) 07/03 05:41:12 Job terminated.
	(1) Normal termination (return value 0)
		Usr 0 00:21:36, Sys 0 00:03:12  -  Run Remote Usage
		Usr 0 00:00:00, Sys 0 00:00:00  -  Run Local Usage
		Usr 0 00:21:36, Sys 0 00:03:12  -  Total Remote Usage
		Usr 0 00:00:00, Sys 0 00:00:00  -  Total Local Usage
	24308  -  Run Bytes Sent By Job
	117616904  -  Run Bytes Received By Job
	24308  -  Total Bytes Sent By Job
	117616904  -  Total Bytes Received By Job
	Partitionable Resources :     Usage  Request Allocated 
	   Cpus                 :      0.11        1         1 
	   Disk (KB)            : 282321    10000000  10003150 
	   GPUs                 :                            0 
	   Memory (MB)          :    895        3000      3000 
	   TimeExecute (s)      :  29551                       
	   TimeSlotBusy (s)     :  29578                       

	Job terminated of its own accord at 2025-07-03T03:41:11Z with exit-code 0.
...
