mkdir: cannot create directory 'tmp': File exists
WARNING: In non-interactive mode release checks e.g. deprecated releases, production architectures are disabled.
/cvmfs/cms.cern.ch/el8_amd64_gcc10/external/py3-numpy/1.22.4-62e28bace1c65ef46c4a0988f2d65108/lib/python3.9/site-packages/numpy/core/getlimits.py:499: UserWarning: The value of the smallest subnormal for <class 'numpy.float64'> type is zero.
  setattr(self, word, getattr(machar, word).flat[0])
/cvmfs/cms.cern.ch/el8_amd64_gcc10/external/py3-numpy/1.22.4-62e28bace1c65ef46c4a0988f2d65108/lib/python3.9/site-packages/numpy/core/getlimits.py:89: UserWarning: The value of the smallest subnormal for <class 'numpy.float64'> type is zero.
  return self._float_to_str(self.smallest_subnormal)
/cvmfs/cms.cern.ch/el8_amd64_gcc10/external/py3-numpy/1.22.4-62e28bace1c65ef46c4a0988f2d65108/lib/python3.9/site-packages/numpy/core/getlimits.py:499: UserWarning: The value of the smallest subnormal for <class 'numpy.float32'> type is zero.
  setattr(self, word, getattr(machar, word).flat[0])
/cvmfs/cms.cern.ch/el8_amd64_gcc10/external/py3-numpy/1.22.4-62e28bace1c65ef46c4a0988f2d65108/lib/python3.9/site-packages/numpy/core/getlimits.py:89: UserWarning: The value of the smallest subnormal for <class 'numpy.float32'> type is zero.
  return self._float_to_str(self.smallest_subnormal)
[2025-07-02 21:29:12,623] INFO: Running muon channel for ak8 jets with JME systematics {'jec': False, 'jes': None, 'jes_source': '', 'jes_uncertainty_file_prefix': '', 'jer': None, 'jmr': None, 'met_unclustered': None, 'smearMET': False, 'applyHEMUnc': False}, other options {'sfbdt_threshold': -99, 'run_tagger': False, 'tagger_versions': ['V02b', 'V02c', 'V02d'], 'run_mass_regression': False, 'mass_regression_versions': ['V01a', 'V01b', 'V01c'], 'WRITE_CACHE_FILE': False, 'jetType': 'ak8', 'year': 20230}
TTree::SetBranchStatus:0: RuntimeWarning: No branch name is matching wildcard -> fixedGridRho*
TTree::SetBranchStatus:0: RuntimeWarning: No branch name is matching wildcard -> btagWeight_*
Error in <TTree::SetBranchStatus>: unknown branch -> genWeight
Error in <TTree::SetBranchStatus>: unknown branch -> LHE_Vpt
Error in <TTree::SetBranchStatus>: unknown branch -> PSWeight
TTree::SetBranchStatus:0: RuntimeWarning: No branch name is matching wildcard -> fixedGridRho*
TTree::SetBranchStatus:0: RuntimeWarning: No branch name is matching wildcard -> btagWeight_*
Error in <TTree::SetBranchStatus>: unknown branch -> genWeight
Error in <TTree::SetBranchStatus>: unknown branch -> LHE_Vpt
Error in <TTree::SetBranchStatus>: unknown branch -> PSWeight
TTree::SetBranchStatus:0: RuntimeWarning: No branch name is matching wildcard -> fixedGridRho*
TTree::SetBranchStatus:0: RuntimeWarning: No branch name is matching wildcard -> btagWeight_*
Error in <TTree::SetBranchStatus>: unknown branch -> genWeight
Error in <TTree::SetBranchStatus>: unknown branch -> LHE_Vpt
Error in <TTree::SetBranchStatus>: unknown branch -> PSWeight
TTree::SetBranchStatus:0: RuntimeWarning: No branch name is matching wildcard -> fixedGridRho*
TTree::SetBranchStatus:0: RuntimeWarning: No branch name is matching wildcard -> btagWeight_*
Error in <TTree::SetBranchStatus>: unknown branch -> genWeight
Error in <TTree::SetBranchStatus>: unknown branch -> LHE_Vpt
Error in <TTree::SetBranchStatus>: unknown branch -> PSWeight
TTree::SetBranchStatus:0: RuntimeWarning: No branch name is matching wildcard -> fixedGridRho*
TTree::SetBranchStatus:0: RuntimeWarning: No branch name is matching wildcard -> btagWeight_*
Error in <TTree::SetBranchStatus>: unknown branch -> genWeight
Error in <TTree::SetBranchStatus>: unknown branch -> LHE_Vpt
Error in <TTree::SetBranchStatus>: unknown branch -> PSWeight
TTree::SetBranchStatus:0: RuntimeWarning: No branch name is matching wildcard -> fixedGridRho*
TTree::SetBranchStatus:0: RuntimeWarning: No branch name is matching wildcard -> btagWeight_*
Error in <TTree::SetBranchStatus>: unknown branch -> genWeight
Error in <TTree::SetBranchStatus>: unknown branch -> LHE_Vpt
Error in <TTree::SetBranchStatus>: unknown branch -> PSWeight
TTree::SetBranchStatus:0: RuntimeWarning: No branch name is matching wildcard -> fixedGridRho*
TTree::SetBranchStatus:0: RuntimeWarning: No branch name is matching wildcard -> btagWeight_*
Error in <TTree::SetBranchStatus>: unknown branch -> genWeight
Error in <TTree::SetBranchStatus>: unknown branch -> LHE_Vpt
Error in <TTree::SetBranchStatus>: unknown branch -> PSWeight
TTree::SetBranchStatus:0: RuntimeWarning: No branch name is matching wildcard -> fixedGridRho*
TTree::SetBranchStatus:0: RuntimeWarning: No branch name is matching wildcard -> btagWeight_*
Error in <TTree::SetBranchStatus>: unknown branch -> genWeight
Error in <TTree::SetBranchStatus>: unknown branch -> LHE_Vpt
Error in <TTree::SetBranchStatus>: unknown branch -> PSWeight
TTree::SetBranchStatus:0: RuntimeWarning: No branch name is matching wildcard -> fixedGridRho*
TTree::SetBranchStatus:0: RuntimeWarning: No branch name is matching wildcard -> btagWeight_*
Error in <TTree::SetBranchStatus>: unknown branch -> genWeight
Error in <TTree::SetBranchStatus>: unknown branch -> LHE_Vpt
Error in <TTree::SetBranchStatus>: unknown branch -> PSWeight
TTree::SetBranchStatus:0: RuntimeWarning: No branch name is matching wildcard -> fixedGridRho*
TTree::SetBranchStatus:0: RuntimeWarning: No branch name is matching wildcard -> btagWeight_*
Error in <TTree::SetBranchStatus>: unknown branch -> genWeight
Error in <TTree::SetBranchStatus>: unknown branch -> LHE_Vpt
Error in <TTree::SetBranchStatus>: unknown branch -> PSWeight
TTree::SetBranchStatus:0: RuntimeWarning: No branch name is matching wildcard -> fixedGridRho*
TTree::SetBranchStatus:0: RuntimeWarning: No branch name is matching wildcard -> btagWeight_*
Error in <TTree::SetBranchStatus>: unknown branch -> genWeight
Error in <TTree::SetBranchStatus>: unknown branch -> LHE_Vpt
Error in <TTree::SetBranchStatus>: unknown branch -> PSWeight
TTree::SetBranchStatus:0: RuntimeWarning: No branch name is matching wildcard -> fixedGridRho*
TTree::SetBranchStatus:0: RuntimeWarning: No branch name is matching wildcard -> btagWeight_*
Error in <TTree::SetBranchStatus>: unknown branch -> genWeight
Error in <TTree::SetBranchStatus>: unknown branch -> LHE_Vpt
Error in <TTree::SetBranchStatus>: unknown branch -> PSWeight
TTree::SetBranchStatus:0: RuntimeWarning: No branch name is matching wildcard -> fixedGridRho*
TTree::SetBranchStatus:0: RuntimeWarning: No branch name is matching wildcard -> btagWeight_*
Error in <TTree::SetBranchStatus>: unknown branch -> genWeight
Error in <TTree::SetBranchStatus>: unknown branch -> LHE_Vpt
Error in <TTree::SetBranchStatus>: unknown branch -> PSWeight
TTree::SetBranchStatus:0: RuntimeWarning: No branch name is matching wildcard -> fixedGridRho*
TTree::SetBranchStatus:0: RuntimeWarning: No branch name is matching wildcard -> btagWeight_*
Error in <TTree::SetBranchStatus>: unknown branch -> genWeight
Error in <TTree::SetBranchStatus>: unknown branch -> LHE_Vpt
Error in <TTree::SetBranchStatus>: unknown branch -> PSWeight
TTree::SetBranchStatus:0: RuntimeWarning: No branch name is matching wildcard -> fixedGridRho*
TTree::SetBranchStatus:0: RuntimeWarning: No branch name is matching wildcard -> btagWeight_*
Error in <TTree::SetBranchStatus>: unknown branch -> genWeight
Error in <TTree::SetBranchStatus>: unknown branch -> LHE_Vpt
Error in <TTree::SetBranchStatus>: unknown branch -> PSWeight
TTree::SetBranchStatus:0: RuntimeWarning: No branch name is matching wildcard -> fixedGridRho*
TTree::SetBranchStatus:0: RuntimeWarning: No branch name is matching wildcard -> btagWeight_*
Error in <TTree::SetBranchStatus>: unknown branch -> genWeight
Error in <TTree::SetBranchStatus>: unknown branch -> LHE_Vpt
Error in <TTree::SetBranchStatus>: unknown branch -> PSWeight
TTree::SetBranchStatus:0: RuntimeWarning: No branch name is matching wildcard -> fixedGridRho*
TTree::SetBranchStatus:0: RuntimeWarning: No branch name is matching wildcard -> btagWeight_*
Error in <TTree::SetBranchStatus>: unknown branch -> genWeight
Error in <TTree::SetBranchStatus>: unknown branch -> LHE_Vpt
Error in <TTree::SetBranchStatus>: unknown branch -> PSWeight
TTree::SetBranchStatus:0: RuntimeWarning: No branch name is matching wildcard -> fixedGridRho*
TTree::SetBranchStatus:0: RuntimeWarning: No branch name is matching wildcard -> btagWeight_*
Error in <TTree::SetBranchStatus>: unknown branch -> genWeight
Error in <TTree::SetBranchStatus>: unknown branch -> LHE_Vpt
Error in <TTree::SetBranchStatus>: unknown branch -> PSWeight
TTree::SetBranchStatus:0: RuntimeWarning: No branch name is matching wildcard -> fixedGridRho*
TTree::SetBranchStatus:0: RuntimeWarning: No branch name is matching wildcard -> btagWeight_*
Error in <TTree::SetBranchStatus>: unknown branch -> genWeight
Error in <TTree::SetBranchStatus>: unknown branch -> LHE_Vpt
Error in <TTree::SetBranchStatus>: unknown branch -> PSWeight
TTree::SetBranchStatus:0: RuntimeWarning: No branch name is matching wildcard -> fixedGridRho*
TTree::SetBranchStatus:0: RuntimeWarning: No branch name is matching wildcard -> btagWeight_*
Error in <TTree::SetBranchStatus>: unknown branch -> genWeight
Error in <TTree::SetBranchStatus>: unknown branch -> LHE_Vpt
Error in <TTree::SetBranchStatus>: unknown branch -> PSWeight
