000 (7842997.005.000) 07/01 23:48:51 Job submitted from host: <188.185.16.120:9618?addrs=188.185.16.120-9618+[2001-1458-d00-65--100-39b]-9618&alias=bigbird27.cern.ch&noUDP&sock=schedd_4465_3274>
...
040 (7842997.005.000) 07/01 23:49:08 Started transferring input files
	Transferring to host: <188.184.185.61:9618?addrs=188.184.185.61-9618+[2001-1458-301-52--100-3c]-9618&alias=b9g37p3666.cern.ch&noUDP&sock=slot1_29_2771540_67b9_31194>
...
040 (7842997.005.000) 07/01 23:49:15 Finished transferring input files
...
001 (7842997.005.000) 07/01 23:49:15 Job executing on host: <188.184.185.61:9618?addrs=188.184.185.61-9618+[2001-1458-301-52--100-3c]-9618&alias=b9g37p3666.cern.ch&noUDP&sock=startd_1633186_54f6>
	SlotName: slot1_29@b9g37p3666.cern.ch
	CondorScratchDir = "/pool/condor/dir_1563253"
	Cpus = 1
	Disk = 10003082
	GPUs = 0
	Memory = 3000
...
006 (7842997.005.000) 07/01 23:49:28 Image size of job updated: 1396
	2  -  MemoryUsage of job (MB)
	1396  -  ResidentSetSize of job (KB)
...
006 (7842997.005.000) 07/01 23:49:55 Image size of job updated: 26428
	2  -  MemoryUsage of job (MB)
	1396  -  ResidentSetSize of job (KB)
...
040 (7842997.005.000) 07/01 23:49:55 Started transferring output files
...
040 (7842997.005.000) 07/01 23:49:55 Finished transferring output files
...
012 (7842997.005.000) 07/01 23:49:55 Job was held.
	Job held by ON_EXIT_HOLD due to exit code 1.
	Code 3 Subcode 0
...
013 (7842997.005.000) 07/02 00:00:52 Job was released.
	The job attribute PeriodicRelease expression '(NumJobStarts < 3) && ((CurrentTime - EnteredCurrentStatus) > 10 * 60)' evaluated to TRUE
...
040 (7842997.005.000) 07/02 00:05:31 Started transferring input files
	Transferring to host: <128.142.248.47:9618?addrs=128.142.248.47-9618+[2001-1458-301-73--100-11f]-9618&alias=b9g23p9580.cern.ch&noUDP&sock=slot1_25_3369250_2beb_73271>
...
040 (7842997.005.000) 07/02 00:05:32 Finished transferring input files
...
001 (7842997.005.000) 07/02 00:05:32 Job executing on host: <128.142.248.47:9618?addrs=128.142.248.47-9618+[2001-1458-301-73--100-11f]-9618&alias=b9g23p9580.cern.ch&noUDP&sock=startd_7986_4f6b>
	SlotName: slot1_25@b9g23p9580.cern.ch
	CondorScratchDir = "/pool/condor/dir_4036777"
	Cpus = 1
	Disk = 10003234
	GPUs = 0
	Memory = 3000
...
006 (7842997.005.000) 07/02 00:05:46 Image size of job updated: 27500
	17  -  MemoryUsage of job (MB)
	17280  -  ResidentSetSize of job (KB)
...
040 (7842997.005.000) 07/02 00:05:48 Started transferring output files
...
040 (7842997.005.000) 07/02 00:05:48 Finished transferring output files
...
012 (7842997.005.000) 07/02 00:05:48 Job was held.
	Job held by ON_EXIT_HOLD due to exit code 1.
	Code 3 Subcode 0
...
013 (7842997.005.000) 07/02 00:15:53 Job was released.
	The job attribute PeriodicRelease expression '(NumJobStarts < 3) && ((CurrentTime - EnteredCurrentStatus) > 10 * 60)' evaluated to TRUE
...
040 (7842997.005.000) 07/02 00:18:19 Started transferring input files
	Transferring to host: <188.185.212.165:9618?addrs=188.185.212.165-9618+[2001-1458-303-19--100-21]-9618&alias=b9p26p3733.cern.ch&noUDP&sock=slot1_20_6435_ca1f_31347>
...
040 (7842997.005.000) 07/02 00:18:20 Finished transferring input files
...
001 (7842997.005.000) 07/02 00:18:20 Job executing on host: <188.185.212.165:9618?addrs=188.185.212.165-9618+[2001-1458-303-19--100-21]-9618&alias=b9p26p3733.cern.ch&noUDP&sock=startd_6072_7726>
	SlotName: slot1_20@b9p26p3733.cern.ch
	CondorScratchDir = "/pool/condor/dir_2230543"
	Cpus = 1
	Disk = 10003075
	GPUs = 0
	Memory = 3000
...
006 (7842997.005.000) 07/02 00:18:34 Image size of job updated: 27752
	28  -  MemoryUsage of job (MB)
	27752  -  ResidentSetSize of job (KB)
...
040 (7842997.005.000) 07/02 00:18:40 Started transferring output files
...
040 (7842997.005.000) 07/02 00:18:40 Finished transferring output files
...
012 (7842997.005.000) 07/02 00:18:40 Job was held.
	Job held by ON_EXIT_HOLD due to exit code 1.
	Code 3 Subcode 0
...
009 (7842997.005.000) 07/02 00:37:26 Job was aborted.
	via condor_rm (by user hlarson)

	Job terminated by itself at 2025-07-01T22:18:40Z (using method 0: OF_ITS_OWN_ACCORD).
...
000 (7843031.005.000) 07/02 00:38:38 Job submitted from host: <188.185.16.120:9618?addrs=188.185.16.120-9618+[2001-1458-d00-65--100-39b]-9618&alias=bigbird27.cern.ch&noUDP&sock=schedd_4465_3274>
...
040 (7843031.005.000) 07/02 00:40:12 Started transferring input files
	Transferring to host: <188.185.198.15:9618?addrs=188.185.198.15-9618+[2001-1458-303-25--100-b]-9618&alias=b9p15p6845.cern.ch&noUDP&sock=slot1_20_8860_6be1_32584>
...
040 (7843031.005.000) 07/02 00:40:13 Finished transferring input files
...
001 (7843031.005.000) 07/02 00:40:13 Job executing on host: <188.185.198.15:9618?addrs=188.185.198.15-9618+[2001-1458-303-25--100-b]-9618&alias=b9p15p6845.cern.ch&noUDP&sock=startd_8206_3641>
	SlotName: slot1_20@b9p15p6845.cern.ch
	CondorScratchDir = "/pool/condor/dir_2672703"
	Cpus = 1
	Disk = 10003142
	GPUs = 0
	Memory = 3000
...
006 (7843031.005.000) 07/02 00:40:22 Image size of job updated: 41712
	41  -  MemoryUsage of job (MB)
	41712  -  ResidentSetSize of job (KB)
...
006 (7843031.005.000) 07/02 00:45:23 Image size of job updated: 809220
	791  -  MemoryUsage of job (MB)
	809220  -  ResidentSetSize of job (KB)
...
006 (7843031.005.000) 07/02 00:50:24 Image size of job updated: 859148
	840  -  MemoryUsage of job (MB)
	859148  -  ResidentSetSize of job (KB)
...
006 (7843031.005.000) 07/02 00:55:24 Image size of job updated: 881564
	861  -  MemoryUsage of job (MB)
	881564  -  ResidentSetSize of job (KB)
...
040 (7843031.005.000) 07/02 02:38:09 Started transferring output files
...
040 (7843031.005.000) 07/02 02:38:09 Finished transferring output files
...
012 (7843031.005.000) 07/02 02:38:09 Job was held.
	Job held by ON_EXIT_HOLD due to exit code 1.
	Code 3 Subcode 0
...
013 (7843031.005.000) 07/02 02:48:59 Job was released.
	The job attribute PeriodicRelease expression '(NumJobStarts < 3) && ((CurrentTime - EnteredCurrentStatus) > 10 * 60)' evaluated to TRUE
...
040 (7843031.005.000) 07/02 03:04:19 Started transferring input files
	Transferring to host: <188.185.193.138:9618?addrs=188.185.193.138-9618+[2001-1458-303-20--100-86]-9618&alias=b9p19p7414.cern.ch&noUDP&sock=slot1_26_4545_1d12_17649>
...
040 (7843031.005.000) 07/02 03:04:33 Finished transferring input files
...
001 (7843031.005.000) 07/02 03:04:33 Job executing on host: <188.185.193.138:9618?addrs=188.185.193.138-9618+[2001-1458-303-20--100-86]-9618&alias=b9p19p7414.cern.ch&noUDP&sock=startd_3963_dde9>
	SlotName: slot1_26@b9p19p7414.cern.ch
	CondorScratchDir = "/pool/condor/dir_1083345"
	Cpus = 1
	Disk = 10003097
	GPUs = 0
	Memory = 3000
...
040 (7843031.005.000) 07/02 04:59:30 Started transferring output files
...
040 (7843031.005.000) 07/02 04:59:30 Finished transferring output files
...
012 (7843031.005.000) 07/02 04:59:30 Job was held.
	Job held by ON_EXIT_HOLD due to exit code 1.
	Code 3 Subcode 0
...
013 (7843031.005.000) 07/02 05:10:02 Job was released.
	The job attribute PeriodicRelease expression '(NumJobStarts < 3) && ((CurrentTime - EnteredCurrentStatus) > 10 * 60)' evaluated to TRUE
...
040 (7843031.005.000) 07/02 05:10:42 Started transferring input files
	Transferring to host: <188.185.196.159:9618?addrs=188.185.196.159-9618+[2001-1458-303-23--100-9b]-9618&alias=b9p16p2049.cern.ch&noUDP&sock=slot1_23_7413_e107_30878>
...
040 (7843031.005.000) 07/02 05:10:50 Finished transferring input files
...
001 (7843031.005.000) 07/02 05:10:50 Job executing on host: <188.185.196.159:9618?addrs=188.185.196.159-9618+[2001-1458-303-23--100-9b]-9618&alias=b9p16p2049.cern.ch&noUDP&sock=startd_6865_65c0>
	SlotName: slot1_23@b9p16p2049.cern.ch
	CondorScratchDir = "/pool/condor/dir_3798039"
	Cpus = 1
	Disk = 10003189
	GPUs = 0
	Memory = 3000
...
040 (7843031.005.000) 07/02 10:44:35 Started transferring output files
...
040 (7843031.005.000) 07/02 10:44:35 Finished transferring output files
...
012 (7843031.005.000) 07/02 10:44:35 Job was held.
	Job held by ON_EXIT_HOLD due to exit code 1.
	Code 3 Subcode 0
...
009 (7843031.005.000) 07/02 21:25:29 Job was aborted.
	via condor_rm (by user hlarson)

	Job terminated by itself at 2025-07-02T08:44:35Z (using method 0: OF_ITS_OWN_ACCORD).
...
000 (7845781.005.000) 07/02 21:26:04 Job submitted from host: <188.185.16.120:9618?addrs=188.185.16.120-9618+[2001-1458-d00-65--100-39b]-9618&alias=bigbird27.cern.ch&noUDP&sock=schedd_4465_3274>
...
040 (7845781.005.000) 07/02 21:28:15 Started transferring input files
	Transferring to host: <188.185.194.156:9618?addrs=188.185.194.156-9618+[2001-1458-303-21--100-98]-9618&alias=b9p20p1008.cern.ch&noUDP&sock=slot1_11_4240_36a5_18523>
...
040 (7845781.005.000) 07/02 21:28:40 Finished transferring input files
...
001 (7845781.005.000) 07/02 21:28:40 Job executing on host: <188.185.194.156:9618?addrs=188.185.194.156-9618+[2001-1458-303-21--100-98]-9618&alias=b9p20p1008.cern.ch&noUDP&sock=startd_3719_80cd>
	SlotName: slot1_11@b9p20p1008.cern.ch
	CondorScratchDir = "/pool/condor/dir_2181457"
	Cpus = 1
	Disk = 10003182
	GPUs = 0
	Memory = 3000
...
006 (7845781.005.000) 07/02 21:28:54 Image size of job updated: 27660
	24  -  MemoryUsage of job (MB)
	23920  -  ResidentSetSize of job (KB)
...
006 (7845781.005.000) 07/02 21:33:55 Image size of job updated: 350328
	341  -  MemoryUsage of job (MB)
	349112  -  ResidentSetSize of job (KB)
...
006 (7845781.005.000) 07/02 21:38:56 Image size of job updated: 350328
	342  -  MemoryUsage of job (MB)
	349776  -  ResidentSetSize of job (KB)
...
006 (7845781.005.000) 07/02 21:43:56 Image size of job updated: 419692
	410  -  MemoryUsage of job (MB)
	419692  -  ResidentSetSize of job (KB)
...
006 (7845781.005.000) 07/02 21:48:57 Image size of job updated: 435452
	426  -  MemoryUsage of job (MB)
	435452  -  ResidentSetSize of job (KB)
...
006 (7845781.005.000) 07/02 21:53:57 Image size of job updated: 435828
	426  -  MemoryUsage of job (MB)
	435828  -  ResidentSetSize of job (KB)
...
006 (7845781.005.000) 07/02 21:58:57 Image size of job updated: 460864
	451  -  MemoryUsage of job (MB)
	460864  -  ResidentSetSize of job (KB)
...
006 (7845781.005.000) 07/02 22:03:58 Image size of job updated: 473068
	462  -  MemoryUsage of job (MB)
	473068  -  ResidentSetSize of job (KB)
...
006 (7845781.005.000) 07/02 22:08:58 Image size of job updated: 480504
	470  -  MemoryUsage of job (MB)
	480480  -  ResidentSetSize of job (KB)
...
006 (7845781.005.000) 07/02 22:13:58 Image size of job updated: 480888
	470  -  MemoryUsage of job (MB)
	480888  -  ResidentSetSize of job (KB)
...
006 (7845781.005.000) 07/02 22:18:59 Image size of job updated: 500388
	489  -  MemoryUsage of job (MB)
	500388  -  ResidentSetSize of job (KB)
...
006 (7845781.005.000) 07/02 22:23:59 Image size of job updated: 500436
	489  -  MemoryUsage of job (MB)
	500436  -  ResidentSetSize of job (KB)
...
006 (7845781.005.000) 07/02 22:29:01 Image size of job updated: 500468
	489  -  MemoryUsage of job (MB)
	500468  -  ResidentSetSize of job (KB)
...
006 (7845781.005.000) 07/02 22:34:01 Image size of job updated: 500492
	489  -  MemoryUsage of job (MB)
	500492  -  ResidentSetSize of job (KB)
...
006 (7845781.005.000) 07/02 22:39:01 Image size of job updated: 500512
	489  -  MemoryUsage of job (MB)
	500512  -  ResidentSetSize of job (KB)
...
006 (7845781.005.000) 07/02 22:44:02 Image size of job updated: 500548
	489  -  MemoryUsage of job (MB)
	500548  -  ResidentSetSize of job (KB)
...
006 (7845781.005.000) 07/02 22:49:02 Image size of job updated: 500568
	489  -  MemoryUsage of job (MB)
	500568  -  ResidentSetSize of job (KB)
...
006 (7845781.005.000) 07/02 22:54:02 Image size of job updated: 500576
	489  -  MemoryUsage of job (MB)
	500576  -  ResidentSetSize of job (KB)
...
006 (7845781.005.000) 07/02 22:59:03 Image size of job updated: 500588
	489  -  MemoryUsage of job (MB)
	500588  -  ResidentSetSize of job (KB)
...
006 (7845781.005.000) 07/02 23:04:03 Image size of job updated: 505004
	494  -  MemoryUsage of job (MB)
	505004  -  ResidentSetSize of job (KB)
...
006 (7845781.005.000) 07/02 23:09:04 Image size of job updated: 518368
	507  -  MemoryUsage of job (MB)
	518368  -  ResidentSetSize of job (KB)
...
006 (7845781.005.000) 07/02 23:14:05 Image size of job updated: 524220
	512  -  MemoryUsage of job (MB)
	524220  -  ResidentSetSize of job (KB)
...
006 (7845781.005.000) 07/02 23:19:05 Image size of job updated: 526076
	514  -  MemoryUsage of job (MB)
	526076  -  ResidentSetSize of job (KB)
...
006 (7845781.005.000) 07/02 23:24:05 Image size of job updated: 526112
	514  -  MemoryUsage of job (MB)
	526112  -  ResidentSetSize of job (KB)
...
006 (7845781.005.000) 07/02 23:29:05 Image size of job updated: 527472
	516  -  MemoryUsage of job (MB)
	527472  -  ResidentSetSize of job (KB)
...
006 (7845781.005.000) 07/02 23:34:06 Image size of job updated: 527476
	516  -  MemoryUsage of job (MB)
	527472  -  ResidentSetSize of job (KB)
...
006 (7845781.005.000) 07/02 23:39:06 Image size of job updated: 533584
	522  -  MemoryUsage of job (MB)
	533584  -  ResidentSetSize of job (KB)
...
006 (7845781.005.000) 07/02 23:44:07 Image size of job updated: 533588
	522  -  MemoryUsage of job (MB)
	533588  -  ResidentSetSize of job (KB)
...
006 (7845781.005.000) 07/02 23:49:08 Image size of job updated: 533644
	522  -  MemoryUsage of job (MB)
	533644  -  ResidentSetSize of job (KB)
...
006 (7845781.005.000) 07/02 23:54:08 Image size of job updated: 556720
	544  -  MemoryUsage of job (MB)
	556720  -  ResidentSetSize of job (KB)
...
006 (7845781.005.000) 07/02 23:59:09 Image size of job updated: 556912
	544  -  MemoryUsage of job (MB)
	556912  -  ResidentSetSize of job (KB)
...
006 (7845781.005.000) 07/03 00:04:09 Image size of job updated: 558044
	545  -  MemoryUsage of job (MB)
	558044  -  ResidentSetSize of job (KB)
...
006 (7845781.005.000) 07/03 00:09:09 Image size of job updated: 558056
	545  -  MemoryUsage of job (MB)
	558056  -  ResidentSetSize of job (KB)
...
006 (7845781.005.000) 07/03 00:14:10 Image size of job updated: 571012
	558  -  MemoryUsage of job (MB)
	571012  -  ResidentSetSize of job (KB)
...
006 (7845781.005.000) 07/03 00:19:10 Image size of job updated: 571036
	558  -  MemoryUsage of job (MB)
	571036  -  ResidentSetSize of job (KB)
...
006 (7845781.005.000) 07/03 00:24:11 Image size of job updated: 571488
	559  -  MemoryUsage of job (MB)
	571488  -  ResidentSetSize of job (KB)
...
006 (7845781.005.000) 07/03 00:29:12 Image size of job updated: 573388
	560  -  MemoryUsage of job (MB)
	573388  -  ResidentSetSize of job (KB)
...
006 (7845781.005.000) 07/03 00:34:12 Image size of job updated: 573404
	560  -  MemoryUsage of job (MB)
	573404  -  ResidentSetSize of job (KB)
...
006 (7845781.005.000) 07/03 00:39:13 Image size of job updated: 573452
	561  -  MemoryUsage of job (MB)
	573452  -  ResidentSetSize of job (KB)
...
006 (7845781.005.000) 07/03 00:44:13 Image size of job updated: 578852
	566  -  MemoryUsage of job (MB)
	578852  -  ResidentSetSize of job (KB)
...
006 (7845781.005.000) 07/03 00:49:13 Image size of job updated: 578860
	566  -  MemoryUsage of job (MB)
	578860  -  ResidentSetSize of job (KB)
...
006 (7845781.005.000) 07/03 00:54:14 Image size of job updated: 578896
	566  -  MemoryUsage of job (MB)
	578896  -  ResidentSetSize of job (KB)
...
006 (7845781.005.000) 07/03 00:59:14 Image size of job updated: 579760
	567  -  MemoryUsage of job (MB)
	579760  -  ResidentSetSize of job (KB)
...
006 (7845781.005.000) 07/03 01:02:12 Image size of job updated: 661420
	567  -  MemoryUsage of job (MB)
	579760  -  ResidentSetSize of job (KB)
...
040 (7845781.005.000) 07/03 01:02:12 Started transferring output files
...
040 (7845781.005.000) 07/03 01:02:12 Finished transferring output files
...
005 (7845781.005.000) 07/03 01:02:12 Job terminated.
	(1) Normal termination (return value 0)
		Usr 0 00:24:54, Sys 0 00:02:06  -  Run Remote Usage
		Usr 0 00:00:00, Sys 0 00:00:00  -  Run Local Usage
		Usr 0 00:24:54, Sys 0 00:02:06  -  Total Remote Usage
		Usr 0 00:00:00, Sys 0 00:00:00  -  Total Local Usage
	24285  -  Run Bytes Sent By Job
	117616904  -  Run Bytes Received By Job
	24285  -  Total Bytes Sent By Job
	117616904  -  Total Bytes Received By Job
	Partitionable Resources :     Usage  Request Allocated 
	   Cpus                 :      0.12        1         1 
	   Disk (KB)            : 282261    10000000  10003182 
	   GPUs                 :                            0 
	   Memory (MB)          :    567        3000      3000 
	   TimeExecute (s)      :  12812                       
	   TimeSlotBusy (s)     :  12838                       

	Job terminated of its own accord at 2025-07-02T23:02:12Z with exit-code 0.
...
