b9g23p4167.cern.ch
workdir: /srv
args: 6
total 114880
-rw-r--r--. 1 hlarson zh 117551767 Jul  2 21:28 CMSSW.tar.gz
-rwxr-xr-x. 1 hlarson zh      6303 Jul  2 21:28 Cert_Collisions2023_366442_370790_Golden.json
-rw-r--r--. 1 hlarson zh         0 Jul  2 21:28 _condor_stderr
-rw-r--r--. 1 hlarson zh        41 Jul  2 21:28 _condor_stdout
-rw-r--r--. 1 hlarson zh       466 Jul  2 21:28 heavyFlavSFTree_cfg.json
-rw-------. 1 hlarson zh      2591 Jul  2 21:28 hlarson.cc
-rw-r--r--. 1 hlarson zh       885 Jul  2 21:28 keep_and_drop_input.txt
-rw-r--r--. 1 hlarson zh       434 Jul  2 21:28 keep_and_drop_output.txt
-rw-r--r--. 1 hlarson zh     40039 Jul  2 21:28 metadata.json
-rwxr-xr-x. 1 hlarson zh      5147 Jul  2 21:28 processor.py
-rwxr-xr-x. 1 hlarson zh      1555 Jul  2 21:28 run_postproc_condor.sh
drwxr-x---. 6 hlarson zh        71 Jul  2 21:28 scratch
drwx------. 2 hlarson zh        10 Jul  2 21:28 srv
drwx------. 2 hlarson zh        10 Jul  2 21:28 tmp
drwx------. 3 hlarson zh        25 Jul  2 21:28 var
drwxrwxrwt. 2 hlarson zh        10 Jul  2 21:28 var_tmp
printing pwd
/srv
>>> creating new release CMSSW_12_6_4
>>> preparing sandbox release CMSSW_12_6_4
>>> fixing python paths
[2025-07-02 21:28:53] wrapper ready
total 114884
-rw-r--r--. 1 hlarson zh 117551767 Jul  2 21:28 CMSSW.tar.gz
drwxr-xr-x. 9 hlarson zh       124 Jul  2 21:28 CMSSW_12_6_4
-rwxr-xr-x. 1 hlarson zh      6303 Jul  2 21:28 Cert_Collisions2023_366442_370790_Golden.json
-rw-r--r--. 1 hlarson zh       163 Jul  2 21:28 _condor_stderr
-rw-r--r--. 1 hlarson zh      1233 Jul  2 21:28 _condor_stdout
-rw-r--r--. 1 hlarson zh       466 Jul  2 21:28 heavyFlavSFTree_cfg.json
-rw-------. 1 hlarson zh      2591 Jul  2 21:28 hlarson.cc
-rw-r--r--. 1 hlarson zh       885 Jul  2 21:28 keep_and_drop_input.txt
-rw-r--r--. 1 hlarson zh       434 Jul  2 21:28 keep_and_drop_output.txt
-rw-r--r--. 1 hlarson zh     40039 Jul  2 21:28 metadata.json
-rwxr-xr-x. 1 hlarson zh      5147 Jul  2 21:28 processor.py
-rwxr-xr-x. 1 hlarson zh      1555 Jul  2 21:28 run_postproc_condor.sh
drwxr-x---. 6 hlarson zh        71 Jul  2 21:28 scratch
drwx------. 2 hlarson zh        10 Jul  2 21:28 srv
drwx------. 3 hlarson zh        34 Jul  2 21:28 tmp
drwx------. 3 hlarson zh        25 Jul  2 21:28 var
drwxrwxrwt. 2 hlarson zh        10 Jul  2 21:28 var_tmp
Loading heavyFlavSFTreeFromConfig from PhysicsTools.NanoHRTTools.producers.HeavyFlavSFTreeProducer 
['root://xrootd-cms.infn.it////store/data/Run2023C/Muon0/NANOAOD/22Sep2023_v4-v1/50000/6a4a4366-60b3-4c7c-a341-056f38251935.root', 'root://xrootd-cms.infn.it////store/data/Run2023C/Muon0/NANOAOD/22Sep2023_v4-v1/50000/6d31478b-daf6-4021-a132-6685f4ebb97e.root', 'root://xrootd-cms.infn.it////store/data/Run2023C/Muon0/NANOAOD/22Sep2023_v4-v1/50000/6ffba708-d785-4ab5-a934-7a7b46a4f227.root', 'root://xrootd-cms.infn.it////store/data/Run2023C/Muon0/NANOAOD/22Sep2023_v4-v1/50000/7cb85947-6077-44c0-80ac-4899e72344cc.root', 'root://xrootd-cms.infn.it////store/data/Run2023C/Muon0/NANOAOD/22Sep2023_v4-v1/50000/8a619a57-5cd5-4ef3-8dec-c1cd0b4c4378.root', 'root://xrootd-cms.infn.it////store/data/Run2023C/Muon0/NANOAOD/22Sep2023_v4-v1/50000/8d81df26-6df6-4940-b646-84f810a43513.root', 'root://xrootd-cms.infn.it////store/data/Run2023C/Muon0/NANOAOD/22Sep2023_v4-v1/50000/17de6d8e-7a60-4ce7-90f3-88b16bb7f8f0.root', 'root://xrootd-cms.infn.it////store/data/Run2023C/Muon0/NANOAOD/22Sep2023_v4-v1/50000/20b4f219-70bf-4379-9cd0-67cd950d9806.root', 'root://xrootd-cms.infn.it////store/data/Run2023C/Muon0/NANOAOD/22Sep2023_v4-v1/50000/23e563c8-a09b-45f8-8169-d2aca5d91fbb.root', 'root://xrootd-cms.infn.it////store/data/Run2023C/Muon0/NANOAOD/22Sep2023_v4-v1/50000/29aba056-f4de-4508-942b-5012f4952363.root', 'root://xrootd-cms.infn.it////store/data/Run2023C/Muon0/NANOAOD/22Sep2023_v4-v1/50000/33f4be8b-f524-4d6c-b3db-f43097824c15.root', 'root://xrootd-cms.infn.it////store/data/Run2023C/Muon0/NANOAOD/22Sep2023_v4-v1/50000/51d98d46-7f0d-476f-8e46-eaf4d1c70056.root', 'root://xrootd-cms.infn.it////store/data/Run2023C/Muon0/NANOAOD/22Sep2023_v4-v1/50000/66b49c88-21e2-45ea-bc9d-448752144484.root', 'root://xrootd-cms.infn.it////store/data/Run2023C/Muon0/NANOAOD/22Sep2023_v4-v1/50000/89fb0f53-c19e-472c-a17a-6610fe16da8a.root', 'root://xrootd-cms.infn.it////store/data/Run2023C/Muon0/NANOAOD/22Sep2023_v4-v1/50000/0185dcfd-18a5-445a-a076-65f377d6dcc7.root', 'root://xrootd-cms.infn.it////store/data/Run2023C/Muon0/NANOAOD/22Sep2023_v4-v1/50000/236c9ce3-7b17-4892-839b-3151e6496e2c.root', 'root://xrootd-cms.infn.it////store/data/Run2023C/Muon0/NANOAOD/22Sep2023_v4-v1/50000/00848acf-333e-4f3f-a431-04a2691ffe60.root', 'root://xrootd-cms.infn.it////store/data/Run2023C/Muon0/NANOAOD/22Sep2023_v4-v1/50000/942ed45d-1c5a-4494-9e0c-6703994033c9.root', 'root://xrootd-cms.infn.it////store/data/Run2023C/Muon0/NANOAOD/22Sep2023_v4-v1/50000/1528c603-4d19-4bb9-8fdb-e4e53533ff23.root', 'root://xrootd-cms.infn.it////store/data/Run2023C/Muon0/NANOAOD/22Sep2023_v4-v1/50000/2111a03f-a4f3-46e5-8ba8-2665d1e2699c.root']
Will write selected trees to .
Pre-select 5705 entries out of 1497142 (0.38%)
Processed 5705 preselected entries from root://xrootd-cms.infn.it////store/data/Run2023C/Muon0/NANOAOD/22Sep2023_v4-v1/50000/6a4a4366-60b3-4c7c-a341-056f38251935.root (1497142 entries). Finally selected 263 entries
Done ./6a4a4366-60b3-4c7c-a341-056f38251935_Skim.root
Pre-select 3310 entries out of 905445 (0.37%)
Processed 3310 preselected entries from root://xrootd-cms.infn.it////store/data/Run2023C/Muon0/NANOAOD/22Sep2023_v4-v1/50000/6d31478b-daf6-4021-a132-6685f4ebb97e.root (905445 entries). Finally selected 145 entries
Done ./6d31478b-daf6-4021-a132-6685f4ebb97e_Skim.root
Pre-select 3710 entries out of 1042648 (0.36%)
Processed 3710 preselected entries from root://xrootd-cms.infn.it////store/data/Run2023C/Muon0/NANOAOD/22Sep2023_v4-v1/50000/6ffba708-d785-4ab5-a934-7a7b46a4f227.root (1042648 entries). Finally selected 182 entries
Done ./6ffba708-d785-4ab5-a934-7a7b46a4f227_Skim.root
Pre-select 4135 entries out of 1137416 (0.36%)
Processed 4135 preselected entries from root://xrootd-cms.infn.it////store/data/Run2023C/Muon0/NANOAOD/22Sep2023_v4-v1/50000/7cb85947-6077-44c0-80ac-4899e72344cc.root (1137416 entries). Finally selected 228 entries
Done ./7cb85947-6077-44c0-80ac-4899e72344cc_Skim.root
Pre-select 3430 entries out of 960793 (0.36%)
Processed 3430 preselected entries from root://xrootd-cms.infn.it////store/data/Run2023C/Muon0/NANOAOD/22Sep2023_v4-v1/50000/8a619a57-5cd5-4ef3-8dec-c1cd0b4c4378.root (960793 entries). Finally selected 165 entries
Done ./8a619a57-5cd5-4ef3-8dec-c1cd0b4c4378_Skim.root
Pre-select 5341 entries out of 1473072 (0.36%)
Processed 5341 preselected entries from root://xrootd-cms.infn.it////store/data/Run2023C/Muon0/NANOAOD/22Sep2023_v4-v1/50000/8d81df26-6df6-4940-b646-84f810a43513.root (1473072 entries). Finally selected 282 entries
Done ./8d81df26-6df6-4940-b646-84f810a43513_Skim.root
Pre-select 5825 entries out of 1527851 (0.38%)
Processed 5825 preselected entries from root://xrootd-cms.infn.it////store/data/Run2023C/Muon0/NANOAOD/22Sep2023_v4-v1/50000/17de6d8e-7a60-4ce7-90f3-88b16bb7f8f0.root (1527851 entries). Finally selected 277 entries
Done ./17de6d8e-7a60-4ce7-90f3-88b16bb7f8f0_Skim.root
Pre-select 3544 entries out of 926823 (0.38%)
Processed 3544 preselected entries from root://xrootd-cms.infn.it////store/data/Run2023C/Muon0/NANOAOD/22Sep2023_v4-v1/50000/20b4f219-70bf-4379-9cd0-67cd950d9806.root (926823 entries). Finally selected 172 entries
Done ./20b4f219-70bf-4379-9cd0-67cd950d9806_Skim.root
Pre-select 157 entries out of 46903 (0.33%)
Processed 157 preselected entries from root://xrootd-cms.infn.it////store/data/Run2023C/Muon0/NANOAOD/22Sep2023_v4-v1/50000/23e563c8-a09b-45f8-8169-d2aca5d91fbb.root (46903 entries). Finally selected 6 entries
Done ./23e563c8-a09b-45f8-8169-d2aca5d91fbb_Skim.root
Pre-select 851 entries out of 223972 (0.38%)
Processed 851 preselected entries from root://xrootd-cms.infn.it////store/data/Run2023C/Muon0/NANOAOD/22Sep2023_v4-v1/50000/29aba056-f4de-4508-942b-5012f4952363.root (223972 entries). Finally selected 42 entries
Done ./29aba056-f4de-4508-942b-5012f4952363_Skim.root
Pre-select 3852 entries out of 1084025 (0.36%)
Processed 3852 preselected entries from root://xrootd-cms.infn.it////store/data/Run2023C/Muon0/NANOAOD/22Sep2023_v4-v1/50000/33f4be8b-f524-4d6c-b3db-f43097824c15.root (1084025 entries). Finally selected 176 entries
Done ./33f4be8b-f524-4d6c-b3db-f43097824c15_Skim.root
Pre-select 3436 entries out of 950021 (0.36%)
Processed 3436 preselected entries from root://xrootd-cms.infn.it////store/data/Run2023C/Muon0/NANOAOD/22Sep2023_v4-v1/50000/51d98d46-7f0d-476f-8e46-eaf4d1c70056.root (950021 entries). Finally selected 140 entries
Done ./51d98d46-7f0d-476f-8e46-eaf4d1c70056_Skim.root
Pre-select 3348 entries out of 896679 (0.37%)
Processed 3348 preselected entries from root://xrootd-cms.infn.it////store/data/Run2023C/Muon0/NANOAOD/22Sep2023_v4-v1/50000/66b49c88-21e2-45ea-bc9d-448752144484.root (896679 entries). Finally selected 168 entries
Done ./66b49c88-21e2-45ea-bc9d-448752144484_Skim.root
Pre-select 6029 entries out of 1632641 (0.37%)
Processed 6029 preselected entries from root://xrootd-cms.infn.it////store/data/Run2023C/Muon0/NANOAOD/22Sep2023_v4-v1/50000/89fb0f53-c19e-472c-a17a-6610fe16da8a.root (1632641 entries). Finally selected 299 entries
Done ./89fb0f53-c19e-472c-a17a-6610fe16da8a_Skim.root
Pre-select 3783 entries out of 1053042 (0.36%)
Processed 3783 preselected entries from root://xrootd-cms.infn.it////store/data/Run2023C/Muon0/NANOAOD/22Sep2023_v4-v1/50000/0185dcfd-18a5-445a-a076-65f377d6dcc7.root (1053042 entries). Finally selected 180 entries
Done ./0185dcfd-18a5-445a-a076-65f377d6dcc7_Skim.root
Pre-select 505 entries out of 128106 (0.39%)
Processed 505 preselected entries from root://xrootd-cms.infn.it////store/data/Run2023C/Muon0/NANOAOD/22Sep2023_v4-v1/50000/236c9ce3-7b17-4892-839b-3151e6496e2c.root (128106 entries). Finally selected 26 entries
Done ./236c9ce3-7b17-4892-839b-3151e6496e2c_Skim.root
Pre-select 3227 entries out of 906414 (0.36%)
Processed 3227 preselected entries from root://xrootd-cms.infn.it////store/data/Run2023C/Muon0/NANOAOD/22Sep2023_v4-v1/50000/00848acf-333e-4f3f-a431-04a2691ffe60.root (906414 entries). Finally selected 177 entries
Done ./00848acf-333e-4f3f-a431-04a2691ffe60_Skim.root
Pre-select 3877 entries out of 1099355 (0.35%)
Adding file 00848acf-333e-4f3f-a431-04a2691ffe60_Skim.root
Adding file 0185dcfd-18a5-445a-a076-65f377d6dcc7_Skim.root
Adding file 1528c603-4d19-4bb9-8fdb-e4e53533ff23_Skim.root
Adding file 17de6d8e-7a60-4ce7-90f3-88b16bb7f8f0_Skim.root
Adding file 20b4f219-70bf-4379-9cd0-67cd950d9806_Skim.root
Adding file 2111a03f-a4f3-46e5-8ba8-2665d1e2699c_Skim.root
Adding file 236c9ce3-7b17-4892-839b-3151e6496e2c_Skim.root
Adding file 23e563c8-a09b-45f8-8169-d2aca5d91fbb_Skim.root
Adding file 29aba056-f4de-4508-942b-5012f4952363_Skim.root
Adding file 33f4be8b-f524-4d6c-b3db-f43097824c15_Skim.root
Adding file 51d98d46-7f0d-476f-8e46-eaf4d1c70056_Skim.root
Adding file 66b49c88-21e2-45ea-bc9d-448752144484_Skim.root
Adding file 6a4a4366-60b3-4c7c-a341-056f38251935_Skim.root
Adding file 6d31478b-daf6-4021-a132-6685f4ebb97e_Skim.root
Adding file 6ffba708-d785-4ab5-a934-7a7b46a4f227_Skim.root
Adding file 7cb85947-6077-44c0-80ac-4899e72344cc_Skim.root
Adding file 89fb0f53-c19e-472c-a17a-6610fe16da8a_Skim.root
Adding file 8a619a57-5cd5-4ef3-8dec-c1cd0b4c4378_Skim.root
Adding file 8d81df26-6df6-4940-b646-84f810a43513_Skim.root
Adding file 942ed45d-1c5a-4494-9e0c-6703994033c9_Skim.root
MergingEvents
missing: []
 Additional: []
missing: []
 Additional: []
missing: []
 Additional: []
missing: []
 Additional: []
missing: []
 Additional: []
missing: []
 Additional: []
missing: []
 Additional: []
missing: []
 Additional: []
missing: []
 Additional: []
missing: []
 Additional: []
missing: []
 Additional: []
missing: []
 Additional: []
missing: []
 Additional: []
missing: []
 Additional: []
missing: []
 Additional: []
missing: []
 Additional: []
missing: []
 Additional: []
missing: []
 Additional: []
missing: []
 Additional: []
MergingLuminosityBlocks
MergingRuns
missing: []
 Additional: []
missing: []
 Additional: []
missing: []
 Additional: []
missing: []
 Additional: []
missing: []
 Additional: []
missing: []
 Additional: []
missing: []
 Additional: []
missing: []
 Additional: []
missing: []
 Additional: []
missing: []
 Additional: []
missing: []
 Additional: []
missing: []
 Additional: []
missing: []
 Additional: []
missing: []
 Additional: []
missing: []
 Additional: []
missing: []
 Additional: []
missing: []
 Additional: []
missing: []
 Additional: []
missing: []
 Additional: []
Mergingtag
Processed 3877 preselected entries from root://xrootd-cms.infn.it////store/data/Run2023C/Muon0/NANOAOD/22Sep2023_v4-v1/50000/942ed45d-1c5a-4494-9e0c-6703994033c9.root (1099355 entries). Finally selected 187 entries
Done ./942ed45d-1c5a-4494-9e0c-6703994033c9_Skim.root
Pre-select 3959 entries out of 1089942 (0.36%)
Processed 3959 preselected entries from root://xrootd-cms.infn.it////store/data/Run2023C/Muon0/NANOAOD/22Sep2023_v4-v1/50000/1528c603-4d19-4bb9-8fdb-e4e53533ff23.root (1089942 entries). Finally selected 184 entries
Done ./1528c603-4d19-4bb9-8fdb-e4e53533ff23_Skim.root
Pre-select 3956 entries out of 1082847 (0.37%)
Processed 3956 preselected entries from root://xrootd-cms.infn.it////store/data/Run2023C/Muon0/NANOAOD/22Sep2023_v4-v1/50000/2111a03f-a4f3-46e5-8ba8-2665d1e2699c.root (1082847 entries). Finally selected 182 entries
Done ./2111a03f-a4f3-46e5-8ba8-2665d1e2699c_Skim.root
Total time 15216.5 sec. to process 19665137 events. Rate = 1292.4 Hz.
xrdcp --silent -p -f Muon0_6_tree.root root://eosuser.cern.ch///eos/user/h/hlarson/NanoHRT/_ak8_muon_20230/data/pieces/Muon0_6_tree.root
total 114908
-rw-r--r--. 1 hlarson zh 117551767 Jul  2 21:28 CMSSW.tar.gz
drwxr-xr-x. 9 hlarson zh       124 Jul  2 21:28 CMSSW_12_6_4
-rwxr-xr-x. 1 hlarson zh      6303 Jul  2 21:28 Cert_Collisions2023_366442_370790_Golden.json
-rw-r--r--. 1 hlarson zh      9351 Jul  3 01:42 _condor_stderr
-rw-r--r--. 1 hlarson zh     13861 Jul  3 01:42 _condor_stdout
-rw-r--r--. 1 hlarson zh       466 Jul  2 21:28 heavyFlavSFTree_cfg.json
-rw-------. 1 hlarson zh      4771 Jul  3 01:42 hlarson.cc
-rw-r--r--. 1 hlarson zh       885 Jul  2 21:28 keep_and_drop_input.txt
-rw-r--r--. 1 hlarson zh       434 Jul  2 21:28 keep_and_drop_output.txt
-rw-r--r--. 1 hlarson zh     40039 Jul  2 21:28 metadata.json
-rwxr-xr-x. 1 hlarson zh      5147 Jul  2 21:28 processor.py
-rwxr-xr-x. 1 hlarson zh      1555 Jul  2 21:28 run_postproc_condor.sh
drwxr-x---. 6 hlarson zh        71 Jul  2 21:28 scratch
drwx------. 2 hlarson zh        10 Jul  2 21:28 srv
drwx------. 3 hlarson zh        34 Jul  2 21:28 tmp
drwx------. 3 hlarson zh        25 Jul  2 21:28 var
drwxrwxrwt. 2 hlarson zh        10 Jul  2 21:28 var_tmp
