000 (7842997.007.000) 07/01 23:48:51 Job submitted from host: <188.185.16.120:9618?addrs=188.185.16.120-9618+[2001-1458-d00-65--100-39b]-9618&alias=bigbird27.cern.ch&noUDP&sock=schedd_4465_3274>
...
040 (7842997.007.000) 07/01 23:49:10 Started transferring input files
	Transferring to host: <188.184.185.25:9618?addrs=188.184.185.25-9618+[2001-1458-301-52--100-18]-9618&alias=b9g37p2400.cern.ch&noUDP&sock=slot1_9_2732618_55ca_12535>
...
040 (7842997.007.000) 07/01 23:49:15 Finished transferring input files
...
001 (7842997.007.000) 07/01 23:49:15 Job executing on host: <188.184.185.25:9618?addrs=188.184.185.25-9618+[2001-1458-301-52--100-18]-9618&alias=b9g37p2400.cern.ch&noUDP&sock=startd_2732579_7c7e>
	SlotName: slot1_9@b9g37p2400.cern.ch
	CondorScratchDir = "/pool/condor/dir_2824938"
	Cpus = 1
	Disk = 10003102
	GPUs = 0
	Memory = 3000
...
006 (7842997.007.000) 07/01 23:49:24 Image size of job updated: 57040
	56  -  MemoryUsage of job (MB)
	57040  -  ResidentSetSize of job (KB)
...
006 (7842997.007.000) 07/01 23:49:26 Image size of job updated: 57040
	57  -  MemoryUsage of job (MB)
	57736  -  ResidentSetSize of job (KB)
...
040 (7842997.007.000) 07/01 23:49:26 Started transferring output files
...
040 (7842997.007.000) 07/01 23:49:26 Finished transferring output files
...
012 (7842997.007.000) 07/01 23:49:26 Job was held.
	Job held by ON_EXIT_HOLD due to exit code 1.
	Code 3 Subcode 0
...
013 (7842997.007.000) 07/01 23:59:52 Job was released.
	The job attribute PeriodicRelease expression '(NumJobStarts < 3) && ((CurrentTime - EnteredCurrentStatus) > 10 * 60)' evaluated to TRUE
...
040 (7842997.007.000) 07/02 00:00:18 Started transferring input files
	Transferring to host: <188.185.194.34:9618?addrs=188.185.194.34-9618+[2001-1458-303-21--100-1e]-9618&alias=b9p20p0795.cern.ch&noUDP&sock=slot1_36_5866_e0a8_16519>
...
040 (7842997.007.000) 07/02 00:00:18 Finished transferring input files
...
001 (7842997.007.000) 07/02 00:00:18 Job executing on host: <188.185.194.34:9618?addrs=188.185.194.34-9618+[2001-1458-303-21--100-1e]-9618&alias=b9p20p0795.cern.ch&noUDP&sock=startd_5154_cb35>
	SlotName: slot1_36@b9p20p0795.cern.ch
	CondorScratchDir = "/pool/condor/dir_3722997"
	Cpus = 1
	Disk = 10003192
	GPUs = 0
	Memory = 3000
...
040 (7842997.007.000) 07/02 00:00:34 Started transferring output files
...
040 (7842997.007.000) 07/02 00:00:34 Finished transferring output files
...
012 (7842997.007.000) 07/02 00:00:34 Job was held.
	Job held by ON_EXIT_HOLD due to exit code 1.
	Code 3 Subcode 0
...
013 (7842997.007.000) 07/02 00:10:53 Job was released.
	The job attribute PeriodicRelease expression '(NumJobStarts < 3) && ((CurrentTime - EnteredCurrentStatus) > 10 * 60)' evaluated to TRUE
...
040 (7842997.007.000) 07/02 00:11:56 Started transferring input files
	Transferring to host: <188.185.194.41:9618?addrs=188.185.194.41-9618+[2001-1458-303-21--100-25]-9618&alias=b9p20p2323.cern.ch&noUDP&sock=slot1_50_4127_9841_17015>
...
040 (7842997.007.000) 07/02 00:11:57 Finished transferring input files
...
001 (7842997.007.000) 07/02 00:11:57 Job executing on host: <188.185.194.41:9618?addrs=188.185.194.41-9618+[2001-1458-303-21--100-25]-9618&alias=b9p20p2323.cern.ch&noUDP&sock=startd_3431_f587>
	SlotName: slot1_50@b9p20p2323.cern.ch
	CondorScratchDir = "/pool/condor/dir_3552362"
	Cpus = 1
	Disk = 10003118
	GPUs = 0
	Memory = 3000
...
040 (7842997.007.000) 07/02 00:12:12 Started transferring output files
...
040 (7842997.007.000) 07/02 00:12:12 Finished transferring output files
...
012 (7842997.007.000) 07/02 00:12:12 Job was held.
	Job held by ON_EXIT_HOLD due to exit code 1.
	Code 3 Subcode 0
...
009 (7842997.007.000) 07/02 00:37:26 Job was aborted.
	via condor_rm (by user hlarson)

	Job terminated by itself at 2025-07-01T22:12:12Z (using method 0: OF_ITS_OWN_ACCORD).
...
000 (7843031.007.000) 07/02 00:38:38 Job submitted from host: <188.185.16.120:9618?addrs=188.185.16.120-9618+[2001-1458-d00-65--100-39b]-9618&alias=bigbird27.cern.ch&noUDP&sock=schedd_4465_3274>
...
040 (7843031.007.000) 07/02 00:40:13 Started transferring input files
	Transferring to host: <128.142.161.113:9618?addrs=128.142.161.113-9618+[2001-1458-301-b8--100-2f]-9618&alias=b9g03p5497.cern.ch&noUDP&sock=slot1_35_6968_5614_8817>
...
040 (7843031.007.000) 07/02 00:40:13 Finished transferring input files
...
001 (7843031.007.000) 07/02 00:40:13 Job executing on host: <128.142.161.113:9618?addrs=128.142.161.113-9618+[2001-1458-301-b8--100-2f]-9618&alias=b9g03p5497.cern.ch&noUDP&sock=startd_5637_1773>
	SlotName: slot1_35@b9g03p5497.cern.ch
	CondorScratchDir = "/pool/condor/dir_2630425"
	Cpus = 1
	Disk = 10003239
	GPUs = 0
	Memory = 3000
...
006 (7843031.007.000) 07/02 00:40:27 Image size of job updated: 27272
	27  -  MemoryUsage of job (MB)
	27272  -  ResidentSetSize of job (KB)
...
006 (7843031.007.000) 07/02 00:45:27 Image size of job updated: 383972
	375  -  MemoryUsage of job (MB)
	383972  -  ResidentSetSize of job (KB)
...
006 (7843031.007.000) 07/02 00:50:29 Image size of job updated: 439880
	430  -  MemoryUsage of job (MB)
	439852  -  ResidentSetSize of job (KB)
...
006 (7843031.007.000) 07/02 00:55:29 Image size of job updated: 472452
	462  -  MemoryUsage of job (MB)
	472452  -  ResidentSetSize of job (KB)
...
006 (7843031.007.000) 07/02 01:00:29 Image size of job updated: 473104
	463  -  MemoryUsage of job (MB)
	473104  -  ResidentSetSize of job (KB)
...
006 (7843031.007.000) 07/02 01:05:30 Image size of job updated: 493680
	483  -  MemoryUsage of job (MB)
	493680  -  ResidentSetSize of job (KB)
...
006 (7843031.007.000) 07/02 01:10:30 Image size of job updated: 510000
	499  -  MemoryUsage of job (MB)
	510000  -  ResidentSetSize of job (KB)
...
006 (7843031.007.000) 07/02 01:15:30 Image size of job updated: 510192
	499  -  MemoryUsage of job (MB)
	510192  -  ResidentSetSize of job (KB)
...
006 (7843031.007.000) 07/02 01:20:31 Image size of job updated: 516944
	505  -  MemoryUsage of job (MB)
	516944  -  ResidentSetSize of job (KB)
...
006 (7843031.007.000) 07/02 01:25:31 Image size of job updated: 518440
	507  -  MemoryUsage of job (MB)
	518440  -  ResidentSetSize of job (KB)
...
006 (7843031.007.000) 07/02 01:30:31 Image size of job updated: 523684
	512  -  MemoryUsage of job (MB)
	523684  -  ResidentSetSize of job (KB)
...
006 (7843031.007.000) 07/02 01:35:32 Image size of job updated: 529808
	518  -  MemoryUsage of job (MB)
	529808  -  ResidentSetSize of job (KB)
...
006 (7843031.007.000) 07/02 01:40:32 Image size of job updated: 534348
	522  -  MemoryUsage of job (MB)
	534348  -  ResidentSetSize of job (KB)
...
006 (7843031.007.000) 07/02 01:45:33 Image size of job updated: 542552
	530  -  MemoryUsage of job (MB)
	542552  -  ResidentSetSize of job (KB)
...
006 (7843031.007.000) 07/02 01:50:33 Image size of job updated: 564704
	552  -  MemoryUsage of job (MB)
	564704  -  ResidentSetSize of job (KB)
...
006 (7843031.007.000) 07/02 01:55:33 Image size of job updated: 569372
	557  -  MemoryUsage of job (MB)
	569372  -  ResidentSetSize of job (KB)
...
006 (7843031.007.000) 07/02 02:00:34 Image size of job updated: 574396
	561  -  MemoryUsage of job (MB)
	574396  -  ResidentSetSize of job (KB)
...
006 (7843031.007.000) 07/02 02:01:54 Image size of job updated: 577732
	561  -  MemoryUsage of job (MB)
	574396  -  ResidentSetSize of job (KB)
...
040 (7843031.007.000) 07/02 02:01:54 Started transferring output files
...
040 (7843031.007.000) 07/02 02:01:54 Finished transferring output files
...
012 (7843031.007.000) 07/02 02:01:54 Job was held.
	Job held by ON_EXIT_HOLD due to exit code 1.
	Code 3 Subcode 0
...
013 (7843031.007.000) 07/02 02:11:59 Job was released.
	The job attribute PeriodicRelease expression '(NumJobStarts < 3) && ((CurrentTime - EnteredCurrentStatus) > 10 * 60)' evaluated to TRUE
...
040 (7843031.007.000) 07/02 02:13:38 Started transferring input files
	Transferring to host: <188.185.198.21:9618?addrs=188.185.198.21-9618+[2001-1458-303-25--100-11]-9618&alias=b9p15p3759.cern.ch&noUDP&sock=slot1_25_9078_05aa_30092>
...
040 (7843031.007.000) 07/02 02:13:44 Finished transferring input files
...
001 (7843031.007.000) 07/02 02:13:44 Job executing on host: <188.185.198.21:9618?addrs=188.185.198.21-9618+[2001-1458-303-25--100-11]-9618&alias=b9p15p3759.cern.ch&noUDP&sock=startd_9029_b8b2>
	SlotName: slot1_25@b9p15p3759.cern.ch
	CondorScratchDir = "/pool/condor/dir_49766"
	Cpus = 1
	Disk = 10003269
	GPUs = 0
	Memory = 3000
...
006 (7843031.007.000) 07/02 02:18:53 Image size of job updated: 783884
	766  -  MemoryUsage of job (MB)
	783884  -  ResidentSetSize of job (KB)
...
006 (7843031.007.000) 07/02 02:23:54 Image size of job updated: 786060
	768  -  MemoryUsage of job (MB)
	786060  -  ResidentSetSize of job (KB)
...
006 (7843031.007.000) 07/02 02:53:57 Image size of job updated: 786456
	769  -  MemoryUsage of job (MB)
	786456  -  ResidentSetSize of job (KB)
...
006 (7843031.007.000) 07/02 03:19:00 Image size of job updated: 786508
	769  -  MemoryUsage of job (MB)
	786508  -  ResidentSetSize of job (KB)
...
006 (7843031.007.000) 07/02 03:24:00 Image size of job updated: 799596
	781  -  MemoryUsage of job (MB)
	799596  -  ResidentSetSize of job (KB)
...
006 (7843031.007.000) 07/02 03:29:00 Image size of job updated: 884332
	864  -  MemoryUsage of job (MB)
	884332  -  ResidentSetSize of job (KB)
...
006 (7843031.007.000) 07/02 03:34:01 Image size of job updated: 884984
	865  -  MemoryUsage of job (MB)
	884984  -  ResidentSetSize of job (KB)
...
006 (7843031.007.000) 07/02 03:39:01 Image size of job updated: 916856
	896  -  MemoryUsage of job (MB)
	916856  -  ResidentSetSize of job (KB)
...
006 (7843031.007.000) 07/02 03:44:01 Image size of job updated: 916924
	896  -  MemoryUsage of job (MB)
	916924  -  ResidentSetSize of job (KB)
...
006 (7843031.007.000) 07/02 03:49:02 Image size of job updated: 917400
	896  -  MemoryUsage of job (MB)
	917400  -  ResidentSetSize of job (KB)
...
006 (7843031.007.000) 07/02 03:54:02 Image size of job updated: 938640
	917  -  MemoryUsage of job (MB)
	938640  -  ResidentSetSize of job (KB)
...
006 (7843031.007.000) 07/02 03:59:02 Image size of job updated: 939316
	918  -  MemoryUsage of job (MB)
	939316  -  ResidentSetSize of job (KB)
...
006 (7843031.007.000) 07/02 04:04:03 Image size of job updated: 954532
	933  -  MemoryUsage of job (MB)
	954532  -  ResidentSetSize of job (KB)
...
040 (7843031.007.000) 07/02 05:18:56 Started transferring output files
...
040 (7843031.007.000) 07/02 05:18:56 Finished transferring output files
...
012 (7843031.007.000) 07/02 05:18:56 Job was held.
	Job held by ON_EXIT_HOLD due to exit code 1.
	Code 3 Subcode 0
...
013 (7843031.007.000) 07/02 05:29:02 Job was released.
	The job attribute PeriodicRelease expression '(NumJobStarts < 3) && ((CurrentTime - EnteredCurrentStatus) > 10 * 60)' evaluated to TRUE
...
040 (7843031.007.000) 07/02 05:29:20 Started transferring input files
	Transferring to host: <128.142.161.96:9618?addrs=128.142.161.96-9618+[2001-1458-301-b8--100-1e]-9618&alias=b9g03p4133.cern.ch&noUDP&sock=slot1_1_2451515_d783_3130>
...
040 (7843031.007.000) 07/02 05:29:20 Finished transferring input files
...
001 (7843031.007.000) 07/02 05:29:20 Job executing on host: <128.142.161.96:9618?addrs=128.142.161.96-9618+[2001-1458-301-b8--100-1e]-9618&alias=b9g03p4133.cern.ch&noUDP&sock=startd_3331_5e0e>
	SlotName: slot1_1@b9g03p4133.cern.ch
	CondorScratchDir = "/pool/condor/dir_3336453"
	Cpus = 1
	Disk = 10003284
	GPUs = 0
	Memory = 3000
...
040 (7843031.007.000) 07/02 08:30:01 Started transferring output files
...
040 (7843031.007.000) 07/02 08:30:01 Finished transferring output files
...
012 (7843031.007.000) 07/02 08:30:01 Job was held.
	Job held by ON_EXIT_HOLD due to exit code 1.
	Code 3 Subcode 0
...
009 (7843031.007.000) 07/02 21:25:30 Job was aborted.
	via condor_rm (by user hlarson)

	Job terminated by itself at 2025-07-02T06:30:01Z (using method 0: OF_ITS_OWN_ACCORD).
...
000 (7845781.007.000) 07/02 21:26:04 Job submitted from host: <188.185.16.120:9618?addrs=188.185.16.120-9618+[2001-1458-d00-65--100-39b]-9618&alias=bigbird27.cern.ch&noUDP&sock=schedd_4465_3274>
...
040 (7845781.007.000) 07/02 21:28:16 Started transferring input files
	Transferring to host: <188.185.211.232:9618?addrs=188.185.211.232-9618+[2001-1458-303-17--100-64]-9618&alias=b9p24p9314.cern.ch&noUDP&sock=slot1_4_8387_266e_31073>
...
040 (7845781.007.000) 07/02 21:28:40 Finished transferring input files
...
001 (7845781.007.000) 07/02 21:28:40 Job executing on host: <188.185.211.232:9618?addrs=188.185.211.232-9618+[2001-1458-303-17--100-64]-9618&alias=b9p24p9314.cern.ch&noUDP&sock=startd_8229_fcee>
	SlotName: slot1_4@b9p24p9314.cern.ch
	CondorScratchDir = "/pool/condor/dir_3737363"
	Cpus = 1
	Disk = 10003241
	GPUs = 0
	Memory = 3000
...
006 (7845781.007.000) 07/02 21:28:49 Image size of job updated: 81108
	80  -  MemoryUsage of job (MB)
	81108  -  ResidentSetSize of job (KB)
...
006 (7845781.007.000) 07/02 21:33:50 Image size of job updated: 802592
	784  -  MemoryUsage of job (MB)
	802592  -  ResidentSetSize of job (KB)
...
006 (7845781.007.000) 07/02 21:38:51 Image size of job updated: 888676
	868  -  MemoryUsage of job (MB)
	888676  -  ResidentSetSize of job (KB)
...
006 (7845781.007.000) 07/02 21:43:51 Image size of job updated: 909008
	888  -  MemoryUsage of job (MB)
	909008  -  ResidentSetSize of job (KB)
...
006 (7845781.007.000) 07/02 21:48:52 Image size of job updated: 909300
	888  -  MemoryUsage of job (MB)
	909300  -  ResidentSetSize of job (KB)
...
006 (7845781.007.000) 07/02 21:53:53 Image size of job updated: 941480
	920  -  MemoryUsage of job (MB)
	941480  -  ResidentSetSize of job (KB)
...
006 (7845781.007.000) 07/02 21:58:53 Image size of job updated: 942676
	921  -  MemoryUsage of job (MB)
	942676  -  ResidentSetSize of job (KB)
...
006 (7845781.007.000) 07/02 22:03:54 Image size of job updated: 963236
	941  -  MemoryUsage of job (MB)
	963236  -  ResidentSetSize of job (KB)
...
006 (7845781.007.000) 07/02 22:08:55 Image size of job updated: 963696
	942  -  MemoryUsage of job (MB)
	963696  -  ResidentSetSize of job (KB)
...
006 (7845781.007.000) 07/02 22:13:55 Image size of job updated: 978780
	956  -  MemoryUsage of job (MB)
	978780  -  ResidentSetSize of job (KB)
...
006 (7845781.007.000) 07/02 22:18:56 Image size of job updated: 979500
	957  -  MemoryUsage of job (MB)
	979500  -  ResidentSetSize of job (KB)
...
006 (7845781.007.000) 07/02 22:23:56 Image size of job updated: 983872
	961  -  MemoryUsage of job (MB)
	983872  -  ResidentSetSize of job (KB)
...
006 (7845781.007.000) 07/02 22:28:56 Image size of job updated: 984420
	962  -  MemoryUsage of job (MB)
	984420  -  ResidentSetSize of job (KB)
...
006 (7845781.007.000) 07/02 22:43:57 Image size of job updated: 987404
	965  -  MemoryUsage of job (MB)
	987404  -  ResidentSetSize of job (KB)
...
006 (7845781.007.000) 07/02 22:48:58 Image size of job updated: 987888
	965  -  MemoryUsage of job (MB)
	987888  -  ResidentSetSize of job (KB)
...
006 (7845781.007.000) 07/02 22:53:58 Image size of job updated: 995104
	972  -  MemoryUsage of job (MB)
	995104  -  ResidentSetSize of job (KB)
...
006 (7845781.007.000) 07/02 22:58:58 Image size of job updated: 997972
	975  -  MemoryUsage of job (MB)
	997972  -  ResidentSetSize of job (KB)
...
006 (7845781.007.000) 07/02 23:03:59 Image size of job updated: 1005832
	983  -  MemoryUsage of job (MB)
	1005832  -  ResidentSetSize of job (KB)
...
006 (7845781.007.000) 07/02 23:08:59 Image size of job updated: 1014320
	991  -  MemoryUsage of job (MB)
	1014320  -  ResidentSetSize of job (KB)
...
006 (7845781.007.000) 07/02 23:24:01 Image size of job updated: 1036356
	1013  -  MemoryUsage of job (MB)
	1036356  -  ResidentSetSize of job (KB)
...
006 (7845781.007.000) 07/02 23:29:02 Image size of job updated: 1041912
	1018  -  MemoryUsage of job (MB)
	1041912  -  ResidentSetSize of job (KB)
...
006 (7845781.007.000) 07/02 23:34:03 Image size of job updated: 1041912
	1018  -  MemoryUsage of job (MB)
	1041916  -  ResidentSetSize of job (KB)
...
040 (7845781.007.000) 07/02 23:42:31 Started transferring output files
...
040 (7845781.007.000) 07/02 23:42:31 Finished transferring output files
...
005 (7845781.007.000) 07/02 23:42:31 Job terminated.
	(1) Normal termination (return value 0)
		Usr 0 00:12:38, Sys 0 00:01:43  -  Run Remote Usage
		Usr 0 00:00:00, Sys 0 00:00:00  -  Run Local Usage
		Usr 0 00:12:38, Sys 0 00:01:43  -  Total Remote Usage
		Usr 0 00:00:00, Sys 0 00:00:00  -  Total Local Usage
	24263  -  Run Bytes Sent By Job
	117616904  -  Run Bytes Received By Job
	24263  -  Total Bytes Sent By Job
	117616904  -  Total Bytes Received By Job
	Partitionable Resources :     Usage  Request Allocated 
	   Cpus                 :      0.10        1         1 
	   Disk (KB)            : 282103    10000000  10003241 
	   GPUs                 :                            0 
	   Memory (MB)          :   1018        3000      3000 
	   TimeExecute (s)      :   8031                       
	   TimeSlotBusy (s)     :   8056                       

	Job terminated of its own accord at 2025-07-02T21:42:31Z with exit-code 0.
...
