b9p20p1491.cern.ch
workdir: /srv
args: 8
total 114880
-rw-r--r--. 1 hlarson zh 117551767 Jul  2 21:28 CMSSW.tar.gz
-rwxr-xr-x. 1 hlarson zh      6303 Jul  2 21:28 Cert_Collisions2023_366442_370790_Golden.json
-rw-r--r--. 1 hlarson zh         0 Jul  2 21:28 _condor_stderr
-rw-r--r--. 1 hlarson zh        41 Jul  2 21:28 _condor_stdout
-rw-r--r--. 1 hlarson zh       466 Jul  2 21:28 heavyFlavSFTree_cfg.json
-rw-------. 1 hlarson zh      2591 Jul  2 21:28 hlarson.cc
-rw-r--r--. 1 hlarson zh       885 Jul  2 21:28 keep_and_drop_input.txt
-rw-r--r--. 1 hlarson zh       434 Jul  2 21:28 keep_and_drop_output.txt
-rw-r--r--. 1 hlarson zh     40039 Jul  2 21:28 metadata.json
-rwxr-xr-x. 1 hlarson zh      5147 Jul  2 21:28 processor.py
-rwxr-xr-x. 1 hlarson zh      1555 Jul  2 21:28 run_postproc_condor.sh
drwxr-x---. 6 hlarson zh        51 Jul  2 21:28 scratch
drwx------. 2 hlarson zh         6 Jul  2 21:28 srv
drwx------. 2 hlarson zh         6 Jul  2 21:28 tmp
drwx------. 3 hlarson zh        17 Jul  2 21:28 var
drwxrwxrwt. 2 hlarson zh         6 Jul  2 21:28 var_tmp
printing pwd
/srv
>>> creating new release CMSSW_12_6_4
>>> preparing sandbox release CMSSW_12_6_4
>>> fixing python paths
[2025-07-02 21:29:35] wrapper ready
total 114884
-rw-r--r--. 1 hlarson zh 117551767 Jul  2 21:28 CMSSW.tar.gz
drwxr-xr-x. 9 hlarson zh       124 Jul  2 21:29 CMSSW_12_6_4
-rwxr-xr-x. 1 hlarson zh      6303 Jul  2 21:28 Cert_Collisions2023_366442_370790_Golden.json
-rw-r--r--. 1 hlarson zh       163 Jul  2 21:29 _condor_stderr
-rw-r--r--. 1 hlarson zh      1233 Jul  2 21:29 _condor_stdout
-rw-r--r--. 1 hlarson zh       466 Jul  2 21:28 heavyFlavSFTree_cfg.json
-rw-------. 1 hlarson zh      2591 Jul  2 21:28 hlarson.cc
-rw-r--r--. 1 hlarson zh       885 Jul  2 21:28 keep_and_drop_input.txt
-rw-r--r--. 1 hlarson zh       434 Jul  2 21:28 keep_and_drop_output.txt
-rw-r--r--. 1 hlarson zh     40039 Jul  2 21:28 metadata.json
-rwxr-xr-x. 1 hlarson zh      5147 Jul  2 21:28 processor.py
-rwxr-xr-x. 1 hlarson zh      1555 Jul  2 21:28 run_postproc_condor.sh
drwxr-x---. 6 hlarson zh        51 Jul  2 21:28 scratch
drwx------. 2 hlarson zh         6 Jul  2 21:28 srv
drwx------. 3 hlarson zh        26 Jul  2 21:28 tmp
drwx------. 3 hlarson zh        17 Jul  2 21:28 var
drwxrwxrwt. 2 hlarson zh         6 Jul  2 21:28 var_tmp
Adding file e23674e6-8359-4fb7-a5f4-cbe444cd2792_Skim.root
Adding file edc3e99b-1079-4155-8937-939ab29915c7_Skim.root
Adding file f6f63016-275c-4e5e-88d7-1438c39de35a_Skim.root
Adding file f914896c-1934-4ca0-8eca-5af6e6f91ed3_Skim.root
Adding file f92e29de-4470-44bf-8b3c-21ccb696c3f5_Skim.root
MergingEvents
missing: []
 Additional: []
missing: []
 Additional: []
missing: []
 Additional: []
missing: []
 Additional: []
MergingLuminosityBlocks
MergingRuns
missing: []
 Additional: []
missing: []
 Additional: []
missing: []
 Additional: []
missing: []
 Additional: []
Mergingtag
Loading heavyFlavSFTreeFromConfig from PhysicsTools.NanoHRTTools.producers.HeavyFlavSFTreeProducer 
['root://xrootd-cms.infn.it////store/data/Run2023C/Muon0/NANOAOD/22Sep2023_v4-v1/50000/e23674e6-8359-4fb7-a5f4-cbe444cd2792.root', 'root://xrootd-cms.infn.it////store/data/Run2023C/Muon0/NANOAOD/22Sep2023_v4-v1/50000/edc3e99b-1079-4155-8937-939ab29915c7.root', 'root://xrootd-cms.infn.it////store/data/Run2023C/Muon0/NANOAOD/22Sep2023_v4-v1/50000/f6f63016-275c-4e5e-88d7-1438c39de35a.root', 'root://xrootd-cms.infn.it////store/data/Run2023C/Muon0/NANOAOD/22Sep2023_v4-v1/50000/f92e29de-4470-44bf-8b3c-21ccb696c3f5.root', 'root://xrootd-cms.infn.it////store/data/Run2023C/Muon0/NANOAOD/22Sep2023_v4-v1/50000/f914896c-1934-4ca0-8eca-5af6e6f91ed3.root']
Will write selected trees to .
Pre-select 3505 entries out of 980656 (0.36%)
Processed 3505 preselected entries from root://xrootd-cms.infn.it////store/data/Run2023C/Muon0/NANOAOD/22Sep2023_v4-v1/50000/e23674e6-8359-4fb7-a5f4-cbe444cd2792.root (980656 entries). Finally selected 163 entries
Done ./e23674e6-8359-4fb7-a5f4-cbe444cd2792_Skim.root
Pre-select 2703 entries out of 730805 (0.37%)
Processed 2703 preselected entries from root://xrootd-cms.infn.it////store/data/Run2023C/Muon0/NANOAOD/22Sep2023_v4-v1/50000/edc3e99b-1079-4155-8937-939ab29915c7.root (730805 entries). Finally selected 125 entries
Done ./edc3e99b-1079-4155-8937-939ab29915c7_Skim.root
Pre-select 2293 entries out of 653661 (0.35%)
Processed 2293 preselected entries from root://xrootd-cms.infn.it////store/data/Run2023C/Muon0/NANOAOD/22Sep2023_v4-v1/50000/f6f63016-275c-4e5e-88d7-1438c39de35a.root (653661 entries). Finally selected 113 entries
Done ./f6f63016-275c-4e5e-88d7-1438c39de35a_Skim.root
Pre-select 2434 entries out of 660696 (0.37%)
Processed 2434 preselected entries from root://xrootd-cms.infn.it////store/data/Run2023C/Muon0/NANOAOD/22Sep2023_v4-v1/50000/f92e29de-4470-44bf-8b3c-21ccb696c3f5.root (660696 entries). Finally selected 112 entries
Done ./f92e29de-4470-44bf-8b3c-21ccb696c3f5_Skim.root
Pre-select 531 entries out of 164254 (0.32%)
Processed 531 preselected entries from root://xrootd-cms.infn.it////store/data/Run2023C/Muon0/NANOAOD/22Sep2023_v4-v1/50000/f914896c-1934-4ca0-8eca-5af6e6f91ed3.root (164254 entries). Finally selected 19 entries
Done ./f914896c-1934-4ca0-8eca-5af6e6f91ed3_Skim.root
Total time 3280.6 sec. to process 3190072 events. Rate = 972.4 Hz.
xrdcp --silent -p -f Muon0_8_tree.root root://eosuser.cern.ch///eos/user/h/hlarson/NanoHRT/_ak8_muon_20230/data/pieces/Muon0_8_tree.root
total 114892
-rw-r--r--. 1 hlarson zh 117551767 Jul  2 21:28 CMSSW.tar.gz
drwxr-xr-x. 9 hlarson zh       124 Jul  2 21:29 CMSSW_12_6_4
-rwxr-xr-x. 1 hlarson zh      6303 Jul  2 21:28 Cert_Collisions2023_366442_370790_Golden.json
-rw-r--r--. 1 hlarson zh      3726 Jul  2 22:25 _condor_stderr
-rw-r--r--. 1 hlarson zh      5460 Jul  2 22:26 _condor_stdout
-rw-r--r--. 1 hlarson zh       466 Jul  2 21:28 heavyFlavSFTree_cfg.json
-rw-------. 1 hlarson zh      4771 Jul  2 22:26 hlarson.cc
-rw-r--r--. 1 hlarson zh       885 Jul  2 21:28 keep_and_drop_input.txt
-rw-r--r--. 1 hlarson zh       434 Jul  2 21:28 keep_and_drop_output.txt
-rw-r--r--. 1 hlarson zh     40039 Jul  2 21:28 metadata.json
-rwxr-xr-x. 1 hlarson zh      5147 Jul  2 21:28 processor.py
-rwxr-xr-x. 1 hlarson zh      1555 Jul  2 21:28 run_postproc_condor.sh
drwxr-x---. 6 hlarson zh        51 Jul  2 21:28 scratch
drwx------. 2 hlarson zh         6 Jul  2 21:28 srv
drwx------. 3 hlarson zh        26 Jul  2 21:28 tmp
drwx------. 3 hlarson zh        17 Jul  2 21:28 var
drwxrwxrwt. 2 hlarson zh         6 Jul  2 21:28 var_tmp
