000 (7944174.010.000) 07/08 17:29:04 Job submitted from host: <188.185.16.120:9618?addrs=188.185.16.120-9618+[2001-1458-d00-65--100-39b]-9618&alias=bigbird27.cern.ch&noUDP&sock=schedd_4465_3274>
...
040 (7944174.010.000) 07/08 17:31:13 Started transferring input files
	Transferring to host: <128.142.192.199:9618?addrs=128.142.192.199-9618+[2001-1458-301-56--100-43]-9618&alias=b9g18p9878.cern.ch&noUDP&sock=slot1_8_3858344_23db_64175>
...
040 (7944174.010.000) 07/08 17:31:16 Finished transferring input files
...
001 (7944174.010.000) 07/08 17:31:16 Job executing on host: <128.142.192.199:9618?addrs=128.142.192.199-9618+[2001-1458-301-56--100-43]-9618&alias=b9g18p9878.cern.ch&noUDP&sock=startd_3391_85bd>
	SlotName: slot1_8@b9g18p9878.cern.ch
	CondorScratchDir = "/pool/condor/dir_463001"
	Cpus = 1
	Disk = 10003125
	GPUs = 0
	Memory = 3000
...
006 (7944174.010.000) 07/08 17:31:30 Image size of job updated: 28524
	28  -  MemoryUsage of job (MB)
	28524  -  ResidentSetSize of job (KB)
...
006 (7944174.010.000) 07/08 17:32:43 Image size of job updated: 211804
	29  -  MemoryUsage of job (MB)
	29036  -  ResidentSetSize of job (KB)
...
040 (7944174.010.000) 07/08 17:32:43 Started transferring output files
...
040 (7944174.010.000) 07/08 17:32:43 Finished transferring output files
...
012 (7944174.010.000) 07/08 17:32:45 Job was held.
	Job held by ON_EXIT_HOLD due to exit code 1.
	Code 3 Subcode 0
...
013 (7944174.010.000) 07/08 17:43:32 Job was released.
	The job attribute PeriodicRelease expression '(NumJobStarts < 3) && ((CurrentTime - EnteredCurrentStatus) > 10 * 60)' evaluated to TRUE
...
040 (7944174.010.000) 07/08 17:43:59 Started transferring input files
	Transferring to host: <128.142.248.165:9618?addrs=128.142.248.165-9618+[2001-1458-301-73--100-a4]-9618&alias=b9g23p9031.cern.ch&noUDP&sock=slot1_8_115211_5266_507>
...
040 (7944174.010.000) 07/08 17:43:59 Finished transferring input files
...
001 (7944174.010.000) 07/08 17:43:59 Job executing on host: <128.142.248.165:9618?addrs=128.142.248.165-9618+[2001-1458-301-73--100-a4]-9618&alias=b9g23p9031.cern.ch&noUDP&sock=startd_115164_80e8>
	SlotName: slot1_8@b9g23p9031.cern.ch
	CondorScratchDir = "/pool/condor/dir_997610"
	Cpus = 1
	Disk = 10003189
	GPUs = 0
	Memory = 3000
...
040 (7944174.010.000) 07/08 17:44:36 Started transferring output files
...
040 (7944174.010.000) 07/08 17:44:36 Finished transferring output files
...
012 (7944174.010.000) 07/08 17:44:36 Job was held.
	Job held by ON_EXIT_HOLD due to exit code 1.
	Code 3 Subcode 0
...
013 (7944174.010.000) 07/08 17:55:47 Job was released.
	The job attribute PeriodicRelease expression '(NumJobStarts < 3) && ((CurrentTime - EnteredCurrentStatus) > 10 * 60)' evaluated to TRUE
...
040 (7944174.010.000) 07/08 17:57:24 Started transferring input files
	Transferring to host: <188.185.194.132:9618?addrs=188.185.194.132-9618+[2001-1458-303-21--100-80]-9618&alias=b9p20p1262.cern.ch&noUDP&sock=slot1_36_4737_651a_23510>
...
040 (7944174.010.000) 07/08 17:57:25 Finished transferring input files
...
001 (7944174.010.000) 07/08 17:57:25 Job executing on host: <188.185.194.132:9618?addrs=188.185.194.132-9618+[2001-1458-303-21--100-80]-9618&alias=b9p20p1262.cern.ch&noUDP&sock=startd_4011_ca75>
	SlotName: slot1_36@b9p20p1262.cern.ch
	CondorScratchDir = "/pool/condor/dir_303533"
	Cpus = 1
	Disk = 10002685
	GPUs = 0
	Memory = 3000
...
040 (7944174.010.000) 07/08 17:57:50 Started transferring output files
...
040 (7944174.010.000) 07/08 17:57:55 Finished transferring output files
...
012 (7944174.010.000) 07/08 17:57:55 Job was held.
	Job held by ON_EXIT_HOLD due to exit code 1.
	Code 3 Subcode 0
...
