000 (7944174.100.000) 07/08 17:29:05 Job submitted from host: <188.185.16.120:9618?addrs=188.185.16.120-9618+[2001-1458-d00-65--100-39b]-9618&alias=bigbird27.cern.ch&noUDP&sock=schedd_4465_3274>
...
040 (7944174.100.000) 07/08 17:31:42 Started transferring input files
	Transferring to host: <188.185.192.77:9618?addrs=188.185.192.77-9618+[2001-1458-303-1f--100-49]-9618&alias=b9p13p3197.cern.ch&noUDP&sock=slot1_19_8676_c6da_40744>
...
040 (7944174.100.000) 07/08 17:31:42 Finished transferring input files
...
001 (7944174.100.000) 07/08 17:31:42 Job executing on host: <188.185.192.77:9618?addrs=188.185.192.77-9618+[2001-1458-303-1f--100-49]-9618&alias=b9p13p3197.cern.ch&noUDP&sock=startd_8219_20fc>
	SlotName: slot1_19@b9p13p3197.cern.ch
	CondorScratchDir = "/pool/condor/dir_1586682"
	Cpus = 1
	Disk = 10007584
	GPUs = 0
	Memory = 3000
...
006 (7944174.100.000) 07/08 17:31:52 Image size of job updated: 48692
	48  -  MemoryUsage of job (MB)
	48692  -  ResidentSetSize of job (KB)
...
006 (7944174.100.000) 07/08 17:32:45 Image size of job updated: 424832
	415  -  MemoryUsage of job (MB)
	424832  -  ResidentSetSize of job (KB)
...
040 (7944174.100.000) 07/08 17:32:45 Started transferring output files
...
040 (7944174.100.000) 07/08 17:32:45 Finished transferring output files
...
012 (7944174.100.000) 07/08 17:32:45 Job was held.
	Job held by ON_EXIT_HOLD due to exit code 1.
	Code 3 Subcode 0
...
013 (7944174.100.000) 07/08 17:43:33 Job was released.
	The job attribute PeriodicRelease expression '(NumJobStarts < 3) && ((CurrentTime - EnteredCurrentStatus) > 10 * 60)' evaluated to TRUE
...
040 (7944174.100.000) 07/08 17:45:40 Started transferring input files
	Transferring to host: <188.185.192.144:9618?addrs=188.185.192.144-9618+[2001-1458-303-1f--100-8c]-9618&alias=b9p13p3519.cern.ch&noUDP&sock=slot1_2_4320_94a9_24253>
...
040 (7944174.100.000) 07/08 17:45:40 Finished transferring input files
...
001 (7944174.100.000) 07/08 17:45:40 Job executing on host: <188.185.192.144:9618?addrs=188.185.192.144-9618+[2001-1458-303-1f--100-8c]-9618&alias=b9p13p3519.cern.ch&noUDP&sock=startd_3778_f8e4>
	SlotName: slot1_2@b9p13p3519.cern.ch
	CondorScratchDir = "/pool/condor/dir_3451254"
	Cpus = 1
	Disk = 10000450
	GPUs = 0
	Memory = 3000
...
040 (7944174.100.000) 07/08 17:45:59 Started transferring output files
...
040 (7944174.100.000) 07/08 17:45:59 Finished transferring output files
...
012 (7944174.100.000) 07/08 17:45:59 Job was held.
	Job held by ON_EXIT_HOLD due to exit code 1.
	Code 3 Subcode 0
...
013 (7944174.100.000) 07/08 17:58:12 Job was released.
	The job attribute PeriodicRelease expression '(NumJobStarts < 3) && ((CurrentTime - EnteredCurrentStatus) > 10 * 60)' evaluated to TRUE
...
040 (7944174.100.000) 07/08 18:15:09 Started transferring input files
	Transferring to host: <188.185.192.22:9618?addrs=188.185.192.22-9618+[2001-1458-303-1f--100-12]-9618&alias=b9p13p8436.cern.ch&noUDP&sock=slot1_6_8812_99df_41496>
...
040 (7944174.100.000) 07/08 18:15:09 Finished transferring input files
...
001 (7944174.100.000) 07/08 18:15:09 Job executing on host: <188.185.192.22:9618?addrs=188.185.192.22-9618+[2001-1458-303-1f--100-12]-9618&alias=b9p13p8436.cern.ch&noUDP&sock=startd_8764_f419>
	SlotName: slot1_6@b9p13p8436.cern.ch
	CondorScratchDir = "/pool/condor/dir_2675051"
	Cpus = 1
	Disk = 11572601
	Memory = 3000
...
040 (7944174.100.000) 07/08 18:15:23 Started transferring output files
...
040 (7944174.100.000) 07/08 18:15:23 Finished transferring output files
...
012 (7944174.100.000) 07/08 18:15:23 Job was held.
	Job held by ON_EXIT_HOLD due to exit code 1.
	Code 3 Subcode 0
...
