000 (7944174.101.000) 07/08 17:29:05 Job submitted from host: <188.185.16.120:9618?addrs=188.185.16.120-9618+[2001-1458-d00-65--100-39b]-9618&alias=bigbird27.cern.ch&noUDP&sock=schedd_4465_3274>
...
040 (7944174.101.000) 07/08 17:31:43 Started transferring input files
	Transferring to host: <188.185.211.171:9618?addrs=188.185.211.171-9618+[2001-1458-303-17--100-27]-9618&alias=b9p24p0247.cern.ch&noUDP&sock=slot1_21_7857_b799_41396>
...
040 (7944174.101.000) 07/08 17:31:44 Finished transferring input files
...
001 (7944174.101.000) 07/08 17:31:44 Job executing on host: <188.185.211.171:9618?addrs=188.185.211.171-9618+[2001-1458-303-17--100-27]-9618&alias=b9p24p0247.cern.ch&noUDP&sock=startd_6828_04bf>
	SlotName: slot1_21@b9p24p0247.cern.ch
	CondorScratchDir = "/pool/condor/dir_3989359"
	Cpus = 1
	Disk = 10003376
	GPUs = 0
	Memory = 3000
...
006 (7944174.101.000) 07/08 17:31:52 Image size of job updated: 55928
	55  -  MemoryUsage of job (MB)
	55928  -  ResidentSetSize of job (KB)
...
006 (7944174.101.000) 07/08 17:32:43 Image size of job updated: 421176
	412  -  MemoryUsage of job (MB)
	421176  -  ResidentSetSize of job (KB)
...
040 (7944174.101.000) 07/08 17:32:43 Started transferring output files
...
040 (7944174.101.000) 07/08 17:32:43 Finished transferring output files
...
012 (7944174.101.000) 07/08 17:32:45 Job was held.
	Job held by ON_EXIT_HOLD due to exit code 1.
	Code 3 Subcode 0
...
013 (7944174.101.000) 07/08 17:43:33 Job was released.
	The job attribute PeriodicRelease expression '(NumJobStarts < 3) && ((CurrentTime - EnteredCurrentStatus) > 10 * 60)' evaluated to TRUE
...
040 (7944174.101.000) 07/08 17:44:24 Started transferring input files
	Transferring to host: <188.185.212.192:9618?addrs=188.185.212.192-9618+[2001-1458-303-19--100-3c]-9618&alias=b9p26p7322.cern.ch&noUDP&sock=slot1_23_8366_5a8d_40331>
...
040 (7944174.101.000) 07/08 17:44:25 Finished transferring input files
...
001 (7944174.101.000) 07/08 17:44:25 Job executing on host: <188.185.212.192:9618?addrs=188.185.212.192-9618+[2001-1458-303-19--100-3c]-9618&alias=b9p26p7322.cern.ch&noUDP&sock=startd_8299_008f>
	SlotName: slot1_23@b9p26p7322.cern.ch
	CondorScratchDir = "/pool/condor/dir_4106455"
	Cpus = 1
	Disk = 10002818
	GPUs = 0
	Memory = 3000
...
040 (7944174.101.000) 07/08 17:44:44 Started transferring output files
...
040 (7944174.101.000) 07/08 17:44:44 Finished transferring output files
...
012 (7944174.101.000) 07/08 17:44:44 Job was held.
	Job held by ON_EXIT_HOLD due to exit code 1.
	Code 3 Subcode 0
...
013 (7944174.101.000) 07/08 17:55:47 Job was released.
	The job attribute PeriodicRelease expression '(NumJobStarts < 3) && ((CurrentTime - EnteredCurrentStatus) > 10 * 60)' evaluated to TRUE
...
040 (7944174.101.000) 07/08 17:57:50 Started transferring input files
	Transferring to host: <188.185.196.136:9618?addrs=188.185.196.136-9618+[2001-1458-303-23--100-84]-9618&alias=b9p16p7012.cern.ch&noUDP&sock=slot1_10_11094_79fc_40567>
...
040 (7944174.101.000) 07/08 17:57:51 Finished transferring input files
...
001 (7944174.101.000) 07/08 17:57:55 Job executing on host: <188.185.196.136:9618?addrs=188.185.196.136-9618+[2001-1458-303-23--100-84]-9618&alias=b9p16p7012.cern.ch&noUDP&sock=startd_9635_6317>
	SlotName: slot1_10@b9p16p7012.cern.ch
	CondorScratchDir = "/pool/condor/dir_3993296"
	Cpus = 1
	Disk = 10005090
	GPUs = 0
	Memory = 3000
...
040 (7944174.101.000) 07/08 17:58:31 Started transferring output files
...
040 (7944174.101.000) 07/08 17:58:31 Finished transferring output files
...
012 (7944174.101.000) 07/08 17:58:31 Job was held.
	Job held by ON_EXIT_HOLD due to exit code 1.
	Code 3 Subcode 0
...
