000 (7944174.102.000) 07/08 17:29:05 Job submitted from host: <188.185.16.120:9618?addrs=188.185.16.120-9618+[2001-1458-d00-65--100-39b]-9618&alias=bigbird27.cern.ch&noUDP&sock=schedd_4465_3274>
...
040 (7944174.102.000) 07/08 17:31:43 Started transferring input files
	Transferring to host: <188.185.211.208:9618?addrs=188.185.211.208-9618+[2001-1458-303-17--100-4c]-9618&alias=b9p24p5433.cern.ch&noUDP&sock=slot1_19_7824_7737_40760>
...
040 (7944174.102.000) 07/08 17:31:44 Finished transferring input files
...
001 (7944174.102.000) 07/08 17:31:44 Job executing on host: <188.185.211.208:9618?addrs=188.185.211.208-9618+[2001-1458-303-17--100-4c]-9618&alias=b9p24p5433.cern.ch&noUDP&sock=startd_7292_48b1>
	SlotName: slot1_19@b9p24p5433.cern.ch
	CondorScratchDir = "/pool/condor/dir_685531"
	Cpus = 1
	Disk = 10002888
	GPUs = 0
	Memory = 3000
...
006 (7944174.102.000) 07/08 17:31:53 Image size of job updated: 48112
	47  -  MemoryUsage of job (MB)
	48112  -  ResidentSetSize of job (KB)
...
006 (7944174.102.000) 07/08 17:32:45 Image size of job updated: 406760
	398  -  MemoryUsage of job (MB)
	406760  -  ResidentSetSize of job (KB)
...
040 (7944174.102.000) 07/08 17:32:45 Started transferring output files
...
040 (7944174.102.000) 07/08 17:32:45 Finished transferring output files
...
012 (7944174.102.000) 07/08 17:32:45 Job was held.
	Job held by ON_EXIT_HOLD due to exit code 1.
	Code 3 Subcode 0
...
013 (7944174.102.000) 07/08 17:43:33 Job was released.
	The job attribute PeriodicRelease expression '(NumJobStarts < 3) && ((CurrentTime - EnteredCurrentStatus) > 10 * 60)' evaluated to TRUE
...
040 (7944174.102.000) 07/08 17:44:26 Started transferring input files
	Transferring to host: <188.185.212.92:9618?addrs=188.185.212.92-9618+[2001-1458-303-18--100-58]-9618&alias=b9p25p6315.cern.ch&noUDP&sock=slot1_10_7539_a84c_39826>
...
040 (7944174.102.000) 07/08 17:44:27 Finished transferring input files
...
001 (7944174.102.000) 07/08 17:44:27 Job executing on host: <188.185.212.92:9618?addrs=188.185.212.92-9618+[2001-1458-303-18--100-58]-9618&alias=b9p25p6315.cern.ch&noUDP&sock=startd_6468_16a7>
	SlotName: slot1_10@b9p25p6315.cern.ch
	CondorScratchDir = "/pool/condor/dir_2280629"
	Cpus = 1
	Disk = 10002894
	GPUs = 0
	Memory = 3000
...
040 (7944174.102.000) 07/08 17:45:04 Started transferring output files
...
040 (7944174.102.000) 07/08 17:45:04 Finished transferring output files
...
012 (7944174.102.000) 07/08 17:45:04 Job was held.
	Job held by ON_EXIT_HOLD due to exit code 1.
	Code 3 Subcode 0
...
013 (7944174.102.000) 07/08 17:55:47 Job was released.
	The job attribute PeriodicRelease expression '(NumJobStarts < 3) && ((CurrentTime - EnteredCurrentStatus) > 10 * 60)' evaluated to TRUE
...
040 (7944174.102.000) 07/08 17:57:55 Started transferring input files
	Transferring to host: <188.185.192.138:9618?addrs=188.185.192.138-9618+[2001-1458-303-1f--100-86]-9618&alias=b9p13p9545.cern.ch&noUDP&sock=slot1_11_6076_d770_22300>
...
040 (7944174.102.000) 07/08 17:57:56 Finished transferring input files
...
001 (7944174.102.000) 07/08 17:57:56 Job executing on host: <188.185.192.138:9618?addrs=188.185.192.138-9618+[2001-1458-303-1f--100-86]-9618&alias=b9p13p9545.cern.ch&noUDP&sock=startd_5520_d6df>
	SlotName: slot1_11@b9p13p9545.cern.ch
	CondorScratchDir = "/pool/condor/dir_101215"
	Cpus = 1
	Disk = 10003035
	GPUs = 0
	Memory = 3000
...
040 (7944174.102.000) 07/08 17:58:30 Started transferring output files
...
040 (7944174.102.000) 07/08 17:58:30 Finished transferring output files
...
012 (7944174.102.000) 07/08 17:58:30 Job was held.
	Job held by ON_EXIT_HOLD due to exit code 1.
	Code 3 Subcode 0
...
