000 (7944174.103.000) 07/08 17:29:05 Job submitted from host: <188.185.16.120:9618?addrs=188.185.16.120-9618+[2001-1458-d00-65--100-39b]-9618&alias=bigbird27.cern.ch&noUDP&sock=schedd_4465_3274>
...
040 (7944174.103.000) 07/08 17:31:42 Started transferring input files
	Transferring to host: <188.185.195.89:9618?addrs=188.185.195.89-9618+[2001-1458-303-22--100-55]-9618&alias=b9p17p2598.cern.ch&noUDP&sock=slot1_15_8781_c23e_39174>
...
040 (7944174.103.000) 07/08 17:31:43 Finished transferring input files
...
001 (7944174.103.000) 07/08 17:31:43 Job executing on host: <188.185.195.89:9618?addrs=188.185.195.89-9618+[2001-1458-303-22--100-55]-9618&alias=b9p17p2598.cern.ch&noUDP&sock=startd_8722_251f>
	SlotName: slot1_15@b9p17p2598.cern.ch
	CondorScratchDir = "/pool/condor/dir_1008195"
	Cpus = 1
	Disk = 10031603
	GPUs = 0
	Memory = 3000
...
006 (7944174.103.000) 07/08 17:31:56 Image size of job updated: 24948
	18  -  MemoryUsage of job (MB)
	17944  -  ResidentSetSize of job (KB)
...
006 (7944174.103.000) 07/08 17:32:43 Image size of job updated: 205620
	19  -  MemoryUsage of job (MB)
	19136  -  ResidentSetSize of job (KB)
...
040 (7944174.103.000) 07/08 17:32:43 Started transferring output files
...
040 (7944174.103.000) 07/08 17:32:43 Finished transferring output files
...
012 (7944174.103.000) 07/08 17:32:45 Job was held.
	Job held by ON_EXIT_HOLD due to exit code 1.
	Code 3 Subcode 0
...
013 (7944174.103.000) 07/08 17:43:33 Job was released.
	The job attribute PeriodicRelease expression '(NumJobStarts < 3) && ((CurrentTime - EnteredCurrentStatus) > 10 * 60)' evaluated to TRUE
...
040 (7944174.103.000) 07/08 17:44:27 Started transferring input files
	Transferring to host: <128.142.248.84:9618?addrs=128.142.248.84-9618+[2001-1458-301-73--100-144]-9618&alias=b9g23p6084.cern.ch&noUDP&sock=slot1_11_7054_ee58_59857>
...
040 (7944174.103.000) 07/08 17:44:28 Finished transferring input files
...
001 (7944174.103.000) 07/08 17:44:28 Job executing on host: <128.142.248.84:9618?addrs=128.142.248.84-9618+[2001-1458-301-73--100-144]-9618&alias=b9g23p6084.cern.ch&noUDP&sock=startd_6281_d271>
	SlotName: slot1_11@b9g23p6084.cern.ch
	CondorScratchDir = "/pool/condor/dir_435601"
	Cpus = 1
	Disk = 10003303
	GPUs = 0
	Memory = 3000
...
006 (7944174.103.000) 07/08 17:44:42 Image size of job updated: 225000
	23  -  MemoryUsage of job (MB)
	23200  -  ResidentSetSize of job (KB)
...
006 (7944174.103.000) 07/08 17:45:03 Image size of job updated: 225000
	23  -  MemoryUsage of job (MB)
	23488  -  ResidentSetSize of job (KB)
...
040 (7944174.103.000) 07/08 17:45:03 Started transferring output files
...
040 (7944174.103.000) 07/08 17:45:03 Finished transferring output files
...
012 (7944174.103.000) 07/08 17:45:03 Job was held.
	Job held by ON_EXIT_HOLD due to exit code 1.
	Code 3 Subcode 0
...
013 (7944174.103.000) 07/08 17:55:47 Job was released.
	The job attribute PeriodicRelease expression '(NumJobStarts < 3) && ((CurrentTime - EnteredCurrentStatus) > 10 * 60)' evaluated to TRUE
...
040 (7944174.103.000) 07/08 17:57:55 Started transferring input files
	Transferring to host: <188.185.195.48:9618?addrs=188.185.195.48-9618+[2001-1458-303-22--100-2c]-9618&alias=b9p17p8463.cern.ch&noUDP&sock=slot1_46_7490_21ea_32253>
...
040 (7944174.103.000) 07/08 17:57:56 Finished transferring input files
...
001 (7944174.103.000) 07/08 17:57:56 Job executing on host: <188.185.195.48:9618?addrs=188.185.195.48-9618+[2001-1458-303-22--100-2c]-9618&alias=b9p17p8463.cern.ch&noUDP&sock=startd_6885_1da5>
	SlotName: slot1_46@b9p17p8463.cern.ch
	CondorScratchDir = "/pool/condor/dir_2587118"
	Cpus = 1
	Disk = 10000804
	GPUs = 0
	Memory = 3000
...
006 (7944174.103.000) 07/08 17:58:54 Image size of job updated: 425240
	416  -  MemoryUsage of job (MB)
	425240  -  ResidentSetSize of job (KB)
...
040 (7944174.103.000) 07/08 18:00:59 Started transferring output files
...
040 (7944174.103.000) 07/08 18:00:59 Finished transferring output files
...
012 (7944174.103.000) 07/08 18:01:02 Job was held.
	Job held by ON_EXIT_HOLD due to exit code 1.
	Code 3 Subcode 0
...
