000 (7944174.104.000) 07/08 17:29:05 Job submitted from host: <188.185.16.120:9618?addrs=188.185.16.120-9618+[2001-1458-d00-65--100-39b]-9618&alias=bigbird27.cern.ch&noUDP&sock=schedd_4465_3274>
...
040 (7944174.104.000) 07/08 17:31:44 Started transferring input files
	Transferring to host: <188.185.209.204:9618?addrs=188.185.209.204-9618+[2001-1458-303-12--100-49]-9618&alias=b9p12p0289.cern.ch&noUDP&sock=slot1_5_9061_0b4a_32886>
...
040 (7944174.104.000) 07/08 17:31:45 Finished transferring input files
...
001 (7944174.104.000) 07/08 17:31:45 Job executing on host: <188.185.209.204:9618?addrs=188.185.209.204-9618+[2001-1458-303-12--100-49]-9618&alias=b9p12p0289.cern.ch&noUDP&sock=startd_8959_b511>
	SlotName: slot1_5@b9p12p0289.cern.ch
	CondorScratchDir = "/pool/condor/dir_3649951"
	Cpus = 1
	Disk = 10002839
	GPUs = 0
	Memory = 3000
...
006 (7944174.104.000) 07/08 17:31:58 Image size of job updated: 27040
	23  -  MemoryUsage of job (MB)
	23012  -  ResidentSetSize of job (KB)
...
006 (7944174.104.000) 07/08 17:32:43 Image size of job updated: 211464
	23  -  MemoryUsage of job (MB)
	23300  -  ResidentSetSize of job (KB)
...
040 (7944174.104.000) 07/08 17:32:43 Started transferring output files
...
040 (7944174.104.000) 07/08 17:32:43 Finished transferring output files
...
012 (7944174.104.000) 07/08 17:32:44 Job was held.
	Job held by ON_EXIT_HOLD due to exit code 1.
	Code 3 Subcode 0
...
013 (7944174.104.000) 07/08 17:43:33 Job was released.
	The job attribute PeriodicRelease expression '(NumJobStarts < 3) && ((CurrentTime - EnteredCurrentStatus) > 10 * 60)' evaluated to TRUE
...
040 (7944174.104.000) 07/08 17:44:26 Started transferring input files
	Transferring to host: <188.185.198.103:9618?addrs=188.185.198.103-9618+[2001-1458-303-25--100-63]-9618&alias=b9p15p0233.cern.ch&noUDP&sock=slot1_14_5297_f730_36450>
...
040 (7944174.104.000) 07/08 17:44:26 Finished transferring input files
...
001 (7944174.104.000) 07/08 17:44:26 Job executing on host: <188.185.198.103:9618?addrs=188.185.198.103-9618+[2001-1458-303-25--100-63]-9618&alias=b9p15p0233.cern.ch&noUDP&sock=startd_4100_d663>
	SlotName: slot1_14@b9p15p0233.cern.ch
	CondorScratchDir = "/pool/condor/dir_2339308"
	Cpus = 1
	Disk = 10003152
	GPUs = 0
	Memory = 3000
...
006 (7944174.104.000) 07/08 17:44:35 Image size of job updated: 225000
	57  -  MemoryUsage of job (MB)
	58092  -  ResidentSetSize of job (KB)
...
006 (7944174.104.000) 07/08 17:44:56 Image size of job updated: 421664
	412  -  MemoryUsage of job (MB)
	421664  -  ResidentSetSize of job (KB)
...
040 (7944174.104.000) 07/08 17:44:56 Started transferring output files
...
040 (7944174.104.000) 07/08 17:44:56 Finished transferring output files
...
012 (7944174.104.000) 07/08 17:44:56 Job was held.
	Job held by ON_EXIT_HOLD due to exit code 1.
	Code 3 Subcode 0
...
013 (7944174.104.000) 07/08 17:55:47 Job was released.
	The job attribute PeriodicRelease expression '(NumJobStarts < 3) && ((CurrentTime - EnteredCurrentStatus) > 10 * 60)' evaluated to TRUE
...
040 (7944174.104.000) 07/08 17:57:55 Started transferring input files
	Transferring to host: <188.185.192.69:9618?addrs=188.185.192.69-9618+[2001-1458-303-1f--100-41]-9618&alias=b9p13p8505.cern.ch&noUDP&sock=slot1_9_8832_b160_40479>
...
040 (7944174.104.000) 07/08 17:57:56 Finished transferring input files
...
001 (7944174.104.000) 07/08 17:57:56 Job executing on host: <188.185.192.69:9618?addrs=188.185.192.69-9618+[2001-1458-303-1f--100-41]-9618&alias=b9p13p8505.cern.ch&noUDP&sock=startd_8785_5b96>
	SlotName: slot1_9@b9p13p8505.cern.ch
	CondorScratchDir = "/pool/condor/dir_353976"
	Cpus = 1
	Disk = 10003245
	GPUs = 0
	Memory = 3000
...
040 (7944174.104.000) 07/08 17:58:20 Started transferring output files
...
040 (7944174.104.000) 07/08 17:58:20 Finished transferring output files
...
012 (7944174.104.000) 07/08 18:00:55 Job was held.
	Job held by ON_EXIT_HOLD due to exit code 1.
	Code 3 Subcode 0
...
