000 (7944174.107.000) 07/08 17:29:05 Job submitted from host: <188.185.16.120:9618?addrs=188.185.16.120-9618+[2001-1458-d00-65--100-39b]-9618&alias=bigbird27.cern.ch&noUDP&sock=schedd_4465_3274>
...
040 (7944174.107.000) 07/08 17:31:45 Started transferring input files
	Transferring to host: <188.185.198.84:9618?addrs=188.185.198.84-9618+[2001-1458-303-25--100-50]-9618&alias=b9p15p9658.cern.ch&noUDP&sock=slot1_14_6079_f490_39130>
...
040 (7944174.107.000) 07/08 17:31:45 Finished transferring input files
...
001 (7944174.107.000) 07/08 17:31:45 Job executing on host: <188.185.198.84:9618?addrs=188.185.198.84-9618+[2001-1458-303-25--100-50]-9618&alias=b9p15p9658.cern.ch&noUDP&sock=startd_4825_208c>
	SlotName: slot1_14@b9p15p9658.cern.ch
	CondorScratchDir = "/pool/condor/dir_419614"
	Cpus = 1
	Disk = 10002130
	GPUs = 0
	Memory = 3000
...
006 (7944174.107.000) 07/08 17:31:59 Image size of job updated: 24760
	21  -  MemoryUsage of job (MB)
	20964  -  ResidentSetSize of job (KB)
...
006 (7944174.107.000) 07/08 17:32:43 Image size of job updated: 209540
	21  -  MemoryUsage of job (MB)
	20964  -  ResidentSetSize of job (KB)
...
040 (7944174.107.000) 07/08 17:32:43 Started transferring output files
...
040 (7944174.107.000) 07/08 17:32:43 Finished transferring output files
...
012 (7944174.107.000) 07/08 17:32:44 Job was held.
	Job held by ON_EXIT_HOLD due to exit code 1.
	Code 3 Subcode 0
...
013 (7944174.107.000) 07/08 17:43:33 Job was released.
	The job attribute PeriodicRelease expression '(NumJobStarts < 3) && ((CurrentTime - EnteredCurrentStatus) > 10 * 60)' evaluated to TRUE
...
040 (7944174.107.000) 07/08 17:44:27 Started transferring input files
	Transferring to host: <188.185.210.150:9618?addrs=188.185.210.150-9618+[2001-1458-303-15--100-12]-9618&alias=b9p22p7910.cern.ch&noUDP&sock=slot1_9_8411_0f6f_39364>
...
040 (7944174.107.000) 07/08 17:44:28 Finished transferring input files
...
001 (7944174.107.000) 07/08 17:44:28 Job executing on host: <188.185.210.150:9618?addrs=188.185.210.150-9618+[2001-1458-303-15--100-12]-9618&alias=b9p22p7910.cern.ch&noUDP&sock=startd_8261_eff6>
	SlotName: slot1_9@b9p22p7910.cern.ch
	CondorScratchDir = "/pool/condor/dir_685043"
	Cpus = 1
	Disk = 10002788
	GPUs = 0
	Memory = 3000
...
006 (7944174.107.000) 07/08 17:44:36 Image size of job updated: 225000
	55  -  MemoryUsage of job (MB)
	55480  -  ResidentSetSize of job (KB)
...
006 (7944174.107.000) 07/08 17:44:54 Image size of job updated: 424904
	415  -  MemoryUsage of job (MB)
	424904  -  ResidentSetSize of job (KB)
...
040 (7944174.107.000) 07/08 17:44:54 Started transferring output files
...
040 (7944174.107.000) 07/08 17:44:54 Finished transferring output files
...
012 (7944174.107.000) 07/08 17:44:54 Job was held.
	Job held by ON_EXIT_HOLD due to exit code 1.
	Code 3 Subcode 0
...
013 (7944174.107.000) 07/08 17:55:47 Job was released.
	The job attribute PeriodicRelease expression '(NumJobStarts < 3) && ((CurrentTime - EnteredCurrentStatus) > 10 * 60)' evaluated to TRUE
...
040 (7944174.107.000) 07/08 17:57:56 Started transferring input files
	Transferring to host: <188.185.198.32:9618?addrs=188.185.198.32-9618+[2001-1458-303-25--100-1c]-9618&alias=b9p15p7748.cern.ch&noUDP&sock=slot1_16_3945130_ba64_19356>
...
040 (7944174.107.000) 07/08 17:57:57 Finished transferring input files
...
001 (7944174.107.000) 07/08 17:57:57 Job executing on host: <188.185.198.32:9618?addrs=188.185.198.32-9618+[2001-1458-303-25--100-1c]-9618&alias=b9p15p7748.cern.ch&noUDP&sock=startd_3945092_8d42>
	SlotName: slot1_16@b9p15p7748.cern.ch
	CondorScratchDir = "/pool/condor/dir_3692673"
	Cpus = 1
	Disk = 10003080
	GPUs = 0
	Memory = 3000
...
040 (7944174.107.000) 07/08 18:00:54 Started transferring output files
...
040 (7944174.107.000) 07/08 18:00:59 Finished transferring output files
...
012 (7944174.107.000) 07/08 18:01:01 Job was held.
	Job held by ON_EXIT_HOLD due to exit code 1.
	Code 3 Subcode 0
...
