000 (7944174.108.000) 07/08 17:29:05 Job submitted from host: <188.185.16.120:9618?addrs=188.185.16.120-9618+[2001-1458-d00-65--100-39b]-9618&alias=bigbird27.cern.ch&noUDP&sock=schedd_4465_3274>
...
040 (7944174.108.000) 07/08 17:31:45 Started transferring input files
	Transferring to host: <188.185.194.131:9618?addrs=188.185.194.131-9618+[2001-1458-303-21--100-7f]-9618&alias=b9p20p3441.cern.ch&noUDP&sock=slot1_3_4379_26cb_24251>
...
040 (7944174.108.000) 07/08 17:31:46 Finished transferring input files
...
001 (7944174.108.000) 07/08 17:31:46 Job executing on host: <188.185.194.131:9618?addrs=188.185.194.131-9618+[2001-1458-303-21--100-7f]-9618&alias=b9p20p3441.cern.ch&noUDP&sock=startd_3695_0a88>
	SlotName: slot1_3@b9p20p3441.cern.ch
	CondorScratchDir = "/pool/condor/dir_3458546"
	Cpus = 1
	Disk = 10002699
	GPUs = 0
	Memory = 3000
...
006 (7944174.108.000) 07/08 17:31:59 Image size of job updated: 33828
	34  -  MemoryUsage of job (MB)
	33828  -  ResidentSetSize of job (KB)
...
006 (7944174.108.000) 07/08 17:32:43 Image size of job updated: 209568
	34  -  MemoryUsage of job (MB)
	33904  -  ResidentSetSize of job (KB)
...
040 (7944174.108.000) 07/08 17:32:43 Started transferring output files
...
040 (7944174.108.000) 07/08 17:32:43 Finished transferring output files
...
012 (7944174.108.000) 07/08 17:32:44 Job was held.
	Job held by ON_EXIT_HOLD due to exit code 1.
	Code 3 Subcode 0
...
013 (7944174.108.000) 07/08 17:43:33 Job was released.
	The job attribute PeriodicRelease expression '(NumJobStarts < 3) && ((CurrentTime - EnteredCurrentStatus) > 10 * 60)' evaluated to TRUE
...
040 (7944174.108.000) 07/08 17:44:28 Started transferring input files
	Transferring to host: <188.185.212.88:9618?addrs=188.185.212.88-9618+[2001-1458-303-18--100-54]-9618&alias=b9p25p5734.cern.ch&noUDP&sock=slot1_5_8393_60ae_42118>
...
040 (7944174.108.000) 07/08 17:44:28 Finished transferring input files
...
001 (7944174.108.000) 07/08 17:44:28 Job executing on host: <188.185.212.88:9618?addrs=188.185.212.88-9618+[2001-1458-303-18--100-54]-9618&alias=b9p25p5734.cern.ch&noUDP&sock=startd_8232_0bb7>
	SlotName: slot1_5@b9p25p5734.cern.ch
	CondorScratchDir = "/pool/condor/dir_3240382"
	Cpus = 1
	Disk = 10003085
	GPUs = 0
	Memory = 3000
...
040 (7944174.108.000) 07/08 17:44:59 Started transferring output files
...
040 (7944174.108.000) 07/08 17:44:59 Finished transferring output files
...
012 (7944174.108.000) 07/08 17:44:59 Job was held.
	Job held by ON_EXIT_HOLD due to exit code 1.
	Code 3 Subcode 0
...
013 (7944174.108.000) 07/08 17:55:47 Job was released.
	The job attribute PeriodicRelease expression '(NumJobStarts < 3) && ((CurrentTime - EnteredCurrentStatus) > 10 * 60)' evaluated to TRUE
...
040 (7944174.108.000) 07/08 17:57:56 Started transferring input files
	Transferring to host: <188.185.198.50:9618?addrs=188.185.198.50-9618+[2001-1458-303-25--100-2e]-9618&alias=b9p15p8202.cern.ch&noUDP&sock=slot1_4_8990_04a7_39474>
...
040 (7944174.108.000) 07/08 17:57:56 Finished transferring input files
...
001 (7944174.108.000) 07/08 17:57:56 Job executing on host: <188.185.198.50:9618?addrs=188.185.198.50-9618+[2001-1458-303-25--100-2e]-9618&alias=b9p15p8202.cern.ch&noUDP&sock=startd_8844_d3ad>
	SlotName: slot1_4@b9p15p8202.cern.ch
	CondorScratchDir = "/pool/condor/dir_2094894"
	Cpus = 1
	Disk = 10040411
	GPUs = 0
	Memory = 3000
...
040 (7944174.108.000) 07/08 17:58:26 Started transferring output files
...
040 (7944174.108.000) 07/08 17:58:26 Finished transferring output files
...
012 (7944174.108.000) 07/08 18:00:55 Job was held.
	Job held by ON_EXIT_HOLD due to exit code 1.
	Code 3 Subcode 0
...
