000 (7944174.109.000) 07/08 17:29:05 Job submitted from host: <188.185.16.120:9618?addrs=188.185.16.120-9618+[2001-1458-d00-65--100-39b]-9618&alias=bigbird27.cern.ch&noUDP&sock=schedd_4465_3274>
...
040 (7944174.109.000) 07/08 17:34:13 Started transferring input files
	Transferring to host: <188.185.205.136:9618?addrs=188.185.205.136-9618+[2001-1458-303-a--100-5]-9618&alias=b9p04p5422.cern.ch&noUDP&sock=slot1_17_5065_8027_267>
...
040 (7944174.109.000) 07/08 17:34:14 Finished transferring input files
...
001 (7944174.109.000) 07/08 17:34:14 Job executing on host: <188.185.205.136:9618?addrs=188.185.205.136-9618+[2001-1458-303-a--100-5]-9618&alias=b9p04p5422.cern.ch&noUDP&sock=startd_4594_ae2c>
	SlotName: slot1_17@b9p04p5422.cern.ch
	CondorScratchDir = "/pool/condor/dir_192083"
	Cpus = 1
	Disk = 10002105
	GPUs = 0
	Memory = 3000
...
006 (7944174.109.000) 07/08 17:34:28 Image size of job updated: 36772
	35  -  MemoryUsage of job (MB)
	35392  -  ResidentSetSize of job (KB)
...
006 (7944174.109.000) 07/08 17:34:38 Image size of job updated: 166536
	35  -  MemoryUsage of job (MB)
	35644  -  ResidentSetSize of job (KB)
...
040 (7944174.109.000) 07/08 17:34:38 Started transferring output files
...
040 (7944174.109.000) 07/08 17:34:38 Finished transferring output files
...
012 (7944174.109.000) 07/08 17:34:38 Job was held.
	Job held by ON_EXIT_HOLD due to exit code 1.
	Code 3 Subcode 0
...
013 (7944174.109.000) 07/08 17:46:02 Job was released.
	The job attribute PeriodicRelease expression '(NumJobStarts < 3) && ((CurrentTime - EnteredCurrentStatus) > 10 * 60)' evaluated to TRUE
...
040 (7944174.109.000) 07/08 17:46:26 Started transferring input files
	Transferring to host: <188.185.198.36:9618?addrs=188.185.198.36-9618+[2001-1458-303-25--100-20]-9618&alias=b9p15p5197.cern.ch&noUDP&sock=slot1_24_4675_b5d7_36368>
...
040 (7944174.109.000) 07/08 17:46:27 Finished transferring input files
...
001 (7944174.109.000) 07/08 17:46:27 Job executing on host: <188.185.198.36:9618?addrs=188.185.198.36-9618+[2001-1458-303-25--100-20]-9618&alias=b9p15p5197.cern.ch&noUDP&sock=startd_3562_d06f>
	SlotName: slot1_24@b9p15p5197.cern.ch
	CondorScratchDir = "/pool/condor/dir_1520189"
	Cpus = 1
	Disk = 10003269
	GPUs = 0
	Memory = 3000
...
006 (7944174.109.000) 07/08 17:47:02 Image size of job updated: 183396
	37  -  MemoryUsage of job (MB)
	37500  -  ResidentSetSize of job (KB)
...
040 (7944174.109.000) 07/08 17:47:02 Started transferring output files
...
040 (7944174.109.000) 07/08 17:47:02 Finished transferring output files
...
012 (7944174.109.000) 07/08 17:47:02 Job was held.
	Job held by ON_EXIT_HOLD due to exit code 1.
	Code 3 Subcode 0
...
013 (7944174.109.000) 07/08 17:58:12 Job was released.
	The job attribute PeriodicRelease expression '(NumJobStarts < 3) && ((CurrentTime - EnteredCurrentStatus) > 10 * 60)' evaluated to TRUE
...
040 (7944174.109.000) 07/08 18:07:48 Started transferring input files
	Transferring to host: <128.142.248.79:9618?addrs=128.142.248.79-9618+[2001-1458-301-73--100-13f]-9618&alias=b9g23p1840.cern.ch&noUDP&sock=slot1_3_1384558_1d28_53423>
...
040 (7944174.109.000) 07/08 18:07:49 Finished transferring input files
...
001 (7944174.109.000) 07/08 18:07:49 Job executing on host: <128.142.248.79:9618?addrs=128.142.248.79-9618+[2001-1458-301-73--100-13f]-9618&alias=b9g23p1840.cern.ch&noUDP&sock=startd_5503_2dc2>
	SlotName: slot1_3@b9g23p1840.cern.ch
	CondorScratchDir = "/pool/condor/dir_3854114"
	Cpus = 1
	Disk = 10213872
	GPUs = 0
	Memory = 3000
...
040 (7944174.109.000) 07/08 18:08:22 Started transferring output files
...
040 (7944174.109.000) 07/08 18:08:22 Finished transferring output files
...
012 (7944174.109.000) 07/08 18:08:22 Job was held.
	Job held by ON_EXIT_HOLD due to exit code 1.
	Code 3 Subcode 0
...
