000 (7944174.011.000) 07/08 17:29:04 Job submitted from host: <188.185.16.120:9618?addrs=188.185.16.120-9618+[2001-1458-d00-65--100-39b]-9618&alias=bigbird27.cern.ch&noUDP&sock=schedd_4465_3274>
...
040 (7944174.011.000) 07/08 17:31:17 Started transferring input files
	Transferring to host: <128.142.33.57:9618?addrs=128.142.33.57-9618+[2001-1458-301-53--100-36]-9618&alias=b9g34p9084.cern.ch&noUDP&sock=slot1_3_478702_9d43_44063>
...
040 (7944174.011.000) 07/08 17:31:18 Finished transferring input files
...
001 (7944174.011.000) 07/08 17:31:18 Job executing on host: <128.142.33.57:9618?addrs=128.142.33.57-9618+[2001-1458-301-53--100-36]-9618&alias=b9g34p9084.cern.ch&noUDP&sock=startd_5030_bd77>
	SlotName: slot1_3@b9g34p9084.cern.ch
	CondorScratchDir = "/pool/condor/dir_2618136"
	Cpus = 1
	Disk = 10003114
	GPUs = 0
	Memory = 3000
...
006 (7944174.011.000) 07/08 17:31:32 Image size of job updated: 1396
	2  -  MemoryUsage of job (MB)
	1396  -  ResidentSetSize of job (KB)
...
006 (7944174.011.000) 07/08 17:32:43 Image size of job updated: 202700
	2  -  MemoryUsage of job (MB)
	1396  -  ResidentSetSize of job (KB)
...
040 (7944174.011.000) 07/08 17:32:43 Started transferring output files
...
040 (7944174.011.000) 07/08 17:32:43 Finished transferring output files
...
012 (7944174.011.000) 07/08 17:32:45 Job was held.
	Job held by ON_EXIT_HOLD due to exit code 1.
	Code 3 Subcode 0
...
013 (7944174.011.000) 07/08 17:43:32 Job was released.
	The job attribute PeriodicRelease expression '(NumJobStarts < 3) && ((CurrentTime - EnteredCurrentStatus) > 10 * 60)' evaluated to TRUE
...
040 (7944174.011.000) 07/08 17:43:59 Started transferring input files
	Transferring to host: <188.185.193.29:9618?addrs=188.185.193.29-9618+[2001-1458-303-20--100-19]-9618&alias=b9p19p1126.cern.ch&noUDP&sock=slot1_21_2686423_c754_23495>
...
040 (7944174.011.000) 07/08 17:43:59 Finished transferring input files
...
001 (7944174.011.000) 07/08 17:43:59 Job executing on host: <188.185.193.29:9618?addrs=188.185.193.29-9618+[2001-1458-303-20--100-19]-9618&alias=b9p19p1126.cern.ch&noUDP&sock=startd_2686380_d0a2>
	SlotName: slot1_21@b9p19p1126.cern.ch
	CondorScratchDir = "/pool/condor/dir_3176840"
	Cpus = 1
	Disk = 10003210
	GPUs = 0
	Memory = 3000
...
006 (7944174.011.000) 07/08 17:44:13 Image size of job updated: 225000
	13  -  MemoryUsage of job (MB)
	13048  -  ResidentSetSize of job (KB)
...
040 (7944174.011.000) 07/08 17:44:35 Started transferring output files
...
040 (7944174.011.000) 07/08 17:44:35 Finished transferring output files
...
012 (7944174.011.000) 07/08 17:44:35 Job was held.
	Job held by ON_EXIT_HOLD due to exit code 1.
	Code 3 Subcode 0
...
013 (7944174.011.000) 07/08 17:55:47 Job was released.
	The job attribute PeriodicRelease expression '(NumJobStarts < 3) && ((CurrentTime - EnteredCurrentStatus) > 10 * 60)' evaluated to TRUE
...
040 (7944174.011.000) 07/08 17:57:26 Started transferring input files
	Transferring to host: <188.185.193.181:9618?addrs=188.185.193.181-9618+[2001-1458-303-20--100-b1]-9618&alias=b9p19p7455.cern.ch&noUDP&sock=slot1_24_10177_5df7_24140>
...
040 (7944174.011.000) 07/08 17:57:26 Finished transferring input files
...
001 (7944174.011.000) 07/08 17:57:26 Job executing on host: <188.185.193.181:9618?addrs=188.185.193.181-9618+[2001-1458-303-20--100-b1]-9618&alias=b9p19p7455.cern.ch&noUDP&sock=startd_8570_e2ba>
	SlotName: slot1_24@b9p19p7455.cern.ch
	CondorScratchDir = "/pool/condor/dir_2455396"
	Cpus = 1
	Disk = 10003197
	GPUs = 0
	Memory = 3000
...
006 (7944174.011.000) 07/08 17:57:40 Image size of job updated: 225000
	23  -  MemoryUsage of job (MB)
	22740  -  ResidentSetSize of job (KB)
...
006 (7944174.011.000) 07/08 17:58:01 Image size of job updated: 225000
	23  -  MemoryUsage of job (MB)
	22976  -  ResidentSetSize of job (KB)
...
040 (7944174.011.000) 07/08 17:58:01 Started transferring output files
...
040 (7944174.011.000) 07/08 17:58:01 Finished transferring output files
...
012 (7944174.011.000) 07/08 17:58:01 Job was held.
	Job held by ON_EXIT_HOLD due to exit code 1.
	Code 3 Subcode 0
...
