000 (7944174.111.000) 07/08 17:29:05 Job submitted from host: <188.185.16.120:9618?addrs=188.185.16.120-9618+[2001-1458-d00-65--100-39b]-9618&alias=bigbird27.cern.ch&noUDP&sock=schedd_4465_3274>
...
040 (7944174.111.000) 07/08 17:34:13 Started transferring input files
	Transferring to host: <188.185.205.136:9618?addrs=188.185.205.136-9618+[2001-1458-303-a--100-5]-9618&alias=b9p04p5422.cern.ch&noUDP&sock=slot1_18_5065_8027_268>
...
040 (7944174.111.000) 07/08 17:34:14 Finished transferring input files
...
001 (7944174.111.000) 07/08 17:34:14 Job executing on host: <188.185.205.136:9618?addrs=188.185.205.136-9618+[2001-1458-303-a--100-5]-9618&alias=b9p04p5422.cern.ch&noUDP&sock=startd_4594_ae2c>
	SlotName: slot1_18@b9p04p5422.cern.ch
	CondorScratchDir = "/pool/condor/dir_192084"
	Cpus = 1
	Disk = 10002105
	GPUs = 0
	Memory = 3000
...
006 (7944174.111.000) 07/08 17:34:28 Image size of job updated: 35424
	34  -  MemoryUsage of job (MB)
	33836  -  ResidentSetSize of job (KB)
...
006 (7944174.111.000) 07/08 17:34:38 Image size of job updated: 165000
	34  -  MemoryUsage of job (MB)
	34140  -  ResidentSetSize of job (KB)
...
040 (7944174.111.000) 07/08 17:34:38 Started transferring output files
...
040 (7944174.111.000) 07/08 17:34:38 Finished transferring output files
...
012 (7944174.111.000) 07/08 17:34:39 Job was held.
	Job held by ON_EXIT_HOLD due to exit code 1.
	Code 3 Subcode 0
...
013 (7944174.111.000) 07/08 17:46:02 Job was released.
	The job attribute PeriodicRelease expression '(NumJobStarts < 3) && ((CurrentTime - EnteredCurrentStatus) > 10 * 60)' evaluated to TRUE
...
040 (7944174.111.000) 07/08 17:46:26 Started transferring input files
	Transferring to host: <188.185.215.146:9618?addrs=188.185.215.146-9618+[2001-1458-303-26--100-e]-9618&alias=b9p18p5146.cern.ch&noUDP&sock=slot1_21_8998_a7a7_39908>
...
040 (7944174.111.000) 07/08 17:46:27 Finished transferring input files
...
001 (7944174.111.000) 07/08 17:46:27 Job executing on host: <188.185.215.146:9618?addrs=188.185.215.146-9618+[2001-1458-303-26--100-e]-9618&alias=b9p18p5146.cern.ch&noUDP&sock=startd_8906_5a8c>
	SlotName: slot1_21@b9p18p5146.cern.ch
	CondorScratchDir = "/pool/condor/dir_2845241"
	Cpus = 1
	Disk = 10003341
	GPUs = 0
	Memory = 3000
...
006 (7944174.111.000) 07/08 17:46:35 Image size of job updated: 175000
	42  -  MemoryUsage of job (MB)
	42196  -  ResidentSetSize of job (KB)
...
006 (7944174.111.000) 07/08 17:47:01 Image size of job updated: 407844
	399  -  MemoryUsage of job (MB)
	407844  -  ResidentSetSize of job (KB)
...
040 (7944174.111.000) 07/08 17:47:01 Started transferring output files
...
040 (7944174.111.000) 07/08 17:47:01 Finished transferring output files
...
012 (7944174.111.000) 07/08 17:47:01 Job was held.
	Job held by ON_EXIT_HOLD due to exit code 1.
	Code 3 Subcode 0
...
013 (7944174.111.000) 07/08 17:58:12 Job was released.
	The job attribute PeriodicRelease expression '(NumJobStarts < 3) && ((CurrentTime - EnteredCurrentStatus) > 10 * 60)' evaluated to TRUE
...
040 (7944174.111.000) 07/08 18:01:13 Started transferring input files
	Transferring to host: <128.142.248.203:9618?addrs=128.142.248.203-9618+[2001-1458-301-73--100-ca]-9618&alias=b9g23p3344.cern.ch&noUDP&sock=slot1_33_1499878_7c79_66517>
...
040 (7944174.111.000) 07/08 18:01:13 Finished transferring input files
...
001 (7944174.111.000) 07/08 18:01:13 Job executing on host: <128.142.248.203:9618?addrs=128.142.248.203-9618+[2001-1458-301-73--100-ca]-9618&alias=b9g23p3344.cern.ch&noUDP&sock=startd_3350_665b>
	SlotName: slot1_33@b9g23p3344.cern.ch
	CondorScratchDir = "/pool/condor/dir_3346169"
	Cpus = 1
	Disk = 10005913
	GPUs = 0
	Memory = 3000
...
040 (7944174.111.000) 07/08 18:01:32 Started transferring output files
...
040 (7944174.111.000) 07/08 18:01:32 Finished transferring output files
...
012 (7944174.111.000) 07/08 18:01:32 Job was held.
	Job held by ON_EXIT_HOLD due to exit code 1.
	Code 3 Subcode 0
...
