000 (7944174.112.000) 07/08 17:29:05 Job submitted from host: <188.185.16.120:9618?addrs=188.185.16.120-9618+[2001-1458-d00-65--100-39b]-9618&alias=bigbird27.cern.ch&noUDP&sock=schedd_4465_3274>
...
040 (7944174.112.000) 07/08 17:34:13 Started transferring input files
	Transferring to host: <188.185.205.136:9618?addrs=188.185.205.136-9618+[2001-1458-303-a--100-5]-9618&alias=b9p04p5422.cern.ch&noUDP&sock=slot1_86_5065_8027_269>
...
040 (7944174.112.000) 07/08 17:34:14 Finished transferring input files
...
001 (7944174.112.000) 07/08 17:34:14 Job executing on host: <188.185.205.136:9618?addrs=188.185.205.136-9618+[2001-1458-303-a--100-5]-9618&alias=b9p04p5422.cern.ch&noUDP&sock=startd_4594_ae2c>
	SlotName: slot1_86@b9p04p5422.cern.ch
	CondorScratchDir = "/pool/condor/dir_192085"
	Cpus = 1
	Disk = 10002103
	GPUs = 0
	Memory = 3000
...
006 (7944174.112.000) 07/08 17:34:28 Image size of job updated: 35268
	34  -  MemoryUsage of job (MB)
	33860  -  ResidentSetSize of job (KB)
...
006 (7944174.112.000) 07/08 17:34:38 Image size of job updated: 164900
	34  -  MemoryUsage of job (MB)
	34144  -  ResidentSetSize of job (KB)
...
040 (7944174.112.000) 07/08 17:34:38 Started transferring output files
...
040 (7944174.112.000) 07/08 17:34:38 Finished transferring output files
...
012 (7944174.112.000) 07/08 17:34:39 Job was held.
	Job held by ON_EXIT_HOLD due to exit code 1.
	Code 3 Subcode 0
...
013 (7944174.112.000) 07/08 17:46:02 Job was released.
	The job attribute PeriodicRelease expression '(NumJobStarts < 3) && ((CurrentTime - EnteredCurrentStatus) > 10 * 60)' evaluated to TRUE
...
040 (7944174.112.000) 07/08 17:46:26 Started transferring input files
	Transferring to host: <188.185.193.155:9618?addrs=188.185.193.155-9618+[2001-1458-303-20--100-97]-9618&alias=b9p19p5754.cern.ch&noUDP&sock=slot1_43_2951718_1b18_18681>
...
040 (7944174.112.000) 07/08 17:46:26 Finished transferring input files
...
001 (7944174.112.000) 07/08 17:46:26 Job executing on host: <188.185.193.155:9618?addrs=188.185.193.155-9618+[2001-1458-303-20--100-97]-9618&alias=b9p19p5754.cern.ch&noUDP&sock=startd_2951655_667c>
	SlotName: slot1_43@b9p19p5754.cern.ch
	CondorScratchDir = "/pool/condor/dir_3289145"
	Cpus = 1
	Disk = 10003052
	GPUs = 0
	Memory = 3000
...
006 (7944174.112.000) 07/08 17:47:10 Image size of job updated: 197772
	35  -  MemoryUsage of job (MB)
	35000  -  ResidentSetSize of job (KB)
...
040 (7944174.112.000) 07/08 17:47:10 Started transferring output files
...
040 (7944174.112.000) 07/08 17:47:10 Finished transferring output files
...
012 (7944174.112.000) 07/08 17:47:10 Job was held.
	Job held by ON_EXIT_HOLD due to exit code 1.
	Code 3 Subcode 0
...
013 (7944174.112.000) 07/08 17:58:12 Job was released.
	The job attribute PeriodicRelease expression '(NumJobStarts < 3) && ((CurrentTime - EnteredCurrentStatus) > 10 * 60)' evaluated to TRUE
...
040 (7944174.112.000) 07/08 18:07:37 Started transferring input files
	Transferring to host: <188.185.213.226:9618?addrs=188.185.213.226-9618+[2001-1458-303-1b--100-5e]-9618&alias=b9p28p8143.cern.ch&noUDP&sock=slot1_1_8467_8471_47741>
...
040 (7944174.112.000) 07/08 18:07:40 Finished transferring input files
...
001 (7944174.112.000) 07/08 18:07:40 Job executing on host: <188.185.213.226:9618?addrs=188.185.213.226-9618+[2001-1458-303-1b--100-5e]-9618&alias=b9p28p8143.cern.ch&noUDP&sock=startd_8416_4124>
	SlotName: slot1_1@b9p28p8143.cern.ch
	CondorScratchDir = "/pool/condor/dir_1130661"
	Cpus = 1
	Disk = 10230719
	GPUs = 0
	Memory = 3000
...
006 (7944174.112.000) 07/08 18:07:49 Image size of job updated: 200000
	62  -  MemoryUsage of job (MB)
	63168  -  ResidentSetSize of job (KB)
...
006 (7944174.112.000) 07/08 18:08:06 Image size of job updated: 426584
	417  -  MemoryUsage of job (MB)
	426584  -  ResidentSetSize of job (KB)
...
040 (7944174.112.000) 07/08 18:08:06 Started transferring output files
...
040 (7944174.112.000) 07/08 18:08:06 Finished transferring output files
...
012 (7944174.112.000) 07/08 18:08:06 Job was held.
	Job held by ON_EXIT_HOLD due to exit code 1.
	Code 3 Subcode 0
...
