000 (7944174.113.000) 07/08 17:29:05 Job submitted from host: <188.185.16.120:9618?addrs=188.185.16.120-9618+[2001-1458-d00-65--100-39b]-9618&alias=bigbird27.cern.ch&noUDP&sock=schedd_4465_3274>
...
040 (7944174.113.000) 07/08 17:34:13 Started transferring input files
	Transferring to host: <188.185.205.136:9618?addrs=188.185.205.136-9618+[2001-1458-303-a--100-5]-9618&alias=b9p04p5422.cern.ch&noUDP&sock=slot1_87_5065_8027_270>
...
040 (7944174.113.000) 07/08 17:34:14 Finished transferring input files
...
001 (7944174.113.000) 07/08 17:34:14 Job executing on host: <188.185.205.136:9618?addrs=188.185.205.136-9618+[2001-1458-303-a--100-5]-9618&alias=b9p04p5422.cern.ch&noUDP&sock=startd_4594_ae2c>
	SlotName: slot1_87@b9p04p5422.cern.ch
	CondorScratchDir = "/pool/condor/dir_192086"
	Cpus = 1
	Disk = 10002103
	GPUs = 0
	Memory = 3000
...
006 (7944174.113.000) 07/08 17:34:28 Image size of job updated: 35732
	34  -  MemoryUsage of job (MB)
	33900  -  ResidentSetSize of job (KB)
...
006 (7944174.113.000) 07/08 17:34:38 Image size of job updated: 165068
	34  -  MemoryUsage of job (MB)
	34168  -  ResidentSetSize of job (KB)
...
040 (7944174.113.000) 07/08 17:34:38 Started transferring output files
...
040 (7944174.113.000) 07/08 17:34:39 Finished transferring output files
...
012 (7944174.113.000) 07/08 17:34:39 Job was held.
	Job held by ON_EXIT_HOLD due to exit code 1.
	Code 3 Subcode 0
...
013 (7944174.113.000) 07/08 17:46:02 Job was released.
	The job attribute PeriodicRelease expression '(NumJobStarts < 3) && ((CurrentTime - EnteredCurrentStatus) > 10 * 60)' evaluated to TRUE
...
040 (7944174.113.000) 07/08 17:46:26 Started transferring input files
	Transferring to host: <188.185.194.78:9618?addrs=188.185.194.78-9618+[2001-1458-303-21--100-4a]-9618&alias=b9p20p4883.cern.ch&noUDP&sock=slot1_40_2983193_1738_21766>
...
040 (7944174.113.000) 07/08 17:46:27 Finished transferring input files
...
001 (7944174.113.000) 07/08 17:46:27 Job executing on host: <188.185.194.78:9618?addrs=188.185.194.78-9618+[2001-1458-303-21--100-4a]-9618&alias=b9p20p4883.cern.ch&noUDP&sock=startd_2983114_a85e>
	SlotName: slot1_40@b9p20p4883.cern.ch
	CondorScratchDir = "/pool/condor/dir_3238083"
	Cpus = 1
	Disk = 10003203
	GPUs = 0
	Memory = 3000
...
006 (7944174.113.000) 07/08 17:47:22 Image size of job updated: 201648
	35  -  MemoryUsage of job (MB)
	35000  -  ResidentSetSize of job (KB)
...
040 (7944174.113.000) 07/08 17:47:22 Started transferring output files
...
040 (7944174.113.000) 07/08 17:47:22 Finished transferring output files
...
012 (7944174.113.000) 07/08 17:47:22 Job was held.
	Job held by ON_EXIT_HOLD due to exit code 1.
	Code 3 Subcode 0
...
013 (7944174.113.000) 07/08 17:58:12 Job was released.
	The job attribute PeriodicRelease expression '(NumJobStarts < 3) && ((CurrentTime - EnteredCurrentStatus) > 10 * 60)' evaluated to TRUE
...
040 (7944174.113.000) 07/08 18:07:38 Started transferring input files
	Transferring to host: <188.185.210.189:9618?addrs=188.185.210.189-9618+[2001-1458-303-15--100-39]-9618&alias=b9p22p3993.cern.ch&noUDP&sock=slot1_12_8435_f870_48935>
...
040 (7944174.113.000) 07/08 18:07:40 Finished transferring input files
...
001 (7944174.113.000) 07/08 18:07:40 Job executing on host: <188.185.210.189:9618?addrs=188.185.210.189-9618+[2001-1458-303-15--100-39]-9618&alias=b9p22p3993.cern.ch&noUDP&sock=startd_8287_c56c>
	SlotName: slot1_12@b9p22p3993.cern.ch
	CondorScratchDir = "/pool/condor/dir_958999"
	Cpus = 1
	Disk = 10002510
	GPUs = 0
	Memory = 3000
...
006 (7944174.113.000) 07/08 18:07:49 Image size of job updated: 225000
	62  -  MemoryUsage of job (MB)
	63464  -  ResidentSetSize of job (KB)
...
006 (7944174.113.000) 07/08 18:08:09 Image size of job updated: 407296
	398  -  MemoryUsage of job (MB)
	407296  -  ResidentSetSize of job (KB)
...
040 (7944174.113.000) 07/08 18:08:09 Started transferring output files
...
040 (7944174.113.000) 07/08 18:08:09 Finished transferring output files
...
012 (7944174.113.000) 07/08 18:08:09 Job was held.
	Job held by ON_EXIT_HOLD due to exit code 1.
	Code 3 Subcode 0
...
