000 (7944174.114.000) 07/08 17:29:05 Job submitted from host: <188.185.16.120:9618?addrs=188.185.16.120-9618+[2001-1458-d00-65--100-39b]-9618&alias=bigbird27.cern.ch&noUDP&sock=schedd_4465_3274>
...
040 (7944174.114.000) 07/08 17:31:46 Started transferring input files
	Transferring to host: <188.185.196.63:9618?addrs=188.185.196.63-9618+[2001-1458-303-23--100-3b]-9618&alias=b9p16p5316.cern.ch&noUDP&sock=slot1_20_8236_c1c8_39692>
...
040 (7944174.114.000) 07/08 17:31:46 Finished transferring input files
...
001 (7944174.114.000) 07/08 17:31:46 Job executing on host: <188.185.196.63:9618?addrs=188.185.196.63-9618+[2001-1458-303-23--100-3b]-9618&alias=b9p16p5316.cern.ch&noUDP&sock=startd_7216_277e>
	SlotName: slot1_20@b9p16p5316.cern.ch
	CondorScratchDir = "/pool/condor/dir_2308105"
	Cpus = 1
	Disk = 10003001
	GPUs = 0
	Memory = 3000
...
006 (7944174.114.000) 07/08 17:32:00 Image size of job updated: 25516
	25  -  MemoryUsage of job (MB)
	25516  -  ResidentSetSize of job (KB)
...
006 (7944174.114.000) 07/08 17:32:43 Image size of job updated: 204036
	27  -  MemoryUsage of job (MB)
	27216  -  ResidentSetSize of job (KB)
...
040 (7944174.114.000) 07/08 17:32:43 Started transferring output files
...
040 (7944174.114.000) 07/08 17:32:43 Finished transferring output files
...
012 (7944174.114.000) 07/08 17:32:45 Job was held.
	Job held by ON_EXIT_HOLD due to exit code 1.
	Code 3 Subcode 0
...
013 (7944174.114.000) 07/08 17:43:33 Job was released.
	The job attribute PeriodicRelease expression '(NumJobStarts < 3) && ((CurrentTime - EnteredCurrentStatus) > 10 * 60)' evaluated to TRUE
...
040 (7944174.114.000) 07/08 17:44:27 Started transferring input files
	Transferring to host: <188.185.213.215:9618?addrs=188.185.213.215-9618+[2001-1458-303-1b--100-53]-9618&alias=b9p28p9898.cern.ch&noUDP&sock=slot1_20_8409_a6af_38040>
...
040 (7944174.114.000) 07/08 17:44:27 Finished transferring input files
...
001 (7944174.114.000) 07/08 17:44:27 Job executing on host: <188.185.213.215:9618?addrs=188.185.213.215-9618+[2001-1458-303-1b--100-53]-9618&alias=b9p28p9898.cern.ch&noUDP&sock=startd_8339_7059>
	SlotName: slot1_20@b9p28p9898.cern.ch
	CondorScratchDir = "/pool/condor/dir_4168035"
	Cpus = 1
	Disk = 10004451
	GPUs = 0
	Memory = 3000
...
006 (7944174.114.000) 07/08 17:44:36 Image size of job updated: 225000
	62  -  MemoryUsage of job (MB)
	62920  -  ResidentSetSize of job (KB)
...
006 (7944174.114.000) 07/08 17:44:53 Image size of job updated: 408452
	399  -  MemoryUsage of job (MB)
	408452  -  ResidentSetSize of job (KB)
...
040 (7944174.114.000) 07/08 17:44:53 Started transferring output files
...
040 (7944174.114.000) 07/08 17:44:53 Finished transferring output files
...
012 (7944174.114.000) 07/08 17:44:54 Job was held.
	Job held by ON_EXIT_HOLD due to exit code 1.
	Code 3 Subcode 0
...
013 (7944174.114.000) 07/08 17:55:47 Job was released.
	The job attribute PeriodicRelease expression '(NumJobStarts < 3) && ((CurrentTime - EnteredCurrentStatus) > 10 * 60)' evaluated to TRUE
...
040 (7944174.114.000) 07/08 17:57:57 Started transferring input files
	Transferring to host: <188.185.194.151:9618?addrs=188.185.194.151-9618+[2001-1458-303-21--100-93]-9618&alias=b9p20p9170.cern.ch&noUDP&sock=slot1_17_3242393_f064_23170>
...
040 (7944174.114.000) 07/08 17:57:57 Finished transferring input files
...
001 (7944174.114.000) 07/08 17:57:57 Job executing on host: <188.185.194.151:9618?addrs=188.185.194.151-9618+[2001-1458-303-21--100-93]-9618&alias=b9p20p9170.cern.ch&noUDP&sock=startd_3242345_8fd1>
	SlotName: slot1_17@b9p20p9170.cern.ch
	CondorScratchDir = "/pool/condor/dir_1989632"
	Cpus = 1
	Disk = 10026966
	GPUs = 0
	Memory = 3000
...
040 (7944174.114.000) 07/08 18:00:54 Started transferring output files
...
040 (7944174.114.000) 07/08 18:00:59 Finished transferring output files
...
012 (7944174.114.000) 07/08 18:01:01 Job was held.
	Job held by ON_EXIT_HOLD due to exit code 1.
	Code 3 Subcode 0
...
