000 (7944174.115.000) 07/08 17:29:05 Job submitted from host: <188.185.16.120:9618?addrs=188.185.16.120-9618+[2001-1458-d00-65--100-39b]-9618&alias=bigbird27.cern.ch&noUDP&sock=schedd_4465_3274>
...
040 (7944174.115.000) 07/08 17:31:47 Started transferring input files
	Transferring to host: <188.185.194.146:9618?addrs=188.185.194.146-9618+[2001-1458-303-21--100-8e]-9618&alias=b9p20p1163.cern.ch&noUDP&sock=slot1_25_4637_ef96_23087>
...
040 (7944174.115.000) 07/08 17:31:48 Finished transferring input files
...
001 (7944174.115.000) 07/08 17:31:48 Job executing on host: <188.185.194.146:9618?addrs=188.185.194.146-9618+[2001-1458-303-21--100-8e]-9618&alias=b9p20p1163.cern.ch&noUDP&sock=startd_3954_b18f>
	SlotName: slot1_25@b9p20p1163.cern.ch
	CondorScratchDir = "/pool/condor/dir_141100"
	Cpus = 1
	Disk = 10002530
	GPUs = 0
	Memory = 3000
...
006 (7944174.115.000) 07/08 17:32:01 Image size of job updated: 27156
	27  -  MemoryUsage of job (MB)
	27156  -  ResidentSetSize of job (KB)
...
006 (7944174.115.000) 07/08 17:32:43 Image size of job updated: 205668
	27  -  MemoryUsage of job (MB)
	27360  -  ResidentSetSize of job (KB)
...
040 (7944174.115.000) 07/08 17:32:43 Started transferring output files
...
040 (7944174.115.000) 07/08 17:32:43 Finished transferring output files
...
012 (7944174.115.000) 07/08 17:32:45 Job was held.
	Job held by ON_EXIT_HOLD due to exit code 1.
	Code 3 Subcode 0
...
013 (7944174.115.000) 07/08 17:43:33 Job was released.
	The job attribute PeriodicRelease expression '(NumJobStarts < 3) && ((CurrentTime - EnteredCurrentStatus) > 10 * 60)' evaluated to TRUE
...
040 (7944174.115.000) 07/08 17:44:29 Started transferring input files
	Transferring to host: <188.185.194.174:9618?addrs=188.185.194.174-9618+[2001-1458-303-21--100-aa]-9618&alias=b9p20p3948.cern.ch&noUDP&sock=slot1_13_4499_b3d0_24885>
...
040 (7944174.115.000) 07/08 17:44:29 Finished transferring input files
...
001 (7944174.115.000) 07/08 17:44:29 Job executing on host: <188.185.194.174:9618?addrs=188.185.194.174-9618+[2001-1458-303-21--100-aa]-9618&alias=b9p20p3948.cern.ch&noUDP&sock=startd_3828_44a0>
	SlotName: slot1_13@b9p20p3948.cern.ch
	CondorScratchDir = "/pool/condor/dir_3427263"
	Cpus = 1
	Disk = 10001397
	GPUs = 0
	Memory = 3000
...
006 (7944174.115.000) 07/08 17:44:43 Image size of job updated: 225000
	32  -  MemoryUsage of job (MB)
	32668  -  ResidentSetSize of job (KB)
...
006 (7944174.115.000) 07/08 17:44:52 Image size of job updated: 225000
	33  -  MemoryUsage of job (MB)
	33112  -  ResidentSetSize of job (KB)
...
040 (7944174.115.000) 07/08 17:44:52 Started transferring output files
...
040 (7944174.115.000) 07/08 17:44:52 Finished transferring output files
...
012 (7944174.115.000) 07/08 17:44:52 Job was held.
	Job held by ON_EXIT_HOLD due to exit code 1.
	Code 3 Subcode 0
...
013 (7944174.115.000) 07/08 17:55:47 Job was released.
	The job attribute PeriodicRelease expression '(NumJobStarts < 3) && ((CurrentTime - EnteredCurrentStatus) > 10 * 60)' evaluated to TRUE
...
040 (7944174.115.000) 07/08 17:57:59 Started transferring input files
	Transferring to host: <188.185.192.79:9618?addrs=188.185.192.79-9618+[2001-1458-303-1f--100-4b]-9618&alias=b9p13p7294.cern.ch&noUDP&sock=slot1_15_7754_24f4_41477>
...
040 (7944174.115.000) 07/08 17:57:59 Finished transferring input files
...
001 (7944174.115.000) 07/08 17:57:59 Job executing on host: <188.185.192.79:9618?addrs=188.185.192.79-9618+[2001-1458-303-1f--100-4b]-9618&alias=b9p13p7294.cern.ch&noUDP&sock=startd_6918_c045>
	SlotName: slot1_15@b9p13p7294.cern.ch
	CondorScratchDir = "/pool/condor/dir_2394949"
	Cpus = 1
	Disk = 11769997
	Memory = 3000
...
006 (7944174.115.000) 07/08 17:58:08 Image size of job updated: 251816
	243  -  MemoryUsage of job (MB)
	248352  -  ResidentSetSize of job (KB)
...
006 (7944174.115.000) 07/08 17:58:25 Image size of job updated: 857716
	626  -  MemoryUsage of job (MB)
	640428  -  ResidentSetSize of job (KB)
...
040 (7944174.115.000) 07/08 17:58:25 Started transferring output files
...
040 (7944174.115.000) 07/08 17:58:25 Finished transferring output files
...
012 (7944174.115.000) 07/08 18:00:55 Job was held.
	Job held by ON_EXIT_HOLD due to exit code 1.
	Code 3 Subcode 0
...
