000 (7944174.116.000) 07/08 17:29:05 Job submitted from host: <188.185.16.120:9618?addrs=188.185.16.120-9618+[2001-1458-d00-65--100-39b]-9618&alias=bigbird27.cern.ch&noUDP&sock=schedd_4465_3274>
...
040 (7944174.116.000) 07/08 17:31:48 Started transferring input files
	Transferring to host: <188.185.210.175:9618?addrs=188.185.210.175-9618+[2001-1458-303-15--100-2b]-9618&alias=b9p22p5637.cern.ch&noUDP&sock=slot1_9_2773343_c822_25987>
...
040 (7944174.116.000) 07/08 17:31:49 Finished transferring input files
...
001 (7944174.116.000) 07/08 17:31:50 Job executing on host: <188.185.210.175:9618?addrs=188.185.210.175-9618+[2001-1458-303-15--100-2b]-9618&alias=b9p22p5637.cern.ch&noUDP&sock=startd_2773298_555c>
	SlotName: slot1_9@b9p22p5637.cern.ch
	CondorScratchDir = "/pool/condor/dir_1387078"
	Cpus = 1
	Disk = 10002823
	GPUs = 0
	Memory = 3000
...
006 (7944174.116.000) 07/08 17:31:59 Image size of job updated: 53600
	53  -  MemoryUsage of job (MB)
	53600  -  ResidentSetSize of job (KB)
...
006 (7944174.116.000) 07/08 17:32:43 Image size of job updated: 406640
	398  -  MemoryUsage of job (MB)
	406640  -  ResidentSetSize of job (KB)
...
040 (7944174.116.000) 07/08 17:32:43 Started transferring output files
...
040 (7944174.116.000) 07/08 17:32:43 Finished transferring output files
...
012 (7944174.116.000) 07/08 17:32:45 Job was held.
	Job held by ON_EXIT_HOLD due to exit code 1.
	Code 3 Subcode 0
...
013 (7944174.116.000) 07/08 17:43:33 Job was released.
	The job attribute PeriodicRelease expression '(NumJobStarts < 3) && ((CurrentTime - EnteredCurrentStatus) > 10 * 60)' evaluated to TRUE
...
040 (7944174.116.000) 07/08 17:44:28 Started transferring input files
	Transferring to host: <188.185.213.19:9618?addrs=188.185.213.19-9618+[2001-1458-303-1a--100-f]-9618&alias=b9p27p9129.cern.ch&noUDP&sock=slot1_13_8394_150e_38550>
...
040 (7944174.116.000) 07/08 17:44:28 Finished transferring input files
...
001 (7944174.116.000) 07/08 17:44:28 Job executing on host: <188.185.213.19:9618?addrs=188.185.213.19-9618+[2001-1458-303-1a--100-f]-9618&alias=b9p27p9129.cern.ch&noUDP&sock=startd_8247_55a3>
	SlotName: slot1_13@b9p27p9129.cern.ch
	CondorScratchDir = "/pool/condor/dir_1970182"
	Cpus = 1
	Disk = 10002265
	GPUs = 0
	Memory = 3000
...
040 (7944174.116.000) 07/08 17:45:01 Started transferring output files
...
040 (7944174.116.000) 07/08 17:45:01 Finished transferring output files
...
012 (7944174.116.000) 07/08 17:45:01 Job was held.
	Job held by ON_EXIT_HOLD due to exit code 1.
	Code 3 Subcode 0
...
013 (7944174.116.000) 07/08 17:55:47 Job was released.
	The job attribute PeriodicRelease expression '(NumJobStarts < 3) && ((CurrentTime - EnteredCurrentStatus) > 10 * 60)' evaluated to TRUE
...
040 (7944174.116.000) 07/08 17:57:57 Started transferring input files
	Transferring to host: <128.142.248.59:9618?addrs=128.142.248.59-9618+[2001-1458-301-73--100-12b]-9618&alias=b9g23p7544.cern.ch&noUDP&sock=slot1_2_3787723_41c4_71810>
...
040 (7944174.116.000) 07/08 17:57:57 Finished transferring input files
...
001 (7944174.116.000) 07/08 17:57:57 Job executing on host: <128.142.248.59:9618?addrs=128.142.248.59-9618+[2001-1458-301-73--100-12b]-9618&alias=b9g23p7544.cern.ch&noUDP&sock=startd_6283_31a2>
	SlotName: slot1_2@b9g23p7544.cern.ch
	CondorScratchDir = "/pool/condor/dir_2292952"
	Cpus = 1
	Disk = 10003141
	GPUs = 0
	Memory = 3000
...
040 (7944174.116.000) 07/08 17:58:14 Started transferring output files
...
040 (7944174.116.000) 07/08 17:58:14 Finished transferring output files
...
012 (7944174.116.000) 07/08 17:58:14 Job was held.
	Job held by ON_EXIT_HOLD due to exit code 1.
	Code 3 Subcode 0
...
