000 (7944174.117.000) 07/08 17:29:05 Job submitted from host: <188.185.16.120:9618?addrs=188.185.16.120-9618+[2001-1458-d00-65--100-39b]-9618&alias=bigbird27.cern.ch&noUDP&sock=schedd_4465_3274>
...
040 (7944174.117.000) 07/08 17:31:48 Started transferring input files
	Transferring to host: <128.142.240.114:9618?addrs=128.142.240.114-9618+[2001-1458-301-11--100-72]-9618&alias=b9g29p6184.cern.ch&noUDP&sock=slot1_15_3191_191b_85473>
...
040 (7944174.117.000) 07/08 17:31:49 Finished transferring input files
...
001 (7944174.117.000) 07/08 17:31:50 Job executing on host: <128.142.240.114:9618?addrs=128.142.240.114-9618+[2001-1458-301-11--100-72]-9618&alias=b9g29p6184.cern.ch&noUDP&sock=startd_3138_fc47>
	SlotName: slot1_15@b9g29p6184.cern.ch
	CondorScratchDir = "/pool/condor/dir_4126697"
	Cpus = 1
	Disk = 10002024
	GPUs = 0
	Memory = 3000
...
006 (7944174.117.000) 07/08 17:31:58 Image size of job updated: 54804
	54  -  MemoryUsage of job (MB)
	54804  -  ResidentSetSize of job (KB)
...
006 (7944174.117.000) 07/08 17:32:43 Image size of job updated: 407644
	399  -  MemoryUsage of job (MB)
	407644  -  ResidentSetSize of job (KB)
...
040 (7944174.117.000) 07/08 17:32:43 Started transferring output files
...
040 (7944174.117.000) 07/08 17:32:43 Finished transferring output files
...
012 (7944174.117.000) 07/08 17:32:44 Job was held.
	Job held by ON_EXIT_HOLD due to exit code 1.
	Code 3 Subcode 0
...
013 (7944174.117.000) 07/08 17:43:33 Job was released.
	The job attribute PeriodicRelease expression '(NumJobStarts < 3) && ((CurrentTime - EnteredCurrentStatus) > 10 * 60)' evaluated to TRUE
...
040 (7944174.117.000) 07/08 17:44:29 Started transferring input files
	Transferring to host: <188.185.215.26:9618?addrs=188.185.215.26-9618+[2001-1458-303-1e--100-16]-9618&alias=b9p31p3929.cern.ch&noUDP&sock=slot1_20_162550_ee0b_23250>
...
040 (7944174.117.000) 07/08 17:44:30 Finished transferring input files
...
001 (7944174.117.000) 07/08 17:44:30 Job executing on host: <188.185.215.26:9618?addrs=188.185.215.26-9618+[2001-1458-303-1e--100-16]-9618&alias=b9p31p3929.cern.ch&noUDP&sock=startd_162502_6f23>
	SlotName: slot1_20@b9p31p3929.cern.ch
	CondorScratchDir = "/pool/condor/dir_2363328"
	Cpus = 1
	Disk = 10002582
	GPUs = 0
	Memory = 3000
...
040 (7944174.117.000) 07/08 17:45:02 Started transferring output files
...
040 (7944174.117.000) 07/08 17:45:02 Finished transferring output files
...
012 (7944174.117.000) 07/08 17:45:02 Job was held.
	Job held by ON_EXIT_HOLD due to exit code 1.
	Code 3 Subcode 0
...
013 (7944174.117.000) 07/08 17:55:47 Job was released.
	The job attribute PeriodicRelease expression '(NumJobStarts < 3) && ((CurrentTime - EnteredCurrentStatus) > 10 * 60)' evaluated to TRUE
...
040 (7944174.117.000) 07/08 18:07:40 Started transferring input files
	Transferring to host: <188.185.213.196:9618?addrs=188.185.213.196-9618+[2001-1458-303-1b--100-40]-9618&alias=b9p28p7375.cern.ch&noUDP&sock=slot1_20_300951_f467_26442>
...
040 (7944174.117.000) 07/08 18:07:40 Finished transferring input files
...
001 (7944174.117.000) 07/08 18:07:40 Job executing on host: <188.185.213.196:9618?addrs=188.185.213.196-9618+[2001-1458-303-1b--100-40]-9618&alias=b9p28p7375.cern.ch&noUDP&sock=startd_300886_590c>
	SlotName: slot1_20@b9p28p7375.cern.ch
	CondorScratchDir = "/pool/condor/dir_3512646"
	Cpus = 1
	Disk = 10002122
	GPUs = 0
	Memory = 3000
...
006 (7944174.117.000) 07/08 18:08:09 Image size of job updated: 425996
	417  -  MemoryUsage of job (MB)
	425996  -  ResidentSetSize of job (KB)
...
040 (7944174.117.000) 07/08 18:08:09 Started transferring output files
...
040 (7944174.117.000) 07/08 18:08:09 Finished transferring output files
...
012 (7944174.117.000) 07/08 18:08:09 Job was held.
	Job held by ON_EXIT_HOLD due to exit code 1.
	Code 3 Subcode 0
...
