000 (7944174.118.000) 07/08 17:29:05 Job submitted from host: <188.185.16.120:9618?addrs=188.185.16.120-9618+[2001-1458-d00-65--100-39b]-9618&alias=bigbird27.cern.ch&noUDP&sock=schedd_4465_3274>
...
040 (7944174.118.000) 07/08 17:31:48 Started transferring input files
	Transferring to host: <128.142.51.208:9618?addrs=128.142.51.208-9618+[2001-1458-301-3--100-d]-9618&alias=b9g02p4471.cern.ch&noUDP&sock=slot1_5_3479660_0134_58312>
...
040 (7944174.118.000) 07/08 17:31:49 Finished transferring input files
...
001 (7944174.118.000) 07/08 17:31:50 Job executing on host: <128.142.51.208:9618?addrs=128.142.51.208-9618+[2001-1458-301-3--100-d]-9618&alias=b9g02p4471.cern.ch&noUDP&sock=startd_6770_3c41>
	SlotName: slot1_5@b9g02p4471.cern.ch
	CondorScratchDir = "/pool/condor/dir_3713006"
	Cpus = 1
	Disk = 10003158
	GPUs = 0
	Memory = 3000
...
006 (7944174.118.000) 07/08 17:32:04 Image size of job updated: 26528
	26  -  MemoryUsage of job (MB)
	26528  -  ResidentSetSize of job (KB)
...
006 (7944174.118.000) 07/08 17:32:43 Image size of job updated: 199612
	26  -  MemoryUsage of job (MB)
	26528  -  ResidentSetSize of job (KB)
...
040 (7944174.118.000) 07/08 17:32:43 Started transferring output files
...
040 (7944174.118.000) 07/08 17:32:43 Finished transferring output files
...
012 (7944174.118.000) 07/08 17:32:45 Job was held.
	Job held by ON_EXIT_HOLD due to exit code 1.
	Code 3 Subcode 0
...
013 (7944174.118.000) 07/08 17:43:33 Job was released.
	The job attribute PeriodicRelease expression '(NumJobStarts < 3) && ((CurrentTime - EnteredCurrentStatus) > 10 * 60)' evaluated to TRUE
...
040 (7944174.118.000) 07/08 17:44:30 Started transferring input files
	Transferring to host: <188.185.195.128:9618?addrs=188.185.195.128-9618+[2001-1458-303-22--100-7c]-9618&alias=b9p17p8721.cern.ch&noUDP&sock=slot1_1_8748_81dd_41593>
...
040 (7944174.118.000) 07/08 17:44:30 Finished transferring input files
...
001 (7944174.118.000) 07/08 17:44:30 Job executing on host: <188.185.195.128:9618?addrs=188.185.195.128-9618+[2001-1458-303-22--100-7c]-9618&alias=b9p17p8721.cern.ch&noUDP&sock=startd_8695_a010>
	SlotName: slot1_1@b9p17p8721.cern.ch
	CondorScratchDir = "/pool/condor/dir_1281662"
	Cpus = 1
	Disk = 10001465
	GPUs = 0
	Memory = 3000
...
006 (7944174.118.000) 07/08 17:45:03 Image size of job updated: 208248
	27  -  MemoryUsage of job (MB)
	27500  -  ResidentSetSize of job (KB)
...
040 (7944174.118.000) 07/08 17:45:03 Started transferring output files
...
040 (7944174.118.000) 07/08 17:45:03 Finished transferring output files
...
012 (7944174.118.000) 07/08 17:45:03 Job was held.
	Job held by ON_EXIT_HOLD due to exit code 1.
	Code 3 Subcode 0
...
013 (7944174.118.000) 07/08 17:55:47 Job was released.
	The job attribute PeriodicRelease expression '(NumJobStarts < 3) && ((CurrentTime - EnteredCurrentStatus) > 10 * 60)' evaluated to TRUE
...
040 (7944174.118.000) 07/08 17:58:00 Started transferring input files
	Transferring to host: <188.185.193.153:9618?addrs=188.185.193.153-9618+[2001-1458-303-20--100-95]-9618&alias=b9p19p1776.cern.ch&noUDP&sock=slot1_5_4006_56dc_23867>
...
040 (7944174.118.000) 07/08 17:58:00 Finished transferring input files
...
001 (7944174.118.000) 07/08 17:58:00 Job executing on host: <188.185.193.153:9618?addrs=188.185.193.153-9618+[2001-1458-303-20--100-95]-9618&alias=b9p19p1776.cern.ch&noUDP&sock=startd_3464_9827>
	SlotName: slot1_5@b9p19p1776.cern.ch
	CondorScratchDir = "/pool/condor/dir_488962"
	Cpus = 1
	Disk = 10001169
	GPUs = 0
	Memory = 3000
...
006 (7944174.118.000) 07/08 17:58:14 Image size of job updated: 225000
	36  -  MemoryUsage of job (MB)
	36476  -  ResidentSetSize of job (KB)
...
006 (7944174.118.000) 07/08 17:58:38 Image size of job updated: 225000
	36  -  MemoryUsage of job (MB)
	36548  -  ResidentSetSize of job (KB)
...
040 (7944174.118.000) 07/08 18:00:54 Started transferring output files
...
040 (7944174.118.000) 07/08 18:00:59 Finished transferring output files
...
012 (7944174.118.000) 07/08 18:01:01 Job was held.
	Job held by ON_EXIT_HOLD due to exit code 1.
	Code 3 Subcode 0
...
