000 (7944174.119.000) 07/08 17:29:05 Job submitted from host: <188.185.16.120:9618?addrs=188.185.16.120-9618+[2001-1458-d00-65--100-39b]-9618&alias=bigbird27.cern.ch&noUDP&sock=schedd_4465_3274>
...
040 (7944174.119.000) 07/08 17:31:50 Started transferring input files
	Transferring to host: <188.185.195.182:9618?addrs=188.185.195.182-9618+[2001-1458-303-22--100-b2]-9618&alias=b9p17p5429.cern.ch&noUDP&sock=slot1_20_2589243_ad64_22853>
...
040 (7944174.119.000) 07/08 17:31:50 Finished transferring input files
...
001 (7944174.119.000) 07/08 17:31:50 Job executing on host: <188.185.195.182:9618?addrs=188.185.195.182-9618+[2001-1458-303-22--100-b2]-9618&alias=b9p17p5429.cern.ch&noUDP&sock=startd_2589200_6b05>
	SlotName: slot1_20@b9p17p5429.cern.ch
	CondorScratchDir = "/pool/condor/dir_3848846"
	Cpus = 1
	Disk = 10003631
	GPUs = 0
	Memory = 3000
...
006 (7944174.119.000) 07/08 17:32:04 Image size of job updated: 34156
	34  -  MemoryUsage of job (MB)
	34156  -  ResidentSetSize of job (KB)
...
006 (7944174.119.000) 07/08 17:32:43 Image size of job updated: 209556
	34  -  MemoryUsage of job (MB)
	34156  -  ResidentSetSize of job (KB)
...
040 (7944174.119.000) 07/08 17:32:43 Started transferring output files
...
040 (7944174.119.000) 07/08 17:32:43 Finished transferring output files
...
012 (7944174.119.000) 07/08 17:32:44 Job was held.
	Job held by ON_EXIT_HOLD due to exit code 1.
	Code 3 Subcode 0
...
013 (7944174.119.000) 07/08 17:43:33 Job was released.
	The job attribute PeriodicRelease expression '(NumJobStarts < 3) && ((CurrentTime - EnteredCurrentStatus) > 10 * 60)' evaluated to TRUE
...
040 (7944174.119.000) 07/08 17:44:30 Started transferring input files
	Transferring to host: <188.185.194.168:9618?addrs=188.185.194.168-9618+[2001-1458-303-21--100-a4]-9618&alias=b9p20p8660.cern.ch&noUDP&sock=slot1_22_2862067_ddba_19865>
...
040 (7944174.119.000) 07/08 17:44:30 Finished transferring input files
...
001 (7944174.119.000) 07/08 17:44:30 Job executing on host: <188.185.194.168:9618?addrs=188.185.194.168-9618+[2001-1458-303-21--100-a4]-9618&alias=b9p20p8660.cern.ch&noUDP&sock=startd_2861987_9c50>
	SlotName: slot1_22@b9p20p8660.cern.ch
	CondorScratchDir = "/pool/condor/dir_2985054"
	Cpus = 1
	Disk = 10003290
	GPUs = 0
	Memory = 3000
...
006 (7944174.119.000) 07/08 17:45:05 Image size of job updated: 225000
	35  -  MemoryUsage of job (MB)
	35356  -  ResidentSetSize of job (KB)
...
040 (7944174.119.000) 07/08 17:45:05 Started transferring output files
...
040 (7944174.119.000) 07/08 17:45:05 Finished transferring output files
...
012 (7944174.119.000) 07/08 17:45:05 Job was held.
	Job held by ON_EXIT_HOLD due to exit code 1.
	Code 3 Subcode 0
...
013 (7944174.119.000) 07/08 17:55:47 Job was released.
	The job attribute PeriodicRelease expression '(NumJobStarts < 3) && ((CurrentTime - EnteredCurrentStatus) > 10 * 60)' evaluated to TRUE
...
040 (7944174.119.000) 07/08 17:57:59 Started transferring input files
	Transferring to host: <188.185.194.134:9618?addrs=188.185.194.134-9618+[2001-1458-303-21--100-82]-9618&alias=b9p20p3793.cern.ch&noUDP&sock=slot1_4_6114_9db2_22243>
...
040 (7944174.119.000) 07/08 17:57:59 Finished transferring input files
...
001 (7944174.119.000) 07/08 17:57:59 Job executing on host: <188.185.194.134:9618?addrs=188.185.194.134-9618+[2001-1458-303-21--100-82]-9618&alias=b9p20p3793.cern.ch&noUDP&sock=startd_5801_94fb>
	SlotName: slot1_4@b9p20p3793.cern.ch
	CondorScratchDir = "/pool/condor/dir_794743"
	Cpus = 1
	Disk = 10002066
	GPUs = 0
	Memory = 3000
...
040 (7944174.119.000) 07/08 18:00:54 Started transferring output files
...
040 (7944174.119.000) 07/08 18:00:59 Finished transferring output files
...
012 (7944174.119.000) 07/08 18:01:01 Job was held.
	Job held by ON_EXIT_HOLD due to exit code 1.
	Code 3 Subcode 0
...
