000 (7944174.012.000) 07/08 17:29:04 Job submitted from host: <188.185.16.120:9618?addrs=188.185.16.120-9618+[2001-1458-d00-65--100-39b]-9618&alias=bigbird27.cern.ch&noUDP&sock=schedd_4465_3274>
...
040 (7944174.012.000) 07/08 17:31:14 Started transferring input files
	Transferring to host: <128.142.33.56:9618?addrs=128.142.33.56-9618+[2001-1458-301-53--100-35]-9618&alias=b9g34p3712.cern.ch&noUDP&sock=slot1_15_5870_b228_57009>
...
040 (7944174.012.000) 07/08 17:31:16 Finished transferring input files
...
001 (7944174.012.000) 07/08 17:31:16 Job executing on host: <128.142.33.56:9618?addrs=128.142.33.56-9618+[2001-1458-301-53--100-35]-9618&alias=b9g34p3712.cern.ch&noUDP&sock=startd_4971_4560>
	SlotName: slot1_15@b9g34p3712.cern.ch
	CondorScratchDir = "/pool/condor/dir_966323"
	Cpus = 1
	Disk = 10003066
	GPUs = 0
	Memory = 3000
...
006 (7944174.012.000) 07/08 17:31:25 Image size of job updated: 50540
	50  -  MemoryUsage of job (MB)
	50540  -  ResidentSetSize of job (KB)
...
006 (7944174.012.000) 07/08 17:32:43 Image size of job updated: 407832
	399  -  MemoryUsage of job (MB)
	407832  -  ResidentSetSize of job (KB)
...
040 (7944174.012.000) 07/08 17:32:43 Started transferring output files
...
040 (7944174.012.000) 07/08 17:32:43 Finished transferring output files
...
012 (7944174.012.000) 07/08 17:32:45 Job was held.
	Job held by ON_EXIT_HOLD due to exit code 1.
	Code 3 Subcode 0
...
013 (7944174.012.000) 07/08 17:43:32 Job was released.
	The job attribute PeriodicRelease expression '(NumJobStarts < 3) && ((CurrentTime - EnteredCurrentStatus) > 10 * 60)' evaluated to TRUE
...
040 (7944174.012.000) 07/08 17:44:00 Started transferring input files
	Transferring to host: <128.142.161.140:9618?addrs=128.142.161.140-9618+[2001-1458-301-b9--100-9]-9618&alias=b9g03p3557.cern.ch&noUDP&sock=slot1_10_4609_3515_17050>
...
040 (7944174.012.000) 07/08 17:44:01 Finished transferring input files
...
001 (7944174.012.000) 07/08 17:44:01 Job executing on host: <128.142.161.140:9618?addrs=128.142.161.140-9618+[2001-1458-301-b9--100-9]-9618&alias=b9g03p3557.cern.ch&noUDP&sock=startd_3711_040c>
	SlotName: slot1_10@b9g03p3557.cern.ch
	CondorScratchDir = "/pool/condor/dir_1542056"
	Cpus = 1
	Disk = 10003335
	GPUs = 0
	Memory = 3000
...
040 (7944174.012.000) 07/08 17:44:42 Started transferring output files
...
040 (7944174.012.000) 07/08 17:44:42 Finished transferring output files
...
012 (7944174.012.000) 07/08 17:44:42 Job was held.
	Job held by ON_EXIT_HOLD due to exit code 1.
	Code 3 Subcode 0
...
013 (7944174.012.000) 07/08 17:55:47 Job was released.
	The job attribute PeriodicRelease expression '(NumJobStarts < 3) && ((CurrentTime - EnteredCurrentStatus) > 10 * 60)' evaluated to TRUE
...
040 (7944174.012.000) 07/08 17:57:25 Started transferring input files
	Transferring to host: <188.185.198.83:9618?addrs=188.185.198.83-9618+[2001-1458-303-25--100-4f]-9618&alias=b9p15p4827.cern.ch&noUDP&sock=slot1_16_2326552_1a8a_22908>
...
040 (7944174.012.000) 07/08 17:57:25 Finished transferring input files
...
001 (7944174.012.000) 07/08 17:57:25 Job executing on host: <188.185.198.83:9618?addrs=188.185.198.83-9618+[2001-1458-303-25--100-4f]-9618&alias=b9p15p4827.cern.ch&noUDP&sock=startd_2326427_ff1f>
	SlotName: slot1_16@b9p15p4827.cern.ch
	CondorScratchDir = "/pool/condor/dir_1257452"
	Cpus = 1
	Disk = 10003095
	GPUs = 0
	Memory = 3000
...
040 (7944174.012.000) 07/08 17:57:55 Started transferring output files
...
040 (7944174.012.000) 07/08 17:57:55 Finished transferring output files
...
012 (7944174.012.000) 07/08 17:57:55 Job was held.
	Job held by ON_EXIT_HOLD due to exit code 1.
	Code 3 Subcode 0
...
