000 (7944174.120.000) 07/08 17:29:05 Job submitted from host: <188.185.16.120:9618?addrs=188.185.16.120-9618+[2001-1458-d00-65--100-39b]-9618&alias=bigbird27.cern.ch&noUDP&sock=schedd_4465_3274>
...
040 (7944174.120.000) 07/08 17:31:50 Started transferring input files
	Transferring to host: <188.185.192.56:9618?addrs=188.185.192.56-9618+[2001-1458-303-1f--100-34]-9618&alias=b9p13p4772.cern.ch&noUDP&sock=slot1_22_546041_0816_39839>
...
040 (7944174.120.000) 07/08 17:31:50 Finished transferring input files
...
001 (7944174.120.000) 07/08 17:31:50 Job executing on host: <188.185.192.56:9618?addrs=188.185.192.56-9618+[2001-1458-303-1f--100-34]-9618&alias=b9p13p4772.cern.ch&noUDP&sock=startd_11609_630a>
	SlotName: slot1_22@b9p13p4772.cern.ch
	CondorScratchDir = "/pool/condor/dir_24873"
	Cpus = 1
	Disk = 10010457
	GPUs = 0
	Memory = 3000
...
006 (7944174.120.000) 07/08 17:32:04 Image size of job updated: 25260
	25  -  MemoryUsage of job (MB)
	25260  -  ResidentSetSize of job (KB)
...
006 (7944174.120.000) 07/08 17:32:43 Image size of job updated: 199096
	25  -  MemoryUsage of job (MB)
	25260  -  ResidentSetSize of job (KB)
...
040 (7944174.120.000) 07/08 17:32:44 Started transferring output files
...
040 (7944174.120.000) 07/08 17:32:44 Finished transferring output files
...
012 (7944174.120.000) 07/08 17:32:45 Job was held.
	Job held by ON_EXIT_HOLD due to exit code 1.
	Code 3 Subcode 0
...
013 (7944174.120.000) 07/08 17:43:33 Job was released.
	The job attribute PeriodicRelease expression '(NumJobStarts < 3) && ((CurrentTime - EnteredCurrentStatus) > 10 * 60)' evaluated to TRUE
...
040 (7944174.120.000) 07/08 17:44:30 Started transferring input files
	Transferring to host: <188.185.213.15:9618?addrs=188.185.213.15-9618+[2001-1458-303-1a--100-b]-9618&alias=b9p27p4645.cern.ch&noUDP&sock=slot1_6_8730_d31c_39555>
...
040 (7944174.120.000) 07/08 17:44:30 Finished transferring input files
...
001 (7944174.120.000) 07/08 17:44:30 Job executing on host: <188.185.213.15:9618?addrs=188.185.213.15-9618+[2001-1458-303-1a--100-b]-9618&alias=b9p27p4645.cern.ch&noUDP&sock=startd_7824_3113>
	SlotName: slot1_6@b9p27p4645.cern.ch
	CondorScratchDir = "/pool/condor/dir_1658963"
	Cpus = 1
	Disk = 10002791
	GPUs = 0
	Memory = 3000
...
006 (7944174.120.000) 07/08 17:45:03 Image size of job updated: 208656
	27  -  MemoryUsage of job (MB)
	27500  -  ResidentSetSize of job (KB)
...
040 (7944174.120.000) 07/08 17:45:03 Started transferring output files
...
040 (7944174.120.000) 07/08 17:45:03 Finished transferring output files
...
012 (7944174.120.000) 07/08 17:45:03 Job was held.
	Job held by ON_EXIT_HOLD due to exit code 1.
	Code 3 Subcode 0
...
013 (7944174.120.000) 07/08 17:55:47 Job was released.
	The job attribute PeriodicRelease expression '(NumJobStarts < 3) && ((CurrentTime - EnteredCurrentStatus) > 10 * 60)' evaluated to TRUE
...
040 (7944174.120.000) 07/08 17:58:00 Started transferring input files
	Transferring to host: <128.142.161.97:9618?addrs=128.142.161.97-9618+[2001-1458-301-b8--100-1f]-9618&alias=b9g03p7944.cern.ch&noUDP&sock=slot1_17_2794958_8131_11650>
...
040 (7944174.120.000) 07/08 17:58:01 Finished transferring input files
...
001 (7944174.120.000) 07/08 17:58:01 Job executing on host: <128.142.161.97:9618?addrs=128.142.161.97-9618+[2001-1458-301-b8--100-1f]-9618&alias=b9g03p7944.cern.ch&noUDP&sock=startd_5161_985f>
	SlotName: slot1_17@b9g03p7944.cern.ch
	CondorScratchDir = "/pool/condor/dir_675887"
	Cpus = 1
	Disk = 10003334
	GPUs = 0
	Memory = 3000
...
040 (7944174.120.000) 07/08 18:00:59 Started transferring output files
...
040 (7944174.120.000) 07/08 18:00:59 Finished transferring output files
...
012 (7944174.120.000) 07/08 18:01:02 Job was held.
	Job held by ON_EXIT_HOLD due to exit code 1.
	Code 3 Subcode 0
...
