000 (7944174.121.000) 07/08 17:29:05 Job submitted from host: <188.185.16.120:9618?addrs=188.185.16.120-9618+[2001-1458-d00-65--100-39b]-9618&alias=bigbird27.cern.ch&noUDP&sock=schedd_4465_3274>
...
040 (7944174.121.000) 07/08 17:31:50 Started transferring input files
	Transferring to host: <188.185.210.168:9618?addrs=188.185.210.168-9618+[2001-1458-303-15--100-24]-9618&alias=b9p22p4108.cern.ch&noUDP&sock=slot1_16_8451_3e71_39154>
...
040 (7944174.121.000) 07/08 17:31:50 Finished transferring input files
...
001 (7944174.121.000) 07/08 17:31:50 Job executing on host: <188.185.210.168:9618?addrs=188.185.210.168-9618+[2001-1458-303-15--100-24]-9618&alias=b9p22p4108.cern.ch&noUDP&sock=startd_8399_9808>
	SlotName: slot1_16@b9p22p4108.cern.ch
	CondorScratchDir = "/pool/condor/dir_3934673"
	Cpus = 1
	Disk = 10002558
	GPUs = 0
	Memory = 3000
...
006 (7944174.121.000) 07/08 17:32:00 Image size of job updated: 60376
	59  -  MemoryUsage of job (MB)
	60376  -  ResidentSetSize of job (KB)
...
006 (7944174.121.000) 07/08 17:32:43 Image size of job updated: 425264
	416  -  MemoryUsage of job (MB)
	425264  -  ResidentSetSize of job (KB)
...
040 (7944174.121.000) 07/08 17:32:43 Started transferring output files
...
040 (7944174.121.000) 07/08 17:32:43 Finished transferring output files
...
012 (7944174.121.000) 07/08 17:32:45 Job was held.
	Job held by ON_EXIT_HOLD due to exit code 1.
	Code 3 Subcode 0
...
013 (7944174.121.000) 07/08 17:43:33 Job was released.
	The job attribute PeriodicRelease expression '(NumJobStarts < 3) && ((CurrentTime - EnteredCurrentStatus) > 10 * 60)' evaluated to TRUE
...
040 (7944174.121.000) 07/08 17:44:33 Started transferring input files
	Transferring to host: <188.185.210.69:9618?addrs=188.185.210.69-9618+[2001-1458-303-1--100-41]-9618&alias=b9p21p0767.cern.ch&noUDP&sock=slot1_12_678847_df6e_22067>
...
040 (7944174.121.000) 07/08 17:44:34 Finished transferring input files
...
001 (7944174.121.000) 07/08 17:44:34 Job executing on host: <188.185.210.69:9618?addrs=188.185.210.69-9618+[2001-1458-303-1--100-41]-9618&alias=b9p21p0767.cern.ch&noUDP&sock=startd_678807_b840>
	SlotName: slot1_12@b9p21p0767.cern.ch
	CondorScratchDir = "/pool/condor/dir_1371196"
	Cpus = 1
	Disk = 10035374
	GPUs = 0
	Memory = 3000
...
040 (7944174.121.000) 07/08 17:44:58 Started transferring output files
...
040 (7944174.121.000) 07/08 17:44:58 Finished transferring output files
...
012 (7944174.121.000) 07/08 17:44:58 Job was held.
	Job held by ON_EXIT_HOLD due to exit code 1.
	Code 3 Subcode 0
...
013 (7944174.121.000) 07/08 17:55:47 Job was released.
	The job attribute PeriodicRelease expression '(NumJobStarts < 3) && ((CurrentTime - EnteredCurrentStatus) > 10 * 60)' evaluated to TRUE
...
040 (7944174.121.000) 07/08 17:58:00 Started transferring input files
	Transferring to host: <188.185.194.59:9618?addrs=188.185.194.59-9618+[2001-1458-303-21--100-37]-9618&alias=b9p20p0644.cern.ch&noUDP&sock=slot1_9_2671513_55b5_7221>
...
040 (7944174.121.000) 07/08 17:58:00 Finished transferring input files
...
001 (7944174.121.000) 07/08 17:58:00 Job executing on host: <188.185.194.59:9618?addrs=188.185.194.59-9618+[2001-1458-303-21--100-37]-9618&alias=b9p20p0644.cern.ch&noUDP&sock=startd_2332610_0532>
	SlotName: slot1_9@b9p20p0644.cern.ch
	CondorScratchDir = "/pool/condor/dir_4017884"
	Cpus = 1
	Disk = 10003243
	GPUs = 0
	Memory = 3000
...
040 (7944174.121.000) 07/08 18:00:59 Started transferring output files
...
040 (7944174.121.000) 07/08 18:00:59 Finished transferring output files
...
012 (7944174.121.000) 07/08 18:01:02 Job was held.
	Job held by ON_EXIT_HOLD due to exit code 1.
	Code 3 Subcode 0
...
