000 (7944174.122.000) 07/08 17:29:05 Job submitted from host: <188.185.16.120:9618?addrs=188.185.16.120-9618+[2001-1458-d00-65--100-39b]-9618&alias=bigbird27.cern.ch&noUDP&sock=schedd_4465_3274>
...
040 (7944174.122.000) 07/08 17:31:51 Started transferring input files
	Transferring to host: <188.185.194.19:9618?addrs=188.185.194.19-9618+[2001-1458-303-21--100-f]-9618&alias=b9p20p8751.cern.ch&noUDP&sock=slot1_3_6151_af93_24698>
...
040 (7944174.122.000) 07/08 17:31:52 Finished transferring input files
...
001 (7944174.122.000) 07/08 17:31:52 Job executing on host: <188.185.194.19:9618?addrs=188.185.194.19-9618+[2001-1458-303-21--100-f]-9618&alias=b9p20p8751.cern.ch&noUDP&sock=startd_6106_c95e>
	SlotName: slot1_3@b9p20p8751.cern.ch
	CondorScratchDir = "/pool/condor/dir_2758885"
	Cpus = 1
	Disk = 10045875
	GPUs = 0
	Memory = 3000
...
006 (7944174.122.000) 07/08 17:32:06 Image size of job updated: 27156
	27  -  MemoryUsage of job (MB)
	27156  -  ResidentSetSize of job (KB)
...
006 (7944174.122.000) 07/08 17:32:43 Image size of job updated: 211884
	28  -  MemoryUsage of job (MB)
	28020  -  ResidentSetSize of job (KB)
...
040 (7944174.122.000) 07/08 17:32:43 Started transferring output files
...
040 (7944174.122.000) 07/08 17:32:43 Finished transferring output files
...
012 (7944174.122.000) 07/08 17:32:44 Job was held.
	Job held by ON_EXIT_HOLD due to exit code 1.
	Code 3 Subcode 0
...
013 (7944174.122.000) 07/08 17:43:33 Job was released.
	The job attribute PeriodicRelease expression '(NumJobStarts < 3) && ((CurrentTime - EnteredCurrentStatus) > 10 * 60)' evaluated to TRUE
...
040 (7944174.122.000) 07/08 17:44:30 Started transferring input files
	Transferring to host: <188.185.211.138:9618?addrs=188.185.211.138-9618+[2001-1458-303-17--100-6]-9618&alias=b9p24p4307.cern.ch&noUDP&sock=slot1_17_8391_f7ee_39835>
...
040 (7944174.122.000) 07/08 17:44:30 Finished transferring input files
...
001 (7944174.122.000) 07/08 17:44:30 Job executing on host: <188.185.211.138:9618?addrs=188.185.211.138-9618+[2001-1458-303-17--100-6]-9618&alias=b9p24p4307.cern.ch&noUDP&sock=startd_8259_90c6>
	SlotName: slot1_17@b9p24p4307.cern.ch
	CondorScratchDir = "/pool/condor/dir_1970772"
	Cpus = 1
	Disk = 10003152
	GPUs = 0
	Memory = 3000
...
006 (7944174.122.000) 07/08 17:44:39 Image size of job updated: 225000
	122  -  MemoryUsage of job (MB)
	124620  -  ResidentSetSize of job (KB)
...
006 (7944174.122.000) 07/08 17:44:44 Image size of job updated: 225000
	123  -  MemoryUsage of job (MB)
	125856  -  ResidentSetSize of job (KB)
...
040 (7944174.122.000) 07/08 17:44:44 Started transferring output files
...
040 (7944174.122.000) 07/08 17:44:44 Finished transferring output files
...
012 (7944174.122.000) 07/08 17:44:44 Job was held.
	Job held by ON_EXIT_HOLD due to exit code 1.
	Code 3 Subcode 0
...
013 (7944174.122.000) 07/08 17:55:47 Job was released.
	The job attribute PeriodicRelease expression '(NumJobStarts < 3) && ((CurrentTime - EnteredCurrentStatus) > 10 * 60)' evaluated to TRUE
...
040 (7944174.122.000) 07/08 17:58:00 Started transferring input files
	Transferring to host: <188.185.192.88:9618?addrs=188.185.192.88-9618+[2001-1458-303-1f--100-54]-9618&alias=b9p13p5626.cern.ch&noUDP&sock=slot1_9_8799_70ff_41780>
...
040 (7944174.122.000) 07/08 17:58:00 Finished transferring input files
...
001 (7944174.122.000) 07/08 17:58:00 Job executing on host: <188.185.192.88:9618?addrs=188.185.192.88-9618+[2001-1458-303-1f--100-54]-9618&alias=b9p13p5626.cern.ch&noUDP&sock=startd_8722_251f>
	SlotName: slot1_9@b9p13p5626.cern.ch
	CondorScratchDir = "/pool/condor/dir_1885288"
	Cpus = 1
	Disk = 10003149
	GPUs = 0
	Memory = 3000
...
006 (7944174.122.000) 07/08 17:58:29 Image size of job updated: 422428
	413  -  MemoryUsage of job (MB)
	422428  -  ResidentSetSize of job (KB)
...
040 (7944174.122.000) 07/08 17:58:29 Started transferring output files
...
040 (7944174.122.000) 07/08 17:58:29 Finished transferring output files
...
012 (7944174.122.000) 07/08 18:00:55 Job was held.
	Job held by ON_EXIT_HOLD due to exit code 1.
	Code 3 Subcode 0
...
