000 (7944174.123.000) 07/08 17:29:05 Job submitted from host: <188.185.16.120:9618?addrs=188.185.16.120-9618+[2001-1458-d00-65--100-39b]-9618&alias=bigbird27.cern.ch&noUDP&sock=schedd_4465_3274>
...
040 (7944174.123.000) 07/08 17:34:04 Started transferring input files
	Transferring to host: <188.185.196.38:9618?addrs=188.185.196.38-9618+[2001-1458-303-23--100-22]-9618&alias=b9p16p0146.cern.ch&noUDP&sock=slot1_19_710626_0d9a_18888>
...
040 (7944174.123.000) 07/08 17:34:04 Finished transferring input files
...
001 (7944174.123.000) 07/08 17:34:04 Job executing on host: <188.185.196.38:9618?addrs=188.185.196.38-9618+[2001-1458-303-23--100-22]-9618&alias=b9p16p0146.cern.ch&noUDP&sock=startd_710531_bebb>
	SlotName: slot1_19@b9p16p0146.cern.ch
	CondorScratchDir = "/pool/condor/dir_1160375"
	Cpus = 1
	Disk = 10048413
	GPUs = 0
	Memory = 3000
...
006 (7944174.123.000) 07/08 17:34:18 Image size of job updated: 131372
	129  -  MemoryUsage of job (MB)
	131372  -  ResidentSetSize of job (KB)
...
006 (7944174.123.000) 07/08 17:34:22 Image size of job updated: 190476
	129  -  MemoryUsage of job (MB)
	131848  -  ResidentSetSize of job (KB)
...
040 (7944174.123.000) 07/08 17:34:22 Started transferring output files
...
040 (7944174.123.000) 07/08 17:34:22 Finished transferring output files
...
012 (7944174.123.000) 07/08 17:34:22 Job was held.
	Job held by ON_EXIT_HOLD due to exit code 1.
	Code 3 Subcode 0
...
013 (7944174.123.000) 07/08 17:46:02 Job was released.
	The job attribute PeriodicRelease expression '(NumJobStarts < 3) && ((CurrentTime - EnteredCurrentStatus) > 10 * 60)' evaluated to TRUE
...
040 (7944174.123.000) 07/08 17:46:27 Started transferring input files
	Transferring to host: <188.185.194.67:9618?addrs=188.185.194.67-9618+[2001-1458-303-21--100-3f]-9618&alias=b9p20p6532.cern.ch&noUDP&sock=slot1_11_6433_615f_14792>
...
040 (7944174.123.000) 07/08 17:46:27 Finished transferring input files
...
001 (7944174.123.000) 07/08 17:46:27 Job executing on host: <188.185.194.67:9618?addrs=188.185.194.67-9618+[2001-1458-303-21--100-3f]-9618&alias=b9p20p6532.cern.ch&noUDP&sock=startd_4676_ecf0>
	SlotName: slot1_11@b9p20p6532.cern.ch
	CondorScratchDir = "/pool/condor/dir_3884505"
	Cpus = 1
	Disk = 10003128
	GPUs = 0
	Memory = 3000
...
006 (7944174.123.000) 07/08 17:46:58 Image size of job updated: 204000
	147  -  MemoryUsage of job (MB)
	150000  -  ResidentSetSize of job (KB)
...
040 (7944174.123.000) 07/08 17:46:58 Started transferring output files
...
040 (7944174.123.000) 07/08 17:46:58 Finished transferring output files
...
012 (7944174.123.000) 07/08 17:46:58 Job was held.
	Job held by ON_EXIT_HOLD due to exit code 1.
	Code 3 Subcode 0
...
013 (7944174.123.000) 07/08 17:58:12 Job was released.
	The job attribute PeriodicRelease expression '(NumJobStarts < 3) && ((CurrentTime - EnteredCurrentStatus) > 10 * 60)' evaluated to TRUE
...
040 (7944174.123.000) 07/08 18:07:40 Started transferring input files
	Transferring to host: <188.185.214.74:9618?addrs=188.185.214.74-9618+[2001-1458-303-1c--100-46]-9618&alias=b9p29p6551.cern.ch&noUDP&sock=slot1_4_8461_4a31_43508>
...
040 (7944174.123.000) 07/08 18:07:41 Finished transferring input files
...
001 (7944174.123.000) 07/08 18:07:41 Job executing on host: <188.185.214.74:9618?addrs=188.185.214.74-9618+[2001-1458-303-1c--100-46]-9618&alias=b9p29p6551.cern.ch&noUDP&sock=startd_8407_14ca>
	SlotName: slot1_4@b9p29p6551.cern.ch
	CondorScratchDir = "/pool/condor/dir_4071404"
	Cpus = 1
	Disk = 10000575
	GPUs = 0
	Memory = 3000
...
006 (7944174.123.000) 07/08 18:08:46 Image size of job updated: 406976
	398  -  MemoryUsage of job (MB)
	406976  -  ResidentSetSize of job (KB)
...
040 (7944174.123.000) 07/08 18:08:46 Started transferring output files
...
040 (7944174.123.000) 07/08 18:08:46 Finished transferring output files
...
012 (7944174.123.000) 07/08 18:08:46 Job was held.
	Job held by ON_EXIT_HOLD due to exit code 1.
	Code 3 Subcode 0
...
