000 (7944174.125.000) 07/08 17:29:05 Job submitted from host: <188.185.16.120:9618?addrs=188.185.16.120-9618+[2001-1458-d00-65--100-39b]-9618&alias=bigbird27.cern.ch&noUDP&sock=schedd_4465_3274>
...
040 (7944174.125.000) 07/08 17:31:52 Started transferring input files
	Transferring to host: <128.142.248.38:9618?addrs=128.142.248.38-9618+[2001-1458-301-73--100-116]-9618&alias=b9g23p3745.cern.ch&noUDP&sock=slot1_14_3615535_3bea_81946>
...
040 (7944174.125.000) 07/08 17:31:53 Finished transferring input files
...
001 (7944174.125.000) 07/08 17:31:53 Job executing on host: <128.142.248.38:9618?addrs=128.142.248.38-9618+[2001-1458-301-73--100-116]-9618&alias=b9g23p3745.cern.ch&noUDP&sock=startd_8435_4971>
	SlotName: slot1_14@b9g23p3745.cern.ch
	CondorScratchDir = "/pool/condor/dir_1339611"
	Cpus = 1
	Disk = 10002543
	GPUs = 0
	Memory = 3000
...
006 (7944174.125.000) 07/08 17:32:06 Image size of job updated: 33552
	33  -  MemoryUsage of job (MB)
	33552  -  ResidentSetSize of job (KB)
...
006 (7944174.125.000) 07/08 17:32:43 Image size of job updated: 205416
	33  -  MemoryUsage of job (MB)
	33684  -  ResidentSetSize of job (KB)
...
040 (7944174.125.000) 07/08 17:32:43 Started transferring output files
...
040 (7944174.125.000) 07/08 17:32:43 Finished transferring output files
...
012 (7944174.125.000) 07/08 17:32:44 Job was held.
	Job held by ON_EXIT_HOLD due to exit code 1.
	Code 3 Subcode 0
...
013 (7944174.125.000) 07/08 17:43:33 Job was released.
	The job attribute PeriodicRelease expression '(NumJobStarts < 3) && ((CurrentTime - EnteredCurrentStatus) > 10 * 60)' evaluated to TRUE
...
040 (7944174.125.000) 07/08 17:44:32 Started transferring input files
	Transferring to host: <188.185.215.35:9618?addrs=188.185.215.35-9618+[2001-1458-303-1e--100-1f]-9618&alias=b9p31p9060.cern.ch&noUDP&sock=slot1_5_8324_c2cc_37923>
...
040 (7944174.125.000) 07/08 17:44:33 Finished transferring input files
...
001 (7944174.125.000) 07/08 17:44:33 Job executing on host: <188.185.215.35:9618?addrs=188.185.215.35-9618+[2001-1458-303-1e--100-1f]-9618&alias=b9p31p9060.cern.ch&noUDP&sock=startd_7814_5521>
	SlotName: slot1_5@b9p31p9060.cern.ch
	CondorScratchDir = "/pool/condor/dir_588684"
	Cpus = 1
	Disk = 10035686
	GPUs = 0
	Memory = 3000
...
006 (7944174.125.000) 07/08 17:44:42 Image size of job updated: 225000
	56  -  MemoryUsage of job (MB)
	56872  -  ResidentSetSize of job (KB)
...
006 (7944174.125.000) 07/08 17:45:00 Image size of job updated: 424740
	415  -  MemoryUsage of job (MB)
	424740  -  ResidentSetSize of job (KB)
...
040 (7944174.125.000) 07/08 17:45:00 Started transferring output files
...
040 (7944174.125.000) 07/08 17:45:00 Finished transferring output files
...
012 (7944174.125.000) 07/08 17:45:00 Job was held.
	Job held by ON_EXIT_HOLD due to exit code 1.
	Code 3 Subcode 0
...
013 (7944174.125.000) 07/08 17:55:47 Job was released.
	The job attribute PeriodicRelease expression '(NumJobStarts < 3) && ((CurrentTime - EnteredCurrentStatus) > 10 * 60)' evaluated to TRUE
...
040 (7944174.125.000) 07/08 17:58:01 Started transferring input files
	Transferring to host: <128.142.161.90:9618?addrs=128.142.161.90-9618+[2001-1458-301-b8--100-18]-9618&alias=b9g03p4505.cern.ch&noUDP&sock=slot1_26_3974563_f071_10696>
...
040 (7944174.125.000) 07/08 17:58:02 Finished transferring input files
...
001 (7944174.125.000) 07/08 17:58:02 Job executing on host: <128.142.161.90:9618?addrs=128.142.161.90-9618+[2001-1458-301-b8--100-18]-9618&alias=b9g03p4505.cern.ch&noUDP&sock=startd_4004_fd4b>
	SlotName: slot1_26@b9g03p4505.cern.ch
	CondorScratchDir = "/pool/condor/dir_2449394"
	Cpus = 1
	Disk = 10003246
	GPUs = 0
	Memory = 3000
...
040 (7944174.125.000) 07/08 18:00:59 Started transferring output files
...
040 (7944174.125.000) 07/08 18:00:59 Finished transferring output files
...
012 (7944174.125.000) 07/08 18:01:02 Job was held.
	Job held by ON_EXIT_HOLD due to exit code 1.
	Code 3 Subcode 0
...
