000 (7944174.126.000) 07/08 17:29:05 Job submitted from host: <188.185.16.120:9618?addrs=188.185.16.120-9618+[2001-1458-d00-65--100-39b]-9618&alias=bigbird27.cern.ch&noUDP&sock=schedd_4465_3274>
...
040 (7944174.126.000) 07/08 17:31:52 Started transferring input files
	Transferring to host: <188.185.198.14:9618?addrs=188.185.198.14-9618+[2001-1458-303-25--100-a]-9618&alias=b9p15p6193.cern.ch&noUDP&sock=slot1_17_8968_8466_39000>
...
040 (7944174.126.000) 07/08 17:31:53 Finished transferring input files
...
001 (7944174.126.000) 07/08 17:31:53 Job executing on host: <188.185.198.14:9618?addrs=188.185.198.14-9618+[2001-1458-303-25--100-a]-9618&alias=b9p15p6193.cern.ch&noUDP&sock=startd_8888_01d8>
	SlotName: slot1_17@b9p15p6193.cern.ch
	CondorScratchDir = "/pool/condor/dir_2540574"
	Cpus = 1
	Disk = 10002576
	GPUs = 0
	Memory = 3000
...
006 (7944174.126.000) 07/08 17:32:07 Image size of job updated: 29140
	29  -  MemoryUsage of job (MB)
	29140  -  ResidentSetSize of job (KB)
...
006 (7944174.126.000) 07/08 17:32:43 Image size of job updated: 206016
	30  -  MemoryUsage of job (MB)
	29776  -  ResidentSetSize of job (KB)
...
040 (7944174.126.000) 07/08 17:32:43 Started transferring output files
...
040 (7944174.126.000) 07/08 17:32:43 Finished transferring output files
...
012 (7944174.126.000) 07/08 17:32:45 Job was held.
	Job held by ON_EXIT_HOLD due to exit code 1.
	Code 3 Subcode 0
...
013 (7944174.126.000) 07/08 17:43:33 Job was released.
	The job attribute PeriodicRelease expression '(NumJobStarts < 3) && ((CurrentTime - EnteredCurrentStatus) > 10 * 60)' evaluated to TRUE
...
040 (7944174.126.000) 07/08 17:45:23 Started transferring input files
	Transferring to host: <188.185.211.102:9618?addrs=188.185.211.102-9618+[2001-1458-303-16--100-62]-9618&alias=b9p23p8574.cern.ch&noUDP&sock=slot1_23_3254707_4419_22203>
...
040 (7944174.126.000) 07/08 17:45:24 Finished transferring input files
...
001 (7944174.126.000) 07/08 17:45:24 Job executing on host: <188.185.211.102:9618?addrs=188.185.211.102-9618+[2001-1458-303-16--100-62]-9618&alias=b9p23p8574.cern.ch&noUDP&sock=startd_3254624_ef39>
	SlotName: slot1_23@b9p23p8574.cern.ch
	CondorScratchDir = "/pool/condor/dir_3005711"
	Cpus = 1
	Disk = 10000409
	GPUs = 0
	Memory = 3000
...
006 (7944174.126.000) 07/08 17:45:34 Image size of job updated: 225000
	45  -  MemoryUsage of job (MB)
	45504  -  ResidentSetSize of job (KB)
...
006 (7944174.126.000) 07/08 17:46:20 Image size of job updated: 422564
	413  -  MemoryUsage of job (MB)
	422564  -  ResidentSetSize of job (KB)
...
040 (7944174.126.000) 07/08 17:46:20 Started transferring output files
...
040 (7944174.126.000) 07/08 17:46:20 Finished transferring output files
...
012 (7944174.126.000) 07/08 17:46:20 Job was held.
	Job held by ON_EXIT_HOLD due to exit code 1.
	Code 3 Subcode 0
...
013 (7944174.126.000) 07/08 17:58:12 Job was released.
	The job attribute PeriodicRelease expression '(NumJobStarts < 3) && ((CurrentTime - EnteredCurrentStatus) > 10 * 60)' evaluated to TRUE
...
040 (7944174.126.000) 07/08 18:01:14 Started transferring input files
	Transferring to host: <188.185.193.145:9618?addrs=188.185.193.145-9618+[2001-1458-303-20--100-8d]-9618&alias=b9p19p9101.cern.ch&noUDP&sock=slot1_40_4545_1d12_24582>
...
040 (7944174.126.000) 07/08 18:01:15 Finished transferring input files
...
001 (7944174.126.000) 07/08 18:01:15 Job executing on host: <188.185.193.145:9618?addrs=188.185.193.145-9618+[2001-1458-303-20--100-8d]-9618&alias=b9p19p9101.cern.ch&noUDP&sock=startd_3982_e636>
	SlotName: slot1_40@b9p19p9101.cern.ch
	CondorScratchDir = "/pool/condor/dir_3375190"
	Cpus = 1
	Disk = 10013908
	GPUs = 0
	Memory = 3000
...
040 (7944174.126.000) 07/08 18:02:41 Started transferring output files
...
040 (7944174.126.000) 07/08 18:02:41 Finished transferring output files
...
012 (7944174.126.000) 07/08 18:02:41 Job was held.
	Job held by ON_EXIT_HOLD due to exit code 1.
	Code 3 Subcode 0
...
