000 (7944174.128.000) 07/08 17:29:05 Job submitted from host: <188.185.16.120:9618?addrs=188.185.16.120-9618+[2001-1458-d00-65--100-39b]-9618&alias=bigbird27.cern.ch&noUDP&sock=schedd_4465_3274>
...
040 (7944174.128.000) 07/08 17:31:53 Started transferring input files
	Transferring to host: <128.142.248.200:9618?addrs=128.142.248.200-9618+[2001-1458-301-73--100-c7]-9618&alias=b9g23p5584.cern.ch&noUDP&sock=slot1_5_2788760_73f5_64834>
...
040 (7944174.128.000) 07/08 17:31:53 Finished transferring input files
...
001 (7944174.128.000) 07/08 17:31:53 Job executing on host: <128.142.248.200:9618?addrs=128.142.248.200-9618+[2001-1458-301-73--100-c7]-9618&alias=b9g23p5584.cern.ch&noUDP&sock=startd_3317_c3bb>
	SlotName: slot1_5@b9g23p5584.cern.ch
	CondorScratchDir = "/pool/condor/dir_1278132"
	Cpus = 1
	Disk = 10003102
	GPUs = 0
	Memory = 3000
...
006 (7944174.128.000) 07/08 17:32:08 Image size of job updated: 25132
	21  -  MemoryUsage of job (MB)
	20696  -  ResidentSetSize of job (KB)
...
006 (7944174.128.000) 07/08 17:32:43 Image size of job updated: 203724
	21  -  MemoryUsage of job (MB)
	20696  -  ResidentSetSize of job (KB)
...
040 (7944174.128.000) 07/08 17:32:43 Started transferring output files
...
040 (7944174.128.000) 07/08 17:32:43 Finished transferring output files
...
012 (7944174.128.000) 07/08 17:32:44 Job was held.
	Job held by ON_EXIT_HOLD due to exit code 1.
	Code 3 Subcode 0
...
013 (7944174.128.000) 07/08 17:43:33 Job was released.
	The job attribute PeriodicRelease expression '(NumJobStarts < 3) && ((CurrentTime - EnteredCurrentStatus) > 10 * 60)' evaluated to TRUE
...
040 (7944174.128.000) 07/08 17:44:31 Started transferring input files
	Transferring to host: <188.185.215.198:9618?addrs=188.185.215.198-9618+[2001-1458-303-26--100-42]-9618&alias=b9p18p0908.cern.ch&noUDP&sock=slot1_28_8279_0dea_38936>
...
040 (7944174.128.000) 07/08 17:44:32 Finished transferring input files
...
001 (7944174.128.000) 07/08 17:44:32 Job executing on host: <188.185.215.198:9618?addrs=188.185.215.198-9618+[2001-1458-303-26--100-42]-9618&alias=b9p18p0908.cern.ch&noUDP&sock=startd_7772_8626>
	SlotName: slot1_28@b9p18p0908.cern.ch
	CondorScratchDir = "/pool/condor/dir_1860630"
	Cpus = 1
	Disk = 10003064
	GPUs = 0
	Memory = 3000
...
006 (7944174.128.000) 07/08 17:44:40 Image size of job updated: 225000
	102  -  MemoryUsage of job (MB)
	103968  -  ResidentSetSize of job (KB)
...
006 (7944174.128.000) 07/08 17:44:45 Image size of job updated: 225000
	102  -  MemoryUsage of job (MB)
	104224  -  ResidentSetSize of job (KB)
...
040 (7944174.128.000) 07/08 17:44:45 Started transferring output files
...
040 (7944174.128.000) 07/08 17:44:45 Finished transferring output files
...
012 (7944174.128.000) 07/08 17:44:45 Job was held.
	Job held by ON_EXIT_HOLD due to exit code 1.
	Code 3 Subcode 0
...
013 (7944174.128.000) 07/08 17:55:47 Job was released.
	The job attribute PeriodicRelease expression '(NumJobStarts < 3) && ((CurrentTime - EnteredCurrentStatus) > 10 * 60)' evaluated to TRUE
...
040 (7944174.128.000) 07/08 17:58:00 Started transferring input files
	Transferring to host: <188.185.215.145:9618?addrs=188.185.215.145-9618+[2001-1458-303-26--100-d]-9618&alias=b9p18p5150.cern.ch&noUDP&sock=slot1_18_6112_34f2_35605>
...
040 (7944174.128.000) 07/08 17:58:00 Finished transferring input files
...
001 (7944174.128.000) 07/08 17:58:00 Job executing on host: <188.185.215.145:9618?addrs=188.185.215.145-9618+[2001-1458-303-26--100-d]-9618&alias=b9p18p5150.cern.ch&noUDP&sock=startd_6064_fa64>
	SlotName: slot1_18@b9p18p5150.cern.ch
	CondorScratchDir = "/pool/condor/dir_2202882"
	Cpus = 1
	Disk = 10001881
	GPUs = 0
	Memory = 3000
...
040 (7944174.128.000) 07/08 17:58:25 Started transferring output files
...
040 (7944174.128.000) 07/08 17:58:25 Finished transferring output files
...
012 (7944174.128.000) 07/08 17:58:25 Job was held.
	Job held by ON_EXIT_HOLD due to exit code 1.
	Code 3 Subcode 0
...
