000 (7944174.130.000) 07/08 17:29:05 Job submitted from host: <188.185.16.120:9618?addrs=188.185.16.120-9618+[2001-1458-d00-65--100-39b]-9618&alias=bigbird27.cern.ch&noUDP&sock=schedd_4465_3274>
...
040 (7944174.130.000) 07/08 17:31:54 Started transferring input files
	Transferring to host: <188.185.195.162:9618?addrs=188.185.195.162-9618+[2001-1458-303-22--100-9e]-9618&alias=b9p17p4729.cern.ch&noUDP&sock=slot1_16_3167730_19e8_16930>
...
040 (7944174.130.000) 07/08 17:31:55 Finished transferring input files
...
001 (7944174.130.000) 07/08 17:31:55 Job executing on host: <188.185.195.162:9618?addrs=188.185.195.162-9618+[2001-1458-303-22--100-9e]-9618&alias=b9p17p4729.cern.ch&noUDP&sock=startd_3167689_c162>
	SlotName: slot1_16@b9p17p4729.cern.ch
	CondorScratchDir = "/pool/condor/dir_2211768"
	Cpus = 1
	Disk = 10003557
	GPUs = 0
	Memory = 3000
...
006 (7944174.130.000) 07/08 17:32:08 Image size of job updated: 25548
	25  -  MemoryUsage of job (MB)
	25548  -  ResidentSetSize of job (KB)
...
006 (7944174.130.000) 07/08 17:32:43 Image size of job updated: 210012
	25  -  MemoryUsage of job (MB)
	25548  -  ResidentSetSize of job (KB)
...
040 (7944174.130.000) 07/08 17:32:43 Started transferring output files
...
040 (7944174.130.000) 07/08 17:32:43 Finished transferring output files
...
012 (7944174.130.000) 07/08 17:32:45 Job was held.
	Job held by ON_EXIT_HOLD due to exit code 1.
	Code 3 Subcode 0
...
013 (7944174.130.000) 07/08 17:43:33 Job was released.
	The job attribute PeriodicRelease expression '(NumJobStarts < 3) && ((CurrentTime - EnteredCurrentStatus) > 10 * 60)' evaluated to TRUE
...
040 (7944174.130.000) 07/08 17:44:33 Started transferring input files
	Transferring to host: <188.185.212.187:9618?addrs=188.185.212.187-9618+[2001-1458-303-19--100-37]-9618&alias=b9p26p5978.cern.ch&noUDP&sock=slot1_29_7084_1199_37793>
...
040 (7944174.130.000) 07/08 17:44:33 Finished transferring input files
...
001 (7944174.130.000) 07/08 17:44:33 Job executing on host: <188.185.212.187:9618?addrs=188.185.212.187-9618+[2001-1458-303-19--100-37]-9618&alias=b9p26p5978.cern.ch&noUDP&sock=startd_6414_0c8a>
	SlotName: slot1_29@b9p26p5978.cern.ch
	CondorScratchDir = "/pool/condor/dir_3380062"
	Cpus = 1
	Disk = 10001772
	GPUs = 0
	Memory = 3000
...
006 (7944174.130.000) 07/08 17:44:47 Image size of job updated: 225000
	32  -  MemoryUsage of job (MB)
	32164  -  ResidentSetSize of job (KB)
...
006 (7944174.130.000) 07/08 17:45:05 Image size of job updated: 225000
	33  -  MemoryUsage of job (MB)
	33364  -  ResidentSetSize of job (KB)
...
040 (7944174.130.000) 07/08 17:45:05 Started transferring output files
...
040 (7944174.130.000) 07/08 17:45:05 Finished transferring output files
...
012 (7944174.130.000) 07/08 17:45:05 Job was held.
	Job held by ON_EXIT_HOLD due to exit code 1.
	Code 3 Subcode 0
...
013 (7944174.130.000) 07/08 17:55:47 Job was released.
	The job attribute PeriodicRelease expression '(NumJobStarts < 3) && ((CurrentTime - EnteredCurrentStatus) > 10 * 60)' evaluated to TRUE
...
040 (7944174.130.000) 07/08 17:58:01 Started transferring input files
	Transferring to host: <188.185.196.162:9618?addrs=188.185.196.162-9618+[2001-1458-303-23--100-9e]-9618&alias=b9p16p1742.cern.ch&noUDP&sock=slot1_9_8772_6ade_39036>
...
040 (7944174.130.000) 07/08 17:58:01 Finished transferring input files
...
001 (7944174.130.000) 07/08 17:58:01 Job executing on host: <188.185.196.162:9618?addrs=188.185.196.162-9618+[2001-1458-303-23--100-9e]-9618&alias=b9p16p1742.cern.ch&noUDP&sock=startd_8718_66be>
	SlotName: slot1_9@b9p16p1742.cern.ch
	CondorScratchDir = "/pool/condor/dir_2587284"
	Cpus = 1
	Disk = 10002536
	GPUs = 0
	Memory = 3000
...
006 (7944174.130.000) 07/08 17:58:10 Image size of job updated: 225000
	105  -  MemoryUsage of job (MB)
	106644  -  ResidentSetSize of job (KB)
...
006 (7944174.130.000) 07/08 17:58:15 Image size of job updated: 225000
	106  -  MemoryUsage of job (MB)
	107668  -  ResidentSetSize of job (KB)
...
040 (7944174.130.000) 07/08 17:58:15 Started transferring output files
...
040 (7944174.130.000) 07/08 17:58:15 Finished transferring output files
...
012 (7944174.130.000) 07/08 17:58:15 Job was held.
	Job held by ON_EXIT_HOLD due to exit code 1.
	Code 3 Subcode 0
...
