000 (7944174.132.000) 07/08 17:29:05 Job submitted from host: <188.185.16.120:9618?addrs=188.185.16.120-9618+[2001-1458-d00-65--100-39b]-9618&alias=bigbird27.cern.ch&noUDP&sock=schedd_4465_3274>
...
040 (7944174.132.000) 07/08 17:31:54 Started transferring input files
	Transferring to host: <188.185.212.24:9618?addrs=188.185.212.24-9618+[2001-1458-303-18--100-14]-9618&alias=b9p25p2956.cern.ch&noUDP&sock=slot1_2_8420_66cf_38929>
...
040 (7944174.132.000) 07/08 17:31:55 Finished transferring input files
...
001 (7944174.132.000) 07/08 17:31:55 Job executing on host: <188.185.212.24:9618?addrs=188.185.212.24-9618+[2001-1458-303-18--100-14]-9618&alias=b9p25p2956.cern.ch&noUDP&sock=startd_8370_b3c9>
	SlotName: slot1_2@b9p25p2956.cern.ch
	CondorScratchDir = "/pool/condor/dir_738300"
	Cpus = 1
	Disk = 10003099
	GPUs = 0
	Memory = 3000
...
006 (7944174.132.000) 07/08 17:32:08 Image size of job updated: 33060
	33  -  MemoryUsage of job (MB)
	33060  -  ResidentSetSize of job (KB)
...
006 (7944174.132.000) 07/08 17:32:46 Image size of job updated: 212096
	34  -  MemoryUsage of job (MB)
	33840  -  ResidentSetSize of job (KB)
...
040 (7944174.132.000) 07/08 17:32:46 Started transferring output files
...
040 (7944174.132.000) 07/08 17:32:46 Finished transferring output files
...
012 (7944174.132.000) 07/08 17:32:46 Job was held.
	Job held by ON_EXIT_HOLD due to exit code 1.
	Code 3 Subcode 0
...
013 (7944174.132.000) 07/08 17:43:33 Job was released.
	The job attribute PeriodicRelease expression '(NumJobStarts < 3) && ((CurrentTime - EnteredCurrentStatus) > 10 * 60)' evaluated to TRUE
...
040 (7944174.132.000) 07/08 17:44:34 Started transferring input files
	Transferring to host: <188.185.213.219:9618?addrs=188.185.213.219-9618+[2001-1458-303-1b--100-57]-9618&alias=b9p28p0370.cern.ch&noUDP&sock=slot1_20_8401_03af_42370>
...
040 (7944174.132.000) 07/08 17:44:35 Finished transferring input files
...
001 (7944174.132.000) 07/08 17:44:35 Job executing on host: <188.185.213.219:9618?addrs=188.185.213.219-9618+[2001-1458-303-1b--100-57]-9618&alias=b9p28p0370.cern.ch&noUDP&sock=startd_8335_b1f8>
	SlotName: slot1_20@b9p28p0370.cern.ch
	CondorScratchDir = "/pool/condor/dir_2010085"
	Cpus = 1
	Disk = 10003698
	GPUs = 0
	Memory = 3000
...
006 (7944174.132.000) 07/08 17:44:43 Image size of job updated: 225000
	48  -  MemoryUsage of job (MB)
	48380  -  ResidentSetSize of job (KB)
...
006 (7944174.132.000) 07/08 17:45:03 Image size of job updated: 425380
	416  -  MemoryUsage of job (MB)
	425380  -  ResidentSetSize of job (KB)
...
040 (7944174.132.000) 07/08 17:45:03 Started transferring output files
...
040 (7944174.132.000) 07/08 17:45:03 Finished transferring output files
...
012 (7944174.132.000) 07/08 17:45:03 Job was held.
	Job held by ON_EXIT_HOLD due to exit code 1.
	Code 3 Subcode 0
...
013 (7944174.132.000) 07/08 17:55:47 Job was released.
	The job attribute PeriodicRelease expression '(NumJobStarts < 3) && ((CurrentTime - EnteredCurrentStatus) > 10 * 60)' evaluated to TRUE
...
040 (7944174.132.000) 07/08 17:58:02 Started transferring input files
	Transferring to host: <188.185.192.124:9618?addrs=188.185.192.124-9618+[2001-1458-303-1f--100-78]-9618&alias=b9p13p1594.cern.ch&noUDP&sock=slot1_20_11433_552a_24632>
...
040 (7944174.132.000) 07/08 17:58:03 Finished transferring input files
...
001 (7944174.132.000) 07/08 17:58:03 Job executing on host: <188.185.192.124:9618?addrs=188.185.192.124-9618+[2001-1458-303-1f--100-78]-9618&alias=b9p13p1594.cern.ch&noUDP&sock=startd_9932_1ab7>
	SlotName: slot1_20@b9p13p1594.cern.ch
	CondorScratchDir = "/pool/condor/dir_3235040"
	Cpus = 1
	Disk = 10003436
	GPUs = 0
	Memory = 3000
...
040 (7944174.132.000) 07/08 17:58:27 Started transferring output files
...
040 (7944174.132.000) 07/08 17:58:27 Finished transferring output files
...
012 (7944174.132.000) 07/08 18:00:55 Job was held.
	Job held by ON_EXIT_HOLD due to exit code 1.
	Code 3 Subcode 0
...
