000 (7944174.134.000) 07/08 17:29:05 Job submitted from host: <188.185.16.120:9618?addrs=188.185.16.120-9618+[2001-1458-d00-65--100-39b]-9618&alias=bigbird27.cern.ch&noUDP&sock=schedd_4465_3274>
...
040 (7944174.134.000) 07/08 17:31:55 Started transferring input files
	Transferring to host: <188.185.212.217:9618?addrs=188.185.212.217-9618+[2001-1458-303-19--100-55]-9618&alias=b9p26p2089.cern.ch&noUDP&sock=slot1_14_8382_a08e_40868>
...
040 (7944174.134.000) 07/08 17:31:56 Finished transferring input files
...
001 (7944174.134.000) 07/08 17:31:56 Job executing on host: <188.185.212.217:9618?addrs=188.185.212.217-9618+[2001-1458-303-19--100-55]-9618&alias=b9p26p2089.cern.ch&noUDP&sock=startd_7819_c31a>
	SlotName: slot1_14@b9p26p2089.cern.ch
	CondorScratchDir = "/pool/condor/dir_796517"
	Cpus = 1
	Disk = 10005935
	GPUs = 0
	Memory = 3000
...
006 (7944174.134.000) 07/08 17:32:10 Image size of job updated: 23124
	19  -  MemoryUsage of job (MB)
	18608  -  ResidentSetSize of job (KB)
...
006 (7944174.134.000) 07/08 17:32:43 Image size of job updated: 205280
	19  -  MemoryUsage of job (MB)
	18688  -  ResidentSetSize of job (KB)
...
040 (7944174.134.000) 07/08 17:32:43 Started transferring output files
...
040 (7944174.134.000) 07/08 17:32:43 Finished transferring output files
...
012 (7944174.134.000) 07/08 17:32:44 Job was held.
	Job held by ON_EXIT_HOLD due to exit code 1.
	Code 3 Subcode 0
...
013 (7944174.134.000) 07/08 17:43:33 Job was released.
	The job attribute PeriodicRelease expression '(NumJobStarts < 3) && ((CurrentTime - EnteredCurrentStatus) > 10 * 60)' evaluated to TRUE
...
040 (7944174.134.000) 07/08 17:44:34 Started transferring input files
	Transferring to host: <188.185.193.142:9618?addrs=188.185.193.142-9618+[2001-1458-303-20--100-8a]-9618&alias=b9p19p7400.cern.ch&noUDP&sock=slot1_5_4302_e5e8_23865>
...
040 (7944174.134.000) 07/08 17:44:34 Finished transferring input files
...
001 (7944174.134.000) 07/08 17:44:34 Job executing on host: <188.185.193.142:9618?addrs=188.185.193.142-9618+[2001-1458-303-20--100-8a]-9618&alias=b9p19p7400.cern.ch&noUDP&sock=startd_3790_3407>
	SlotName: slot1_5@b9p19p7400.cern.ch
	CondorScratchDir = "/pool/condor/dir_512128"
	Cpus = 1
	Disk = 10003178
	GPUs = 0
	Memory = 3000
...
006 (7944174.134.000) 07/08 17:44:48 Image size of job updated: 225000
	30  -  MemoryUsage of job (MB)
	30000  -  ResidentSetSize of job (KB)
...
006 (7944174.134.000) 07/08 17:45:04 Image size of job updated: 225000
	30  -  MemoryUsage of job (MB)
	30684  -  ResidentSetSize of job (KB)
...
040 (7944174.134.000) 07/08 17:45:04 Started transferring output files
...
040 (7944174.134.000) 07/08 17:45:04 Finished transferring output files
...
012 (7944174.134.000) 07/08 17:45:04 Job was held.
	Job held by ON_EXIT_HOLD due to exit code 1.
	Code 3 Subcode 0
...
013 (7944174.134.000) 07/08 17:55:47 Job was released.
	The job attribute PeriodicRelease expression '(NumJobStarts < 3) && ((CurrentTime - EnteredCurrentStatus) > 10 * 60)' evaluated to TRUE
...
040 (7944174.134.000) 07/08 17:58:02 Started transferring input files
	Transferring to host: <188.185.194.69:9618?addrs=188.185.194.69-9618+[2001-1458-303-21--100-41]-9618&alias=b9p20p6311.cern.ch&noUDP&sock=slot1_7_4002_855c_23636>
...
040 (7944174.134.000) 07/08 17:58:02 Finished transferring input files
...
001 (7944174.134.000) 07/08 17:58:02 Job executing on host: <188.185.194.69:9618?addrs=188.185.194.69-9618+[2001-1458-303-21--100-41]-9618&alias=b9p20p6311.cern.ch&noUDP&sock=startd_3477_82e2>
	SlotName: slot1_7@b9p20p6311.cern.ch
	CondorScratchDir = "/pool/condor/dir_4059153"
	Cpus = 1
	Disk = 10002367
	GPUs = 0
	Memory = 3000
...
006 (7944174.134.000) 07/08 17:58:16 Image size of job updated: 225000
	117  -  MemoryUsage of job (MB)
	119752  -  ResidentSetSize of job (KB)
...
006 (7944174.134.000) 07/08 17:58:22 Image size of job updated: 225000
	120  -  MemoryUsage of job (MB)
	122080  -  ResidentSetSize of job (KB)
...
040 (7944174.134.000) 07/08 17:58:22 Started transferring output files
...
040 (7944174.134.000) 07/08 17:58:22 Finished transferring output files
...
012 (7944174.134.000) 07/08 17:58:22 Job was held.
	Job held by ON_EXIT_HOLD due to exit code 1.
	Code 3 Subcode 0
...
