000 (7944174.136.000) 07/08 17:29:05 Job submitted from host: <188.185.16.120:9618?addrs=188.185.16.120-9618+[2001-1458-d00-65--100-39b]-9618&alias=bigbird27.cern.ch&noUDP&sock=schedd_4465_3274>
...
040 (7944174.136.000) 07/08 17:31:55 Started transferring input files
	Transferring to host: <188.185.215.197:9618?addrs=188.185.215.197-9618+[2001-1458-303-26--100-41]-9618&alias=b9p18p1342.cern.ch&noUDP&sock=slot1_19_8370_2c0d_38049>
...
040 (7944174.136.000) 07/08 17:31:56 Finished transferring input files
...
001 (7944174.136.000) 07/08 17:31:56 Job executing on host: <188.185.215.197:9618?addrs=188.185.215.197-9618+[2001-1458-303-26--100-41]-9618&alias=b9p18p1342.cern.ch&noUDP&sock=startd_8309_dc82>
	SlotName: slot1_19@b9p18p1342.cern.ch
	CondorScratchDir = "/pool/condor/dir_1145462"
	Cpus = 1
	Disk = 10003174
	GPUs = 0
	Memory = 3000
...
006 (7944174.136.000) 07/08 17:32:05 Image size of job updated: 61768
	61  -  MemoryUsage of job (MB)
	61768  -  ResidentSetSize of job (KB)
...
006 (7944174.136.000) 07/08 17:32:43 Image size of job updated: 425888
	416  -  MemoryUsage of job (MB)
	425888  -  ResidentSetSize of job (KB)
...
040 (7944174.136.000) 07/08 17:32:43 Started transferring output files
...
040 (7944174.136.000) 07/08 17:32:43 Finished transferring output files
...
012 (7944174.136.000) 07/08 17:32:44 Job was held.
	Job held by ON_EXIT_HOLD due to exit code 1.
	Code 3 Subcode 0
...
013 (7944174.136.000) 07/08 17:43:33 Job was released.
	The job attribute PeriodicRelease expression '(NumJobStarts < 3) && ((CurrentTime - EnteredCurrentStatus) > 10 * 60)' evaluated to TRUE
...
040 (7944174.136.000) 07/08 17:45:23 Started transferring input files
	Transferring to host: <188.185.213.59:9618?addrs=188.185.213.59-9618+[2001-1458-303-1a--100-37]-9618&alias=b9p27p3670.cern.ch&noUDP&sock=slot1_13_8413_782f_40463>
...
040 (7944174.136.000) 07/08 17:45:23 Finished transferring input files
...
001 (7944174.136.000) 07/08 17:45:23 Job executing on host: <188.185.213.59:9618?addrs=188.185.213.59-9618+[2001-1458-303-1a--100-37]-9618&alias=b9p27p3670.cern.ch&noUDP&sock=startd_8361_876f>
	SlotName: slot1_13@b9p27p3670.cern.ch
	CondorScratchDir = "/pool/condor/dir_601794"
	Cpus = 1
	Disk = 10025303
	GPUs = 0
	Memory = 3000
...
040 (7944174.136.000) 07/08 17:45:46 Started transferring output files
...
040 (7944174.136.000) 07/08 17:45:46 Finished transferring output files
...
012 (7944174.136.000) 07/08 17:45:46 Job was held.
	Job held by ON_EXIT_HOLD due to exit code 1.
	Code 3 Subcode 0
...
013 (7944174.136.000) 07/08 17:55:47 Job was released.
	The job attribute PeriodicRelease expression '(NumJobStarts < 3) && ((CurrentTime - EnteredCurrentStatus) > 10 * 60)' evaluated to TRUE
...
040 (7944174.136.000) 07/08 17:58:04 Started transferring input files
	Transferring to host: <188.185.193.28:9618?addrs=188.185.193.28-9618+[2001-1458-303-20--100-18]-9618&alias=b9p19p3929.cern.ch&noUDP&sock=slot1_21_2833059_1b1e_19418>
...
040 (7944174.136.000) 07/08 17:58:04 Finished transferring input files
...
001 (7944174.136.000) 07/08 17:58:04 Job executing on host: <188.185.193.28:9618?addrs=188.185.193.28-9618+[2001-1458-303-20--100-18]-9618&alias=b9p19p3929.cern.ch&noUDP&sock=startd_2832996_322b>
	SlotName: slot1_21@b9p19p3929.cern.ch
	CondorScratchDir = "/pool/condor/dir_3490705"
	Cpus = 1
	Disk = 10002704
	GPUs = 0
	Memory = 3000
...
040 (7944174.136.000) 07/08 18:00:54 Started transferring output files
...
040 (7944174.136.000) 07/08 18:00:59 Finished transferring output files
...
012 (7944174.136.000) 07/08 18:01:01 Job was held.
	Job held by ON_EXIT_HOLD due to exit code 1.
	Code 3 Subcode 0
...
