000 (7944174.137.000) 07/08 17:29:05 Job submitted from host: <188.185.16.120:9618?addrs=188.185.16.120-9618+[2001-1458-d00-65--100-39b]-9618&alias=bigbird27.cern.ch&noUDP&sock=schedd_4465_3274>
...
040 (7944174.137.000) 07/08 17:31:56 Started transferring input files
	Transferring to host: <188.185.198.166:9618?addrs=188.185.198.166-9618+[2001-1458-303-25--100-a2]-9618&alias=b9p15p7738.cern.ch&noUDP&sock=slot1_9_8900_9ae3_38591>
...
040 (7944174.137.000) 07/08 17:31:56 Finished transferring input files
...
001 (7944174.137.000) 07/08 17:31:56 Job executing on host: <188.185.198.166:9618?addrs=188.185.198.166-9618+[2001-1458-303-25--100-a2]-9618&alias=b9p15p7738.cern.ch&noUDP&sock=startd_7854_c4ea>
	SlotName: slot1_9@b9p15p7738.cern.ch
	CondorScratchDir = "/pool/condor/dir_362961"
	Cpus = 1
	Disk = 10021222
	GPUs = 0
	Memory = 3000
...
006 (7944174.137.000) 07/08 17:32:10 Image size of job updated: 33548
	33  -  MemoryUsage of job (MB)
	33548  -  ResidentSetSize of job (KB)
...
006 (7944174.137.000) 07/08 17:32:43 Image size of job updated: 214784
	35  -  MemoryUsage of job (MB)
	34940  -  ResidentSetSize of job (KB)
...
040 (7944174.137.000) 07/08 17:32:43 Started transferring output files
...
040 (7944174.137.000) 07/08 17:32:43 Finished transferring output files
...
012 (7944174.137.000) 07/08 17:32:45 Job was held.
	Job held by ON_EXIT_HOLD due to exit code 1.
	Code 3 Subcode 0
...
013 (7944174.137.000) 07/08 17:43:33 Job was released.
	The job attribute PeriodicRelease expression '(NumJobStarts < 3) && ((CurrentTime - EnteredCurrentStatus) > 10 * 60)' evaluated to TRUE
...
040 (7944174.137.000) 07/08 17:44:36 Started transferring input files
	Transferring to host: <188.185.196.171:9618?addrs=188.185.196.171-9618+[2001-1458-303-23--100-a7]-9618&alias=b9p16p0160.cern.ch&noUDP&sock=slot1_5_8812_99df_35242>
...
040 (7944174.137.000) 07/08 17:44:36 Finished transferring input files
...
001 (7944174.137.000) 07/08 17:44:36 Job executing on host: <188.185.196.171:9618?addrs=188.185.196.171-9618+[2001-1458-303-23--100-a7]-9618&alias=b9p16p0160.cern.ch&noUDP&sock=startd_8762_94e9>
	SlotName: slot1_5@b9p16p0160.cern.ch
	CondorScratchDir = "/pool/condor/dir_801800"
	Cpus = 1
	Disk = 10021896
	GPUs = 0
	Memory = 3000
...
040 (7944174.137.000) 07/08 17:45:13 Started transferring output files
...
040 (7944174.137.000) 07/08 17:45:13 Finished transferring output files
...
012 (7944174.137.000) 07/08 17:45:13 Job was held.
	Job held by ON_EXIT_HOLD due to exit code 1.
	Code 3 Subcode 0
...
013 (7944174.137.000) 07/08 17:55:47 Job was released.
	The job attribute PeriodicRelease expression '(NumJobStarts < 3) && ((CurrentTime - EnteredCurrentStatus) > 10 * 60)' evaluated to TRUE
...
040 (7944174.137.000) 07/08 17:58:03 Started transferring input files
	Transferring to host: <188.185.195.163:9618?addrs=188.185.195.163-9618+[2001-1458-303-22--100-9f]-9618&alias=b9p17p2339.cern.ch&noUDP&sock=slot1_22_4803_e5dc_24637>
...
040 (7944174.137.000) 07/08 17:58:03 Finished transferring input files
...
001 (7944174.137.000) 07/08 17:58:03 Job executing on host: <188.185.195.163:9618?addrs=188.185.195.163-9618+[2001-1458-303-22--100-9f]-9618&alias=b9p17p2339.cern.ch&noUDP&sock=startd_4208_ea9d>
	SlotName: slot1_22@b9p17p2339.cern.ch
	CondorScratchDir = "/pool/condor/dir_3314582"
	Cpus = 1
	Disk = 10009980
	GPUs = 0
	Memory = 3000
...
040 (7944174.137.000) 07/08 17:58:27 Started transferring output files
...
040 (7944174.137.000) 07/08 17:58:27 Finished transferring output files
...
012 (7944174.137.000) 07/08 17:58:27 Job was held.
	Job held by ON_EXIT_HOLD due to exit code 1.
	Code 3 Subcode 0
...
