000 (7944174.138.000) 07/08 17:29:05 Job submitted from host: <188.185.16.120:9618?addrs=188.185.16.120-9618+[2001-1458-d00-65--100-39b]-9618&alias=bigbird27.cern.ch&noUDP&sock=schedd_4465_3274>
...
040 (7944174.138.000) 07/08 17:31:56 Started transferring input files
	Transferring to host: <188.185.210.95:9618?addrs=188.185.210.95-9618+[2001-1458-303-1--100-5b]-9618&alias=b9p21p1730.cern.ch&noUDP&sock=slot1_26_8387_266e_40639>
...
040 (7944174.138.000) 07/08 17:31:56 Finished transferring input files
...
001 (7944174.138.000) 07/08 17:31:56 Job executing on host: <188.185.210.95:9618?addrs=188.185.210.95-9618+[2001-1458-303-1--100-5b]-9618&alias=b9p21p1730.cern.ch&noUDP&sock=startd_8317_5944>
	SlotName: slot1_26@b9p21p1730.cern.ch
	CondorScratchDir = "/pool/condor/dir_2966915"
	Cpus = 1
	Disk = 10003050
	GPUs = 0
	Memory = 3000
...
006 (7944174.138.000) 07/08 17:32:05 Image size of job updated: 49460
	49  -  MemoryUsage of job (MB)
	49460  -  ResidentSetSize of job (KB)
...
006 (7944174.138.000) 07/08 17:32:47 Image size of job updated: 425104
	416  -  MemoryUsage of job (MB)
	425104  -  ResidentSetSize of job (KB)
...
040 (7944174.138.000) 07/08 17:32:47 Started transferring output files
...
040 (7944174.138.000) 07/08 17:32:47 Finished transferring output files
...
012 (7944174.138.000) 07/08 17:32:47 Job was held.
	Job held by ON_EXIT_HOLD due to exit code 1.
	Code 3 Subcode 0
...
013 (7944174.138.000) 07/08 17:43:33 Job was released.
	The job attribute PeriodicRelease expression '(NumJobStarts < 3) && ((CurrentTime - EnteredCurrentStatus) > 10 * 60)' evaluated to TRUE
...
040 (7944174.138.000) 07/08 17:44:36 Started transferring input files
	Transferring to host: <188.185.210.145:9618?addrs=188.185.210.145-9618+[2001-1458-303-15--100-d]-9618&alias=b9p22p1386.cern.ch&noUDP&sock=slot1_14_818205_30d1_22774>
...
040 (7944174.138.000) 07/08 17:44:36 Finished transferring input files
...
001 (7944174.138.000) 07/08 17:44:36 Job executing on host: <188.185.210.145:9618?addrs=188.185.210.145-9618+[2001-1458-303-15--100-d]-9618&alias=b9p22p1386.cern.ch&noUDP&sock=startd_818131_652f>
	SlotName: slot1_14@b9p22p1386.cern.ch
	CondorScratchDir = "/pool/condor/dir_91182"
	Cpus = 1
	Disk = 10009055
	GPUs = 0
	Memory = 3000
...
040 (7944174.138.000) 07/08 17:45:03 Started transferring output files
...
040 (7944174.138.000) 07/08 17:45:03 Finished transferring output files
...
012 (7944174.138.000) 07/08 17:45:03 Job was held.
	Job held by ON_EXIT_HOLD due to exit code 1.
	Code 3 Subcode 0
...
013 (7944174.138.000) 07/08 17:55:47 Job was released.
	The job attribute PeriodicRelease expression '(NumJobStarts < 3) && ((CurrentTime - EnteredCurrentStatus) > 10 * 60)' evaluated to TRUE
...
040 (7944174.138.000) 07/08 17:58:04 Started transferring input files
	Transferring to host: <188.185.195.68:9618?addrs=188.185.195.68-9618+[2001-1458-303-22--100-40]-9618&alias=b9p17p8519.cern.ch&noUDP&sock=slot1_24_4799_145c_35998>
...
040 (7944174.138.000) 07/08 17:58:04 Finished transferring input files
...
001 (7944174.138.000) 07/08 17:58:04 Job executing on host: <188.185.195.68:9618?addrs=188.185.195.68-9618+[2001-1458-303-22--100-40]-9618&alias=b9p17p8519.cern.ch&noUDP&sock=startd_3963_dde9>
	SlotName: slot1_24@b9p17p8519.cern.ch
	CondorScratchDir = "/pool/condor/dir_849358"
	Cpus = 1
	Disk = 10003902
	GPUs = 0
	Memory = 3000
...
040 (7944174.138.000) 07/08 17:58:22 Started transferring output files
...
040 (7944174.138.000) 07/08 17:58:22 Finished transferring output files
...
012 (7944174.138.000) 07/08 18:00:55 Job was held.
	Job held by ON_EXIT_HOLD due to exit code 1.
	Code 3 Subcode 0
...
