000 (7944174.139.000) 07/08 17:29:05 Job submitted from host: <188.185.16.120:9618?addrs=188.185.16.120-9618+[2001-1458-d00-65--100-39b]-9618&alias=bigbird27.cern.ch&noUDP&sock=schedd_4465_3274>
...
040 (7944174.139.000) 07/08 17:31:56 Started transferring input files
	Transferring to host: <188.185.192.124:9618?addrs=188.185.192.124-9618+[2001-1458-303-1f--100-78]-9618&alias=b9p13p1594.cern.ch&noUDP&sock=slot1_7_11433_552a_24611>
...
040 (7944174.139.000) 07/08 17:31:56 Finished transferring input files
...
001 (7944174.139.000) 07/08 17:31:56 Job executing on host: <188.185.192.124:9618?addrs=188.185.192.124-9618+[2001-1458-303-1f--100-78]-9618&alias=b9p13p1594.cern.ch&noUDP&sock=startd_9932_1ab7>
	SlotName: slot1_7@b9p13p1594.cern.ch
	CondorScratchDir = "/pool/condor/dir_3194569"
	Cpus = 1
	Disk = 10002714
	GPUs = 0
	Memory = 3000
...
006 (7944174.139.000) 07/08 17:32:10 Image size of job updated: 38772
	38  -  MemoryUsage of job (MB)
	38772  -  ResidentSetSize of job (KB)
...
006 (7944174.139.000) 07/08 17:32:43 Image size of job updated: 214288
	39  -  MemoryUsage of job (MB)
	39136  -  ResidentSetSize of job (KB)
...
040 (7944174.139.000) 07/08 17:32:43 Started transferring output files
...
040 (7944174.139.000) 07/08 17:32:43 Finished transferring output files
...
012 (7944174.139.000) 07/08 17:32:44 Job was held.
	Job held by ON_EXIT_HOLD due to exit code 1.
	Code 3 Subcode 0
...
013 (7944174.139.000) 07/08 17:43:33 Job was released.
	The job attribute PeriodicRelease expression '(NumJobStarts < 3) && ((CurrentTime - EnteredCurrentStatus) > 10 * 60)' evaluated to TRUE
...
040 (7944174.139.000) 07/08 17:44:36 Started transferring input files
	Transferring to host: <188.185.194.115:9618?addrs=188.185.194.115-9618+[2001-1458-303-21--100-6f]-9618&alias=b9p20p3147.cern.ch&noUDP&sock=slot1_4_5847_7d87_24589>
...
040 (7944174.139.000) 07/08 17:44:36 Finished transferring input files
...
001 (7944174.139.000) 07/08 17:44:36 Job executing on host: <188.185.194.115:9618?addrs=188.185.194.115-9618+[2001-1458-303-21--100-6f]-9618&alias=b9p20p3147.cern.ch&noUDP&sock=startd_5314_8a5c>
	SlotName: slot1_4@b9p20p3147.cern.ch
	CondorScratchDir = "/pool/condor/dir_2666776"
	Cpus = 1
	Disk = 10002892
	GPUs = 0
	Memory = 3000
...
040 (7944174.139.000) 07/08 17:45:08 Started transferring output files
...
040 (7944174.139.000) 07/08 17:45:08 Finished transferring output files
...
012 (7944174.139.000) 07/08 17:45:08 Job was held.
	Job held by ON_EXIT_HOLD due to exit code 1.
	Code 3 Subcode 0
...
013 (7944174.139.000) 07/08 17:55:47 Job was released.
	The job attribute PeriodicRelease expression '(NumJobStarts < 3) && ((CurrentTime - EnteredCurrentStatus) > 10 * 60)' evaluated to TRUE
...
040 (7944174.139.000) 07/08 17:58:05 Started transferring input files
	Transferring to host: <188.185.195.88:9618?addrs=188.185.195.88-9618+[2001-1458-303-22--100-54]-9618&alias=b9p17p3263.cern.ch&noUDP&sock=slot1_6_6014_282e_39573>
...
040 (7944174.139.000) 07/08 17:58:05 Finished transferring input files
...
001 (7944174.139.000) 07/08 17:58:05 Job executing on host: <188.185.195.88:9618?addrs=188.185.195.88-9618+[2001-1458-303-22--100-54]-9618&alias=b9p17p3263.cern.ch&noUDP&sock=startd_5263_8f08>
	SlotName: slot1_6@b9p17p3263.cern.ch
	CondorScratchDir = "/pool/condor/dir_2313323"
	Cpus = 1
	Disk = 10004385
	GPUs = 0
	Memory = 3000
...
040 (7944174.139.000) 07/08 18:00:54 Started transferring output files
...
040 (7944174.139.000) 07/08 18:00:59 Finished transferring output files
...
012 (7944174.139.000) 07/08 18:01:01 Job was held.
	Job held by ON_EXIT_HOLD due to exit code 1.
	Code 3 Subcode 0
...
