000 (7944174.014.000) 07/08 17:29:04 Job submitted from host: <188.185.16.120:9618?addrs=188.185.16.120-9618+[2001-1458-d00-65--100-39b]-9618&alias=bigbird27.cern.ch&noUDP&sock=schedd_4465_3274>
...
040 (7944174.014.000) 07/08 17:31:15 Started transferring input files
	Transferring to host: <188.185.208.165:9618?addrs=188.185.208.165-9618+[2001-1458-303-10--100-22]-9618&alias=b9p10p4119.cern.ch&noUDP&sock=slot1_36_9092_e2eb_34436>
...
040 (7944174.014.000) 07/08 17:31:16 Finished transferring input files
...
001 (7944174.014.000) 07/08 17:31:16 Job executing on host: <188.185.208.165:9618?addrs=188.185.208.165-9618+[2001-1458-303-10--100-22]-9618&alias=b9p10p4119.cern.ch&noUDP&sock=startd_9030_684a>
	SlotName: slot1_36@b9p10p4119.cern.ch
	CondorScratchDir = "/pool/condor/dir_2763995"
	Cpus = 1
	Disk = 10002375
	GPUs = 0
	Memory = 3000
...
006 (7944174.014.000) 07/08 17:31:30 Image size of job updated: 38508
	38  -  MemoryUsage of job (MB)
	38508  -  ResidentSetSize of job (KB)
...
006 (7944174.014.000) 07/08 17:32:43 Image size of job updated: 214424
	38  -  MemoryUsage of job (MB)
	38508  -  ResidentSetSize of job (KB)
...
040 (7944174.014.000) 07/08 17:32:43 Started transferring output files
...
040 (7944174.014.000) 07/08 17:32:43 Finished transferring output files
...
012 (7944174.014.000) 07/08 17:32:45 Job was held.
	Job held by ON_EXIT_HOLD due to exit code 1.
	Code 3 Subcode 0
...
013 (7944174.014.000) 07/08 17:43:32 Job was released.
	The job attribute PeriodicRelease expression '(NumJobStarts < 3) && ((CurrentTime - EnteredCurrentStatus) > 10 * 60)' evaluated to TRUE
...
040 (7944174.014.000) 07/08 17:43:59 Started transferring input files
	Transferring to host: <188.185.192.96:9618?addrs=188.185.192.96-9618+[2001-1458-303-1f--100-5c]-9618&alias=b9p13p7489.cern.ch&noUDP&sock=slot1_7_8696_de5b_40017>
...
040 (7944174.014.000) 07/08 17:43:59 Finished transferring input files
...
001 (7944174.014.000) 07/08 17:43:59 Job executing on host: <188.185.192.96:9618?addrs=188.185.192.96-9618+[2001-1458-303-1f--100-5c]-9618&alias=b9p13p7489.cern.ch&noUDP&sock=startd_8208_9571>
	SlotName: slot1_7@b9p13p7489.cern.ch
	CondorScratchDir = "/pool/condor/dir_984147"
	Cpus = 1
	Disk = 10003277
	GPUs = 0
	Memory = 3000
...
006 (7944174.014.000) 07/08 17:44:08 Image size of job updated: 225000
	167  -  MemoryUsage of job (MB)
	170772  -  ResidentSetSize of job (KB)
...
006 (7944174.014.000) 07/08 17:44:12 Image size of job updated: 225000
	168  -  MemoryUsage of job (MB)
	171024  -  ResidentSetSize of job (KB)
...
040 (7944174.014.000) 07/08 17:44:12 Started transferring output files
...
040 (7944174.014.000) 07/08 17:44:12 Finished transferring output files
...
012 (7944174.014.000) 07/08 17:44:12 Job was held.
	Job held by ON_EXIT_HOLD due to exit code 1.
	Code 3 Subcode 0
...
013 (7944174.014.000) 07/08 17:55:47 Job was released.
	The job attribute PeriodicRelease expression '(NumJobStarts < 3) && ((CurrentTime - EnteredCurrentStatus) > 10 * 60)' evaluated to TRUE
...
040 (7944174.014.000) 07/08 17:57:27 Started transferring input files
	Transferring to host: <128.142.161.72:9618?addrs=128.142.161.72-9618+[2001-1458-301-b8--100-6]-9618&alias=b9g03p4300.cern.ch&noUDP&sock=slot1_3_2083824_44fb_20165>
...
040 (7944174.014.000) 07/08 17:57:28 Finished transferring input files
...
001 (7944174.014.000) 07/08 17:57:28 Job executing on host: <128.142.161.72:9618?addrs=128.142.161.72-9618+[2001-1458-301-b8--100-6]-9618&alias=b9g03p4300.cern.ch&noUDP&sock=startd_2083756_e005>
	SlotName: slot1_3@b9g03p4300.cern.ch
	CondorScratchDir = "/pool/condor/dir_2348817"
	Cpus = 1
	Disk = 10003263
	GPUs = 0
	Memory = 3000
...
040 (7944174.014.000) 07/08 17:58:04 Started transferring output files
...
040 (7944174.014.000) 07/08 17:58:04 Finished transferring output files
...
012 (7944174.014.000) 07/08 17:58:04 Job was held.
	Job held by ON_EXIT_HOLD due to exit code 1.
	Code 3 Subcode 0
...
