000 (7944174.140.000) 07/08 17:29:05 Job submitted from host: <188.185.16.120:9618?addrs=188.185.16.120-9618+[2001-1458-d00-65--100-39b]-9618&alias=bigbird27.cern.ch&noUDP&sock=schedd_4465_3274>
...
040 (7944174.140.000) 07/08 17:31:57 Started transferring input files
	Transferring to host: <188.185.194.134:9618?addrs=188.185.194.134-9618+[2001-1458-303-21--100-82]-9618&alias=b9p20p3793.cern.ch&noUDP&sock=slot1_30_6114_9db2_22223>
...
040 (7944174.140.000) 07/08 17:31:58 Finished transferring input files
...
001 (7944174.140.000) 07/08 17:31:58 Job executing on host: <188.185.194.134:9618?addrs=188.185.194.134-9618+[2001-1458-303-21--100-82]-9618&alias=b9p20p3793.cern.ch&noUDP&sock=startd_5801_94fb>
	SlotName: slot1_30@b9p20p3793.cern.ch
	CondorScratchDir = "/pool/condor/dir_661600"
	Cpus = 1
	Disk = 10002863
	GPUs = 0
	Memory = 3000
...
006 (7944174.140.000) 07/08 17:32:11 Image size of job updated: 21484
	17  -  MemoryUsage of job (MB)
	17408  -  ResidentSetSize of job (KB)
...
006 (7944174.140.000) 07/08 17:32:43 Image size of job updated: 199888
	17  -  MemoryUsage of job (MB)
	17408  -  ResidentSetSize of job (KB)
...
040 (7944174.140.000) 07/08 17:32:43 Started transferring output files
...
040 (7944174.140.000) 07/08 17:32:43 Finished transferring output files
...
012 (7944174.140.000) 07/08 17:32:44 Job was held.
	Job held by ON_EXIT_HOLD due to exit code 1.
	Code 3 Subcode 0
...
013 (7944174.140.000) 07/08 17:43:33 Job was released.
	The job attribute PeriodicRelease expression '(NumJobStarts < 3) && ((CurrentTime - EnteredCurrentStatus) > 10 * 60)' evaluated to TRUE
...
040 (7944174.140.000) 07/08 17:44:37 Started transferring input files
	Transferring to host: <188.185.193.15:9618?addrs=188.185.193.15-9618+[2001-1458-303-20--100-b]-9618&alias=b9p19p1806.cern.ch&noUDP&sock=slot1_1_2840004_7c99_22710>
...
040 (7944174.140.000) 07/08 17:44:37 Finished transferring input files
...
001 (7944174.140.000) 07/08 17:44:37 Job executing on host: <188.185.193.15:9618?addrs=188.185.193.15-9618+[2001-1458-303-20--100-b]-9618&alias=b9p19p1806.cern.ch&noUDP&sock=startd_2839943_4299>
	SlotName: slot1_1@b9p19p1806.cern.ch
	CondorScratchDir = "/pool/condor/dir_1946152"
	Cpus = 1
	Disk = 10002321
	GPUs = 0
	Memory = 3000
...
006 (7944174.140.000) 07/08 17:44:51 Image size of job updated: 200000
	36  -  MemoryUsage of job (MB)
	36732  -  ResidentSetSize of job (KB)
...
006 (7944174.140.000) 07/08 17:45:12 Image size of job updated: 200000
	36  -  MemoryUsage of job (MB)
	36828  -  ResidentSetSize of job (KB)
...
040 (7944174.140.000) 07/08 17:45:12 Started transferring output files
...
040 (7944174.140.000) 07/08 17:45:12 Finished transferring output files
...
012 (7944174.140.000) 07/08 17:45:12 Job was held.
	Job held by ON_EXIT_HOLD due to exit code 1.
	Code 3 Subcode 0
...
013 (7944174.140.000) 07/08 17:55:47 Job was released.
	The job attribute PeriodicRelease expression '(NumJobStarts < 3) && ((CurrentTime - EnteredCurrentStatus) > 10 * 60)' evaluated to TRUE
...
040 (7944174.140.000) 07/08 17:58:04 Started transferring input files
	Transferring to host: <188.185.193.57:9618?addrs=188.185.193.57-9618+[2001-1458-303-20--100-35]-9618&alias=b9p19p4256.cern.ch&noUDP&sock=slot1_22_2114297_4132_22764>
...
040 (7944174.140.000) 07/08 17:58:04 Finished transferring input files
...
001 (7944174.140.000) 07/08 17:58:04 Job executing on host: <188.185.193.57:9618?addrs=188.185.193.57-9618+[2001-1458-303-20--100-35]-9618&alias=b9p19p4256.cern.ch&noUDP&sock=startd_2114259_655d>
	SlotName: slot1_22@b9p19p4256.cern.ch
	CondorScratchDir = "/pool/condor/dir_733455"
	Cpus = 1
	Disk = 10003532
	GPUs = 0
	Memory = 3000
...
006 (7944174.140.000) 07/08 17:58:18 Image size of job updated: 200000
	85  -  MemoryUsage of job (MB)
	87024  -  ResidentSetSize of job (KB)
...
006 (7944174.140.000) 07/08 17:58:24 Image size of job updated: 200000
	87  -  MemoryUsage of job (MB)
	88220  -  ResidentSetSize of job (KB)
...
040 (7944174.140.000) 07/08 17:58:24 Started transferring output files
...
040 (7944174.140.000) 07/08 17:58:24 Finished transferring output files
...
012 (7944174.140.000) 07/08 17:58:24 Job was held.
	Job held by ON_EXIT_HOLD due to exit code 1.
	Code 3 Subcode 0
...
