000 (7944174.141.000) 07/08 17:29:05 Job submitted from host: <188.185.16.120:9618?addrs=188.185.16.120-9618+[2001-1458-d00-65--100-39b]-9618&alias=bigbird27.cern.ch&noUDP&sock=schedd_4465_3274>
...
040 (7944174.141.000) 07/08 17:34:46 Started transferring input files
	Transferring to host: <188.185.215.37:9618?addrs=188.185.215.37-9618+[2001-1458-303-1e--100-21]-9618&alias=b9p31p9311.cern.ch&noUDP&sock=slot1_2_8409_a6af_38856>
...
040 (7944174.141.000) 07/08 17:34:47 Finished transferring input files
...
001 (7944174.141.000) 07/08 17:34:47 Job executing on host: <188.185.215.37:9618?addrs=188.185.215.37-9618+[2001-1458-303-1e--100-21]-9618&alias=b9p31p9311.cern.ch&noUDP&sock=startd_8289_249d>
	SlotName: slot1_2@b9p31p9311.cern.ch
	CondorScratchDir = "/pool/condor/dir_3284152"
	Cpus = 1
	Disk = 10000314
	GPUs = 0
	Memory = 3000
...
006 (7944174.141.000) 07/08 17:34:55 Image size of job updated: 81576
	80  -  MemoryUsage of job (MB)
	81576  -  ResidentSetSize of job (KB)
...
006 (7944174.141.000) 07/08 17:35:01 Image size of job updated: 81576
	84  -  MemoryUsage of job (MB)
	85100  -  ResidentSetSize of job (KB)
...
040 (7944174.141.000) 07/08 17:35:01 Started transferring output files
...
040 (7944174.141.000) 07/08 17:35:01 Finished transferring output files
...
012 (7944174.141.000) 07/08 17:35:01 Job was held.
	Job held by ON_EXIT_HOLD due to exit code 1.
	Code 3 Subcode 0
...
013 (7944174.141.000) 07/08 17:46:02 Job was released.
	The job attribute PeriodicRelease expression '(NumJobStarts < 3) && ((CurrentTime - EnteredCurrentStatus) > 10 * 60)' evaluated to TRUE
...
040 (7944174.141.000) 07/08 17:46:26 Started transferring input files
	Transferring to host: <188.184.185.100:9618?addrs=188.184.185.100-9618+[2001-1458-301-52--100-63]-9618&alias=b9g37p3129.cern.ch&noUDP&sock=slot1_19_3853606_ca5b_58232>
...
040 (7944174.141.000) 07/08 17:46:27 Finished transferring input files
...
001 (7944174.141.000) 07/08 17:46:27 Job executing on host: <188.184.185.100:9618?addrs=188.184.185.100-9618+[2001-1458-301-52--100-63]-9618&alias=b9g37p3129.cern.ch&noUDP&sock=startd_3898_4841>
	SlotName: slot1_19@b9g37p3129.cern.ch
	CondorScratchDir = "/pool/condor/dir_2250950"
	Cpus = 1
	Disk = 10003419
	GPUs = 0
	Memory = 3000
...
040 (7944174.141.000) 07/08 17:46:43 Started transferring output files
...
040 (7944174.141.000) 07/08 17:46:43 Finished transferring output files
...
012 (7944174.141.000) 07/08 17:46:43 Job was held.
	Job held by ON_EXIT_HOLD due to exit code 1.
	Code 3 Subcode 0
...
013 (7944174.141.000) 07/08 17:58:12 Job was released.
	The job attribute PeriodicRelease expression '(NumJobStarts < 3) && ((CurrentTime - EnteredCurrentStatus) > 10 * 60)' evaluated to TRUE
...
040 (7944174.141.000) 07/08 18:07:40 Started transferring input files
	Transferring to host: <188.185.213.224:9618?addrs=188.185.213.224-9618+[2001-1458-303-1b--100-5c]-9618&alias=b9p28p2561.cern.ch&noUDP&sock=slot1_20_549452_63c0_26227>
...
040 (7944174.141.000) 07/08 18:07:41 Finished transferring input files
...
001 (7944174.141.000) 07/08 18:07:41 Job executing on host: <188.185.213.224:9618?addrs=188.185.213.224-9618+[2001-1458-303-1b--100-5c]-9618&alias=b9p28p2561.cern.ch&noUDP&sock=startd_549367_a566>
	SlotName: slot1_20@b9p28p2561.cern.ch
	CondorScratchDir = "/pool/condor/dir_718432"
	Cpus = 1
	Disk = 10004812
	GPUs = 0
	Memory = 3000
...
006 (7944174.141.000) 07/08 18:08:09 Image size of job updated: 426144
	417  -  MemoryUsage of job (MB)
	426144  -  ResidentSetSize of job (KB)
...
040 (7944174.141.000) 07/08 18:08:09 Started transferring output files
...
040 (7944174.141.000) 07/08 18:08:09 Finished transferring output files
...
012 (7944174.141.000) 07/08 18:08:09 Job was held.
	Job held by ON_EXIT_HOLD due to exit code 1.
	Code 3 Subcode 0
...
