000 (7944174.142.000) 07/08 17:29:05 Job submitted from host: <188.185.16.120:9618?addrs=188.185.16.120-9618+[2001-1458-d00-65--100-39b]-9618&alias=bigbird27.cern.ch&noUDP&sock=schedd_4465_3274>
...
040 (7944174.142.000) 07/08 17:31:57 Started transferring input files
	Transferring to host: <188.185.211.138:9618?addrs=188.185.211.138-9618+[2001-1458-303-17--100-6]-9618&alias=b9p24p4307.cern.ch&noUDP&sock=slot1_24_8391_f7ee_39826>
...
040 (7944174.142.000) 07/08 17:31:58 Finished transferring input files
...
001 (7944174.142.000) 07/08 17:31:58 Job executing on host: <188.185.211.138:9618?addrs=188.185.211.138-9618+[2001-1458-303-17--100-6]-9618&alias=b9p24p4307.cern.ch&noUDP&sock=startd_8259_90c6>
	SlotName: slot1_24@b9p24p4307.cern.ch
	CondorScratchDir = "/pool/condor/dir_1953719"
	Cpus = 1
	Disk = 10003447
	GPUs = 0
	Memory = 3000
...
006 (7944174.142.000) 07/08 17:32:07 Image size of job updated: 56880
	56  -  MemoryUsage of job (MB)
	56880  -  ResidentSetSize of job (KB)
...
006 (7944174.142.000) 07/08 17:32:43 Image size of job updated: 425096
	416  -  MemoryUsage of job (MB)
	425096  -  ResidentSetSize of job (KB)
...
040 (7944174.142.000) 07/08 17:32:43 Started transferring output files
...
040 (7944174.142.000) 07/08 17:32:43 Finished transferring output files
...
012 (7944174.142.000) 07/08 17:32:45 Job was held.
	Job held by ON_EXIT_HOLD due to exit code 1.
	Code 3 Subcode 0
...
013 (7944174.142.000) 07/08 17:43:33 Job was released.
	The job attribute PeriodicRelease expression '(NumJobStarts < 3) && ((CurrentTime - EnteredCurrentStatus) > 10 * 60)' evaluated to TRUE
...
040 (7944174.142.000) 07/08 17:44:38 Started transferring input files
	Transferring to host: <188.185.212.80:9618?addrs=188.185.212.80-9618+[2001-1458-303-18--100-4c]-9618&alias=b9p25p2866.cern.ch&noUDP&sock=slot1_14_1490798_ce08_22924>
...
040 (7944174.142.000) 07/08 17:44:39 Finished transferring input files
...
001 (7944174.142.000) 07/08 17:44:39 Job executing on host: <188.185.212.80:9618?addrs=188.185.212.80-9618+[2001-1458-303-18--100-4c]-9618&alias=b9p25p2866.cern.ch&noUDP&sock=startd_8173_93a0>
	SlotName: slot1_14@b9p25p2866.cern.ch
	CondorScratchDir = "/pool/condor/dir_1782546"
	Cpus = 1
	Disk = 10003533
	GPUs = 0
	Memory = 3000
...
040 (7944174.142.000) 07/08 17:45:16 Started transferring output files
...
040 (7944174.142.000) 07/08 17:45:16 Finished transferring output files
...
012 (7944174.142.000) 07/08 17:45:16 Job was held.
	Job held by ON_EXIT_HOLD due to exit code 1.
	Code 3 Subcode 0
...
013 (7944174.142.000) 07/08 17:55:47 Job was released.
	The job attribute PeriodicRelease expression '(NumJobStarts < 3) && ((CurrentTime - EnteredCurrentStatus) > 10 * 60)' evaluated to TRUE
...
040 (7944174.142.000) 07/08 17:58:07 Started transferring input files
	Transferring to host: <188.185.195.181:9618?addrs=188.185.195.181-9618+[2001-1458-303-22--100-b1]-9618&alias=b9p17p6154.cern.ch&noUDP&sock=slot1_6_3349348_6981_21862>
...
040 (7944174.142.000) 07/08 17:58:07 Finished transferring input files
...
001 (7944174.142.000) 07/08 17:58:08 Job executing on host: <188.185.195.181:9618?addrs=188.185.195.181-9618+[2001-1458-303-22--100-b1]-9618&alias=b9p17p6154.cern.ch&noUDP&sock=startd_3349287_e0f4>
	SlotName: slot1_6@b9p17p6154.cern.ch
	CondorScratchDir = "/pool/condor/dir_1675709"
	Cpus = 1
	Disk = 10003687
	GPUs = 0
	Memory = 3000
...
040 (7944174.142.000) 07/08 18:01:32 Started transferring output files
...
040 (7944174.142.000) 07/08 18:01:32 Finished transferring output files
...
012 (7944174.142.000) 07/08 18:01:32 Job was held.
	Job held by ON_EXIT_HOLD due to exit code 1.
	Code 3 Subcode 0
...
