000 (7944174.143.000) 07/08 17:29:05 Job submitted from host: <188.185.16.120:9618?addrs=188.185.16.120-9618+[2001-1458-d00-65--100-39b]-9618&alias=bigbird27.cern.ch&noUDP&sock=schedd_4465_3274>
...
040 (7944174.143.000) 07/08 17:34:49 Started transferring input files
	Transferring to host: <128.142.192.203:9618?addrs=128.142.192.203-9618+[2001-1458-301-56--100-47]-9618&alias=b9g18p6199.cern.ch&noUDP&sock=slot1_41_1662890_2fde_58961>
...
040 (7944174.143.000) 07/08 17:34:50 Finished transferring input files
...
001 (7944174.143.000) 07/08 17:34:50 Job executing on host: <128.142.192.203:9618?addrs=128.142.192.203-9618+[2001-1458-301-56--100-47]-9618&alias=b9g18p6199.cern.ch&noUDP&sock=startd_5496_6099>
	SlotName: slot1_41@b9g18p6199.cern.ch
	CondorScratchDir = "/pool/condor/dir_1978465"
	Cpus = 1
	Disk = 10024601
	GPUs = 0
	Memory = 3000
...
006 (7944174.143.000) 07/08 17:35:04 Image size of job updated: 83364
	82  -  MemoryUsage of job (MB)
	83364  -  ResidentSetSize of job (KB)
...
006 (7944174.143.000) 07/08 17:35:11 Image size of job updated: 209120
	83  -  MemoryUsage of job (MB)
	84988  -  ResidentSetSize of job (KB)
...
040 (7944174.143.000) 07/08 17:35:12 Started transferring output files
...
040 (7944174.143.000) 07/08 17:35:12 Finished transferring output files
...
012 (7944174.143.000) 07/08 17:35:12 Job was held.
	Job held by ON_EXIT_HOLD due to exit code 1.
	Code 3 Subcode 0
...
013 (7944174.143.000) 07/08 17:46:02 Job was released.
	The job attribute PeriodicRelease expression '(NumJobStarts < 3) && ((CurrentTime - EnteredCurrentStatus) > 10 * 60)' evaluated to TRUE
...
040 (7944174.143.000) 07/08 17:46:27 Started transferring input files
	Transferring to host: <188.185.193.71:9618?addrs=188.185.193.71-9618+[2001-1458-303-20--100-43]-9618&alias=b9p19p3621.cern.ch&noUDP&sock=slot1_29_2445702_0eb7_17827>
...
040 (7944174.143.000) 07/08 17:46:27 Finished transferring input files
...
001 (7944174.143.000) 07/08 17:46:28 Job executing on host: <188.185.193.71:9618?addrs=188.185.193.71-9618+[2001-1458-303-20--100-43]-9618&alias=b9p19p3621.cern.ch&noUDP&sock=startd_2445593_f5f5>
	SlotName: slot1_29@b9p19p3621.cern.ch
	CondorScratchDir = "/pool/condor/dir_3012138"
	Cpus = 1
	Disk = 10002953
	GPUs = 0
	Memory = 3000
...
040 (7944174.143.000) 07/08 17:47:02 Started transferring output files
...
040 (7944174.143.000) 07/08 17:47:02 Finished transferring output files
...
012 (7944174.143.000) 07/08 17:47:02 Job was held.
	Job held by ON_EXIT_HOLD due to exit code 1.
	Code 3 Subcode 0
...
013 (7944174.143.000) 07/08 17:58:12 Job was released.
	The job attribute PeriodicRelease expression '(NumJobStarts < 3) && ((CurrentTime - EnteredCurrentStatus) > 10 * 60)' evaluated to TRUE
...
040 (7944174.143.000) 07/08 18:01:15 Started transferring input files
	Transferring to host: <188.185.215.145:9618?addrs=188.185.215.145-9618+[2001-1458-303-26--100-d]-9618&alias=b9p18p5150.cern.ch&noUDP&sock=slot1_18_6112_34f2_35606>
...
040 (7944174.143.000) 07/08 18:01:16 Finished transferring input files
...
001 (7944174.143.000) 07/08 18:01:16 Job executing on host: <188.185.215.145:9618?addrs=188.185.215.145-9618+[2001-1458-303-26--100-d]-9618&alias=b9p18p5150.cern.ch&noUDP&sock=startd_6064_fa64>
	SlotName: slot1_18@b9p18p5150.cern.ch
	CondorScratchDir = "/pool/condor/dir_2212001"
	Cpus = 1
	Disk = 10000833
	GPUs = 0
	Memory = 3000
...
040 (7944174.143.000) 07/08 18:01:40 Started transferring output files
...
040 (7944174.143.000) 07/08 18:01:40 Finished transferring output files
...
012 (7944174.143.000) 07/08 18:01:40 Job was held.
	Job held by ON_EXIT_HOLD due to exit code 1.
	Code 3 Subcode 0
...
