000 (7944174.144.000) 07/08 17:29:05 Job submitted from host: <188.185.16.120:9618?addrs=188.185.16.120-9618+[2001-1458-d00-65--100-39b]-9618&alias=bigbird27.cern.ch&noUDP&sock=schedd_4465_3274>
...
040 (7944174.144.000) 07/08 17:31:58 Started transferring input files
	Transferring to host: <188.185.198.125:9618?addrs=188.185.198.125-9618+[2001-1458-303-25--100-79]-9618&alias=b9p15p7730.cern.ch&noUDP&sock=slot1_18_6387_f81d_34695>
...
040 (7944174.144.000) 07/08 17:31:59 Finished transferring input files
...
001 (7944174.144.000) 07/08 17:31:59 Job executing on host: <188.185.198.125:9618?addrs=188.185.198.125-9618+[2001-1458-303-25--100-79]-9618&alias=b9p15p7730.cern.ch&noUDP&sock=startd_5553_797f>
	SlotName: slot1_18@b9p15p7730.cern.ch
	CondorScratchDir = "/pool/condor/dir_3824639"
	Cpus = 1
	Disk = 10002200
	GPUs = 0
	Memory = 3000
...
006 (7944174.144.000) 07/08 17:32:08 Image size of job updated: 111056
	109  -  MemoryUsage of job (MB)
	111056  -  ResidentSetSize of job (KB)
...
006 (7944174.144.000) 07/08 17:32:17 Image size of job updated: 423424
	414  -  MemoryUsage of job (MB)
	423424  -  ResidentSetSize of job (KB)
...
040 (7944174.144.000) 07/08 17:32:17 Started transferring output files
...
040 (7944174.144.000) 07/08 17:32:17 Finished transferring output files
...
012 (7944174.144.000) 07/08 17:32:17 Job was held.
	Job held by ON_EXIT_HOLD due to exit code 1.
	Code 3 Subcode 0
...
013 (7944174.144.000) 07/08 17:43:33 Job was released.
	The job attribute PeriodicRelease expression '(NumJobStarts < 3) && ((CurrentTime - EnteredCurrentStatus) > 10 * 60)' evaluated to TRUE
...
040 (7944174.144.000) 07/08 17:44:36 Started transferring input files
	Transferring to host: <188.185.214.137:9618?addrs=188.185.214.137-9618+[2001-1458-303-1d--100-5]-9618&alias=b9p30p9946.cern.ch&noUDP&sock=slot1_28_8442_e710_41364>
...
040 (7944174.144.000) 07/08 17:44:36 Finished transferring input files
...
001 (7944174.144.000) 07/08 17:44:37 Job executing on host: <188.185.214.137:9618?addrs=188.185.214.137-9618+[2001-1458-303-1d--100-5]-9618&alias=b9p30p9946.cern.ch&noUDP&sock=startd_8387_5ce5>
	SlotName: slot1_28@b9p30p9946.cern.ch
	CondorScratchDir = "/pool/condor/dir_1347558"
	Cpus = 1
	Disk = 10003022
	GPUs = 0
	Memory = 3000
...
040 (7944174.144.000) 07/08 17:44:52 Started transferring output files
...
040 (7944174.144.000) 07/08 17:44:52 Finished transferring output files
...
012 (7944174.144.000) 07/08 17:44:52 Job was held.
	Job held by ON_EXIT_HOLD due to exit code 1.
	Code 3 Subcode 0
...
013 (7944174.144.000) 07/08 17:55:47 Job was released.
	The job attribute PeriodicRelease expression '(NumJobStarts < 3) && ((CurrentTime - EnteredCurrentStatus) > 10 * 60)' evaluated to TRUE
...
040 (7944174.144.000) 07/08 18:07:39 Started transferring input files
	Transferring to host: <188.185.210.24:9618?addrs=188.185.210.24-9618+[2001-1458-303-1--100-14]-9618&alias=b9p21p2243.cern.ch&noUDP&sock=slot1_9_6484_5081_46890>
...
040 (7944174.144.000) 07/08 18:07:40 Finished transferring input files
...
001 (7944174.144.000) 07/08 18:07:40 Job executing on host: <188.185.210.24:9618?addrs=188.185.210.24-9618+[2001-1458-303-1--100-14]-9618&alias=b9p21p2243.cern.ch&noUDP&sock=startd_6103_ba95>
	SlotName: slot1_9@b9p21p2243.cern.ch
	CondorScratchDir = "/pool/condor/dir_2796193"
	Cpus = 1
	Disk = 10000158
	GPUs = 0
	Memory = 3000
...
040 (7944174.144.000) 07/08 18:07:59 Started transferring output files
...
040 (7944174.144.000) 07/08 18:07:59 Finished transferring output files
...
012 (7944174.144.000) 07/08 18:07:59 Job was held.
	Job held by ON_EXIT_HOLD due to exit code 1.
	Code 3 Subcode 0
...
