000 (7944174.147.000) 07/08 17:29:05 Job submitted from host: <188.185.16.120:9618?addrs=188.185.16.120-9618+[2001-1458-d00-65--100-39b]-9618&alias=bigbird27.cern.ch&noUDP&sock=schedd_4465_3274>
...
040 (7944174.147.000) 07/08 17:31:59 Started transferring input files
	Transferring to host: <188.185.196.80:9618?addrs=188.185.196.80-9618+[2001-1458-303-23--100-4c]-9618&alias=b9p16p2593.cern.ch&noUDP&sock=slot1_20_8618_e918_38604>
...
040 (7944174.147.000) 07/08 17:31:59 Finished transferring input files
...
001 (7944174.147.000) 07/08 17:31:59 Job executing on host: <188.185.196.80:9618?addrs=188.185.196.80-9618+[2001-1458-303-23--100-4c]-9618&alias=b9p16p2593.cern.ch&noUDP&sock=startd_8156_ea84>
	SlotName: slot1_20@b9p16p2593.cern.ch
	CondorScratchDir = "/pool/condor/dir_2927126"
	Cpus = 1
	Disk = 10002505
	GPUs = 0
	Memory = 3000
...
006 (7944174.147.000) 07/08 17:32:08 Image size of job updated: 56292
	55  -  MemoryUsage of job (MB)
	56292  -  ResidentSetSize of job (KB)
...
006 (7944174.147.000) 07/08 17:32:43 Image size of job updated: 421988
	413  -  MemoryUsage of job (MB)
	421988  -  ResidentSetSize of job (KB)
...
040 (7944174.147.000) 07/08 17:32:43 Started transferring output files
...
040 (7944174.147.000) 07/08 17:32:43 Finished transferring output files
...
012 (7944174.147.000) 07/08 17:32:45 Job was held.
	Job held by ON_EXIT_HOLD due to exit code 1.
	Code 3 Subcode 0
...
013 (7944174.147.000) 07/08 17:43:33 Job was released.
	The job attribute PeriodicRelease expression '(NumJobStarts < 3) && ((CurrentTime - EnteredCurrentStatus) > 10 * 60)' evaluated to TRUE
...
040 (7944174.147.000) 07/08 17:44:37 Started transferring input files
	Transferring to host: <188.185.210.192:9618?addrs=188.185.210.192-9618+[2001-1458-303-15--100-3c]-9618&alias=b9p22p1435.cern.ch&noUDP&sock=slot1_14_8398_e68f_39517>
...
040 (7944174.147.000) 07/08 17:44:37 Finished transferring input files
...
001 (7944174.147.000) 07/08 17:44:37 Job executing on host: <188.185.210.192:9618?addrs=188.185.210.192-9618+[2001-1458-303-15--100-3c]-9618&alias=b9p22p1435.cern.ch&noUDP&sock=startd_8342_7f22>
	SlotName: slot1_14@b9p22p1435.cern.ch
	CondorScratchDir = "/pool/condor/dir_2627422"
	Cpus = 1
	Disk = 10003051
	GPUs = 0
	Memory = 3000
...
040 (7944174.147.000) 07/08 17:44:49 Started transferring output files
...
040 (7944174.147.000) 07/08 17:44:49 Finished transferring output files
...
012 (7944174.147.000) 07/08 17:44:50 Job was held.
	Job held by ON_EXIT_HOLD due to exit code 1.
	Code 3 Subcode 0
...
013 (7944174.147.000) 07/08 17:55:47 Job was released.
	The job attribute PeriodicRelease expression '(NumJobStarts < 3) && ((CurrentTime - EnteredCurrentStatus) > 10 * 60)' evaluated to TRUE
...
040 (7944174.147.000) 07/08 17:58:07 Started transferring input files
	Transferring to host: <188.185.194.22:9618?addrs=188.185.194.22-9618+[2001-1458-303-21--100-12]-9618&alias=b9p20p0210.cern.ch&noUDP&sock=slot1_11_11535_336e_24250>
...
040 (7944174.147.000) 07/08 17:58:08 Finished transferring input files
...
001 (7944174.147.000) 07/08 17:58:08 Job executing on host: <188.185.194.22:9618?addrs=188.185.194.22-9618+[2001-1458-303-21--100-12]-9618&alias=b9p20p0210.cern.ch&noUDP&sock=startd_10756_4cc1>
	SlotName: slot1_11@b9p20p0210.cern.ch
	CondorScratchDir = "/pool/condor/dir_4073201"
	Cpus = 1
	Disk = 10003423
	GPUs = 0
	Memory = 3000
...
040 (7944174.147.000) 07/08 18:00:55 Started transferring output files
...
040 (7944174.147.000) 07/08 18:00:59 Finished transferring output files
...
012 (7944174.147.000) 07/08 18:01:02 Job was held.
	Job held by ON_EXIT_HOLD due to exit code 1.
	Code 3 Subcode 0
...
