000 (7944174.015.000) 07/08 17:29:04 Job submitted from host: <188.185.16.120:9618?addrs=188.185.16.120-9618+[2001-1458-d00-65--100-39b]-9618&alias=bigbird27.cern.ch&noUDP&sock=schedd_4465_3274>
...
040 (7944174.015.000) 07/08 17:31:15 Started transferring input files
	Transferring to host: <188.185.194.12:9618?addrs=188.185.194.12-9618+[2001-1458-303-21--100-8]-9618&alias=b9p20p1332.cern.ch&noUDP&sock=slot1_19_5533_3fba_23712>
...
040 (7944174.015.000) 07/08 17:31:16 Finished transferring input files
...
001 (7944174.015.000) 07/08 17:31:16 Job executing on host: <188.185.194.12:9618?addrs=188.185.194.12-9618+[2001-1458-303-21--100-8]-9618&alias=b9p20p1332.cern.ch&noUDP&sock=startd_4985_dfb4>
	SlotName: slot1_19@b9p20p1332.cern.ch
	CondorScratchDir = "/pool/condor/dir_2541453"
	Cpus = 1
	Disk = 10003206
	GPUs = 0
	Memory = 3000
...
006 (7944174.015.000) 07/08 17:31:30 Image size of job updated: 28308
	25  -  MemoryUsage of job (MB)
	25380  -  ResidentSetSize of job (KB)
...
006 (7944174.015.000) 07/08 17:32:42 Image size of job updated: 203660
	25  -  MemoryUsage of job (MB)
	25380  -  ResidentSetSize of job (KB)
...
040 (7944174.015.000) 07/08 17:32:42 Started transferring output files
...
040 (7944174.015.000) 07/08 17:32:42 Finished transferring output files
...
012 (7944174.015.000) 07/08 17:32:43 Job was held.
	Job held by ON_EXIT_HOLD due to exit code 1.
	Code 3 Subcode 0
...
013 (7944174.015.000) 07/08 17:43:32 Job was released.
	The job attribute PeriodicRelease expression '(NumJobStarts < 3) && ((CurrentTime - EnteredCurrentStatus) > 10 * 60)' evaluated to TRUE
...
040 (7944174.015.000) 07/08 17:44:01 Started transferring input files
	Transferring to host: <188.185.196.84:9618?addrs=188.185.196.84-9618+[2001-1458-303-23--100-50]-9618&alias=b9p16p0283.cern.ch&noUDP&sock=slot1_12_2973642_8c13_16346>
...
040 (7944174.015.000) 07/08 17:44:01 Finished transferring input files
...
001 (7944174.015.000) 07/08 17:44:01 Job executing on host: <188.185.196.84:9618?addrs=188.185.196.84-9618+[2001-1458-303-23--100-50]-9618&alias=b9p16p0283.cern.ch&noUDP&sock=startd_5650_022e>
	SlotName: slot1_12@b9p16p0283.cern.ch
	CondorScratchDir = "/pool/condor/dir_3658789"
	Cpus = 1
	Disk = 10002699
	GPUs = 0
	Memory = 3000
...
006 (7944174.015.000) 07/08 17:44:15 Image size of job updated: 225000
	34  -  MemoryUsage of job (MB)
	33900  -  ResidentSetSize of job (KB)
...
006 (7944174.015.000) 07/08 17:44:37 Image size of job updated: 225000
	34  -  MemoryUsage of job (MB)
	34132  -  ResidentSetSize of job (KB)
...
040 (7944174.015.000) 07/08 17:44:37 Started transferring output files
...
040 (7944174.015.000) 07/08 17:44:37 Finished transferring output files
...
012 (7944174.015.000) 07/08 17:44:37 Job was held.
	Job held by ON_EXIT_HOLD due to exit code 1.
	Code 3 Subcode 0
...
013 (7944174.015.000) 07/08 17:55:47 Job was released.
	The job attribute PeriodicRelease expression '(NumJobStarts < 3) && ((CurrentTime - EnteredCurrentStatus) > 10 * 60)' evaluated to TRUE
...
040 (7944174.015.000) 07/08 17:57:27 Started transferring input files
	Transferring to host: <188.185.193.138:9618?addrs=188.185.193.138-9618+[2001-1458-303-20--100-86]-9618&alias=b9p19p7414.cern.ch&noUDP&sock=slot1_13_4545_1d12_24758>
...
040 (7944174.015.000) 07/08 17:57:28 Finished transferring input files
...
001 (7944174.015.000) 07/08 17:57:28 Job executing on host: <188.185.193.138:9618?addrs=188.185.193.138-9618+[2001-1458-303-20--100-86]-9618&alias=b9p19p7414.cern.ch&noUDP&sock=startd_3963_dde9>
	SlotName: slot1_13@b9p19p7414.cern.ch
	CondorScratchDir = "/pool/condor/dir_1035111"
	Cpus = 1
	Disk = 10003238
	GPUs = 0
	Memory = 3000
...
040 (7944174.015.000) 07/08 17:57:55 Started transferring output files
...
040 (7944174.015.000) 07/08 17:57:55 Finished transferring output files
...
012 (7944174.015.000) 07/08 17:57:55 Job was held.
	Job held by ON_EXIT_HOLD due to exit code 1.
	Code 3 Subcode 0
...
