000 (7944174.151.000) 07/08 17:29:05 Job submitted from host: <188.185.16.120:9618?addrs=188.185.16.120-9618+[2001-1458-d00-65--100-39b]-9618&alias=bigbird27.cern.ch&noUDP&sock=schedd_4465_3274>
...
040 (7944174.151.000) 07/08 17:34:05 Started transferring input files
	Transferring to host: <188.185.198.125:9618?addrs=188.185.198.125-9618+[2001-1458-303-25--100-79]-9618&alias=b9p15p7730.cern.ch&noUDP&sock=slot1_18_6387_f81d_34696>
...
040 (7944174.151.000) 07/08 17:34:06 Finished transferring input files
...
001 (7944174.151.000) 07/08 17:34:06 Job executing on host: <188.185.198.125:9618?addrs=188.185.198.125-9618+[2001-1458-303-25--100-79]-9618&alias=b9p15p7730.cern.ch&noUDP&sock=startd_5553_797f>
	SlotName: slot1_18@b9p15p7730.cern.ch
	CondorScratchDir = "/pool/condor/dir_3827120"
	Cpus = 1
	Disk = 10069588
	GPUs = 0
	Memory = 3000
...
006 (7944174.151.000) 07/08 17:34:14 Image size of job updated: 124676
	122  -  MemoryUsage of job (MB)
	124676  -  ResidentSetSize of job (KB)
...
006 (7944174.151.000) 07/08 17:34:19 Image size of job updated: 124676
	124  -  MemoryUsage of job (MB)
	126212  -  ResidentSetSize of job (KB)
...
040 (7944174.151.000) 07/08 17:34:19 Started transferring output files
...
040 (7944174.151.000) 07/08 17:34:19 Finished transferring output files
...
012 (7944174.151.000) 07/08 17:34:19 Job was held.
	Job held by ON_EXIT_HOLD due to exit code 1.
	Code 3 Subcode 0
...
013 (7944174.151.000) 07/08 17:46:02 Job was released.
	The job attribute PeriodicRelease expression '(NumJobStarts < 3) && ((CurrentTime - EnteredCurrentStatus) > 10 * 60)' evaluated to TRUE
...
040 (7944174.151.000) 07/08 17:46:29 Started transferring input files
	Transferring to host: <188.185.192.22:9618?addrs=188.185.192.22-9618+[2001-1458-303-1f--100-12]-9618&alias=b9p13p8436.cern.ch&noUDP&sock=slot1_22_8812_99df_41470>
...
040 (7944174.151.000) 07/08 17:46:29 Finished transferring input files
...
001 (7944174.151.000) 07/08 17:46:29 Job executing on host: <188.185.192.22:9618?addrs=188.185.192.22-9618+[2001-1458-303-1f--100-12]-9618&alias=b9p13p8436.cern.ch&noUDP&sock=startd_8764_f419>
	SlotName: slot1_22@b9p13p8436.cern.ch
	CondorScratchDir = "/pool/condor/dir_2632474"
	Cpus = 1
	Disk = 11589643
	Memory = 3000
...
006 (7944174.151.000) 07/08 17:46:38 Image size of job updated: 252072
	237  -  MemoryUsage of job (MB)
	242100  -  ResidentSetSize of job (KB)
...
006 (7944174.151.000) 07/08 17:46:57 Image size of job updated: 856840
	625  -  MemoryUsage of job (MB)
	639220  -  ResidentSetSize of job (KB)
...
040 (7944174.151.000) 07/08 17:46:57 Started transferring output files
...
040 (7944174.151.000) 07/08 17:46:57 Finished transferring output files
...
012 (7944174.151.000) 07/08 17:46:57 Job was held.
	Job held by ON_EXIT_HOLD due to exit code 1.
	Code 3 Subcode 0
...
013 (7944174.151.000) 07/08 17:58:12 Job was released.
	The job attribute PeriodicRelease expression '(NumJobStarts < 3) && ((CurrentTime - EnteredCurrentStatus) > 10 * 60)' evaluated to TRUE
...
040 (7944174.151.000) 07/08 18:07:40 Started transferring input files
	Transferring to host: <188.185.198.132:9618?addrs=188.185.198.132-9618+[2001-1458-303-25--100-80]-9618&alias=b9p15p3661.cern.ch&noUDP&sock=slot1_15_1236437_7840_31385>
...
040 (7944174.151.000) 07/08 18:07:41 Finished transferring input files
...
001 (7944174.151.000) 07/08 18:07:41 Job executing on host: <188.185.198.132:9618?addrs=188.185.198.132-9618+[2001-1458-303-25--100-80]-9618&alias=b9p15p3661.cern.ch&noUDP&sock=startd_1236392_a6dc>
	SlotName: slot1_15@b9p15p3661.cern.ch
	CondorScratchDir = "/pool/condor/dir_4188062"
	Cpus = 1
	Disk = 10029389
	GPUs = 0
	Memory = 3000
...
040 (7944174.151.000) 07/08 18:08:05 Started transferring output files
...
040 (7944174.151.000) 07/08 18:08:05 Finished transferring output files
...
012 (7944174.151.000) 07/08 18:08:05 Job was held.
	Job held by ON_EXIT_HOLD due to exit code 1.
	Code 3 Subcode 0
...
