000 (7944174.152.000) 07/08 17:29:05 Job submitted from host: <188.185.16.120:9618?addrs=188.185.16.120-9618+[2001-1458-d00-65--100-39b]-9618&alias=bigbird27.cern.ch&noUDP&sock=schedd_4465_3274>
...
040 (7944174.152.000) 07/08 17:32:00 Started transferring input files
	Transferring to host: <188.185.193.57:9618?addrs=188.185.193.57-9618+[2001-1458-303-20--100-35]-9618&alias=b9p19p4256.cern.ch&noUDP&sock=slot1_2_2114297_4132_22742>
...
040 (7944174.152.000) 07/08 17:32:01 Finished transferring input files
...
001 (7944174.152.000) 07/08 17:32:01 Job executing on host: <188.185.193.57:9618?addrs=188.185.193.57-9618+[2001-1458-303-20--100-35]-9618&alias=b9p19p4256.cern.ch&noUDP&sock=startd_2114259_655d>
	SlotName: slot1_2@b9p19p4256.cern.ch
	CondorScratchDir = "/pool/condor/dir_717119"
	Cpus = 1
	Disk = 10003192
	GPUs = 0
	Memory = 3000
...
006 (7944174.152.000) 07/08 17:32:15 Image size of job updated: 21520
	18  -  MemoryUsage of job (MB)
	17724  -  ResidentSetSize of job (KB)
...
006 (7944174.152.000) 07/08 17:32:43 Image size of job updated: 205864
	18  -  MemoryUsage of job (MB)
	17724  -  ResidentSetSize of job (KB)
...
040 (7944174.152.000) 07/08 17:32:43 Started transferring output files
...
040 (7944174.152.000) 07/08 17:32:43 Finished transferring output files
...
012 (7944174.152.000) 07/08 17:32:45 Job was held.
	Job held by ON_EXIT_HOLD due to exit code 1.
	Code 3 Subcode 0
...
013 (7944174.152.000) 07/08 17:43:33 Job was released.
	The job attribute PeriodicRelease expression '(NumJobStarts < 3) && ((CurrentTime - EnteredCurrentStatus) > 10 * 60)' evaluated to TRUE
...
040 (7944174.152.000) 07/08 17:45:35 Started transferring input files
	Transferring to host: <188.185.196.59:9618?addrs=188.185.196.59-9618+[2001-1458-303-23--100-37]-9618&alias=b9p16p9457.cern.ch&noUDP&sock=slot1_17_3835184_d32e_16258>
...
040 (7944174.152.000) 07/08 17:45:35 Finished transferring input files
...
001 (7944174.152.000) 07/08 17:45:35 Job executing on host: <188.185.196.59:9618?addrs=188.185.196.59-9618+[2001-1458-303-23--100-37]-9618&alias=b9p16p9457.cern.ch&noUDP&sock=startd_3835116_29c8>
	SlotName: slot1_17@b9p16p9457.cern.ch
	CondorScratchDir = "/pool/condor/dir_1962129"
	Cpus = 1
	Disk = 10003643
	GPUs = 0
	Memory = 3000
...
006 (7944174.152.000) 07/08 17:45:50 Image size of job updated: 225000
	141  -  MemoryUsage of job (MB)
	143676  -  ResidentSetSize of job (KB)
...
006 (7944174.152.000) 07/08 17:45:54 Image size of job updated: 225000
	141  -  MemoryUsage of job (MB)
	144056  -  ResidentSetSize of job (KB)
...
040 (7944174.152.000) 07/08 17:45:54 Started transferring output files
...
040 (7944174.152.000) 07/08 17:45:54 Finished transferring output files
...
012 (7944174.152.000) 07/08 17:45:54 Job was held.
	Job held by ON_EXIT_HOLD due to exit code 1.
	Code 3 Subcode 0
...
013 (7944174.152.000) 07/08 17:58:12 Job was released.
	The job attribute PeriodicRelease expression '(NumJobStarts < 3) && ((CurrentTime - EnteredCurrentStatus) > 10 * 60)' evaluated to TRUE
...
040 (7944174.152.000) 07/08 18:07:41 Started transferring input files
	Transferring to host: <128.142.161.73:9618?addrs=128.142.161.73-9618+[2001-1458-301-b8--100-7]-9618&alias=b9g03p4186.cern.ch&noUDP&sock=slot1_2_2595125_1413_8316>
...
040 (7944174.152.000) 07/08 18:07:42 Finished transferring input files
...
001 (7944174.152.000) 07/08 18:07:42 Job executing on host: <128.142.161.73:9618?addrs=128.142.161.73-9618+[2001-1458-301-b8--100-7]-9618&alias=b9g03p4186.cern.ch&noUDP&sock=startd_3755_3236>
	SlotName: slot1_2@b9g03p4186.cern.ch
	CondorScratchDir = "/pool/condor/dir_3650550"
	Cpus = 1
	Disk = 10001438
	GPUs = 0
	Memory = 3000
...
040 (7944174.152.000) 07/08 18:08:27 Started transferring output files
...
040 (7944174.152.000) 07/08 18:08:27 Finished transferring output files
...
012 (7944174.152.000) 07/08 18:08:27 Job was held.
	Job held by ON_EXIT_HOLD due to exit code 1.
	Code 3 Subcode 0
...
