000 (7944174.154.000) 07/08 17:29:05 Job submitted from host: <188.185.16.120:9618?addrs=188.185.16.120-9618+[2001-1458-d00-65--100-39b]-9618&alias=bigbird27.cern.ch&noUDP&sock=schedd_4465_3274>
...
040 (7944174.154.000) 07/08 17:34:05 Started transferring input files
	Transferring to host: <128.142.248.216:9618?addrs=128.142.248.216-9618+[2001-1458-301-73--100-d7]-9618&alias=b9g23p4460.cern.ch&noUDP&sock=slot1_16_1631157_6af4_22632>
...
040 (7944174.154.000) 07/08 17:34:06 Finished transferring input files
...
001 (7944174.154.000) 07/08 17:34:06 Job executing on host: <128.142.248.216:9618?addrs=128.142.248.216-9618+[2001-1458-301-73--100-d7]-9618&alias=b9g23p4460.cern.ch&noUDP&sock=startd_1631102_e198>
	SlotName: slot1_16@b9g23p4460.cern.ch
	CondorScratchDir = "/pool/condor/dir_3562291"
	Cpus = 1
	Disk = 10001318
	GPUs = 0
	Memory = 3000
...
006 (7944174.154.000) 07/08 17:34:20 Image size of job updated: 87888
	86  -  MemoryUsage of job (MB)
	87888  -  ResidentSetSize of job (KB)
...
006 (7944174.154.000) 07/08 17:34:27 Image size of job updated: 212080
	87  -  MemoryUsage of job (MB)
	88868  -  ResidentSetSize of job (KB)
...
040 (7944174.154.000) 07/08 17:34:27 Started transferring output files
...
040 (7944174.154.000) 07/08 17:34:27 Finished transferring output files
...
012 (7944174.154.000) 07/08 17:34:27 Job was held.
	Job held by ON_EXIT_HOLD due to exit code 1.
	Code 3 Subcode 0
...
013 (7944174.154.000) 07/08 17:46:02 Job was released.
	The job attribute PeriodicRelease expression '(NumJobStarts < 3) && ((CurrentTime - EnteredCurrentStatus) > 10 * 60)' evaluated to TRUE
...
040 (7944174.154.000) 07/08 17:46:28 Started transferring input files
	Transferring to host: <188.185.215.157:9618?addrs=188.185.215.157-9618&alias=b9p18p1806.cern.ch&noUDP&sock=slot1_47_1228291_e035_23613>
...
040 (7944174.154.000) 07/08 17:46:29 Finished transferring input files
...
001 (7944174.154.000) 07/08 17:46:29 Job executing on host: <188.185.215.157:9618?addrs=188.185.215.157-9618&alias=b9p18p1806.cern.ch&noUDP&sock=startd_1228248_8b91>
	SlotName: slot1_47@b9p18p1806.cern.ch
	CondorScratchDir = "/pool/condor/dir_2986856"
	Cpus = 1
	Disk = 10003177
	GPUs = 0
	Memory = 3000
...
040 (7944174.154.000) 07/08 17:47:04 Started transferring output files
...
040 (7944174.154.000) 07/08 17:47:04 Finished transferring output files
...
012 (7944174.154.000) 07/08 17:47:04 Job was held.
	Job held by ON_EXIT_HOLD due to exit code 1.
	Code 3 Subcode 0
...
013 (7944174.154.000) 07/08 17:58:12 Job was released.
	The job attribute PeriodicRelease expression '(NumJobStarts < 3) && ((CurrentTime - EnteredCurrentStatus) > 10 * 60)' evaluated to TRUE
...
040 (7944174.154.000) 07/08 18:01:16 Started transferring input files
	Transferring to host: <188.185.196.176:9618?addrs=188.185.196.176-9618+[2001-1458-303-23--100-ac]-9618&alias=b9p16p5804.cern.ch&noUDP&sock=slot1_35_3340_1501_34561>
...
040 (7944174.154.000) 07/08 18:01:16 Finished transferring input files
...
001 (7944174.154.000) 07/08 18:01:16 Job executing on host: <188.185.196.176:9618?addrs=188.185.196.176-9618+[2001-1458-303-23--100-ac]-9618&alias=b9p16p5804.cern.ch&noUDP&sock=startd_3255_3cdc>
	SlotName: slot1_35@b9p16p5804.cern.ch
	CondorScratchDir = "/pool/condor/dir_2062363"
	Cpus = 1
	Disk = 10000775
	GPUs = 0
	Memory = 3000
...
040 (7944174.154.000) 07/08 18:01:31 Started transferring output files
...
040 (7944174.154.000) 07/08 18:01:31 Finished transferring output files
...
012 (7944174.154.000) 07/08 18:01:31 Job was held.
	Job held by ON_EXIT_HOLD due to exit code 1.
	Code 3 Subcode 0
...
