000 (7944174.157.000) 07/08 17:29:05 Job submitted from host: <188.185.16.120:9618?addrs=188.185.16.120-9618+[2001-1458-d00-65--100-39b]-9618&alias=bigbird27.cern.ch&noUDP&sock=schedd_4465_3274>
...
040 (7944174.157.000) 07/08 17:32:01 Started transferring input files
	Transferring to host: <128.142.248.216:9618?addrs=128.142.248.216-9618+[2001-1458-301-73--100-d7]-9618&alias=b9g23p4460.cern.ch&noUDP&sock=slot1_16_1631157_6af4_22630>
...
040 (7944174.157.000) 07/08 17:32:01 Finished transferring input files
...
001 (7944174.157.000) 07/08 17:32:01 Job executing on host: <128.142.248.216:9618?addrs=128.142.248.216-9618+[2001-1458-301-73--100-d7]-9618&alias=b9g23p4460.cern.ch&noUDP&sock=startd_1631102_e198>
	SlotName: slot1_16@b9g23p4460.cern.ch
	CondorScratchDir = "/pool/condor/dir_3559512"
	Cpus = 1
	Disk = 10002312
	GPUs = 0
	Memory = 3000
...
006 (7944174.157.000) 07/08 17:32:15 Image size of job updated: 27172
	23  -  MemoryUsage of job (MB)
	23148  -  ResidentSetSize of job (KB)
...
006 (7944174.157.000) 07/08 17:32:27 Image size of job updated: 209808
	23  -  MemoryUsage of job (MB)
	23148  -  ResidentSetSize of job (KB)
...
040 (7944174.157.000) 07/08 17:32:27 Started transferring output files
...
040 (7944174.157.000) 07/08 17:32:27 Finished transferring output files
...
012 (7944174.157.000) 07/08 17:32:27 Job was held.
	Job held by ON_EXIT_HOLD due to exit code 1.
	Code 3 Subcode 0
...
013 (7944174.157.000) 07/08 17:43:33 Job was released.
	The job attribute PeriodicRelease expression '(NumJobStarts < 3) && ((CurrentTime - EnteredCurrentStatus) > 10 * 60)' evaluated to TRUE
...
040 (7944174.157.000) 07/08 17:44:41 Started transferring input files
	Transferring to host: <188.185.214.33:9618?addrs=188.185.214.33-9618+[2001-1458-303-1c--100-1d]-9618&alias=b9p29p1446.cern.ch&noUDP&sock=slot1_2_8358_b78d_39171>
...
040 (7944174.157.000) 07/08 17:44:41 Finished transferring input files
...
001 (7944174.157.000) 07/08 17:44:41 Job executing on host: <188.185.214.33:9618?addrs=188.185.214.33-9618+[2001-1458-303-1c--100-1d]-9618&alias=b9p29p1446.cern.ch&noUDP&sock=startd_8288_7505>
	SlotName: slot1_2@b9p29p1446.cern.ch
	CondorScratchDir = "/pool/condor/dir_1244228"
	Cpus = 1
	Disk = 10002632
	GPUs = 0
	Memory = 3000
...
006 (7944174.157.000) 07/08 17:44:50 Image size of job updated: 225000
	57  -  MemoryUsage of job (MB)
	57848  -  ResidentSetSize of job (KB)
...
006 (7944174.157.000) 07/08 17:45:07 Image size of job updated: 424584
	415  -  MemoryUsage of job (MB)
	424584  -  ResidentSetSize of job (KB)
...
040 (7944174.157.000) 07/08 17:45:07 Started transferring output files
...
040 (7944174.157.000) 07/08 17:45:07 Finished transferring output files
...
012 (7944174.157.000) 07/08 17:45:07 Job was held.
	Job held by ON_EXIT_HOLD due to exit code 1.
	Code 3 Subcode 0
...
013 (7944174.157.000) 07/08 17:55:47 Job was released.
	The job attribute PeriodicRelease expression '(NumJobStarts < 3) && ((CurrentTime - EnteredCurrentStatus) > 10 * 60)' evaluated to TRUE
...
040 (7944174.157.000) 07/08 17:58:09 Started transferring input files
	Transferring to host: <128.142.161.138:9618?addrs=128.142.161.138-9618+[2001-1458-301-b9--100-7]-9618&alias=b9g03p8441.cern.ch&noUDP&sock=slot1_22_1808772_40ca_3570>
...
040 (7944174.157.000) 07/08 17:58:10 Finished transferring input files
...
001 (7944174.157.000) 07/08 17:58:10 Job executing on host: <128.142.161.138:9618?addrs=128.142.161.138-9618+[2001-1458-301-b9--100-7]-9618&alias=b9g03p8441.cern.ch&noUDP&sock=startd_6555_c364>
	SlotName: slot1_22@b9g03p8441.cern.ch
	CondorScratchDir = "/pool/condor/dir_366324"
	Cpus = 1
	Disk = 10003074
	GPUs = 0
	Memory = 3000
...
040 (7944174.157.000) 07/08 18:00:55 Started transferring output files
...
040 (7944174.157.000) 07/08 18:00:59 Finished transferring output files
...
012 (7944174.157.000) 07/08 18:01:02 Job was held.
	Job held by ON_EXIT_HOLD due to exit code 1.
	Code 3 Subcode 0
...
