000 (7944174.158.000) 07/08 17:29:05 Job submitted from host: <188.185.16.120:9618?addrs=188.185.16.120-9618+[2001-1458-d00-65--100-39b]-9618&alias=bigbird27.cern.ch&noUDP&sock=schedd_4465_3274>
...
040 (7944174.158.000) 07/08 17:32:01 Started transferring input files
	Transferring to host: <188.185.215.39:9618?addrs=188.185.215.39-9618+[2001-1458-303-1e--100-23]-9618&alias=b9p31p4711.cern.ch&noUDP&sock=slot1_27_427669_3fc8_23497>
...
040 (7944174.158.000) 07/08 17:32:02 Finished transferring input files
...
001 (7944174.158.000) 07/08 17:32:02 Job executing on host: <188.185.215.39:9618?addrs=188.185.215.39-9618+[2001-1458-303-1e--100-23]-9618&alias=b9p31p4711.cern.ch&noUDP&sock=startd_427616_963f>
	SlotName: slot1_27@b9p31p4711.cern.ch
	CondorScratchDir = "/pool/condor/dir_2875684"
	Cpus = 1
	Disk = 10003183
	GPUs = 0
	Memory = 3000
...
006 (7944174.158.000) 07/08 17:32:11 Image size of job updated: 61844
	61  -  MemoryUsage of job (MB)
	61844  -  ResidentSetSize of job (KB)
...
006 (7944174.158.000) 07/08 17:32:43 Image size of job updated: 407832
	399  -  MemoryUsage of job (MB)
	407832  -  ResidentSetSize of job (KB)
...
040 (7944174.158.000) 07/08 17:32:43 Started transferring output files
...
040 (7944174.158.000) 07/08 17:32:43 Finished transferring output files
...
012 (7944174.158.000) 07/08 17:32:45 Job was held.
	Job held by ON_EXIT_HOLD due to exit code 1.
	Code 3 Subcode 0
...
013 (7944174.158.000) 07/08 17:43:33 Job was released.
	The job attribute PeriodicRelease expression '(NumJobStarts < 3) && ((CurrentTime - EnteredCurrentStatus) > 10 * 60)' evaluated to TRUE
...
040 (7944174.158.000) 07/08 17:44:41 Started transferring input files
	Transferring to host: <188.185.210.149:9618?addrs=188.185.210.149-9618+[2001-1458-303-15--100-11]-9618&alias=b9p22p4349.cern.ch&noUDP&sock=slot1_25_8319_3ceb_39979>
...
040 (7944174.158.000) 07/08 17:44:42 Finished transferring input files
...
001 (7944174.158.000) 07/08 17:44:42 Job executing on host: <188.185.210.149:9618?addrs=188.185.210.149-9618+[2001-1458-303-15--100-11]-9618&alias=b9p22p4349.cern.ch&noUDP&sock=startd_7821_224a>
	SlotName: slot1_25@b9p22p4349.cern.ch
	CondorScratchDir = "/pool/condor/dir_2980984"
	Cpus = 1
	Disk = 10003121
	GPUs = 0
	Memory = 3000
...
040 (7944174.158.000) 07/08 17:45:12 Started transferring output files
...
040 (7944174.158.000) 07/08 17:45:12 Finished transferring output files
...
012 (7944174.158.000) 07/08 17:45:12 Job was held.
	Job held by ON_EXIT_HOLD due to exit code 1.
	Code 3 Subcode 0
...
013 (7944174.158.000) 07/08 17:55:47 Job was released.
	The job attribute PeriodicRelease expression '(NumJobStarts < 3) && ((CurrentTime - EnteredCurrentStatus) > 10 * 60)' evaluated to TRUE
...
040 (7944174.158.000) 07/08 17:58:09 Started transferring input files
	Transferring to host: <188.185.194.164:9618?addrs=188.185.194.164-9618+[2001-1458-303-21--100-a0]-9618&alias=b9p20p8139.cern.ch&noUDP&sock=slot1_20_2220255_4047_23100>
...
040 (7944174.158.000) 07/08 17:58:09 Finished transferring input files
...
001 (7944174.158.000) 07/08 17:58:09 Job executing on host: <188.185.194.164:9618?addrs=188.185.194.164-9618+[2001-1458-303-21--100-a0]-9618&alias=b9p20p8139.cern.ch&noUDP&sock=startd_2220217_c54f>
	SlotName: slot1_20@b9p20p8139.cern.ch
	CondorScratchDir = "/pool/condor/dir_3484699"
	Cpus = 1
	Disk = 10003555
	GPUs = 0
	Memory = 3000
...
040 (7944174.158.000) 07/08 18:00:59 Started transferring output files
...
040 (7944174.158.000) 07/08 18:00:59 Finished transferring output files
...
012 (7944174.158.000) 07/08 18:01:02 Job was held.
	Job held by ON_EXIT_HOLD due to exit code 1.
	Code 3 Subcode 0
...
