b9p20p8139.cern.ch
workdir: /srv
args: 158
total 116724
-rw-r--r--. 1 hlarson zh 117553743 Jul  8 17:58 CMSSW.tar.gz
-rw-r--r--. 1 hlarson zh         0 Jul  8 17:58 _condor_stderr
-rw-r--r--. 1 hlarson zh        43 Jul  8 17:58 _condor_stdout
-rw-r--r--. 1 hlarson zh       473 Jul  8 17:58 heavyFlavSFTree_cfg.json
-rw-------. 1 hlarson zh      2591 Jul  8 17:58 hlarson.cc
-rw-r--r--. 1 hlarson zh       885 Jul  8 17:58 keep_and_drop_input.txt
-rw-r--r--. 1 hlarson zh       434 Jul  8 17:58 keep_and_drop_output.txt
-rw-r--r--. 1 hlarson zh   1935074 Jul  8 17:58 metadata.json
-rwxr-xr-x. 1 hlarson zh      5147 Jul  8 17:58 processor.py
-rwxr-xr-x. 1 hlarson zh      1555 Jul  8 17:58 run_postproc_condor.sh
drwxr-x---. 6 hlarson zh        71 Jul  8 17:58 scratch
drwx------. 2 hlarson zh         6 Jul  8 17:58 srv
drwx------. 2 hlarson zh         6 Jul  8 17:58 tmp
drwx------. 3 hlarson zh        25 Jul  8 17:58 var
drwxrwxrwt. 2 hlarson zh         6 Jul  8 17:58 var_tmp
printing pwd
/srv
>>> creating new release CMSSW_12_6_4
>>> preparing sandbox release CMSSW_12_6_4
>>> fixing python paths
[2025-07-08 17:58:32] wrapper ready
total 116728
-rw-r--r--. 1 hlarson zh 117553743 Jul  8 17:58 CMSSW.tar.gz
drwxr-xr-x. 9 hlarson zh       124 Jul  8 17:58 CMSSW_12_6_4
-rw-r--r--. 1 hlarson zh       163 Jul  8 17:58 _condor_stderr
-rw-r--r--. 1 hlarson zh      1141 Jul  8 17:58 _condor_stdout
-rw-r--r--. 1 hlarson zh       473 Jul  8 17:58 heavyFlavSFTree_cfg.json
-rw-------. 1 hlarson zh      2591 Jul  8 17:58 hlarson.cc
-rw-r--r--. 1 hlarson zh       885 Jul  8 17:58 keep_and_drop_input.txt
-rw-r--r--. 1 hlarson zh       434 Jul  8 17:58 keep_and_drop_output.txt
-rw-r--r--. 1 hlarson zh   1935074 Jul  8 17:58 metadata.json
-rwxr-xr-x. 1 hlarson zh      5147 Jul  8 17:58 processor.py
-rwxr-xr-x. 1 hlarson zh      1555 Jul  8 17:58 run_postproc_condor.sh
drwxr-x---. 6 hlarson zh        71 Jul  8 17:58 scratch
drwx------. 2 hlarson zh         6 Jul  8 17:58 srv
drwx------. 3 hlarson zh        34 Jul  8 17:58 tmp
drwx------. 3 hlarson zh        25 Jul  8 17:58 var
drwxrwxrwt. 2 hlarson zh         6 Jul  8 17:58 var_tmp
Loading heavyFlavSFTreeFromConfig from PhysicsTools.NanoHRTTools.producers.HeavyFlavSFTreeProducer 
Loading puWeight_20230 from PhysicsTools.NanoAODTools.postprocessing.modules.common.puWeightProducer 
total 116728
-rw-r--r--. 1 hlarson zh 117553743 Jul  8 17:58 CMSSW.tar.gz
drwxr-xr-x. 9 hlarson zh       124 Jul  8 17:58 CMSSW_12_6_4
-rw-r--r--. 1 hlarson zh      2255 Jul  8 17:59 _condor_stderr
-rw-r--r--. 1 hlarson zh      2343 Jul  8 17:59 _condor_stdout
-rw-r--r--. 1 hlarson zh       473 Jul  8 17:58 heavyFlavSFTree_cfg.json
-rw-------. 1 hlarson zh      2591 Jul  8 17:58 hlarson.cc
-rw-r--r--. 1 hlarson zh       885 Jul  8 17:58 keep_and_drop_input.txt
-rw-r--r--. 1 hlarson zh       434 Jul  8 17:58 keep_and_drop_output.txt
-rw-r--r--. 1 hlarson zh   1935074 Jul  8 17:58 metadata.json
-rwxr-xr-x. 1 hlarson zh      5147 Jul  8 17:58 processor.py
-rwxr-xr-x. 1 hlarson zh      1555 Jul  8 17:58 run_postproc_condor.sh
drwxr-x---. 6 hlarson zh        71 Jul  8 17:58 scratch
drwx------. 2 hlarson zh         6 Jul  8 17:58 srv
drwx------. 3 hlarson zh        34 Jul  8 17:58 tmp
drwx------. 3 hlarson zh        25 Jul  8 17:58 var
drwxrwxrwt. 2 hlarson zh         6 Jul  8 17:58 var_tmp
total 116728
-rw-r--r--. 1 hlarson zh 117553743 Jul  8 17:58 CMSSW.tar.gz
drwxr-xr-x. 9 hlarson zh       124 Jul  8 17:58 CMSSW_12_6_4
-rw-r--r--. 1 hlarson zh      2309 Jul  8 17:59 _condor_stderr
-rw-r--r--. 1 hlarson zh      3343 Jul  8 17:59 _condor_stdout
-rw-r--r--. 1 hlarson zh       473 Jul  8 17:58 heavyFlavSFTree_cfg.json
-rw-------. 1 hlarson zh      2591 Jul  8 17:58 hlarson.cc
-rw-r--r--. 1 hlarson zh       885 Jul  8 17:58 keep_and_drop_input.txt
-rw-r--r--. 1 hlarson zh       434 Jul  8 17:58 keep_and_drop_output.txt
-rw-r--r--. 1 hlarson zh   1935074 Jul  8 17:58 metadata.json
-rwxr-xr-x. 1 hlarson zh      5147 Jul  8 17:58 processor.py
-rwxr-xr-x. 1 hlarson zh      1555 Jul  8 17:58 run_postproc_condor.sh
drwxr-x---. 6 hlarson zh        71 Jul  8 17:58 scratch
drwx------. 2 hlarson zh         6 Jul  8 17:58 srv
drwx------. 3 hlarson zh        34 Jul  8 17:58 tmp
drwx------. 3 hlarson zh        25 Jul  8 17:58 var
drwxrwxrwt. 2 hlarson zh         6 Jul  8 17:58 var_tmp
