000 (7944174.159.000) 07/08 17:29:05 Job submitted from host: <188.185.16.120:9618?addrs=188.185.16.120-9618+[2001-1458-d00-65--100-39b]-9618&alias=bigbird27.cern.ch&noUDP&sock=schedd_4465_3274>
...
040 (7944174.159.000) 07/08 17:34:06 Started transferring input files
	Transferring to host: <128.142.161.113:9618?addrs=128.142.161.113-9618+[2001-1458-301-b8--100-2f]-9618&alias=b9g03p5497.cern.ch&noUDP&sock=slot1_13_6968_5614_16929>
...
040 (7944174.159.000) 07/08 17:34:06 Finished transferring input files
...
001 (7944174.159.000) 07/08 17:34:06 Job executing on host: <128.142.161.113:9618?addrs=128.142.161.113-9618+[2001-1458-301-b8--100-2f]-9618&alias=b9g03p5497.cern.ch&noUDP&sock=startd_5637_1773>
	SlotName: slot1_13@b9g03p5497.cern.ch
	CondorScratchDir = "/pool/condor/dir_107656"
	Cpus = 1
	Disk = 10001535
	GPUs = 0
	Memory = 3000
...
006 (7944174.159.000) 07/08 17:34:20 Image size of job updated: 57232
	56  -  MemoryUsage of job (MB)
	57232  -  ResidentSetSize of job (KB)
...
006 (7944174.159.000) 07/08 17:34:26 Image size of job updated: 154248
	61  -  MemoryUsage of job (MB)
	61600  -  ResidentSetSize of job (KB)
...
040 (7944174.159.000) 07/08 17:34:27 Started transferring output files
...
040 (7944174.159.000) 07/08 17:34:27 Finished transferring output files
...
012 (7944174.159.000) 07/08 17:34:27 Job was held.
	Job held by ON_EXIT_HOLD due to exit code 1.
	Code 3 Subcode 0
...
013 (7944174.159.000) 07/08 17:46:02 Job was released.
	The job attribute PeriodicRelease expression '(NumJobStarts < 3) && ((CurrentTime - EnteredCurrentStatus) > 10 * 60)' evaluated to TRUE
...
040 (7944174.159.000) 07/08 17:46:28 Started transferring input files
	Transferring to host: <188.185.198.21:9618?addrs=188.185.198.21-9618+[2001-1458-303-25--100-11]-9618&alias=b9p15p3759.cern.ch&noUDP&sock=slot1_45_9078_05aa_36877>
...
040 (7944174.159.000) 07/08 17:46:28 Finished transferring input files
...
001 (7944174.159.000) 07/08 17:46:28 Job executing on host: <188.185.198.21:9618?addrs=188.185.198.21-9618+[2001-1458-303-25--100-11]-9618&alias=b9p15p3759.cern.ch&noUDP&sock=startd_9029_b8b2>
	SlotName: slot1_45@b9p15p3759.cern.ch
	CondorScratchDir = "/pool/condor/dir_2971667"
	Cpus = 1
	Disk = 10003074
	GPUs = 0
	Memory = 3000
...
006 (7944174.159.000) 07/08 17:48:08 Image size of job updated: 417588
	408  -  MemoryUsage of job (MB)
	417588  -  ResidentSetSize of job (KB)
...
040 (7944174.159.000) 07/08 17:48:08 Started transferring output files
...
040 (7944174.159.000) 07/08 17:48:08 Finished transferring output files
...
012 (7944174.159.000) 07/08 17:48:08 Job was held.
	Job held by ON_EXIT_HOLD due to exit code 1.
	Code 3 Subcode 0
...
013 (7944174.159.000) 07/08 17:58:12 Job was released.
	The job attribute PeriodicRelease expression '(NumJobStarts < 3) && ((CurrentTime - EnteredCurrentStatus) > 10 * 60)' evaluated to TRUE
...
040 (7944174.159.000) 07/08 18:01:17 Started transferring input files
	Transferring to host: <188.185.192.138:9618?addrs=188.185.192.138-9618+[2001-1458-303-1f--100-86]-9618&alias=b9p13p9545.cern.ch&noUDP&sock=slot1_11_6076_d770_22304>
...
040 (7944174.159.000) 07/08 18:01:17 Finished transferring input files
...
001 (7944174.159.000) 07/08 18:01:18 Job executing on host: <188.185.192.138:9618?addrs=188.185.192.138-9618+[2001-1458-303-1f--100-86]-9618&alias=b9p13p9545.cern.ch&noUDP&sock=startd_5520_d6df>
	SlotName: slot1_11@b9p13p9545.cern.ch
	CondorScratchDir = "/pool/condor/dir_142581"
	Cpus = 1
	Disk = 10036836
	GPUs = 0
	Memory = 3000
...
040 (7944174.159.000) 07/08 18:01:37 Started transferring output files
...
040 (7944174.159.000) 07/08 18:01:37 Finished transferring output files
...
012 (7944174.159.000) 07/08 18:01:37 Job was held.
	Job held by ON_EXIT_HOLD due to exit code 1.
	Code 3 Subcode 0
...
