000 (7944174.016.000) 07/08 17:29:04 Job submitted from host: <188.185.16.120:9618?addrs=188.185.16.120-9618+[2001-1458-d00-65--100-39b]-9618&alias=bigbird27.cern.ch&noUDP&sock=schedd_4465_3274>
...
040 (7944174.016.000) 07/08 17:31:15 Started transferring input files
	Transferring to host: <188.185.195.98:9618?addrs=188.185.195.98-9618+[2001-1458-303-22--100-5e]-9618&alias=b9p17p3053.cern.ch&noUDP&sock=slot1_28_3206412_11cd_22887>
...
040 (7944174.016.000) 07/08 17:31:16 Finished transferring input files
...
001 (7944174.016.000) 07/08 17:31:16 Job executing on host: <188.185.195.98:9618?addrs=188.185.195.98-9618+[2001-1458-303-22--100-5e]-9618&alias=b9p17p3053.cern.ch&noUDP&sock=startd_3206054_f44f>
	SlotName: slot1_28@b9p17p3053.cern.ch
	CondorScratchDir = "/pool/condor/dir_2645010"
	Cpus = 1
	Disk = 10003061
	GPUs = 0
	Memory = 3000
...
006 (7944174.016.000) 07/08 17:31:30 Image size of job updated: 29460
	29  -  MemoryUsage of job (MB)
	29460  -  ResidentSetSize of job (KB)
...
006 (7944174.016.000) 07/08 17:32:43 Image size of job updated: 207952
	30  -  MemoryUsage of job (MB)
	30720  -  ResidentSetSize of job (KB)
...
040 (7944174.016.000) 07/08 17:32:43 Started transferring output files
...
040 (7944174.016.000) 07/08 17:32:43 Finished transferring output files
...
012 (7944174.016.000) 07/08 17:32:45 Job was held.
	Job held by ON_EXIT_HOLD due to exit code 1.
	Code 3 Subcode 0
...
013 (7944174.016.000) 07/08 17:43:32 Job was released.
	The job attribute PeriodicRelease expression '(NumJobStarts < 3) && ((CurrentTime - EnteredCurrentStatus) > 10 * 60)' evaluated to TRUE
...
040 (7944174.016.000) 07/08 17:44:01 Started transferring input files
	Transferring to host: <188.185.192.130:9618?addrs=188.185.192.130-9618+[2001-1458-303-1f--100-7e]-9618&alias=b9p13p5069.cern.ch&noUDP&sock=slot1_13_7083_5d39_15607>
...
040 (7944174.016.000) 07/08 17:44:02 Finished transferring input files
...
001 (7944174.016.000) 07/08 17:44:02 Job executing on host: <188.185.192.130:9618?addrs=188.185.192.130-9618+[2001-1458-303-1f--100-7e]-9618&alias=b9p13p5069.cern.ch&noUDP&sock=startd_5957_95c2>
	SlotName: slot1_13@b9p13p5069.cern.ch
	CondorScratchDir = "/pool/condor/dir_1913505"
	Cpus = 1
	Disk = 10003179
	GPUs = 0
	Memory = 3000
...
040 (7944174.016.000) 07/08 17:45:10 Started transferring output files
...
040 (7944174.016.000) 07/08 17:45:10 Finished transferring output files
...
012 (7944174.016.000) 07/08 17:45:10 Job was held.
	Job held by ON_EXIT_HOLD due to exit code 1.
	Code 3 Subcode 0
...
013 (7944174.016.000) 07/08 17:55:47 Job was released.
	The job attribute PeriodicRelease expression '(NumJobStarts < 3) && ((CurrentTime - EnteredCurrentStatus) > 10 * 60)' evaluated to TRUE
...
040 (7944174.016.000) 07/08 17:57:27 Started transferring input files
	Transferring to host: <188.185.194.88:9618?addrs=188.185.194.88-9618+[2001-1458-303-21--100-54]-9618&alias=b9p20p0409.cern.ch&noUDP&sock=slot1_18_4815_5a5d_24519>
...
040 (7944174.016.000) 07/08 17:57:28 Finished transferring input files
...
001 (7944174.016.000) 07/08 17:57:28 Job executing on host: <188.185.194.88:9618?addrs=188.185.194.88-9618+[2001-1458-303-21--100-54]-9618&alias=b9p20p0409.cern.ch&noUDP&sock=startd_4219_7628>
	SlotName: slot1_18@b9p20p0409.cern.ch
	CondorScratchDir = "/pool/condor/dir_1568503"
	Cpus = 1
	Disk = 10003153
	GPUs = 0
	Memory = 3000
...
040 (7944174.016.000) 07/08 17:58:05 Started transferring output files
...
040 (7944174.016.000) 07/08 17:58:05 Finished transferring output files
...
012 (7944174.016.000) 07/08 17:58:05 Job was held.
	Job held by ON_EXIT_HOLD due to exit code 1.
	Code 3 Subcode 0
...
