000 (7944174.160.000) 07/08 17:29:05 Job submitted from host: <188.185.16.120:9618?addrs=188.185.16.120-9618+[2001-1458-d00-65--100-39b]-9618&alias=bigbird27.cern.ch&noUDP&sock=schedd_4465_3274>
...
040 (7944174.160.000) 07/08 17:32:03 Started transferring input files
	Transferring to host: <188.185.192.50:9618?addrs=188.185.192.50-9618+[2001-1458-303-1f--100-2e]-9618&alias=b9p13p1639.cern.ch&noUDP&sock=slot1_15_8805_ab3f_39397>
...
040 (7944174.160.000) 07/08 17:32:03 Finished transferring input files
...
001 (7944174.160.000) 07/08 17:32:03 Job executing on host: <188.185.192.50:9618?addrs=188.185.192.50-9618+[2001-1458-303-1f--100-2e]-9618&alias=b9p13p1639.cern.ch&noUDP&sock=startd_8718_66be>
	SlotName: slot1_15@b9p13p1639.cern.ch
	CondorScratchDir = "/pool/condor/dir_1262260"
	Cpus = 1
	Disk = 10002108
	GPUs = 0
	Memory = 3000
...
006 (7944174.160.000) 07/08 17:32:17 Image size of job updated: 38700
	38  -  MemoryUsage of job (MB)
	38700  -  ResidentSetSize of job (KB)
...
006 (7944174.160.000) 07/08 17:32:43 Image size of job updated: 210680
	38  -  MemoryUsage of job (MB)
	38700  -  ResidentSetSize of job (KB)
...
040 (7944174.160.000) 07/08 17:32:43 Started transferring output files
...
040 (7944174.160.000) 07/08 17:32:43 Finished transferring output files
...
012 (7944174.160.000) 07/08 17:32:45 Job was held.
	Job held by ON_EXIT_HOLD due to exit code 1.
	Code 3 Subcode 0
...
013 (7944174.160.000) 07/08 17:43:33 Job was released.
	The job attribute PeriodicRelease expression '(NumJobStarts < 3) && ((CurrentTime - EnteredCurrentStatus) > 10 * 60)' evaluated to TRUE
...
040 (7944174.160.000) 07/08 17:45:41 Started transferring input files
	Transferring to host: <188.185.194.91:9618?addrs=188.185.194.91-9618+[2001-1458-303-21--100-57]-9618&alias=b9p20p4614.cern.ch&noUDP&sock=slot1_25_8541_a834_23546>
...
040 (7944174.160.000) 07/08 17:45:42 Finished transferring input files
...
001 (7944174.160.000) 07/08 17:45:42 Job executing on host: <188.185.194.91:9618?addrs=188.185.194.91-9618+[2001-1458-303-21--100-57]-9618&alias=b9p20p4614.cern.ch&noUDP&sock=startd_7255_e7b0>
	SlotName: slot1_25@b9p20p4614.cern.ch
	CondorScratchDir = "/pool/condor/dir_1628120"
	Cpus = 1
	Disk = 10000370
	GPUs = 0
	Memory = 3000
...
006 (7944174.160.000) 07/08 17:45:55 Image size of job updated: 225000
	99  -  MemoryUsage of job (MB)
	100472  -  ResidentSetSize of job (KB)
...
006 (7944174.160.000) 07/08 17:46:00 Image size of job updated: 225000
	99  -  MemoryUsage of job (MB)
	100948  -  ResidentSetSize of job (KB)
...
040 (7944174.160.000) 07/08 17:46:00 Started transferring output files
...
040 (7944174.160.000) 07/08 17:46:00 Finished transferring output files
...
012 (7944174.160.000) 07/08 17:46:00 Job was held.
	Job held by ON_EXIT_HOLD due to exit code 1.
	Code 3 Subcode 0
...
013 (7944174.160.000) 07/08 17:58:12 Job was released.
	The job attribute PeriodicRelease expression '(NumJobStarts < 3) && ((CurrentTime - EnteredCurrentStatus) > 10 * 60)' evaluated to TRUE
...
040 (7944174.160.000) 07/08 18:19:56 Started transferring input files
	Transferring to host: <188.185.214.87:9618?addrs=188.185.214.87-9618+[2001-1458-303-1c--100-53]-9618&alias=b9p29p4639.cern.ch&noUDP&sock=slot1_5_7931_db5c_48091>
...
040 (7944174.160.000) 07/08 18:19:56 Finished transferring input files
...
001 (7944174.160.000) 07/08 18:19:56 Job executing on host: <188.185.214.87:9618?addrs=188.185.214.87-9618+[2001-1458-303-1c--100-53]-9618&alias=b9p29p4639.cern.ch&noUDP&sock=startd_7288_8a50>
	SlotName: slot1_5@b9p29p4639.cern.ch
	CondorScratchDir = "/pool/condor/dir_2252635"
	Cpus = 1
	Disk = 10014434
	GPUs = 0
	Memory = 3000
...
006 (7944174.160.000) 07/08 18:20:05 Image size of job updated: 225000
	169  -  MemoryUsage of job (MB)
	172420  -  ResidentSetSize of job (KB)
...
006 (7944174.160.000) 07/08 18:20:08 Image size of job updated: 225000
	170  -  MemoryUsage of job (MB)
	173284  -  ResidentSetSize of job (KB)
...
040 (7944174.160.000) 07/08 18:20:08 Started transferring output files
...
040 (7944174.160.000) 07/08 18:20:08 Finished transferring output files
...
012 (7944174.160.000) 07/08 18:20:08 Job was held.
	Job held by ON_EXIT_HOLD due to exit code 1.
	Code 3 Subcode 0
...
