000 (7944174.161.000) 07/08 17:29:05 Job submitted from host: <188.185.16.120:9618?addrs=188.185.16.120-9618+[2001-1458-d00-65--100-39b]-9618&alias=bigbird27.cern.ch&noUDP&sock=schedd_4465_3274>
...
040 (7944174.161.000) 07/08 17:32:03 Started transferring input files
	Transferring to host: <188.185.213.51:9618?addrs=188.185.213.51-9618+[2001-1458-303-1a--100-2f]-9618&alias=b9p27p8609.cern.ch&noUDP&sock=slot1_3_8327_dfec_39613>
...
040 (7944174.161.000) 07/08 17:32:03 Finished transferring input files
...
001 (7944174.161.000) 07/08 17:32:03 Job executing on host: <188.185.213.51:9618?addrs=188.185.213.51-9618+[2001-1458-303-1a--100-2f]-9618&alias=b9p27p8609.cern.ch&noUDP&sock=startd_7836_6c36>
	SlotName: slot1_3@b9p27p8609.cern.ch
	CondorScratchDir = "/pool/condor/dir_3070307"
	Cpus = 1
	Disk = 10015512
	GPUs = 0
	Memory = 3000
...
006 (7944174.161.000) 07/08 17:32:12 Image size of job updated: 55948
	55  -  MemoryUsage of job (MB)
	55948  -  ResidentSetSize of job (KB)
...
006 (7944174.161.000) 07/08 17:32:43 Image size of job updated: 406964
	398  -  MemoryUsage of job (MB)
	406964  -  ResidentSetSize of job (KB)
...
040 (7944174.161.000) 07/08 17:32:43 Started transferring output files
...
040 (7944174.161.000) 07/08 17:32:43 Finished transferring output files
...
012 (7944174.161.000) 07/08 17:32:44 Job was held.
	Job held by ON_EXIT_HOLD due to exit code 1.
	Code 3 Subcode 0
...
013 (7944174.161.000) 07/08 17:43:33 Job was released.
	The job attribute PeriodicRelease expression '(NumJobStarts < 3) && ((CurrentTime - EnteredCurrentStatus) > 10 * 60)' evaluated to TRUE
...
040 (7944174.161.000) 07/08 17:44:42 Started transferring input files
	Transferring to host: <188.185.215.64:9618?addrs=188.185.215.64-9618+[2001-1458-303-1e--100-3c]-9618&alias=b9p31p9925.cern.ch&noUDP&sock=slot1_7_8376_664e_39704>
...
040 (7944174.161.000) 07/08 17:44:43 Finished transferring input files
...
001 (7944174.161.000) 07/08 17:44:43 Job executing on host: <188.185.215.64:9618?addrs=188.185.215.64-9618+[2001-1458-303-1e--100-3c]-9618&alias=b9p31p9925.cern.ch&noUDP&sock=startd_7812_f5f0>
	SlotName: slot1_7@b9p31p9925.cern.ch
	CondorScratchDir = "/pool/condor/dir_3738494"
	Cpus = 1
	Disk = 10002562
	GPUs = 0
	Memory = 3000
...
040 (7944174.161.000) 07/08 17:45:16 Started transferring output files
...
040 (7944174.161.000) 07/08 17:45:16 Finished transferring output files
...
012 (7944174.161.000) 07/08 17:45:16 Job was held.
	Job held by ON_EXIT_HOLD due to exit code 1.
	Code 3 Subcode 0
...
013 (7944174.161.000) 07/08 17:55:47 Job was released.
	The job attribute PeriodicRelease expression '(NumJobStarts < 3) && ((CurrentTime - EnteredCurrentStatus) > 10 * 60)' evaluated to TRUE
...
040 (7944174.161.000) 07/08 17:58:09 Started transferring input files
	Transferring to host: <188.185.198.161:9618?addrs=188.185.198.161-9618+[2001-1458-303-25--100-9d]-9618&alias=b9p15p3870.cern.ch&noUDP&sock=slot1_11_1252426_2aab_22998>
...
040 (7944174.161.000) 07/08 17:58:10 Finished transferring input files
...
001 (7944174.161.000) 07/08 17:58:10 Job executing on host: <188.185.198.161:9618?addrs=188.185.198.161-9618+[2001-1458-303-25--100-9d]-9618&alias=b9p15p3870.cern.ch&noUDP&sock=startd_1252388_93ca>
	SlotName: slot1_11@b9p15p3870.cern.ch
	CondorScratchDir = "/pool/condor/dir_3438189"
	Cpus = 1
	Disk = 10005767
	GPUs = 0
	Memory = 3000
...
040 (7944174.161.000) 07/08 18:00:55 Started transferring output files
...
040 (7944174.161.000) 07/08 18:00:59 Finished transferring output files
...
012 (7944174.161.000) 07/08 18:01:01 Job was held.
	Job held by ON_EXIT_HOLD due to exit code 1.
	Code 3 Subcode 0
...
