000 (7944174.162.000) 07/08 17:29:05 Job submitted from host: <188.185.16.120:9618?addrs=188.185.16.120-9618+[2001-1458-d00-65--100-39b]-9618&alias=bigbird27.cern.ch&noUDP&sock=schedd_4465_3274>
...
040 (7944174.162.000) 07/08 17:34:50 Started transferring input files
	Transferring to host: <128.142.192.140:9618?addrs=128.142.192.140-9618+[2001-1458-301-56--100-8]-9618&alias=b9g18p8843.cern.ch&noUDP&sock=slot1_7_4010_285c_74360>
...
040 (7944174.162.000) 07/08 17:34:51 Finished transferring input files
...
001 (7944174.162.000) 07/08 17:34:51 Job executing on host: <128.142.192.140:9618?addrs=128.142.192.140-9618+[2001-1458-301-56--100-8]-9618&alias=b9g18p8843.cern.ch&noUDP&sock=startd_3128_2055>
	SlotName: slot1_7@b9g18p8843.cern.ch
	CondorScratchDir = "/pool/condor/dir_2247901"
	Cpus = 1
	Disk = 10002154
	GPUs = 0
	Memory = 3000
...
006 (7944174.162.000) 07/08 17:35:04 Image size of job updated: 82160
	81  -  MemoryUsage of job (MB)
	82160  -  ResidentSetSize of job (KB)
...
006 (7944174.162.000) 07/08 17:35:10 Image size of job updated: 155004
	82  -  MemoryUsage of job (MB)
	83580  -  ResidentSetSize of job (KB)
...
040 (7944174.162.000) 07/08 17:35:10 Started transferring output files
...
040 (7944174.162.000) 07/08 17:35:10 Finished transferring output files
...
012 (7944174.162.000) 07/08 17:35:10 Job was held.
	Job held by ON_EXIT_HOLD due to exit code 1.
	Code 3 Subcode 0
...
013 (7944174.162.000) 07/08 17:46:02 Job was released.
	The job attribute PeriodicRelease expression '(NumJobStarts < 3) && ((CurrentTime - EnteredCurrentStatus) > 10 * 60)' evaluated to TRUE
...
040 (7944174.162.000) 07/08 17:46:28 Started transferring input files
	Transferring to host: <188.185.193.95:9618?addrs=188.185.193.95-9618+[2001-1458-303-20--100-5b]-9618&alias=b9p19p0505.cern.ch&noUDP&sock=slot1_32_6134_b533_24261>
...
040 (7944174.162.000) 07/08 17:46:28 Finished transferring input files
...
001 (7944174.162.000) 07/08 17:46:28 Job executing on host: <188.185.193.95:9618?addrs=188.185.193.95-9618+[2001-1458-303-20--100-5b]-9618&alias=b9p19p0505.cern.ch&noUDP&sock=startd_5793_183a>
	SlotName: slot1_32@b9p19p0505.cern.ch
	CondorScratchDir = "/pool/condor/dir_1287865"
	Cpus = 1
	Disk = 10003123
	GPUs = 0
	Memory = 3000
...
006 (7944174.162.000) 07/08 17:46:51 Image size of job updated: 202136
	98  -  MemoryUsage of job (MB)
	100000  -  ResidentSetSize of job (KB)
...
040 (7944174.162.000) 07/08 17:46:51 Started transferring output files
...
040 (7944174.162.000) 07/08 17:46:51 Finished transferring output files
...
012 (7944174.162.000) 07/08 17:46:51 Job was held.
	Job held by ON_EXIT_HOLD due to exit code 1.
	Code 3 Subcode 0
...
013 (7944174.162.000) 07/08 17:58:12 Job was released.
	The job attribute PeriodicRelease expression '(NumJobStarts < 3) && ((CurrentTime - EnteredCurrentStatus) > 10 * 60)' evaluated to TRUE
...
040 (7944174.162.000) 07/08 18:07:41 Started transferring input files
	Transferring to host: <128.142.161.83:9618?addrs=128.142.161.83-9618+[2001-1458-301-b8--100-11]-9618&alias=b9g03p4706.cern.ch&noUDP&sock=slot1_11_7752_bc34_17568>
...
040 (7944174.162.000) 07/08 18:07:41 Finished transferring input files
...
001 (7944174.162.000) 07/08 18:07:41 Job executing on host: <128.142.161.83:9618?addrs=128.142.161.83-9618+[2001-1458-301-b8--100-11]-9618&alias=b9g03p4706.cern.ch&noUDP&sock=startd_6311_6648>
	SlotName: slot1_11@b9g03p4706.cern.ch
	CondorScratchDir = "/pool/condor/dir_1371900"
	Cpus = 1
	Disk = 10072504
	GPUs = 0
	Memory = 3000
...
040 (7944174.162.000) 07/08 18:08:05 Started transferring output files
...
040 (7944174.162.000) 07/08 18:08:05 Finished transferring output files
...
012 (7944174.162.000) 07/08 18:08:05 Job was held.
	Job held by ON_EXIT_HOLD due to exit code 1.
	Code 3 Subcode 0
...
