000 (7944174.163.000) 07/08 17:29:05 Job submitted from host: <188.185.16.120:9618?addrs=188.185.16.120-9618+[2001-1458-d00-65--100-39b]-9618&alias=bigbird27.cern.ch&noUDP&sock=schedd_4465_3274>
...
040 (7944174.163.000) 07/08 17:32:04 Started transferring input files
	Transferring to host: <188.185.212.233:9618?addrs=188.185.212.233-9618+[2001-1458-303-19--100-65]-9618&alias=b9p26p7289.cern.ch&noUDP&sock=slot1_5_6869_94f0_40341>
...
040 (7944174.163.000) 07/08 17:32:05 Finished transferring input files
...
001 (7944174.163.000) 07/08 17:32:05 Job executing on host: <188.185.212.233:9618?addrs=188.185.212.233-9618+[2001-1458-303-19--100-65]-9618&alias=b9p26p7289.cern.ch&noUDP&sock=startd_6400_7236>
	SlotName: slot1_5@b9p26p7289.cern.ch
	CondorScratchDir = "/pool/condor/dir_989802"
	Cpus = 1
	Disk = 10003226
	GPUs = 0
	Memory = 3000
...
006 (7944174.163.000) 07/08 17:32:18 Image size of job updated: 34140
	21  -  MemoryUsage of job (MB)
	20972  -  ResidentSetSize of job (KB)
...
006 (7944174.163.000) 07/08 17:32:43 Image size of job updated: 190756
	21  -  MemoryUsage of job (MB)
	20972  -  ResidentSetSize of job (KB)
...
040 (7944174.163.000) 07/08 17:32:44 Started transferring output files
...
040 (7944174.163.000) 07/08 17:32:44 Finished transferring output files
...
012 (7944174.163.000) 07/08 17:32:45 Job was held.
	Job held by ON_EXIT_HOLD due to exit code 1.
	Code 3 Subcode 0
...
013 (7944174.163.000) 07/08 17:43:33 Job was released.
	The job attribute PeriodicRelease expression '(NumJobStarts < 3) && ((CurrentTime - EnteredCurrentStatus) > 10 * 60)' evaluated to TRUE
...
040 (7944174.163.000) 07/08 17:44:41 Started transferring input files
	Transferring to host: <188.185.198.180:9618?addrs=188.185.198.180-9618+[2001-1458-303-25--100-b0]-9618&alias=b9p15p8633.cern.ch&noUDP&sock=slot1_14_972735_8e1d_19236>
...
040 (7944174.163.000) 07/08 17:44:41 Finished transferring input files
...
001 (7944174.163.000) 07/08 17:44:41 Job executing on host: <188.185.198.180:9618?addrs=188.185.198.180-9618+[2001-1458-303-25--100-b0]-9618&alias=b9p15p8633.cern.ch&noUDP&sock=startd_972615_91e0>
	SlotName: slot1_14@b9p15p8633.cern.ch
	CondorScratchDir = "/pool/condor/dir_3997885"
	Cpus = 1
	Disk = 10006171
	GPUs = 0
	Memory = 3000
...
006 (7944174.163.000) 07/08 17:44:50 Image size of job updated: 200000
	168  -  MemoryUsage of job (MB)
	171040  -  ResidentSetSize of job (KB)
...
040 (7944174.163.000) 07/08 17:44:53 Started transferring output files
...
040 (7944174.163.000) 07/08 17:44:53 Finished transferring output files
...
012 (7944174.163.000) 07/08 17:44:53 Job was held.
	Job held by ON_EXIT_HOLD due to exit code 1.
	Code 3 Subcode 0
...
013 (7944174.163.000) 07/08 17:55:47 Job was released.
	The job attribute PeriodicRelease expression '(NumJobStarts < 3) && ((CurrentTime - EnteredCurrentStatus) > 10 * 60)' evaluated to TRUE
...
040 (7944174.163.000) 07/08 17:58:09 Started transferring input files
	Transferring to host: <188.185.195.73:9618?addrs=188.185.195.73-9618+[2001-1458-303-22--100-45]-9618&alias=b9p17p1998.cern.ch&noUDP&sock=slot1_6_8710_bb9b_37590>
...
040 (7944174.163.000) 07/08 17:58:10 Finished transferring input files
...
001 (7944174.163.000) 07/08 17:58:10 Job executing on host: <188.185.195.73:9618?addrs=188.185.195.73-9618+[2001-1458-303-22--100-45]-9618&alias=b9p17p1998.cern.ch&noUDP&sock=startd_8094_63a5>
	SlotName: slot1_6@b9p17p1998.cern.ch
	CondorScratchDir = "/pool/condor/dir_179776"
	Cpus = 1
	Disk = 10002298
	GPUs = 0
	Memory = 3000
...
040 (7944174.163.000) 07/08 17:58:26 Started transferring output files
...
040 (7944174.163.000) 07/08 17:58:26 Finished transferring output files
...
012 (7944174.163.000) 07/08 17:58:26 Job was held.
	Job held by ON_EXIT_HOLD due to exit code 1.
	Code 3 Subcode 0
...
