000 (7944174.165.000) 07/08 17:29:05 Job submitted from host: <188.185.16.120:9618?addrs=188.185.16.120-9618+[2001-1458-d00-65--100-39b]-9618&alias=bigbird27.cern.ch&noUDP&sock=schedd_4465_3274>
...
040 (7944174.165.000) 07/08 17:35:07 Started transferring input files
	Transferring to host: <188.185.210.9:9618?addrs=188.185.210.9-9618+[2001-1458-303-1--100-5]-9618&alias=b9p21p5099.cern.ch&noUDP&sock=slot1_9_2699322_4a80_22418>
...
040 (7944174.165.000) 07/08 17:35:07 Finished transferring input files
...
001 (7944174.165.000) 07/08 17:35:07 Job executing on host: <188.185.210.9:9618?addrs=188.185.210.9-9618+[2001-1458-303-1--100-5]-9618&alias=b9p21p5099.cern.ch&noUDP&sock=startd_2699256_ae13>
	SlotName: slot1_9@b9p21p5099.cern.ch
	CondorScratchDir = "/pool/condor/dir_1231126"
	Cpus = 1
	Disk = 10008520
	GPUs = 0
	Memory = 3000
...
006 (7944174.165.000) 07/08 17:35:17 Image size of job updated: 223132
	218  -  MemoryUsage of job (MB)
	223132  -  ResidentSetSize of job (KB)
...
006 (7944174.165.000) 07/08 17:35:17 Image size of job updated: 223132
	219  -  MemoryUsage of job (MB)
	223352  -  ResidentSetSize of job (KB)
...
040 (7944174.165.000) 07/08 17:35:17 Started transferring output files
...
040 (7944174.165.000) 07/08 17:35:17 Finished transferring output files
...
012 (7944174.165.000) 07/08 17:35:18 Job was held.
	Job held by ON_EXIT_HOLD due to exit code 1.
	Code 3 Subcode 0
...
013 (7944174.165.000) 07/08 17:46:02 Job was released.
	The job attribute PeriodicRelease expression '(NumJobStarts < 3) && ((CurrentTime - EnteredCurrentStatus) > 10 * 60)' evaluated to TRUE
...
040 (7944174.165.000) 07/08 17:46:29 Started transferring input files
	Transferring to host: <188.185.194.148:9618?addrs=188.185.194.148-9618+[2001-1458-303-21--100-90]-9618&alias=b9p20p7611.cern.ch&noUDP&sock=slot1_38_5991_f38d_24145>
...
040 (7944174.165.000) 07/08 17:46:29 Finished transferring input files
...
001 (7944174.165.000) 07/08 17:46:29 Job executing on host: <188.185.194.148:9618?addrs=188.185.194.148-9618+[2001-1458-303-21--100-90]-9618&alias=b9p20p7611.cern.ch&noUDP&sock=startd_5398_2851>
	SlotName: slot1_38@b9p20p7611.cern.ch
	CondorScratchDir = "/pool/condor/dir_1780030"
	Cpus = 1
	Disk = 10003127
	GPUs = 0
	Memory = 3000
...
040 (7944174.165.000) 07/08 17:47:02 Started transferring output files
...
040 (7944174.165.000) 07/08 17:47:02 Finished transferring output files
...
012 (7944174.165.000) 07/08 17:47:02 Job was held.
	Job held by ON_EXIT_HOLD due to exit code 1.
	Code 3 Subcode 0
...
013 (7944174.165.000) 07/08 17:58:12 Job was released.
	The job attribute PeriodicRelease expression '(NumJobStarts < 3) && ((CurrentTime - EnteredCurrentStatus) > 10 * 60)' evaluated to TRUE
...
040 (7944174.165.000) 07/08 18:15:09 Started transferring input files
	Transferring to host: <188.185.198.100:9618?addrs=188.185.198.100-9618+[2001-1458-303-25--100-60]-9618&alias=b9p15p6229.cern.ch&noUDP&sock=slot1_25_3164_12fa_42664>
...
040 (7944174.165.000) 07/08 18:15:09 Finished transferring input files
...
001 (7944174.165.000) 07/08 18:15:09 Job executing on host: <188.185.198.100:9618?addrs=188.185.198.100-9618+[2001-1458-303-25--100-60]-9618&alias=b9p15p6229.cern.ch&noUDP&sock=startd_2535_60ab>
	SlotName: slot1_25@b9p15p6229.cern.ch
	CondorScratchDir = "/pool/condor/dir_2690327"
	Cpus = 1
	Disk = 10095052
	GPUs = 0
	Memory = 3000
...
040 (7944174.165.000) 07/08 18:15:26 Started transferring output files
...
040 (7944174.165.000) 07/08 18:15:26 Finished transferring output files
...
012 (7944174.165.000) 07/08 18:15:26 Job was held.
	Job held by ON_EXIT_HOLD due to exit code 1.
	Code 3 Subcode 0
...
