000 (7944174.167.000) 07/08 17:29:05 Job submitted from host: <188.185.16.120:9618?addrs=188.185.16.120-9618+[2001-1458-d00-65--100-39b]-9618&alias=bigbird27.cern.ch&noUDP&sock=schedd_4465_3274>
...
040 (7944174.167.000) 07/08 17:34:07 Started transferring input files
	Transferring to host: <188.185.211.144:9618?addrs=188.185.211.144-9618+[2001-1458-303-17--100-c]-9618&alias=b9p24p0603.cern.ch&noUDP&sock=slot1_3_7938_c9fc_40482>
...
040 (7944174.167.000) 07/08 17:34:07 Finished transferring input files
...
001 (7944174.167.000) 07/08 17:34:07 Job executing on host: <188.185.211.144:9618?addrs=188.185.211.144-9618+[2001-1458-303-17--100-c]-9618&alias=b9p24p0603.cern.ch&noUDP&sock=startd_7438_6d84>
	SlotName: slot1_3@b9p24p0603.cern.ch
	CondorScratchDir = "/pool/condor/dir_1713800"
	Cpus = 1
	Disk = 10002148
	GPUs = 0
	Memory = 3000
...
006 (7944174.167.000) 07/08 17:34:16 Image size of job updated: 171452
	168  -  MemoryUsage of job (MB)
	171452  -  ResidentSetSize of job (KB)
...
006 (7944174.167.000) 07/08 17:34:19 Image size of job updated: 171452
	168  -  MemoryUsage of job (MB)
	171636  -  ResidentSetSize of job (KB)
...
040 (7944174.167.000) 07/08 17:34:19 Started transferring output files
...
040 (7944174.167.000) 07/08 17:34:19 Finished transferring output files
...
012 (7944174.167.000) 07/08 17:34:19 Job was held.
	Job held by ON_EXIT_HOLD due to exit code 1.
	Code 3 Subcode 0
...
013 (7944174.167.000) 07/08 17:46:02 Job was released.
	The job attribute PeriodicRelease expression '(NumJobStarts < 3) && ((CurrentTime - EnteredCurrentStatus) > 10 * 60)' evaluated to TRUE
...
040 (7944174.167.000) 07/08 17:46:30 Started transferring input files
	Transferring to host: <188.185.194.107:9618?addrs=188.185.194.107-9618+[2001-1458-303-21--100-67]-9618&alias=b9p20p4677.cern.ch&noUDP&sock=slot1_19_7428_72a7_23877>
...
040 (7944174.167.000) 07/08 17:46:30 Finished transferring input files
...
001 (7944174.167.000) 07/08 17:46:30 Job executing on host: <188.185.194.107:9618?addrs=188.185.194.107-9618+[2001-1458-303-21--100-67]-9618&alias=b9p20p4677.cern.ch&noUDP&sock=startd_5915_c6c7>
	SlotName: slot1_19@b9p20p4677.cern.ch
	CondorScratchDir = "/pool/condor/dir_1298858"
	Cpus = 1
	Disk = 10003054
	GPUs = 0
	Memory = 3000
...
006 (7944174.167.000) 07/08 17:47:19 Image size of job updated: 201148
	171  -  MemoryUsage of job (MB)
	175000  -  ResidentSetSize of job (KB)
...
040 (7944174.167.000) 07/08 17:47:19 Started transferring output files
...
040 (7944174.167.000) 07/08 17:47:19 Finished transferring output files
...
012 (7944174.167.000) 07/08 17:47:19 Job was held.
	Job held by ON_EXIT_HOLD due to exit code 1.
	Code 3 Subcode 0
...
013 (7944174.167.000) 07/08 17:58:12 Job was released.
	The job attribute PeriodicRelease expression '(NumJobStarts < 3) && ((CurrentTime - EnteredCurrentStatus) > 10 * 60)' evaluated to TRUE
...
040 (7944174.167.000) 07/08 18:01:18 Started transferring input files
	Transferring to host: <188.185.192.69:9618?addrs=188.185.192.69-9618+[2001-1458-303-1f--100-41]-9618&alias=b9p13p8505.cern.ch&noUDP&sock=slot1_9_8832_b160_40482>
...
040 (7944174.167.000) 07/08 18:01:18 Finished transferring input files
...
001 (7944174.167.000) 07/08 18:01:19 Job executing on host: <188.185.192.69:9618?addrs=188.185.192.69-9618+[2001-1458-303-1f--100-41]-9618&alias=b9p13p8505.cern.ch&noUDP&sock=startd_8785_5b96>
	SlotName: slot1_9@b9p13p8505.cern.ch
	CondorScratchDir = "/pool/condor/dir_361048"
	Cpus = 1
	Disk = 10059087
	GPUs = 0
	Memory = 3000
...
040 (7944174.167.000) 07/08 18:01:38 Started transferring output files
...
040 (7944174.167.000) 07/08 18:01:38 Finished transferring output files
...
012 (7944174.167.000) 07/08 18:01:38 Job was held.
	Job held by ON_EXIT_HOLD due to exit code 1.
	Code 3 Subcode 0
...
