000 (7944174.168.000) 07/08 17:29:05 Job submitted from host: <188.185.16.120:9618?addrs=188.185.16.120-9618+[2001-1458-d00-65--100-39b]-9618&alias=bigbird27.cern.ch&noUDP&sock=schedd_4465_3274>
...
040 (7944174.168.000) 07/08 17:32:06 Started transferring input files
	Transferring to host: <188.185.192.45:9618?addrs=188.185.192.45-9618+[2001-1458-303-1f--100-29]-9618&alias=b9p13p0317.cern.ch&noUDP&sock=slot1_20_8794_eb1f_39650>
...
040 (7944174.168.000) 07/08 17:32:06 Finished transferring input files
...
001 (7944174.168.000) 07/08 17:32:06 Job executing on host: <188.185.192.45:9618?addrs=188.185.192.45-9618+[2001-1458-303-1f--100-29]-9618&alias=b9p13p0317.cern.ch&noUDP&sock=startd_8738_1ea3>
	SlotName: slot1_20@b9p13p0317.cern.ch
	CondorScratchDir = "/pool/condor/dir_2983968"
	Cpus = 1
	Disk = 10003104
	GPUs = 0
	Memory = 3000
...
006 (7944174.168.000) 07/08 17:32:15 Image size of job updated: 54876
	54  -  MemoryUsage of job (MB)
	54876  -  ResidentSetSize of job (KB)
...
006 (7944174.168.000) 07/08 17:32:43 Image size of job updated: 424480
	415  -  MemoryUsage of job (MB)
	424480  -  ResidentSetSize of job (KB)
...
040 (7944174.168.000) 07/08 17:32:43 Started transferring output files
...
040 (7944174.168.000) 07/08 17:32:43 Finished transferring output files
...
012 (7944174.168.000) 07/08 17:32:45 Job was held.
	Job held by ON_EXIT_HOLD due to exit code 1.
	Code 3 Subcode 0
...
013 (7944174.168.000) 07/08 17:43:33 Job was released.
	The job attribute PeriodicRelease expression '(NumJobStarts < 3) && ((CurrentTime - EnteredCurrentStatus) > 10 * 60)' evaluated to TRUE
...
040 (7944174.168.000) 07/08 17:44:42 Started transferring input files
	Transferring to host: <188.185.192.50:9618?addrs=188.185.192.50-9618+[2001-1458-303-1f--100-2e]-9618&alias=b9p13p1639.cern.ch&noUDP&sock=slot1_6_8805_ab3f_39406>
...
040 (7944174.168.000) 07/08 17:44:42 Finished transferring input files
...
001 (7944174.168.000) 07/08 17:44:42 Job executing on host: <188.185.192.50:9618?addrs=188.185.192.50-9618+[2001-1458-303-1f--100-2e]-9618&alias=b9p13p1639.cern.ch&noUDP&sock=startd_8718_66be>
	SlotName: slot1_6@b9p13p1639.cern.ch
	CondorScratchDir = "/pool/condor/dir_1297946"
	Cpus = 1
	Disk = 10001160
	GPUs = 0
	Memory = 3000
...
040 (7944174.168.000) 07/08 17:45:02 Started transferring output files
...
040 (7944174.168.000) 07/08 17:45:02 Finished transferring output files
...
012 (7944174.168.000) 07/08 17:45:02 Job was held.
	Job held by ON_EXIT_HOLD due to exit code 1.
	Code 3 Subcode 0
...
013 (7944174.168.000) 07/08 17:55:47 Job was released.
	The job attribute PeriodicRelease expression '(NumJobStarts < 3) && ((CurrentTime - EnteredCurrentStatus) > 10 * 60)' evaluated to TRUE
...
040 (7944174.168.000) 07/08 17:58:10 Started transferring input files
	Transferring to host: <128.142.248.54:9618?addrs=128.142.248.54-9618+[2001-1458-301-73--100-126]-9618&alias=b9g23p5264.cern.ch&noUDP&sock=slot1_26_2875032_e1a9_61034>
...
040 (7944174.168.000) 07/08 17:58:10 Finished transferring input files
...
001 (7944174.168.000) 07/08 17:58:10 Job executing on host: <128.142.248.54:9618?addrs=128.142.248.54-9618+[2001-1458-301-73--100-126]-9618&alias=b9g23p5264.cern.ch&noUDP&sock=startd_5670_ba13>
	SlotName: slot1_26@b9g23p5264.cern.ch
	CondorScratchDir = "/pool/condor/dir_3468412"
	Cpus = 1
	Disk = 10003272
	GPUs = 0
	Memory = 3000
...
040 (7944174.168.000) 07/08 17:58:29 Started transferring output files
...
040 (7944174.168.000) 07/08 17:58:29 Finished transferring output files
...
012 (7944174.168.000) 07/08 18:00:55 Job was held.
	Job held by ON_EXIT_HOLD due to exit code 1.
	Code 3 Subcode 0
...
