000 (7944174.017.000) 07/08 17:29:04 Job submitted from host: <188.185.16.120:9618?addrs=188.185.16.120-9618+[2001-1458-d00-65--100-39b]-9618&alias=bigbird27.cern.ch&noUDP&sock=schedd_4465_3274>
...
040 (7944174.017.000) 07/08 17:31:16 Started transferring input files
	Transferring to host: <188.184.185.100:9618?addrs=188.184.185.100-9618+[2001-1458-301-52--100-63]-9618&alias=b9g37p3129.cern.ch&noUDP&sock=slot1_7_3853606_ca5b_58219>
...
040 (7944174.017.000) 07/08 17:31:17 Finished transferring input files
...
001 (7944174.017.000) 07/08 17:31:17 Job executing on host: <188.184.185.100:9618?addrs=188.184.185.100-9618+[2001-1458-301-52--100-63]-9618&alias=b9g37p3129.cern.ch&noUDP&sock=startd_3898_4841>
	SlotName: slot1_7@b9g37p3129.cern.ch
	CondorScratchDir = "/pool/condor/dir_2236196"
	Cpus = 1
	Disk = 10003072
	GPUs = 0
	Memory = 3000
...
006 (7944174.017.000) 07/08 17:31:26 Image size of job updated: 48524
	48  -  MemoryUsage of job (MB)
	48524  -  ResidentSetSize of job (KB)
...
006 (7944174.017.000) 07/08 17:32:45 Image size of job updated: 423296
	414  -  MemoryUsage of job (MB)
	423296  -  ResidentSetSize of job (KB)
...
040 (7944174.017.000) 07/08 17:32:45 Started transferring output files
...
040 (7944174.017.000) 07/08 17:32:45 Finished transferring output files
...
012 (7944174.017.000) 07/08 17:32:45 Job was held.
	Job held by ON_EXIT_HOLD due to exit code 1.
	Code 3 Subcode 0
...
013 (7944174.017.000) 07/08 17:43:32 Job was released.
	The job attribute PeriodicRelease expression '(NumJobStarts < 3) && ((CurrentTime - EnteredCurrentStatus) > 10 * 60)' evaluated to TRUE
...
040 (7944174.017.000) 07/08 17:44:00 Started transferring input files
	Transferring to host: <188.185.192.153:9618?addrs=188.185.192.153-9618+[2001-1458-303-1f--100-95]-9618&alias=b9p13p8673.cern.ch&noUDP&sock=slot1_8_6128_7af2_24338>
...
040 (7944174.017.000) 07/08 17:44:01 Finished transferring input files
...
001 (7944174.017.000) 07/08 17:44:01 Job executing on host: <188.185.192.153:9618?addrs=188.185.192.153-9618+[2001-1458-303-1f--100-95]-9618&alias=b9p13p8673.cern.ch&noUDP&sock=startd_5976_9e0e>
	SlotName: slot1_8@b9p13p8673.cern.ch
	CondorScratchDir = "/pool/condor/dir_1237644"
	Cpus = 1
	Disk = 10003228
	GPUs = 0
	Memory = 3000
...
040 (7944174.017.000) 07/08 17:44:20 Started transferring output files
...
040 (7944174.017.000) 07/08 17:44:20 Finished transferring output files
...
012 (7944174.017.000) 07/08 17:44:20 Job was held.
	Job held by ON_EXIT_HOLD due to exit code 1.
	Code 3 Subcode 0
...
013 (7944174.017.000) 07/08 17:55:47 Job was released.
	The job attribute PeriodicRelease expression '(NumJobStarts < 3) && ((CurrentTime - EnteredCurrentStatus) > 10 * 60)' evaluated to TRUE
...
040 (7944174.017.000) 07/08 17:57:27 Started transferring input files
	Transferring to host: <188.185.192.18:9618?addrs=188.185.192.18-9618+[2001-1458-303-1f--100-e]-9618&alias=b9p13p9679.cern.ch&noUDP&sock=slot1_37_7794_53f6_39364>
...
040 (7944174.017.000) 07/08 17:57:27 Finished transferring input files
...
001 (7944174.017.000) 07/08 17:57:27 Job executing on host: <188.185.192.18:9618?addrs=188.185.192.18-9618+[2001-1458-303-1f--100-e]-9618&alias=b9p13p9679.cern.ch&noUDP&sock=startd_6809_fc72>
	SlotName: slot1_37@b9p13p9679.cern.ch
	CondorScratchDir = "/pool/condor/dir_597907"
	Cpus = 1
	Disk = 10003187
	GPUs = 0
	Memory = 3000
...
040 (7944174.017.000) 07/08 17:57:50 Started transferring output files
...
040 (7944174.017.000) 07/08 17:57:55 Finished transferring output files
...
012 (7944174.017.000) 07/08 17:57:55 Job was held.
	Job held by ON_EXIT_HOLD due to exit code 1.
	Code 3 Subcode 0
...
