000 (7944174.171.000) 07/08 17:29:05 Job submitted from host: <188.185.16.120:9618?addrs=188.185.16.120-9618+[2001-1458-d00-65--100-39b]-9618&alias=bigbird27.cern.ch&noUDP&sock=schedd_4465_3274>
...
040 (7944174.171.000) 07/08 17:32:07 Started transferring input files
	Transferring to host: <188.185.210.54:9618?addrs=188.185.210.54-9618+[2001-1458-303-1--100-32]-9618&alias=b9p21p3078.cern.ch&noUDP&sock=slot1_6_7834_82f8_40168>
...
040 (7944174.171.000) 07/08 17:32:08 Finished transferring input files
...
001 (7944174.171.000) 07/08 17:32:08 Job executing on host: <188.185.210.54:9618?addrs=188.185.210.54-9618+[2001-1458-303-1--100-32]-9618&alias=b9p21p3078.cern.ch&noUDP&sock=startd_6966_acd1>
	SlotName: slot1_6@b9p21p3078.cern.ch
	CondorScratchDir = "/pool/condor/dir_3612379"
	Cpus = 1
	Disk = 14062701
	Memory = 3000
...
006 (7944174.171.000) 07/08 17:32:16 Image size of job updated: 254880
	239  -  MemoryUsage of job (MB)
	243720  -  ResidentSetSize of job (KB)
...
006 (7944174.171.000) 07/08 17:32:43 Image size of job updated: 844156
	610  -  MemoryUsage of job (MB)
	623888  -  ResidentSetSize of job (KB)
...
040 (7944174.171.000) 07/08 17:32:43 Started transferring output files
...
040 (7944174.171.000) 07/08 17:32:43 Finished transferring output files
...
012 (7944174.171.000) 07/08 17:32:44 Job was held.
	Job held by ON_EXIT_HOLD due to exit code 1.
	Code 3 Subcode 0
...
013 (7944174.171.000) 07/08 17:43:33 Job was released.
	The job attribute PeriodicRelease expression '(NumJobStarts < 3) && ((CurrentTime - EnteredCurrentStatus) > 10 * 60)' evaluated to TRUE
...
040 (7944174.171.000) 07/08 17:44:43 Started transferring input files
	Transferring to host: <188.185.196.174:9618?addrs=188.185.196.174-9618+[2001-1458-303-23--100-aa]-9618&alias=b9p16p9594.cern.ch&noUDP&sock=slot1_21_4684_0d38_35815>
...
040 (7944174.171.000) 07/08 17:44:44 Finished transferring input files
...
001 (7944174.171.000) 07/08 17:44:44 Job executing on host: <188.185.196.174:9618?addrs=188.185.196.174-9618+[2001-1458-303-23--100-aa]-9618&alias=b9p16p9594.cern.ch&noUDP&sock=startd_3768_1cf1>
	SlotName: slot1_21@b9p16p9594.cern.ch
	CondorScratchDir = "/pool/condor/dir_3968705"
	Cpus = 1
	Disk = 10002950
	GPUs = 0
	Memory = 3000
...
040 (7944174.171.000) 07/08 17:45:01 Started transferring output files
...
040 (7944174.171.000) 07/08 17:45:01 Finished transferring output files
...
012 (7944174.171.000) 07/08 17:45:01 Job was held.
	Job held by ON_EXIT_HOLD due to exit code 1.
	Code 3 Subcode 0
...
013 (7944174.171.000) 07/08 17:55:47 Job was released.
	The job attribute PeriodicRelease expression '(NumJobStarts < 3) && ((CurrentTime - EnteredCurrentStatus) > 10 * 60)' evaluated to TRUE
...
040 (7944174.171.000) 07/08 18:01:07 Started transferring input files
	Transferring to host: <188.185.192.111:9618?addrs=188.185.192.111-9618+[2001-1458-303-1f--100-6b]-9618&alias=b9p13p6936.cern.ch&noUDP&sock=slot1_17_8831_fd00_41439>
...
040 (7944174.171.000) 07/08 18:01:08 Finished transferring input files
...
001 (7944174.171.000) 07/08 18:01:08 Job executing on host: <188.185.192.111:9618?addrs=188.185.192.111-9618+[2001-1458-303-1f--100-6b]-9618&alias=b9p13p6936.cern.ch&noUDP&sock=startd_8782_4cce>
	SlotName: slot1_17@b9p13p6936.cern.ch
	CondorScratchDir = "/pool/condor/dir_3566543"
	Cpus = 1
	Disk = 10008019
	GPUs = 0
	Memory = 3000
...
040 (7944174.171.000) 07/08 18:01:22 Started transferring output files
...
040 (7944174.171.000) 07/08 18:01:22 Finished transferring output files
...
012 (7944174.171.000) 07/08 18:01:22 Job was held.
	Job held by ON_EXIT_HOLD due to exit code 1.
	Code 3 Subcode 0
...
