000 (7944174.173.000) 07/08 17:29:05 Job submitted from host: <188.185.16.120:9618?addrs=188.185.16.120-9618+[2001-1458-d00-65--100-39b]-9618&alias=bigbird27.cern.ch&noUDP&sock=schedd_4465_3274>
...
040 (7944174.173.000) 07/08 17:32:07 Started transferring input files
	Transferring to host: <188.185.213.194:9618?addrs=188.185.213.194-9618+[2001-1458-303-1b--100-3e]-9618&alias=b9p28p4368.cern.ch&noUDP&sock=slot1_14_7865_5a99_39928>
...
040 (7944174.173.000) 07/08 17:32:08 Finished transferring input files
...
001 (7944174.173.000) 07/08 17:32:08 Job executing on host: <188.185.213.194:9618?addrs=188.185.213.194-9618+[2001-1458-303-1b--100-3e]-9618&alias=b9p28p4368.cern.ch&noUDP&sock=startd_6819_d865>
	SlotName: slot1_14@b9p28p4368.cern.ch
	CondorScratchDir = "/pool/condor/dir_4030343"
	Cpus = 1
	Disk = 10003042
	GPUs = 0
	Memory = 3000
...
006 (7944174.173.000) 07/08 17:32:17 Image size of job updated: 55676
	55  -  MemoryUsage of job (MB)
	55676  -  ResidentSetSize of job (KB)
...
006 (7944174.173.000) 07/08 17:32:43 Image size of job updated: 406808
	398  -  MemoryUsage of job (MB)
	406808  -  ResidentSetSize of job (KB)
...
040 (7944174.173.000) 07/08 17:32:43 Started transferring output files
...
040 (7944174.173.000) 07/08 17:32:43 Finished transferring output files
...
012 (7944174.173.000) 07/08 17:32:44 Job was held.
	Job held by ON_EXIT_HOLD due to exit code 1.
	Code 3 Subcode 0
...
013 (7944174.173.000) 07/08 17:43:33 Job was released.
	The job attribute PeriodicRelease expression '(NumJobStarts < 3) && ((CurrentTime - EnteredCurrentStatus) > 10 * 60)' evaluated to TRUE
...
040 (7944174.173.000) 07/08 17:44:43 Started transferring input files
	Transferring to host: <188.185.210.78:9618?addrs=188.185.210.78-9618+[2001-1458-303-1--100-4a]-9618&alias=b9p21p8482.cern.ch&noUDP&sock=slot1_22_6615_9da6_37804>
...
040 (7944174.173.000) 07/08 17:44:44 Finished transferring input files
...
001 (7944174.173.000) 07/08 17:44:44 Job executing on host: <188.185.210.78:9618?addrs=188.185.210.78-9618+[2001-1458-303-1--100-4a]-9618&alias=b9p21p8482.cern.ch&noUDP&sock=startd_6409_9e90>
	SlotName: slot1_22@b9p21p8482.cern.ch
	CondorScratchDir = "/pool/condor/dir_3262952"
	Cpus = 1
	Disk = 10002368
	GPUs = 0
	Memory = 3000
...
006 (7944174.173.000) 07/08 17:45:14 Image size of job updated: 426288
	417  -  MemoryUsage of job (MB)
	426288  -  ResidentSetSize of job (KB)
...
040 (7944174.173.000) 07/08 17:45:14 Started transferring output files
...
040 (7944174.173.000) 07/08 17:45:14 Finished transferring output files
...
012 (7944174.173.000) 07/08 17:45:14 Job was held.
	Job held by ON_EXIT_HOLD due to exit code 1.
	Code 3 Subcode 0
...
013 (7944174.173.000) 07/08 17:55:47 Job was released.
	The job attribute PeriodicRelease expression '(NumJobStarts < 3) && ((CurrentTime - EnteredCurrentStatus) > 10 * 60)' evaluated to TRUE
...
040 (7944174.173.000) 07/08 17:58:11 Started transferring input files
	Transferring to host: <188.185.194.128:9618?addrs=188.185.194.128-9618+[2001-1458-303-21--100-7c]-9618&alias=b9p20p8653.cern.ch&noUDP&sock=slot1_33_7506_67ea_23653>
...
040 (7944174.173.000) 07/08 17:58:12 Finished transferring input files
...
001 (7944174.173.000) 07/08 17:58:14 Job executing on host: <188.185.194.128:9618?addrs=188.185.194.128-9618+[2001-1458-303-21--100-7c]-9618&alias=b9p20p8653.cern.ch&noUDP&sock=startd_6432_653e>
	SlotName: slot1_33@b9p20p8653.cern.ch
	CondorScratchDir = "/pool/condor/dir_2793312"
	Cpus = 1
	Disk = 10001571
	GPUs = 0
	Memory = 3000
...
040 (7944174.173.000) 07/08 18:00:55 Started transferring output files
...
040 (7944174.173.000) 07/08 18:00:59 Finished transferring output files
...
012 (7944174.173.000) 07/08 18:01:01 Job was held.
	Job held by ON_EXIT_HOLD due to exit code 1.
	Code 3 Subcode 0
...
