000 (7944174.175.000) 07/08 17:29:05 Job submitted from host: <188.185.16.120:9618?addrs=188.185.16.120-9618+[2001-1458-d00-65--100-39b]-9618&alias=bigbird27.cern.ch&noUDP&sock=schedd_4465_3274>
...
040 (7944174.175.000) 07/08 17:32:08 Started transferring input files
	Transferring to host: <128.142.161.120:9618?addrs=128.142.161.120-9618+[2001-1458-301-b8--100-36]-9618&alias=b9g03p7420.cern.ch&noUDP&sock=slot1_20_4678_d2f7_23095>
...
040 (7944174.175.000) 07/08 17:32:08 Finished transferring input files
...
001 (7944174.175.000) 07/08 17:32:08 Job executing on host: <128.142.161.120:9618?addrs=128.142.161.120-9618+[2001-1458-301-b8--100-36]-9618&alias=b9g03p7420.cern.ch&noUDP&sock=startd_4141_f5c5>
	SlotName: slot1_20@b9g03p7420.cern.ch
	CondorScratchDir = "/pool/condor/dir_3131786"
	Cpus = 1
	Disk = 10002291
	GPUs = 0
	Memory = 3000
...
006 (7944174.175.000) 07/08 17:32:22 Image size of job updated: 32324
	32  -  MemoryUsage of job (MB)
	32324  -  ResidentSetSize of job (KB)
...
006 (7944174.175.000) 07/08 17:32:45 Image size of job updated: 206800
	33  -  MemoryUsage of job (MB)
	33056  -  ResidentSetSize of job (KB)
...
040 (7944174.175.000) 07/08 17:32:45 Started transferring output files
...
040 (7944174.175.000) 07/08 17:32:45 Finished transferring output files
...
012 (7944174.175.000) 07/08 17:32:45 Job was held.
	Job held by ON_EXIT_HOLD due to exit code 1.
	Code 3 Subcode 0
...
013 (7944174.175.000) 07/08 17:43:33 Job was released.
	The job attribute PeriodicRelease expression '(NumJobStarts < 3) && ((CurrentTime - EnteredCurrentStatus) > 10 * 60)' evaluated to TRUE
...
040 (7944174.175.000) 07/08 17:44:45 Started transferring input files
	Transferring to host: <188.185.194.30:9618?addrs=188.185.194.30-9618+[2001-1458-303-21--100-1a]-9618&alias=b9p20p2912.cern.ch&noUDP&sock=slot1_20_8318_888b_23773>
...
040 (7944174.175.000) 07/08 17:44:46 Finished transferring input files
...
001 (7944174.175.000) 07/08 17:44:46 Job executing on host: <188.185.194.30:9618?addrs=188.185.194.30-9618+[2001-1458-303-21--100-1a]-9618&alias=b9p20p2912.cern.ch&noUDP&sock=startd_6963_9e08>
	SlotName: slot1_20@b9p20p2912.cern.ch
	CondorScratchDir = "/pool/condor/dir_1412206"
	Cpus = 1
	Disk = 10002478
	GPUs = 0
	Memory = 3000
...
040 (7944174.175.000) 07/08 17:45:21 Started transferring output files
...
040 (7944174.175.000) 07/08 17:45:21 Finished transferring output files
...
012 (7944174.175.000) 07/08 17:45:21 Job was held.
	Job held by ON_EXIT_HOLD due to exit code 1.
	Code 3 Subcode 0
...
013 (7944174.175.000) 07/08 17:55:47 Job was released.
	The job attribute PeriodicRelease expression '(NumJobStarts < 3) && ((CurrentTime - EnteredCurrentStatus) > 10 * 60)' evaluated to TRUE
...
040 (7944174.175.000) 07/08 17:58:11 Started transferring input files
	Transferring to host: <188.185.194.20:9618?addrs=188.185.194.20-9618+[2001-1458-303-21--100-10]-9618&alias=b9p20p9508.cern.ch&noUDP&sock=slot1_26_2145968_56da_17862>
...
040 (7944174.175.000) 07/08 17:58:12 Finished transferring input files
...
001 (7944174.175.000) 07/08 17:58:14 Job executing on host: <188.185.194.20:9618?addrs=188.185.194.20-9618+[2001-1458-303-21--100-10]-9618&alias=b9p20p9508.cern.ch&noUDP&sock=startd_2145930_1153>
	SlotName: slot1_26@b9p20p9508.cern.ch
	CondorScratchDir = "/pool/condor/dir_93353"
	Cpus = 1
	Disk = 10003423
	GPUs = 0
	Memory = 3000
...
006 (7944174.175.000) 07/08 17:58:28 Image size of job updated: 225000
	118  -  MemoryUsage of job (MB)
	120196  -  ResidentSetSize of job (KB)
...
006 (7944174.175.000) 07/08 17:58:34 Image size of job updated: 225000
	119  -  MemoryUsage of job (MB)
	121688  -  ResidentSetSize of job (KB)
...
040 (7944174.175.000) 07/08 18:00:54 Started transferring output files
...
040 (7944174.175.000) 07/08 18:00:59 Finished transferring output files
...
012 (7944174.175.000) 07/08 18:01:01 Job was held.
	Job held by ON_EXIT_HOLD due to exit code 1.
	Code 3 Subcode 0
...
