000 (7944174.176.000) 07/08 17:29:05 Job submitted from host: <188.185.16.120:9618?addrs=188.185.16.120-9618+[2001-1458-d00-65--100-39b]-9618&alias=bigbird27.cern.ch&noUDP&sock=schedd_4465_3274>
...
040 (7944174.176.000) 07/08 17:35:08 Started transferring input files
	Transferring to host: <188.185.214.57:9618?addrs=188.185.214.57-9618+[2001-1458-303-1c--100-35]-9618&alias=b9p29p2773.cern.ch&noUDP&sock=slot1_21_1637338_7dcf_26170>
...
040 (7944174.176.000) 07/08 17:35:09 Finished transferring input files
...
001 (7944174.176.000) 07/08 17:35:09 Job executing on host: <188.185.214.57:9618?addrs=188.185.214.57-9618+[2001-1458-303-1c--100-35]-9618&alias=b9p29p2773.cern.ch&noUDP&sock=startd_1637158_cb23>
	SlotName: slot1_21@b9p29p2773.cern.ch
	CondorScratchDir = "/pool/condor/dir_2634517"
	Cpus = 1
	Disk = 10015579
	GPUs = 0
	Memory = 3000
...
006 (7944174.176.000) 07/08 17:35:17 Image size of job updated: 107380
	105  -  MemoryUsage of job (MB)
	107380  -  ResidentSetSize of job (KB)
...
006 (7944174.176.000) 07/08 17:35:22 Image size of job updated: 107380
	106  -  MemoryUsage of job (MB)
	107892  -  ResidentSetSize of job (KB)
...
040 (7944174.176.000) 07/08 17:35:22 Started transferring output files
...
040 (7944174.176.000) 07/08 17:35:22 Finished transferring output files
...
012 (7944174.176.000) 07/08 17:35:22 Job was held.
	Job held by ON_EXIT_HOLD due to exit code 1.
	Code 3 Subcode 0
...
013 (7944174.176.000) 07/08 17:46:02 Job was released.
	The job attribute PeriodicRelease expression '(NumJobStarts < 3) && ((CurrentTime - EnteredCurrentStatus) > 10 * 60)' evaluated to TRUE
...
040 (7944174.176.000) 07/08 17:46:30 Started transferring input files
	Transferring to host: <188.185.193.14:9618?addrs=188.185.193.14-9618+[2001-1458-303-20--100-a]-9618&alias=b9p19p9524.cern.ch&noUDP&sock=slot1_11_1497599_b97c_19728>
...
040 (7944174.176.000) 07/08 17:46:30 Finished transferring input files
...
001 (7944174.176.000) 07/08 17:46:30 Job executing on host: <188.185.193.14:9618?addrs=188.185.193.14-9618+[2001-1458-303-20--100-a]-9618&alias=b9p19p9524.cern.ch&noUDP&sock=startd_1497539_c5c4>
	SlotName: slot1_11@b9p19p9524.cern.ch
	CondorScratchDir = "/pool/condor/dir_585625"
	Cpus = 1
	Disk = 10003240
	GPUs = 0
	Memory = 3000
...
006 (7944174.176.000) 07/08 17:47:13 Image size of job updated: 207148
	123  -  MemoryUsage of job (MB)
	125000  -  ResidentSetSize of job (KB)
...
040 (7944174.176.000) 07/08 17:47:13 Started transferring output files
...
040 (7944174.176.000) 07/08 17:47:13 Finished transferring output files
...
012 (7944174.176.000) 07/08 17:47:13 Job was held.
	Job held by ON_EXIT_HOLD due to exit code 1.
	Code 3 Subcode 0
...
013 (7944174.176.000) 07/08 17:58:12 Job was released.
	The job attribute PeriodicRelease expression '(NumJobStarts < 3) && ((CurrentTime - EnteredCurrentStatus) > 10 * 60)' evaluated to TRUE
...
040 (7944174.176.000) 07/08 18:01:19 Started transferring input files
	Transferring to host: <188.185.192.79:9618?addrs=188.185.192.79-9618+[2001-1458-303-1f--100-4b]-9618&alias=b9p13p7294.cern.ch&noUDP&sock=slot1_15_7754_24f4_41482>
...
040 (7944174.176.000) 07/08 18:01:20 Finished transferring input files
...
001 (7944174.176.000) 07/08 18:01:20 Job executing on host: <188.185.192.79:9618?addrs=188.185.192.79-9618+[2001-1458-303-1f--100-4b]-9618&alias=b9p13p7294.cern.ch&noUDP&sock=startd_6918_c045>
	SlotName: slot1_15@b9p13p7294.cern.ch
	CondorScratchDir = "/pool/condor/dir_2402092"
	Cpus = 1
	Disk = 11760982
	Memory = 3000
...
006 (7944174.176.000) 07/08 18:01:29 Image size of job updated: 364916
	357  -  MemoryUsage of job (MB)
	364916  -  ResidentSetSize of job (KB)
...
006 (7944174.176.000) 07/08 18:01:32 Image size of job updated: 410720
	359  -  MemoryUsage of job (MB)
	366968  -  ResidentSetSize of job (KB)
...
040 (7944174.176.000) 07/08 18:01:32 Started transferring output files
...
040 (7944174.176.000) 07/08 18:01:32 Finished transferring output files
...
012 (7944174.176.000) 07/08 18:01:32 Job was held.
	Job held by ON_EXIT_HOLD due to exit code 1.
	Code 3 Subcode 0
...
