000 (7944174.177.000) 07/08 17:29:05 Job submitted from host: <188.185.16.120:9618?addrs=188.185.16.120-9618+[2001-1458-d00-65--100-39b]-9618&alias=bigbird27.cern.ch&noUDP&sock=schedd_4465_3274>
...
040 (7944174.177.000) 07/08 17:32:09 Started transferring input files
	Transferring to host: <188.185.215.105:9618?addrs=188.185.215.105-9618+[2001-1458-303-1e--100-65]-9618&alias=b9p31p5976.cern.ch&noUDP&sock=slot1_25_6900_6c92_39546>
...
040 (7944174.177.000) 07/08 17:32:10 Finished transferring input files
...
001 (7944174.177.000) 07/08 17:32:10 Job executing on host: <188.185.215.105:9618?addrs=188.185.215.105-9618+[2001-1458-303-1e--100-65]-9618&alias=b9p31p5976.cern.ch&noUDP&sock=startd_6439_3268>
	SlotName: slot1_25@b9p31p5976.cern.ch
	CondorScratchDir = "/pool/condor/dir_727295"
	Cpus = 1
	Disk = 10002921
	GPUs = 0
	Memory = 3000
...
006 (7944174.177.000) 07/08 17:32:19 Image size of job updated: 58232
	57  -  MemoryUsage of job (MB)
	58232  -  ResidentSetSize of job (KB)
...
006 (7944174.177.000) 07/08 17:32:43 Image size of job updated: 406788
	398  -  MemoryUsage of job (MB)
	406788  -  ResidentSetSize of job (KB)
...
040 (7944174.177.000) 07/08 17:32:43 Started transferring output files
...
040 (7944174.177.000) 07/08 17:32:43 Finished transferring output files
...
012 (7944174.177.000) 07/08 17:32:45 Job was held.
	Job held by ON_EXIT_HOLD due to exit code 1.
	Code 3 Subcode 0
...
013 (7944174.177.000) 07/08 17:43:33 Job was released.
	The job attribute PeriodicRelease expression '(NumJobStarts < 3) && ((CurrentTime - EnteredCurrentStatus) > 10 * 60)' evaluated to TRUE
...
040 (7944174.177.000) 07/08 17:45:35 Started transferring input files
	Transferring to host: <188.185.198.79:9618?addrs=188.185.198.79-9618+[2001-1458-303-25--100-4b]-9618&alias=b9p15p1381.cern.ch&noUDP&sock=slot1_3_5560_45db_40286>
...
040 (7944174.177.000) 07/08 17:45:35 Finished transferring input files
...
001 (7944174.177.000) 07/08 17:45:35 Job executing on host: <188.185.198.79:9618?addrs=188.185.198.79-9618+[2001-1458-303-25--100-4b]-9618&alias=b9p15p1381.cern.ch&noUDP&sock=startd_4418_f581>
	SlotName: slot1_3@b9p15p1381.cern.ch
	CondorScratchDir = "/pool/condor/dir_2049189"
	Cpus = 1
	Disk = 10000977
	GPUs = 0
	Memory = 3000
...
040 (7944174.177.000) 07/08 17:45:50 Started transferring output files
...
040 (7944174.177.000) 07/08 17:45:50 Finished transferring output files
...
012 (7944174.177.000) 07/08 17:45:50 Job was held.
	Job held by ON_EXIT_HOLD due to exit code 1.
	Code 3 Subcode 0
...
013 (7944174.177.000) 07/08 17:58:12 Job was released.
	The job attribute PeriodicRelease expression '(NumJobStarts < 3) && ((CurrentTime - EnteredCurrentStatus) > 10 * 60)' evaluated to TRUE
...
040 (7944174.177.000) 07/08 18:01:19 Started transferring input files
	Transferring to host: <188.185.192.88:9618?addrs=188.185.192.88-9618+[2001-1458-303-1f--100-54]-9618&alias=b9p13p5626.cern.ch&noUDP&sock=slot1_9_8799_70ff_41783>
...
040 (7944174.177.000) 07/08 18:01:20 Finished transferring input files
...
001 (7944174.177.000) 07/08 18:01:20 Job executing on host: <188.185.192.88:9618?addrs=188.185.192.88-9618+[2001-1458-303-1f--100-54]-9618&alias=b9p13p5626.cern.ch&noUDP&sock=startd_8722_251f>
	SlotName: slot1_9@b9p13p5626.cern.ch
	CondorScratchDir = "/pool/condor/dir_1887990"
	Cpus = 1
	Disk = 10000950
	GPUs = 0
	Memory = 3000
...
040 (7944174.177.000) 07/08 18:01:34 Started transferring output files
...
040 (7944174.177.000) 07/08 18:01:34 Finished transferring output files
...
012 (7944174.177.000) 07/08 18:01:34 Job was held.
	Job held by ON_EXIT_HOLD due to exit code 1.
	Code 3 Subcode 0
...
