000 (7944174.178.000) 07/08 17:29:05 Job submitted from host: <188.185.16.120:9618?addrs=188.185.16.120-9618+[2001-1458-d00-65--100-39b]-9618&alias=bigbird27.cern.ch&noUDP&sock=schedd_4465_3274>
...
040 (7944174.178.000) 07/08 17:32:09 Started transferring input files
	Transferring to host: <188.185.194.85:9618?addrs=188.185.194.85-9618+[2001-1458-303-21--100-51]-9618&alias=b9p20p8604.cern.ch&noUDP&sock=slot1_17_8416_954f_23886>
...
040 (7944174.178.000) 07/08 17:32:10 Finished transferring input files
...
001 (7944174.178.000) 07/08 17:32:10 Job executing on host: <188.185.194.85:9618?addrs=188.185.194.85-9618+[2001-1458-303-21--100-51]-9618&alias=b9p20p8604.cern.ch&noUDP&sock=startd_7036_b072>
	SlotName: slot1_17@b9p20p8604.cern.ch
	CondorScratchDir = "/pool/condor/dir_2842853"
	Cpus = 1
	Disk = 10002905
	GPUs = 0
	Memory = 3000
...
006 (7944174.178.000) 07/08 17:32:23 Image size of job updated: 29296
	29  -  MemoryUsage of job (MB)
	29296  -  ResidentSetSize of job (KB)
...
006 (7944174.178.000) 07/08 17:32:45 Image size of job updated: 215504
	30  -  MemoryUsage of job (MB)
	30408  -  ResidentSetSize of job (KB)
...
040 (7944174.178.000) 07/08 17:32:45 Started transferring output files
...
040 (7944174.178.000) 07/08 17:32:45 Finished transferring output files
...
012 (7944174.178.000) 07/08 17:32:45 Job was held.
	Job held by ON_EXIT_HOLD due to exit code 1.
	Code 3 Subcode 0
...
013 (7944174.178.000) 07/08 17:43:33 Job was released.
	The job attribute PeriodicRelease expression '(NumJobStarts < 3) && ((CurrentTime - EnteredCurrentStatus) > 10 * 60)' evaluated to TRUE
...
040 (7944174.178.000) 07/08 17:44:46 Started transferring input files
	Transferring to host: <188.185.205.199:9618?addrs=188.185.205.199-9618+[2001-1458-303-a--100-44]-9618&alias=b9p04p8089.cern.ch&noUDP&sock=slot1_11_140092_3cba_19489>
...
040 (7944174.178.000) 07/08 17:44:47 Finished transferring input files
...
001 (7944174.178.000) 07/08 17:44:47 Job executing on host: <188.185.205.199:9618?addrs=188.185.205.199-9618+[2001-1458-303-a--100-44]-9618&alias=b9p04p8089.cern.ch&noUDP&sock=startd_140054_f929>
	SlotName: slot1_11@b9p04p8089.cern.ch
	CondorScratchDir = "/pool/condor/dir_2346632"
	Cpus = 1
	Disk = 10000238
	GPUs = 0
	Memory = 3000
...
040 (7944174.178.000) 07/08 17:45:18 Started transferring output files
...
040 (7944174.178.000) 07/08 17:45:18 Finished transferring output files
...
012 (7944174.178.000) 07/08 17:45:18 Job was held.
	Job held by ON_EXIT_HOLD due to exit code 1.
	Code 3 Subcode 0
...
013 (7944174.178.000) 07/08 17:55:47 Job was released.
	The job attribute PeriodicRelease expression '(NumJobStarts < 3) && ((CurrentTime - EnteredCurrentStatus) > 10 * 60)' evaluated to TRUE
...
040 (7944174.178.000) 07/08 17:58:14 Started transferring input files
	Transferring to host: <188.185.195.80:9618?addrs=188.185.195.80-9618+[2001-1458-303-22--100-4c]-9618&alias=b9p17p6061.cern.ch&noUDP&sock=slot1_31_3091_a397_39140>
...
040 (7944174.178.000) 07/08 17:58:15 Finished transferring input files
...
001 (7944174.178.000) 07/08 17:58:15 Job executing on host: <188.185.195.80:9618?addrs=188.185.195.80-9618+[2001-1458-303-22--100-4c]-9618&alias=b9p17p6061.cern.ch&noUDP&sock=startd_2510_3acd>
	SlotName: slot1_31@b9p17p6061.cern.ch
	CondorScratchDir = "/pool/condor/dir_595537"
	Cpus = 1
	Disk = 10004854
	GPUs = 0
	Memory = 3000
...
006 (7944174.178.000) 07/08 17:58:35 Image size of job updated: 225000
	33  -  MemoryUsage of job (MB)
	33140  -  ResidentSetSize of job (KB)
...
040 (7944174.178.000) 07/08 18:00:54 Started transferring output files
...
040 (7944174.178.000) 07/08 18:00:59 Finished transferring output files
...
012 (7944174.178.000) 07/08 18:01:01 Job was held.
	Job held by ON_EXIT_HOLD due to exit code 1.
	Code 3 Subcode 0
...
