000 (7944174.179.000) 07/08 17:29:05 Job submitted from host: <188.185.16.120:9618?addrs=188.185.16.120-9618+[2001-1458-d00-65--100-39b]-9618&alias=bigbird27.cern.ch&noUDP&sock=schedd_4465_3274>
...
040 (7944174.179.000) 07/08 17:32:09 Started transferring input files
	Transferring to host: <188.185.215.25:9618?addrs=188.185.215.25-9618+[2001-1458-303-1e--100-15]-9618&alias=b9p31p7278.cern.ch&noUDP&sock=slot1_6_7274_f0e1_40355>
...
040 (7944174.179.000) 07/08 17:32:09 Finished transferring input files
...
001 (7944174.179.000) 07/08 17:32:10 Job executing on host: <188.185.215.25:9618?addrs=188.185.215.25-9618+[2001-1458-303-1e--100-15]-9618&alias=b9p31p7278.cern.ch&noUDP&sock=startd_6389_e6ab>
	SlotName: slot1_6@b9p31p7278.cern.ch
	CondorScratchDir = "/pool/condor/dir_1870901"
	Cpus = 1
	Disk = 10048365
	GPUs = 0
	Memory = 3000
...
006 (7944174.179.000) 07/08 17:32:18 Image size of job updated: 56704
	56  -  MemoryUsage of job (MB)
	56704  -  ResidentSetSize of job (KB)
...
006 (7944174.179.000) 07/08 17:32:43 Image size of job updated: 407720
	399  -  MemoryUsage of job (MB)
	407720  -  ResidentSetSize of job (KB)
...
040 (7944174.179.000) 07/08 17:32:43 Started transferring output files
...
040 (7944174.179.000) 07/08 17:32:43 Finished transferring output files
...
012 (7944174.179.000) 07/08 17:32:45 Job was held.
	Job held by ON_EXIT_HOLD due to exit code 1.
	Code 3 Subcode 0
...
013 (7944174.179.000) 07/08 17:43:33 Job was released.
	The job attribute PeriodicRelease expression '(NumJobStarts < 3) && ((CurrentTime - EnteredCurrentStatus) > 10 * 60)' evaluated to TRUE
...
040 (7944174.179.000) 07/08 17:44:46 Started transferring input files
	Transferring to host: <188.185.195.163:9618?addrs=188.185.195.163-9618+[2001-1458-303-22--100-9f]-9618&alias=b9p17p2339.cern.ch&noUDP&sock=slot1_15_4803_e5dc_24618>
...
040 (7944174.179.000) 07/08 17:44:47 Finished transferring input files
...
001 (7944174.179.000) 07/08 17:44:47 Job executing on host: <188.185.195.163:9618?addrs=188.185.195.163-9618+[2001-1458-303-22--100-9f]-9618&alias=b9p17p2339.cern.ch&noUDP&sock=startd_4208_ea9d>
	SlotName: slot1_15@b9p17p2339.cern.ch
	CondorScratchDir = "/pool/condor/dir_3278265"
	Cpus = 1
	Disk = 10007849
	GPUs = 0
	Memory = 3000
...
040 (7944174.179.000) 07/08 17:45:20 Started transferring output files
...
040 (7944174.179.000) 07/08 17:45:20 Finished transferring output files
...
012 (7944174.179.000) 07/08 17:45:20 Job was held.
	Job held by ON_EXIT_HOLD due to exit code 1.
	Code 3 Subcode 0
...
013 (7944174.179.000) 07/08 17:55:47 Job was released.
	The job attribute PeriodicRelease expression '(NumJobStarts < 3) && ((CurrentTime - EnteredCurrentStatus) > 10 * 60)' evaluated to TRUE
...
040 (7944174.179.000) 07/08 17:58:15 Started transferring input files
	Transferring to host: <188.185.198.176:9618?addrs=188.185.198.176-9618+[2001-1458-303-25--100-ac]-9618&alias=b9p15p4347.cern.ch&noUDP&sock=slot1_24_3889960_78e1_21079>
...
040 (7944174.179.000) 07/08 17:58:16 Finished transferring input files
...
001 (7944174.179.000) 07/08 17:58:16 Job executing on host: <188.185.198.176:9618?addrs=188.185.198.176-9618+[2001-1458-303-25--100-ac]-9618&alias=b9p15p4347.cern.ch&noUDP&sock=startd_3889895_003a>
	SlotName: slot1_24@b9p15p4347.cern.ch
	CondorScratchDir = "/pool/condor/dir_2224595"
	Cpus = 1
	Disk = 10003065
	GPUs = 0
	Memory = 3000
...
040 (7944174.179.000) 07/08 18:00:59 Started transferring output files
...
040 (7944174.179.000) 07/08 18:00:59 Finished transferring output files
...
012 (7944174.179.000) 07/08 18:01:02 Job was held.
	Job held by ON_EXIT_HOLD due to exit code 1.
	Code 3 Subcode 0
...
