000 (7944174.018.000) 07/08 17:29:04 Job submitted from host: <188.185.16.120:9618?addrs=188.185.16.120-9618+[2001-1458-d00-65--100-39b]-9618&alias=bigbird27.cern.ch&noUDP&sock=schedd_4465_3274>
...
040 (7944174.018.000) 07/08 17:34:01 Started transferring input files
	Transferring to host: <188.185.212.89:9618?addrs=188.185.212.89-9618+[2001-1458-303-18--100-55]-9618&alias=b9p25p0747.cern.ch&noUDP&sock=slot1_42_8264_7c49_42282>
...
040 (7944174.018.000) 07/08 17:34:02 Finished transferring input files
...
001 (7944174.018.000) 07/08 17:34:02 Job executing on host: <188.185.212.89:9618?addrs=188.185.212.89-9618+[2001-1458-303-18--100-55]-9618&alias=b9p25p0747.cern.ch&noUDP&sock=startd_7464_42fb>
	SlotName: slot1_42@b9p25p0747.cern.ch
	CondorScratchDir = "/pool/condor/dir_2438352"
	Cpus = 1
	Disk = 10004736
	GPUs = 0
	Memory = 3000
...
006 (7944174.018.000) 07/08 17:34:10 Image size of job updated: 174160
	171  -  MemoryUsage of job (MB)
	174160  -  ResidentSetSize of job (KB)
...
040 (7944174.018.000) 07/08 17:34:14 Started transferring output files
...
040 (7944174.018.000) 07/08 17:34:14 Finished transferring output files
...
012 (7944174.018.000) 07/08 17:34:14 Job was held.
	Job held by ON_EXIT_HOLD due to exit code 1.
	Code 3 Subcode 0
...
013 (7944174.018.000) 07/08 17:46:02 Job was released.
	The job attribute PeriodicRelease expression '(NumJobStarts < 3) && ((CurrentTime - EnteredCurrentStatus) > 10 * 60)' evaluated to TRUE
...
040 (7944174.018.000) 07/08 17:46:06 Started transferring input files
	Transferring to host: <188.185.212.30:9618?addrs=188.185.212.30-9618+[2001-1458-303-18--100-1a]-9618&alias=b9p25p8368.cern.ch&noUDP&sock=slot1_2_7476_44a9_41061>
...
040 (7944174.018.000) 07/08 17:46:07 Finished transferring input files
...
001 (7944174.018.000) 07/08 17:46:07 Job executing on host: <188.185.212.30:9618?addrs=188.185.212.30-9618+[2001-1458-303-18--100-1a]-9618&alias=b9p25p8368.cern.ch&noUDP&sock=startd_6406_8fc8>
	SlotName: slot1_2@b9p25p8368.cern.ch
	CondorScratchDir = "/pool/condor/dir_2772485"
	Cpus = 1
	Disk = 10000047
	GPUs = 0
	Memory = 3000
...
040 (7944174.018.000) 07/08 17:46:25 Started transferring output files
...
040 (7944174.018.000) 07/08 17:46:25 Finished transferring output files
...
012 (7944174.018.000) 07/08 17:46:25 Job was held.
	Job held by ON_EXIT_HOLD due to exit code 1.
	Code 3 Subcode 0
...
013 (7944174.018.000) 07/08 17:58:12 Job was released.
	The job attribute PeriodicRelease expression '(NumJobStarts < 3) && ((CurrentTime - EnteredCurrentStatus) > 10 * 60)' evaluated to TRUE
...
040 (7944174.018.000) 07/08 18:01:48 Started transferring input files
	Transferring to host: <188.185.198.79:9618?addrs=188.185.198.79-9618+[2001-1458-303-25--100-4b]-9618&alias=b9p15p1381.cern.ch&noUDP&sock=slot1_7_5560_45db_40301>
...
040 (7944174.018.000) 07/08 18:01:48 Finished transferring input files
...
001 (7944174.018.000) 07/08 18:01:48 Job executing on host: <188.185.198.79:9618?addrs=188.185.198.79-9618+[2001-1458-303-25--100-4b]-9618&alias=b9p15p1381.cern.ch&noUDP&sock=startd_4418_f581>
	SlotName: slot1_7@b9p15p1381.cern.ch
	CondorScratchDir = "/pool/condor/dir_2059608"
	Cpus = 1
	Disk = 10004805
	GPUs = 0
	Memory = 3000
...
040 (7944174.018.000) 07/08 18:02:01 Started transferring output files
...
040 (7944174.018.000) 07/08 18:02:01 Finished transferring output files
...
012 (7944174.018.000) 07/08 18:02:01 Job was held.
	Job held by ON_EXIT_HOLD due to exit code 1.
	Code 3 Subcode 0
...
