000 (7944174.180.000) 07/08 17:29:05 Job submitted from host: <188.185.16.120:9618?addrs=188.185.16.120-9618+[2001-1458-d00-65--100-39b]-9618&alias=bigbird27.cern.ch&noUDP&sock=schedd_4465_3274>
...
040 (7944174.180.000) 07/08 17:32:11 Started transferring input files
	Transferring to host: <188.185.210.74:9618?addrs=188.185.210.74-9618+[2001-1458-303-1--100-46]-9618&alias=b9p21p5083.cern.ch&noUDP&sock=slot1_14_8381_ec2e_39400>
...
040 (7944174.180.000) 07/08 17:32:12 Finished transferring input files
...
001 (7944174.180.000) 07/08 17:32:12 Job executing on host: <188.185.210.74:9618?addrs=188.185.210.74-9618+[2001-1458-303-1--100-46]-9618&alias=b9p21p5083.cern.ch&noUDP&sock=startd_8314_4a7b>
	SlotName: slot1_14@b9p21p5083.cern.ch
	CondorScratchDir = "/pool/condor/dir_3138628"
	Cpus = 1
	Disk = 10006091
	GPUs = 0
	Memory = 3000
...
006 (7944174.180.000) 07/08 17:32:20 Image size of job updated: 54776
	54  -  MemoryUsage of job (MB)
	54776  -  ResidentSetSize of job (KB)
...
006 (7944174.180.000) 07/08 17:32:43 Image size of job updated: 425796
	416  -  MemoryUsage of job (MB)
	425796  -  ResidentSetSize of job (KB)
...
040 (7944174.180.000) 07/08 17:32:43 Started transferring output files
...
040 (7944174.180.000) 07/08 17:32:43 Finished transferring output files
...
012 (7944174.180.000) 07/08 17:32:45 Job was held.
	Job held by ON_EXIT_HOLD due to exit code 1.
	Code 3 Subcode 0
...
013 (7944174.180.000) 07/08 17:43:33 Job was released.
	The job attribute PeriodicRelease expression '(NumJobStarts < 3) && ((CurrentTime - EnteredCurrentStatus) > 10 * 60)' evaluated to TRUE
...
040 (7944174.180.000) 07/08 17:44:46 Started transferring input files
	Transferring to host: <188.185.213.77:9618?addrs=188.185.213.77-9618+[2001-1458-303-1a--100-49]-9618&alias=b9p27p3503.cern.ch&noUDP&sock=slot1_26_8415_e0ef_40977>
...
040 (7944174.180.000) 07/08 17:44:47 Finished transferring input files
...
001 (7944174.180.000) 07/08 17:44:47 Job executing on host: <188.185.213.77:9618?addrs=188.185.213.77-9618+[2001-1458-303-1a--100-49]-9618&alias=b9p27p3503.cern.ch&noUDP&sock=startd_8267_0d88>
	SlotName: slot1_26@b9p27p3503.cern.ch
	CondorScratchDir = "/pool/condor/dir_1778463"
	Cpus = 1
	Disk = 10002770
	GPUs = 0
	Memory = 3000
...
040 (7944174.180.000) 07/08 17:45:20 Started transferring output files
...
040 (7944174.180.000) 07/08 17:45:20 Finished transferring output files
...
012 (7944174.180.000) 07/08 17:45:20 Job was held.
	Job held by ON_EXIT_HOLD due to exit code 1.
	Code 3 Subcode 0
...
013 (7944174.180.000) 07/08 17:55:47 Job was released.
	The job attribute PeriodicRelease expression '(NumJobStarts < 3) && ((CurrentTime - EnteredCurrentStatus) > 10 * 60)' evaluated to TRUE
...
040 (7944174.180.000) 07/08 18:07:43 Started transferring input files
	Transferring to host: <188.185.210.62:9618?addrs=188.185.210.62-9618+[2001-1458-303-1--100-3a]-9618&alias=b9p21p9921.cern.ch&noUDP&sock=slot1_2_8479_f8f2_49762>
...
040 (7944174.180.000) 07/08 18:07:44 Finished transferring input files
...
001 (7944174.180.000) 07/08 18:07:44 Job executing on host: <188.185.210.62:9618?addrs=188.185.210.62-9618+[2001-1458-303-1--100-3a]-9618&alias=b9p21p9921.cern.ch&noUDP&sock=startd_8397_38d7>
	SlotName: slot1_2@b9p21p9921.cern.ch
	CondorScratchDir = "/pool/condor/dir_3501042"
	Cpus = 1
	Disk = 10003358
	GPUs = 0
	Memory = 3000
...
040 (7944174.180.000) 07/08 18:08:12 Started transferring output files
...
040 (7944174.180.000) 07/08 18:08:12 Finished transferring output files
...
012 (7944174.180.000) 07/08 18:08:12 Job was held.
	Job held by ON_EXIT_HOLD due to exit code 1.
	Code 3 Subcode 0
...
