000 (7944174.181.000) 07/08 17:29:05 Job submitted from host: <188.185.16.120:9618?addrs=188.185.16.120-9618+[2001-1458-d00-65--100-39b]-9618&alias=bigbird27.cern.ch&noUDP&sock=schedd_4465_3274>
...
040 (7944174.181.000) 07/08 17:34:52 Started transferring input files
	Transferring to host: <188.185.209.81:9618?addrs=188.185.209.81-9618+[2001-1458-303-11--100-4e]-9618&alias=b9p11p4508.cern.ch&noUDP&sock=slot1_25_9118_34ac_35230>
...
040 (7944174.181.000) 07/08 17:34:53 Finished transferring input files
...
001 (7944174.181.000) 07/08 17:34:53 Job executing on host: <188.185.209.81:9618?addrs=188.185.209.81-9618+[2001-1458-303-11--100-4e]-9618&alias=b9p11p4508.cern.ch&noUDP&sock=startd_8932_3002>
	SlotName: slot1_25@b9p11p4508.cern.ch
	CondorScratchDir = "/pool/condor/dir_4091512"
	Cpus = 1
	Disk = 10027944
	GPUs = 0
	Memory = 3000
...
006 (7944174.181.000) 07/08 17:35:01 Image size of job updated: 35660
	35  -  MemoryUsage of job (MB)
	35660  -  ResidentSetSize of job (KB)
...
006 (7944174.181.000) 07/08 17:35:20 Image size of job updated: 210404
	206  -  MemoryUsage of job (MB)
	210404  -  ResidentSetSize of job (KB)
...
040 (7944174.181.000) 07/08 17:35:20 Started transferring output files
...
040 (7944174.181.000) 07/08 17:35:20 Finished transferring output files
...
012 (7944174.181.000) 07/08 17:35:20 Job was held.
	Job held by ON_EXIT_HOLD due to exit code 1.
	Code 3 Subcode 0
...
013 (7944174.181.000) 07/08 17:46:02 Job was released.
	The job attribute PeriodicRelease expression '(NumJobStarts < 3) && ((CurrentTime - EnteredCurrentStatus) > 10 * 60)' evaluated to TRUE
...
040 (7944174.181.000) 07/08 17:46:31 Started transferring input files
	Transferring to host: <188.185.198.80:9618?addrs=188.185.198.80-9618&alias=b9p15p6168.cern.ch&noUDP&sock=slot1_9_3297_c8df_34845>
...
040 (7944174.181.000) 07/08 17:46:32 Finished transferring input files
...
001 (7944174.181.000) 07/08 17:46:32 Job executing on host: <188.185.198.80:9618?addrs=188.185.198.80-9618&alias=b9p15p6168.cern.ch&noUDP&sock=startd_2514_f92e>
	SlotName: slot1_9@b9p15p6168.cern.ch
	CondorScratchDir = "/pool/condor/dir_3421553"
	Cpus = 1
	Disk = 10002171
	GPUs = 0
	Memory = 3000
...
006 (7944174.181.000) 07/08 17:47:05 Image size of job updated: 423472
	414  -  MemoryUsage of job (MB)
	423472  -  ResidentSetSize of job (KB)
...
040 (7944174.181.000) 07/08 17:47:05 Started transferring output files
...
040 (7944174.181.000) 07/08 17:47:05 Finished transferring output files
...
012 (7944174.181.000) 07/08 17:47:05 Job was held.
	Job held by ON_EXIT_HOLD due to exit code 1.
	Code 3 Subcode 0
...
013 (7944174.181.000) 07/08 17:58:12 Job was released.
	The job attribute PeriodicRelease expression '(NumJobStarts < 3) && ((CurrentTime - EnteredCurrentStatus) > 10 * 60)' evaluated to TRUE
...
040 (7944174.181.000) 07/08 18:07:43 Started transferring input files
	Transferring to host: <188.185.210.225:9618?addrs=188.185.210.225-9618+[2001-1458-303-15--100-5d]-9618&alias=b9p22p2530.cern.ch&noUDP&sock=slot1_3_8465_1bb1_49114>
...
040 (7944174.181.000) 07/08 18:07:44 Finished transferring input files
...
001 (7944174.181.000) 07/08 18:07:44 Job executing on host: <188.185.210.225:9618?addrs=188.185.210.225-9618+[2001-1458-303-15--100-5d]-9618&alias=b9p22p2530.cern.ch&noUDP&sock=startd_8372_12f9>
	SlotName: slot1_3@b9p22p2530.cern.ch
	CondorScratchDir = "/pool/condor/dir_3465094"
	Cpus = 1
	Disk = 10001208
	GPUs = 0
	Memory = 3000
...
006 (7944174.181.000) 07/08 18:08:14 Image size of job updated: 426792
	417  -  MemoryUsage of job (MB)
	426792  -  ResidentSetSize of job (KB)
...
040 (7944174.181.000) 07/08 18:08:14 Started transferring output files
...
040 (7944174.181.000) 07/08 18:08:14 Finished transferring output files
...
012 (7944174.181.000) 07/08 18:08:14 Job was held.
	Job held by ON_EXIT_HOLD due to exit code 1.
	Code 3 Subcode 0
...
