000 (7944174.182.000) 07/08 17:29:05 Job submitted from host: <188.185.16.120:9618?addrs=188.185.16.120-9618+[2001-1458-d00-65--100-39b]-9618&alias=bigbird27.cern.ch&noUDP&sock=schedd_4465_3274>
...
040 (7944174.182.000) 07/08 17:32:09 Started transferring input files
	Transferring to host: <188.185.195.138:9618?addrs=188.185.195.138-9618+[2001-1458-303-22--100-86]-9618&alias=b9p17p4362.cern.ch&noUDP&sock=slot1_3_11518_390d_36874>
...
040 (7944174.182.000) 07/08 17:32:10 Finished transferring input files
...
001 (7944174.182.000) 07/08 17:32:10 Job executing on host: <188.185.195.138:9618?addrs=188.185.195.138-9618+[2001-1458-303-22--100-86]-9618&alias=b9p17p4362.cern.ch&noUDP&sock=startd_10181_e5cc>
	SlotName: slot1_3@b9p17p4362.cern.ch
	CondorScratchDir = "/pool/condor/dir_288648"
	Cpus = 1
	Disk = 10004815
	GPUs = 0
	Memory = 3000
...
006 (7944174.182.000) 07/08 17:32:19 Image size of job updated: 61312
	60  -  MemoryUsage of job (MB)
	61312  -  ResidentSetSize of job (KB)
...
006 (7944174.182.000) 07/08 17:32:32 Image size of job updated: 425252
	416  -  MemoryUsage of job (MB)
	425252  -  ResidentSetSize of job (KB)
...
040 (7944174.182.000) 07/08 17:32:32 Started transferring output files
...
040 (7944174.182.000) 07/08 17:32:32 Finished transferring output files
...
012 (7944174.182.000) 07/08 17:32:32 Job was held.
	Job held by ON_EXIT_HOLD due to exit code 1.
	Code 3 Subcode 0
...
013 (7944174.182.000) 07/08 17:43:33 Job was released.
	The job attribute PeriodicRelease expression '(NumJobStarts < 3) && ((CurrentTime - EnteredCurrentStatus) > 10 * 60)' evaluated to TRUE
...
040 (7944174.182.000) 07/08 17:44:47 Started transferring input files
	Transferring to host: <128.142.33.224:9618?addrs=128.142.33.224-9618+[2001-1458-301-39--100-1d]-9618&alias=b9g24p1529.cern.ch&noUDP&sock=slot1_11_5940_046b_66074>
...
040 (7944174.182.000) 07/08 17:44:47 Finished transferring input files
...
001 (7944174.182.000) 07/08 17:44:47 Job executing on host: <128.142.33.224:9618?addrs=128.142.33.224-9618+[2001-1458-301-39--100-1d]-9618&alias=b9g24p1529.cern.ch&noUDP&sock=startd_4752_0e23>
	SlotName: slot1_11@b9g24p1529.cern.ch
	CondorScratchDir = "/pool/condor/dir_3072291"
	Cpus = 1
	Disk = 10003162
	GPUs = 0
	Memory = 3000
...
040 (7944174.182.000) 07/08 17:45:14 Started transferring output files
...
040 (7944174.182.000) 07/08 17:45:14 Finished transferring output files
...
012 (7944174.182.000) 07/08 17:45:14 Job was held.
	Job held by ON_EXIT_HOLD due to exit code 1.
	Code 3 Subcode 0
...
013 (7944174.182.000) 07/08 17:55:47 Job was released.
	The job attribute PeriodicRelease expression '(NumJobStarts < 3) && ((CurrentTime - EnteredCurrentStatus) > 10 * 60)' evaluated to TRUE
...
040 (7944174.182.000) 07/08 17:58:16 Started transferring input files
	Transferring to host: <188.185.198.71:9618?addrs=188.185.198.71-9618+[2001-1458-303-25--100-43]-9618&alias=b9p15p0870.cern.ch&noUDP&sock=slot1_20_9088_116b_35600>
...
040 (7944174.182.000) 07/08 17:58:16 Finished transferring input files
...
001 (7944174.182.000) 07/08 17:58:16 Job executing on host: <188.185.198.71:9618?addrs=188.185.198.71-9618+[2001-1458-303-25--100-43]-9618&alias=b9p15p0870.cern.ch&noUDP&sock=startd_9039_94a5>
	SlotName: slot1_20@b9p15p0870.cern.ch
	CondorScratchDir = "/pool/condor/dir_283336"
	Cpus = 1
	Disk = 10034687
	GPUs = 0
	Memory = 3000
...
040 (7944174.182.000) 07/08 18:00:55 Started transferring output files
...
040 (7944174.182.000) 07/08 18:00:59 Finished transferring output files
...
012 (7944174.182.000) 07/08 18:01:02 Job was held.
	Job held by ON_EXIT_HOLD due to exit code 1.
	Code 3 Subcode 0
...
