000 (7944174.183.000) 07/08 17:29:05 Job submitted from host: <188.185.16.120:9618?addrs=188.185.16.120-9618+[2001-1458-d00-65--100-39b]-9618&alias=bigbird27.cern.ch&noUDP&sock=schedd_4465_3274>
...
040 (7944174.183.000) 07/08 17:32:11 Started transferring input files
	Transferring to host: <128.142.161.113:9618?addrs=128.142.161.113-9618+[2001-1458-301-b8--100-2f]-9618&alias=b9g03p5497.cern.ch&noUDP&sock=slot1_13_6968_5614_16923>
...
040 (7944174.183.000) 07/08 17:32:11 Finished transferring input files
...
001 (7944174.183.000) 07/08 17:32:11 Job executing on host: <128.142.161.113:9618?addrs=128.142.161.113-9618+[2001-1458-301-b8--100-2f]-9618&alias=b9g03p5497.cern.ch&noUDP&sock=startd_5637_1773>
	SlotName: slot1_13@b9g03p5497.cern.ch
	CondorScratchDir = "/pool/condor/dir_99869"
	Cpus = 1
	Disk = 10018520
	GPUs = 0
	Memory = 3000
...
006 (7944174.183.000) 07/08 17:32:25 Image size of job updated: 25064
	21  -  MemoryUsage of job (MB)
	20696  -  ResidentSetSize of job (KB)
...
006 (7944174.183.000) 07/08 17:32:38 Image size of job updated: 209536
	21  -  MemoryUsage of job (MB)
	20696  -  ResidentSetSize of job (KB)
...
040 (7944174.183.000) 07/08 17:32:38 Started transferring output files
...
040 (7944174.183.000) 07/08 17:32:38 Finished transferring output files
...
012 (7944174.183.000) 07/08 17:32:38 Job was held.
	Job held by ON_EXIT_HOLD due to exit code 1.
	Code 3 Subcode 0
...
013 (7944174.183.000) 07/08 17:43:33 Job was released.
	The job attribute PeriodicRelease expression '(NumJobStarts < 3) && ((CurrentTime - EnteredCurrentStatus) > 10 * 60)' evaluated to TRUE
...
040 (7944174.183.000) 07/08 17:45:25 Started transferring input files
	Transferring to host: <128.142.51.214:9618?addrs=128.142.51.214-9618+[2001-1458-301-3--100-13]-9618&alias=b9g02p5039.cern.ch&noUDP&sock=slot1_1_2561134_580d_19021>
...
040 (7944174.183.000) 07/08 17:45:26 Finished transferring input files
...
001 (7944174.183.000) 07/08 17:45:26 Job executing on host: <128.142.51.214:9618?addrs=128.142.51.214-9618+[2001-1458-301-3--100-13]-9618&alias=b9g02p5039.cern.ch&noUDP&sock=startd_2561086_8d6f>
	SlotName: slot1_1@b9g02p5039.cern.ch
	CondorScratchDir = "/pool/condor/dir_1498784"
	Cpus = 1
	Disk = 10000157
	GPUs = 0
	Memory = 3000
...
006 (7944174.183.000) 07/08 17:45:40 Image size of job updated: 225000
	23  -  MemoryUsage of job (MB)
	22684  -  ResidentSetSize of job (KB)
...
006 (7944174.183.000) 07/08 17:45:51 Image size of job updated: 225000
	23  -  MemoryUsage of job (MB)
	22792  -  ResidentSetSize of job (KB)
...
040 (7944174.183.000) 07/08 17:45:51 Started transferring output files
...
040 (7944174.183.000) 07/08 17:45:51 Finished transferring output files
...
012 (7944174.183.000) 07/08 17:45:51 Job was held.
	Job held by ON_EXIT_HOLD due to exit code 1.
	Code 3 Subcode 0
...
013 (7944174.183.000) 07/08 17:58:12 Job was released.
	The job attribute PeriodicRelease expression '(NumJobStarts < 3) && ((CurrentTime - EnteredCurrentStatus) > 10 * 60)' evaluated to TRUE
...
040 (7944174.183.000) 07/08 18:01:20 Started transferring input files
	Transferring to host: <188.185.195.68:9618?addrs=188.185.195.68-9618+[2001-1458-303-22--100-40]-9618&alias=b9p17p8519.cern.ch&noUDP&sock=slot1_24_4799_145c_36002>
...
040 (7944174.183.000) 07/08 18:01:21 Finished transferring input files
...
001 (7944174.183.000) 07/08 18:01:21 Job executing on host: <188.185.195.68:9618?addrs=188.185.195.68-9618+[2001-1458-303-22--100-40]-9618&alias=b9p17p8519.cern.ch&noUDP&sock=startd_3963_dde9>
	SlotName: slot1_24@b9p17p8519.cern.ch
	CondorScratchDir = "/pool/condor/dir_851534"
	Cpus = 1
	Disk = 10001755
	GPUs = 0
	Memory = 3000
...
006 (7944174.183.000) 07/08 18:01:30 Image size of job updated: 225000
	100  -  MemoryUsage of job (MB)
	102092  -  ResidentSetSize of job (KB)
...
006 (7944174.183.000) 07/08 18:01:37 Image size of job updated: 225000
	101  -  MemoryUsage of job (MB)
	103412  -  ResidentSetSize of job (KB)
...
040 (7944174.183.000) 07/08 18:01:37 Started transferring output files
...
040 (7944174.183.000) 07/08 18:01:37 Finished transferring output files
...
012 (7944174.183.000) 07/08 18:01:37 Job was held.
	Job held by ON_EXIT_HOLD due to exit code 1.
	Code 3 Subcode 0
...
