000 (7944174.185.000) 07/08 17:29:05 Job submitted from host: <188.185.16.120:9618?addrs=188.185.16.120-9618+[2001-1458-d00-65--100-39b]-9618&alias=bigbird27.cern.ch&noUDP&sock=schedd_4465_3274>
...
040 (7944174.185.000) 07/08 17:32:11 Started transferring input files
	Transferring to host: <188.185.215.159:9618?addrs=188.185.215.159-9618+[2001-1458-303-26--100-1b]-9618&alias=b9p18p6316.cern.ch&noUDP&sock=slot1_7_1534849_b827_19833>
...
040 (7944174.185.000) 07/08 17:32:11 Finished transferring input files
...
001 (7944174.185.000) 07/08 17:32:11 Job executing on host: <188.185.215.159:9618?addrs=188.185.215.159-9618+[2001-1458-303-26--100-1b]-9618&alias=b9p18p6316.cern.ch&noUDP&sock=startd_1534769_74b3>
	SlotName: slot1_7@b9p18p6316.cern.ch
	CondorScratchDir = "/pool/condor/dir_1147929"
	Cpus = 1
	Disk = 10046182
	GPUs = 0
	Memory = 3000
...
006 (7944174.185.000) 07/08 17:32:25 Image size of job updated: 28908
	25  -  MemoryUsage of job (MB)
	25112  -  ResidentSetSize of job (KB)
...
006 (7944174.185.000) 07/08 17:32:43 Image size of job updated: 213424
	25  -  MemoryUsage of job (MB)
	25112  -  ResidentSetSize of job (KB)
...
040 (7944174.185.000) 07/08 17:32:43 Started transferring output files
...
040 (7944174.185.000) 07/08 17:32:43 Finished transferring output files
...
012 (7944174.185.000) 07/08 17:32:45 Job was held.
	Job held by ON_EXIT_HOLD due to exit code 1.
	Code 3 Subcode 0
...
013 (7944174.185.000) 07/08 17:43:33 Job was released.
	The job attribute PeriodicRelease expression '(NumJobStarts < 3) && ((CurrentTime - EnteredCurrentStatus) > 10 * 60)' evaluated to TRUE
...
040 (7944174.185.000) 07/08 17:44:47 Started transferring input files
	Transferring to host: <188.185.211.196:9618?addrs=188.185.211.196-9618+[2001-1458-303-17--100-40]-9618&alias=b9p24p9657.cern.ch&noUDP&sock=slot1_7_7174_7b5d_39829>
...
040 (7944174.185.000) 07/08 17:44:48 Finished transferring input files
...
001 (7944174.185.000) 07/08 17:44:48 Job executing on host: <188.185.211.196:9618?addrs=188.185.211.196-9618+[2001-1458-303-17--100-40]-9618&alias=b9p24p9657.cern.ch&noUDP&sock=startd_6443_f0c9>
	SlotName: slot1_7@b9p24p9657.cern.ch
	CondorScratchDir = "/pool/condor/dir_948860"
	Cpus = 1
	Disk = 10001548
	GPUs = 0
	Memory = 3000
...
006 (7944174.185.000) 07/08 17:44:57 Image size of job updated: 225000
	60  -  MemoryUsage of job (MB)
	61316  -  ResidentSetSize of job (KB)
...
006 (7944174.185.000) 07/08 17:45:17 Image size of job updated: 405984
	397  -  MemoryUsage of job (MB)
	405984  -  ResidentSetSize of job (KB)
...
040 (7944174.185.000) 07/08 17:45:17 Started transferring output files
...
040 (7944174.185.000) 07/08 17:45:17 Finished transferring output files
...
012 (7944174.185.000) 07/08 17:45:17 Job was held.
	Job held by ON_EXIT_HOLD due to exit code 1.
	Code 3 Subcode 0
...
013 (7944174.185.000) 07/08 17:55:47 Job was released.
	The job attribute PeriodicRelease expression '(NumJobStarts < 3) && ((CurrentTime - EnteredCurrentStatus) > 10 * 60)' evaluated to TRUE
...
040 (7944174.185.000) 07/08 17:58:15 Started transferring input files
	Transferring to host: <188.185.195.32:9618?addrs=188.185.195.32-9618+[2001-1458-303-22--100-1c]-9618&alias=b9p17p3598.cern.ch&noUDP&sock=slot1_8_1952488_2d1e_20784>
...
040 (7944174.185.000) 07/08 17:58:15 Finished transferring input files
...
001 (7944174.185.000) 07/08 17:58:16 Job executing on host: <188.185.195.32:9618?addrs=188.185.195.32-9618+[2001-1458-303-22--100-1c]-9618&alias=b9p17p3598.cern.ch&noUDP&sock=startd_1952398_3685>
	SlotName: slot1_8@b9p17p3598.cern.ch
	CondorScratchDir = "/pool/condor/dir_3312079"
	Cpus = 1
	Disk = 10003054
	GPUs = 0
	Memory = 3000
...
040 (7944174.185.000) 07/08 18:00:54 Started transferring output files
...
040 (7944174.185.000) 07/08 18:00:59 Finished transferring output files
...
012 (7944174.185.000) 07/08 18:01:01 Job was held.
	Job held by ON_EXIT_HOLD due to exit code 1.
	Code 3 Subcode 0
...
