000 (7944174.186.000) 07/08 17:29:05 Job submitted from host: <188.185.16.120:9618?addrs=188.185.16.120-9618+[2001-1458-d00-65--100-39b]-9618&alias=bigbird27.cern.ch&noUDP&sock=schedd_4465_3274>
...
040 (7944174.186.000) 07/08 17:35:08 Started transferring input files
	Transferring to host: <188.185.196.60:9618?addrs=188.185.196.60-9618+[2001-1458-303-23--100-38]-9618&alias=b9p16p4437.cern.ch&noUDP&sock=slot1_20_6096_eef1_40943>
...
040 (7944174.186.000) 07/08 17:35:08 Finished transferring input files
...
001 (7944174.186.000) 07/08 17:35:08 Job executing on host: <188.185.196.60:9618?addrs=188.185.196.60-9618+[2001-1458-303-23--100-38]-9618&alias=b9p16p4437.cern.ch&noUDP&sock=startd_5462_0e60>
	SlotName: slot1_20@b9p16p4437.cern.ch
	CondorScratchDir = "/pool/condor/dir_2763032"
	Cpus = 1
	Disk = 10015322
	GPUs = 0
	Memory = 3000
...
006 (7944174.186.000) 07/08 17:35:17 Image size of job updated: 169268
	166  -  MemoryUsage of job (MB)
	169268  -  ResidentSetSize of job (KB)
...
040 (7944174.186.000) 07/08 17:35:21 Started transferring output files
...
040 (7944174.186.000) 07/08 17:35:21 Finished transferring output files
...
012 (7944174.186.000) 07/08 17:35:21 Job was held.
	Job held by ON_EXIT_HOLD due to exit code 1.
	Code 3 Subcode 0
...
013 (7944174.186.000) 07/08 17:46:02 Job was released.
	The job attribute PeriodicRelease expression '(NumJobStarts < 3) && ((CurrentTime - EnteredCurrentStatus) > 10 * 60)' evaluated to TRUE
...
040 (7944174.186.000) 07/08 17:46:32 Started transferring input files
	Transferring to host: <188.185.195.129:9618?addrs=188.185.195.129-9618+[2001-1458-303-22--100-7d]-9618&alias=b9p17p6358.cern.ch&noUDP&sock=slot1_12_7612_17af_33970>
...
040 (7944174.186.000) 07/08 17:46:33 Finished transferring input files
...
001 (7944174.186.000) 07/08 17:46:33 Job executing on host: <188.185.195.129:9618?addrs=188.185.195.129-9618+[2001-1458-303-22--100-7d]-9618&alias=b9p17p6358.cern.ch&noUDP&sock=startd_6861_a75f>
	SlotName: slot1_12@b9p17p6358.cern.ch
	CondorScratchDir = "/pool/condor/dir_1435055"
	Cpus = 1
	Disk = 10003150
	GPUs = 0
	Memory = 3000
...
006 (7944174.186.000) 07/08 17:47:20 Image size of job updated: 422936
	414  -  MemoryUsage of job (MB)
	422936  -  ResidentSetSize of job (KB)
...
040 (7944174.186.000) 07/08 17:47:20 Started transferring output files
...
040 (7944174.186.000) 07/08 17:47:20 Finished transferring output files
...
012 (7944174.186.000) 07/08 17:47:20 Job was held.
	Job held by ON_EXIT_HOLD due to exit code 1.
	Code 3 Subcode 0
...
013 (7944174.186.000) 07/08 17:58:12 Job was released.
	The job attribute PeriodicRelease expression '(NumJobStarts < 3) && ((CurrentTime - EnteredCurrentStatus) > 10 * 60)' evaluated to TRUE
...
040 (7944174.186.000) 07/08 18:01:21 Started transferring input files
	Transferring to host: <128.142.161.96:9618?addrs=128.142.161.96-9618+[2001-1458-301-b8--100-1e]-9618&alias=b9g03p4133.cern.ch&noUDP&sock=slot1_15_2451515_d783_11804>
...
040 (7944174.186.000) 07/08 18:01:22 Finished transferring input files
...
001 (7944174.186.000) 07/08 18:01:22 Job executing on host: <128.142.161.96:9618?addrs=128.142.161.96-9618+[2001-1458-301-b8--100-1e]-9618&alias=b9g03p4133.cern.ch&noUDP&sock=startd_3331_5e0e>
	SlotName: slot1_15@b9g03p4133.cern.ch
	CondorScratchDir = "/pool/condor/dir_103548"
	Cpus = 1
	Disk = 10002396
	GPUs = 0
	Memory = 3000
...
040 (7944174.186.000) 07/08 18:01:42 Started transferring output files
...
040 (7944174.186.000) 07/08 18:01:42 Finished transferring output files
...
012 (7944174.186.000) 07/08 18:01:42 Job was held.
	Job held by ON_EXIT_HOLD due to exit code 1.
	Code 3 Subcode 0
...
