000 (7944174.187.000) 07/08 17:29:05 Job submitted from host: <188.185.16.120:9618?addrs=188.185.16.120-9618+[2001-1458-d00-65--100-39b]-9618&alias=bigbird27.cern.ch&noUDP&sock=schedd_4465_3274>
...
040 (7944174.187.000) 07/08 17:32:12 Started transferring input files
	Transferring to host: <188.185.212.145:9618?addrs=188.185.212.145-9618+[2001-1458-303-19--100-d]-9618&alias=b9p26p0891.cern.ch&noUDP&sock=slot1_16_8374_fd8e_43039>
...
040 (7944174.187.000) 07/08 17:32:13 Finished transferring input files
...
001 (7944174.187.000) 07/08 17:32:13 Job executing on host: <188.185.212.145:9618?addrs=188.185.212.145-9618+[2001-1458-303-19--100-d]-9618&alias=b9p26p0891.cern.ch&noUDP&sock=startd_8300_b028>
	SlotName: slot1_16@b9p26p0891.cern.ch
	CondorScratchDir = "/pool/condor/dir_1196255"
	Cpus = 1
	Disk = 11654804
	Memory = 3000
...
006 (7944174.187.000) 07/08 17:32:22 Image size of job updated: 248004
	240  -  MemoryUsage of job (MB)
	245388  -  ResidentSetSize of job (KB)
...
006 (7944174.187.000) 07/08 17:32:44 Image size of job updated: 843704
	611  -  MemoryUsage of job (MB)
	624752  -  ResidentSetSize of job (KB)
...
040 (7944174.187.000) 07/08 17:32:44 Started transferring output files
...
040 (7944174.187.000) 07/08 17:32:45 Finished transferring output files
...
012 (7944174.187.000) 07/08 17:32:45 Job was held.
	Job held by ON_EXIT_HOLD due to exit code 1.
	Code 3 Subcode 0
...
013 (7944174.187.000) 07/08 17:43:33 Job was released.
	The job attribute PeriodicRelease expression '(NumJobStarts < 3) && ((CurrentTime - EnteredCurrentStatus) > 10 * 60)' evaluated to TRUE
...
040 (7944174.187.000) 07/08 17:44:47 Started transferring input files
	Transferring to host: <188.185.204.162:9618?addrs=188.185.204.162-9618+[2001-1458-303-8--100-96]-9618&alias=b9p02p3486.cern.ch&noUDP&sock=slot1_22_1496750_86fa_20299>
...
040 (7944174.187.000) 07/08 17:44:48 Finished transferring input files
...
001 (7944174.187.000) 07/08 17:44:48 Job executing on host: <188.185.204.162:9618?addrs=188.185.204.162-9618+[2001-1458-303-8--100-96]-9618&alias=b9p02p3486.cern.ch&noUDP&sock=startd_1496712_84f1>
	SlotName: slot1_22@b9p02p3486.cern.ch
	CondorScratchDir = "/pool/condor/dir_912925"
	Cpus = 1
	Disk = 10000881
	GPUs = 0
	Memory = 3000
...
040 (7944174.187.000) 07/08 17:45:07 Started transferring output files
...
040 (7944174.187.000) 07/08 17:45:07 Finished transferring output files
...
012 (7944174.187.000) 07/08 17:45:07 Job was held.
	Job held by ON_EXIT_HOLD due to exit code 1.
	Code 3 Subcode 0
...
013 (7944174.187.000) 07/08 17:55:47 Job was released.
	The job attribute PeriodicRelease expression '(NumJobStarts < 3) && ((CurrentTime - EnteredCurrentStatus) > 10 * 60)' evaluated to TRUE
...
040 (7944174.187.000) 07/08 17:58:16 Started transferring input files
	Transferring to host: <188.185.198.151:9618?addrs=188.185.198.151-9618+[2001-1458-303-25--100-93]-9618&alias=b9p15p9966.cern.ch&noUDP&sock=slot1_20_1559662_b8f8_24064>
...
040 (7944174.187.000) 07/08 17:58:16 Finished transferring input files
...
001 (7944174.187.000) 07/08 17:58:16 Job executing on host: <188.185.198.151:9618?addrs=188.185.198.151-9618+[2001-1458-303-25--100-93]-9618&alias=b9p15p9966.cern.ch&noUDP&sock=startd_1559616_6e61>
	SlotName: slot1_20@b9p15p9966.cern.ch
	CondorScratchDir = "/pool/condor/dir_2635199"
	Cpus = 1
	Disk = 10003103
	GPUs = 0
	Memory = 3000
...
040 (7944174.187.000) 07/08 18:00:59 Started transferring output files
...
040 (7944174.187.000) 07/08 18:00:59 Finished transferring output files
...
012 (7944174.187.000) 07/08 18:01:02 Job was held.
	Job held by ON_EXIT_HOLD due to exit code 1.
	Code 3 Subcode 0
...
