000 (7944174.189.000) 07/08 17:29:05 Job submitted from host: <188.185.16.120:9618?addrs=188.185.16.120-9618+[2001-1458-d00-65--100-39b]-9618&alias=bigbird27.cern.ch&noUDP&sock=schedd_4465_3274>
...
040 (7944174.189.000) 07/08 17:32:13 Started transferring input files
	Transferring to host: <128.142.161.111:9618?addrs=128.142.161.111-9618+[2001-1458-301-b8--100-2d]-9618&alias=b9g03p6039.cern.ch&noUDP&sock=slot1_23_10224_7b99_23805>
...
040 (7944174.189.000) 07/08 17:32:13 Finished transferring input files
...
001 (7944174.189.000) 07/08 17:32:13 Job executing on host: <128.142.161.111:9618?addrs=128.142.161.111-9618+[2001-1458-301-b8--100-2d]-9618&alias=b9g03p6039.cern.ch&noUDP&sock=startd_8753_688f>
	SlotName: slot1_23@b9g03p6039.cern.ch
	CondorScratchDir = "/pool/condor/dir_3041100"
	Cpus = 1
	Disk = 10002445
	GPUs = 0
	Memory = 3000
...
006 (7944174.189.000) 07/08 17:32:27 Image size of job updated: 24208
	23  -  MemoryUsage of job (MB)
	23120  -  ResidentSetSize of job (KB)
...
006 (7944174.189.000) 07/08 17:32:52 Image size of job updated: 197308
	24  -  MemoryUsage of job (MB)
	23772  -  ResidentSetSize of job (KB)
...
040 (7944174.189.000) 07/08 17:32:52 Started transferring output files
...
040 (7944174.189.000) 07/08 17:32:52 Finished transferring output files
...
012 (7944174.189.000) 07/08 17:32:52 Job was held.
	Job held by ON_EXIT_HOLD due to exit code 1.
	Code 3 Subcode 0
...
013 (7944174.189.000) 07/08 17:43:33 Job was released.
	The job attribute PeriodicRelease expression '(NumJobStarts < 3) && ((CurrentTime - EnteredCurrentStatus) > 10 * 60)' evaluated to TRUE
...
040 (7944174.189.000) 07/08 17:44:48 Started transferring input files
	Transferring to host: <188.185.210.193:9618?addrs=188.185.210.193-9618+[2001-1458-303-15--100-3d]-9618&alias=b9p22p1782.cern.ch&noUDP&sock=slot1_10_8426_a110_40182>
...
040 (7944174.189.000) 07/08 17:44:49 Finished transferring input files
...
001 (7944174.189.000) 07/08 17:44:49 Job executing on host: <188.185.210.193:9618?addrs=188.185.210.193-9618+[2001-1458-303-15--100-3d]-9618&alias=b9p22p1782.cern.ch&noUDP&sock=startd_8373_c291>
	SlotName: slot1_10@b9p22p1782.cern.ch
	CondorScratchDir = "/pool/condor/dir_1225808"
	Cpus = 1
	Disk = 10002170
	GPUs = 0
	Memory = 3000
...
006 (7944174.189.000) 07/08 17:44:58 Image size of job updated: 200000
	66  -  MemoryUsage of job (MB)
	67468  -  ResidentSetSize of job (KB)
...
006 (7944174.189.000) 07/08 17:45:18 Image size of job updated: 426236
	417  -  MemoryUsage of job (MB)
	426236  -  ResidentSetSize of job (KB)
...
040 (7944174.189.000) 07/08 17:45:18 Started transferring output files
...
040 (7944174.189.000) 07/08 17:45:18 Finished transferring output files
...
012 (7944174.189.000) 07/08 17:45:18 Job was held.
	Job held by ON_EXIT_HOLD due to exit code 1.
	Code 3 Subcode 0
...
013 (7944174.189.000) 07/08 17:55:47 Job was released.
	The job attribute PeriodicRelease expression '(NumJobStarts < 3) && ((CurrentTime - EnteredCurrentStatus) > 10 * 60)' evaluated to TRUE
...
040 (7944174.189.000) 07/08 17:58:17 Started transferring input files
	Transferring to host: <188.185.193.162:9618?addrs=188.185.193.162-9618+[2001-1458-303-20--100-9e]-9618&alias=b9p19p6010.cern.ch&noUDP&sock=slot1_17_1640861_c37e_7604>
...
040 (7944174.189.000) 07/08 17:58:18 Finished transferring input files
...
001 (7944174.189.000) 07/08 17:58:18 Job executing on host: <188.185.193.162:9618?addrs=188.185.193.162-9618+[2001-1458-303-20--100-9e]-9618&alias=b9p19p6010.cern.ch&noUDP&sock=startd_6088_70aa>
	SlotName: slot1_17@b9p19p6010.cern.ch
	CondorScratchDir = "/pool/condor/dir_3161973"
	Cpus = 1
	Disk = 10000459
	GPUs = 0
	Memory = 3000
...
040 (7944174.189.000) 07/08 18:00:59 Started transferring output files
...
040 (7944174.189.000) 07/08 18:00:59 Finished transferring output files
...
012 (7944174.189.000) 07/08 18:01:02 Job was held.
	Job held by ON_EXIT_HOLD due to exit code 1.
	Code 3 Subcode 0
...
