000 (7944174.190.000) 07/08 17:29:05 Job submitted from host: <188.185.16.120:9618?addrs=188.185.16.120-9618+[2001-1458-d00-65--100-39b]-9618&alias=bigbird27.cern.ch&noUDP&sock=schedd_4465_3274>
...
040 (7944174.190.000) 07/08 17:32:13 Started transferring input files
	Transferring to host: <188.185.214.105:9618?addrs=188.185.214.105-9618+[2001-1458-303-1c--100-65]-9618&alias=b9p29p1441.cern.ch&noUDP&sock=slot1_22_7473_2789_41127>
...
040 (7944174.190.000) 07/08 17:32:14 Finished transferring input files
...
001 (7944174.190.000) 07/08 17:32:14 Job executing on host: <188.185.214.105:9618?addrs=188.185.214.105-9618+[2001-1458-303-1c--100-65]-9618&alias=b9p29p1441.cern.ch&noUDP&sock=startd_6471_2570>
	SlotName: slot1_22@b9p29p1441.cern.ch
	CondorScratchDir = "/pool/condor/dir_3936799"
	Cpus = 1
	Disk = 10015859
	GPUs = 0
	Memory = 3000
...
006 (7944174.190.000) 07/08 17:32:22 Image size of job updated: 60400
	59  -  MemoryUsage of job (MB)
	60400  -  ResidentSetSize of job (KB)
...
006 (7944174.190.000) 07/08 17:32:43 Image size of job updated: 408336
	399  -  MemoryUsage of job (MB)
	408336  -  ResidentSetSize of job (KB)
...
040 (7944174.190.000) 07/08 17:32:43 Started transferring output files
...
040 (7944174.190.000) 07/08 17:32:43 Finished transferring output files
...
012 (7944174.190.000) 07/08 17:32:44 Job was held.
	Job held by ON_EXIT_HOLD due to exit code 1.
	Code 3 Subcode 0
...
013 (7944174.190.000) 07/08 17:43:33 Job was released.
	The job attribute PeriodicRelease expression '(NumJobStarts < 3) && ((CurrentTime - EnteredCurrentStatus) > 10 * 60)' evaluated to TRUE
...
040 (7944174.190.000) 07/08 17:44:50 Started transferring input files
	Transferring to host: <188.185.193.86:9618?addrs=188.185.193.86-9618+[2001-1458-303-20--100-52]-9618&alias=b9p19p8854.cern.ch&noUDP&sock=slot1_28_6157_e9d3_22221>
...
040 (7944174.190.000) 07/08 17:44:51 Finished transferring input files
...
001 (7944174.190.000) 07/08 17:44:51 Job executing on host: <188.185.193.86:9618?addrs=188.185.193.86-9618+[2001-1458-303-20--100-52]-9618&alias=b9p19p8854.cern.ch&noUDP&sock=startd_5889_f151>
	SlotName: slot1_28@b9p19p8854.cern.ch
	CondorScratchDir = "/pool/condor/dir_1800774"
	Cpus = 1
	Disk = 10002386
	GPUs = 0
	Memory = 3000
...
040 (7944174.190.000) 07/08 17:47:56 Started transferring output files
...
040 (7944174.190.000) 07/08 17:47:56 Finished transferring output files
...
012 (7944174.190.000) 07/08 17:47:56 Job was held.
	Job held by ON_EXIT_HOLD due to exit code 1.
	Code 3 Subcode 0
...
013 (7944174.190.000) 07/08 17:58:12 Job was released.
	The job attribute PeriodicRelease expression '(NumJobStarts < 3) && ((CurrentTime - EnteredCurrentStatus) > 10 * 60)' evaluated to TRUE
...
040 (7944174.190.000) 07/08 18:08:01 Started transferring input files
	Transferring to host: <188.185.196.104:9618?addrs=188.185.196.104-9618+[2001-1458-303-23--100-64]-9618&alias=b9p16p4374.cern.ch&noUDP&sock=slot1_9_8255_24e9_38852>
...
040 (7944174.190.000) 07/08 18:08:02 Finished transferring input files
...
001 (7944174.190.000) 07/08 18:08:02 Job executing on host: <188.185.196.104:9618?addrs=188.185.196.104-9618+[2001-1458-303-23--100-64]-9618&alias=b9p16p4374.cern.ch&noUDP&sock=startd_6871_8352>
	SlotName: slot1_9@b9p16p4374.cern.ch
	CondorScratchDir = "/pool/condor/dir_3242498"
	Cpus = 1
	Disk = 10004959
	GPUs = 0
	Memory = 3000
...
040 (7944174.190.000) 07/08 18:08:36 Started transferring output files
...
040 (7944174.190.000) 07/08 18:08:36 Finished transferring output files
...
012 (7944174.190.000) 07/08 18:08:36 Job was held.
	Job held by ON_EXIT_HOLD due to exit code 1.
	Code 3 Subcode 0
...
