000 (7944174.191.000) 07/08 17:29:05 Job submitted from host: <188.185.16.120:9618?addrs=188.185.16.120-9618+[2001-1458-d00-65--100-39b]-9618&alias=bigbird27.cern.ch&noUDP&sock=schedd_4465_3274>
...
040 (7944174.191.000) 07/08 17:32:13 Started transferring input files
	Transferring to host: <188.185.211.187:9618?addrs=188.185.211.187-9618+[2001-1458-303-17--100-37]-9618&alias=b9p24p5995.cern.ch&noUDP&sock=slot1_11_7547_4b4c_40053>
...
040 (7944174.191.000) 07/08 17:32:13 Finished transferring input files
...
001 (7944174.191.000) 07/08 17:32:13 Job executing on host: <188.185.211.187:9618?addrs=188.185.211.187-9618+[2001-1458-303-17--100-37]-9618&alias=b9p24p5995.cern.ch&noUDP&sock=startd_6460_99e5>
	SlotName: slot1_11@b9p24p5995.cern.ch
	CondorScratchDir = "/pool/condor/dir_3918372"
	Cpus = 1
	Disk = 10002698
	GPUs = 0
	Memory = 3000
...
006 (7944174.191.000) 07/08 17:32:22 Image size of job updated: 54080
	53  -  MemoryUsage of job (MB)
	54080  -  ResidentSetSize of job (KB)
...
006 (7944174.191.000) 07/08 17:32:43 Image size of job updated: 406892
	398  -  MemoryUsage of job (MB)
	406892  -  ResidentSetSize of job (KB)
...
040 (7944174.191.000) 07/08 17:32:43 Started transferring output files
...
040 (7944174.191.000) 07/08 17:32:43 Finished transferring output files
...
012 (7944174.191.000) 07/08 17:32:44 Job was held.
	Job held by ON_EXIT_HOLD due to exit code 1.
	Code 3 Subcode 0
...
013 (7944174.191.000) 07/08 17:43:33 Job was released.
	The job attribute PeriodicRelease expression '(NumJobStarts < 3) && ((CurrentTime - EnteredCurrentStatus) > 10 * 60)' evaluated to TRUE
...
040 (7944174.191.000) 07/08 17:44:49 Started transferring input files
	Transferring to host: <188.185.212.151:9618?addrs=188.185.212.151-9618+[2001-1458-303-19--100-13]-9618&alias=b9p26p7183.cern.ch&noUDP&sock=slot1_1_8376_664e_40200>
...
040 (7944174.191.000) 07/08 17:44:50 Finished transferring input files
...
001 (7944174.191.000) 07/08 17:44:50 Job executing on host: <188.185.212.151:9618?addrs=188.185.212.151-9618+[2001-1458-303-19--100-13]-9618&alias=b9p26p7183.cern.ch&noUDP&sock=startd_8323_76d5>
	SlotName: slot1_1@b9p26p7183.cern.ch
	CondorScratchDir = "/pool/condor/dir_238845"
	Cpus = 1
	Disk = 10003199
	GPUs = 0
	Memory = 3000
...
040 (7944174.191.000) 07/08 17:45:28 Started transferring output files
...
040 (7944174.191.000) 07/08 17:45:28 Finished transferring output files
...
012 (7944174.191.000) 07/08 17:45:28 Job was held.
	Job held by ON_EXIT_HOLD due to exit code 1.
	Code 3 Subcode 0
...
013 (7944174.191.000) 07/08 17:55:47 Job was released.
	The job attribute PeriodicRelease expression '(NumJobStarts < 3) && ((CurrentTime - EnteredCurrentStatus) > 10 * 60)' evaluated to TRUE
...
040 (7944174.191.000) 07/08 17:58:16 Started transferring input files
	Transferring to host: <188.185.194.155:9618?addrs=188.185.194.155-9618+[2001-1458-303-21--100-97]-9618&alias=b9p20p8436.cern.ch&noUDP&sock=slot1_26_6136_1df3_24078>
...
040 (7944174.191.000) 07/08 17:58:17 Finished transferring input files
...
001 (7944174.191.000) 07/08 17:58:17 Job executing on host: <188.185.194.155:9618?addrs=188.185.194.155-9618+[2001-1458-303-21--100-97]-9618&alias=b9p20p8436.cern.ch&noUDP&sock=startd_5987_2999>
	SlotName: slot1_26@b9p20p8436.cern.ch
	CondorScratchDir = "/pool/condor/dir_119558"
	Cpus = 1
	Disk = 10003294
	GPUs = 0
	Memory = 3000
...
040 (7944174.191.000) 07/08 18:00:54 Started transferring output files
...
040 (7944174.191.000) 07/08 18:00:59 Finished transferring output files
...
012 (7944174.191.000) 07/08 18:01:01 Job was held.
	Job held by ON_EXIT_HOLD due to exit code 1.
	Code 3 Subcode 0
...
