000 (7944174.192.000) 07/08 17:29:05 Job submitted from host: <188.185.16.120:9618?addrs=188.185.16.120-9618+[2001-1458-d00-65--100-39b]-9618&alias=bigbird27.cern.ch&noUDP&sock=schedd_4465_3274>
...
040 (7944174.192.000) 07/08 17:32:14 Started transferring input files
	Transferring to host: <188.185.196.174:9618?addrs=188.185.196.174-9618+[2001-1458-303-23--100-aa]-9618&alias=b9p16p9594.cern.ch&noUDP&sock=slot1_15_4684_0d38_35800>
...
040 (7944174.192.000) 07/08 17:32:15 Finished transferring input files
...
001 (7944174.192.000) 07/08 17:32:15 Job executing on host: <188.185.196.174:9618?addrs=188.185.196.174-9618+[2001-1458-303-23--100-aa]-9618&alias=b9p16p9594.cern.ch&noUDP&sock=startd_3768_1cf1>
	SlotName: slot1_15@b9p16p9594.cern.ch
	CondorScratchDir = "/pool/condor/dir_3864832"
	Cpus = 1
	Disk = 10002805
	GPUs = 0
	Memory = 3000
...
006 (7944174.192.000) 07/08 17:32:23 Image size of job updated: 47712
	47  -  MemoryUsage of job (MB)
	47712  -  ResidentSetSize of job (KB)
...
006 (7944174.192.000) 07/08 17:32:48 Image size of job updated: 423644
	414  -  MemoryUsage of job (MB)
	423644  -  ResidentSetSize of job (KB)
...
040 (7944174.192.000) 07/08 17:32:48 Started transferring output files
...
040 (7944174.192.000) 07/08 17:32:48 Finished transferring output files
...
012 (7944174.192.000) 07/08 17:32:48 Job was held.
	Job held by ON_EXIT_HOLD due to exit code 1.
	Code 3 Subcode 0
...
013 (7944174.192.000) 07/08 17:43:33 Job was released.
	The job attribute PeriodicRelease expression '(NumJobStarts < 3) && ((CurrentTime - EnteredCurrentStatus) > 10 * 60)' evaluated to TRUE
...
040 (7944174.192.000) 07/08 17:44:49 Started transferring input files
	Transferring to host: <188.185.215.91:9618?addrs=188.185.215.91-9618+[2001-1458-303-1e--100-57]-9618&alias=b9p31p3494.cern.ch&noUDP&sock=slot1_5_8399_9aef_37259>
...
040 (7944174.192.000) 07/08 17:44:49 Finished transferring input files
...
001 (7944174.192.000) 07/08 17:44:50 Job executing on host: <188.185.215.91:9618?addrs=188.185.215.91-9618+[2001-1458-303-1e--100-57]-9618&alias=b9p31p3494.cern.ch&noUDP&sock=startd_8346_3d83>
	SlotName: slot1_5@b9p31p3494.cern.ch
	CondorScratchDir = "/pool/condor/dir_1654281"
	Cpus = 1
	Disk = 10002110
	GPUs = 0
	Memory = 3000
...
040 (7944174.192.000) 07/08 17:45:19 Started transferring output files
...
040 (7944174.192.000) 07/08 17:45:19 Finished transferring output files
...
012 (7944174.192.000) 07/08 17:45:19 Job was held.
	Job held by ON_EXIT_HOLD due to exit code 1.
	Code 3 Subcode 0
...
013 (7944174.192.000) 07/08 17:55:47 Job was released.
	The job attribute PeriodicRelease expression '(NumJobStarts < 3) && ((CurrentTime - EnteredCurrentStatus) > 10 * 60)' evaluated to TRUE
...
040 (7944174.192.000) 07/08 17:58:17 Started transferring input files
	Transferring to host: <188.185.195.28:9618?addrs=188.185.195.28-9618+[2001-1458-303-22--100-18]-9618&alias=b9p17p5972.cern.ch&noUDP&sock=slot1_32_3276356_f1e9_19896>
...
040 (7944174.192.000) 07/08 17:58:17 Finished transferring input files
...
001 (7944174.192.000) 07/08 17:58:17 Job executing on host: <188.185.195.28:9618?addrs=188.185.195.28-9618+[2001-1458-303-22--100-18]-9618&alias=b9p17p5972.cern.ch&noUDP&sock=startd_3276256_afeb>
	SlotName: slot1_32@b9p17p5972.cern.ch
	CondorScratchDir = "/pool/condor/dir_2547151"
	Cpus = 1
	Disk = 10003613
	GPUs = 0
	Memory = 3000
...
040 (7944174.192.000) 07/08 17:58:31 Started transferring output files
...
040 (7944174.192.000) 07/08 17:58:31 Finished transferring output files
...
012 (7944174.192.000) 07/08 18:00:55 Job was held.
	Job held by ON_EXIT_HOLD due to exit code 1.
	Code 3 Subcode 0
...
