000 (7944174.193.000) 07/08 17:29:05 Job submitted from host: <188.185.16.120:9618?addrs=188.185.16.120-9618+[2001-1458-d00-65--100-39b]-9618&alias=bigbird27.cern.ch&noUDP&sock=schedd_4465_3274>
...
040 (7944174.193.000) 07/08 17:32:16 Started transferring input files
	Transferring to host: <188.185.195.137:9618?addrs=188.185.195.137-9618+[2001-1458-303-22--100-85]-9618&alias=b9p17p0989.cern.ch&noUDP&sock=slot1_14_8784_df5e_38836>
...
040 (7944174.193.000) 07/08 17:32:17 Finished transferring input files
...
001 (7944174.193.000) 07/08 17:32:17 Job executing on host: <188.185.195.137:9618?addrs=188.185.195.137-9618+[2001-1458-303-22--100-85]-9618&alias=b9p17p0989.cern.ch&noUDP&sock=startd_8733_b0aa>
	SlotName: slot1_14@b9p17p0989.cern.ch
	CondorScratchDir = "/pool/condor/dir_1372219"
	Cpus = 1
	Disk = 10002289
	GPUs = 0
	Memory = 3000
...
006 (7944174.193.000) 07/08 17:32:26 Image size of job updated: 62732
	62  -  MemoryUsage of job (MB)
	62732  -  ResidentSetSize of job (KB)
...
006 (7944174.193.000) 07/08 17:32:49 Image size of job updated: 422836
	413  -  MemoryUsage of job (MB)
	422836  -  ResidentSetSize of job (KB)
...
040 (7944174.193.000) 07/08 17:32:49 Started transferring output files
...
040 (7944174.193.000) 07/08 17:32:49 Finished transferring output files
...
012 (7944174.193.000) 07/08 17:32:49 Job was held.
	Job held by ON_EXIT_HOLD due to exit code 1.
	Code 3 Subcode 0
...
013 (7944174.193.000) 07/08 17:43:33 Job was released.
	The job attribute PeriodicRelease expression '(NumJobStarts < 3) && ((CurrentTime - EnteredCurrentStatus) > 10 * 60)' evaluated to TRUE
...
040 (7944174.193.000) 07/08 17:44:50 Started transferring input files
	Transferring to host: <188.185.211.74:9618?addrs=188.185.211.74-9618+[2001-1458-303-16--100-46]-9618&alias=b9p23p5254.cern.ch&noUDP&sock=slot1_21_1306507_1fa2_23338>
...
040 (7944174.193.000) 07/08 17:44:51 Finished transferring input files
...
001 (7944174.193.000) 07/08 17:44:51 Job executing on host: <188.185.211.74:9618?addrs=188.185.211.74-9618+[2001-1458-303-16--100-46]-9618&alias=b9p23p5254.cern.ch&noUDP&sock=startd_1306446_de74>
	SlotName: slot1_21@b9p23p5254.cern.ch
	CondorScratchDir = "/pool/condor/dir_4158338"
	Cpus = 1
	Disk = 10001293
	GPUs = 0
	Memory = 3000
...
040 (7944174.193.000) 07/08 17:45:20 Started transferring output files
...
040 (7944174.193.000) 07/08 17:45:20 Finished transferring output files
...
012 (7944174.193.000) 07/08 17:45:20 Job was held.
	Job held by ON_EXIT_HOLD due to exit code 1.
	Code 3 Subcode 0
...
013 (7944174.193.000) 07/08 17:55:47 Job was released.
	The job attribute PeriodicRelease expression '(NumJobStarts < 3) && ((CurrentTime - EnteredCurrentStatus) > 10 * 60)' evaluated to TRUE
...
040 (7944174.193.000) 07/08 18:01:22 Started transferring input files
	Transferring to host: <188.185.192.26:9618?addrs=188.185.192.26-9618+[2001-1458-303-1f--100-16]-9618&alias=b9p13p7848.cern.ch&noUDP&sock=slot1_20_8810_311f_39700>
...
040 (7944174.193.000) 07/08 18:01:23 Finished transferring input files
...
001 (7944174.193.000) 07/08 18:01:23 Job executing on host: <188.185.192.26:9618?addrs=188.185.192.26-9618+[2001-1458-303-1f--100-16]-9618&alias=b9p13p7848.cern.ch&noUDP&sock=startd_8731_5179>
	SlotName: slot1_20@b9p13p7848.cern.ch
	CondorScratchDir = "/pool/condor/dir_1754809"
	Cpus = 1
	Disk = 10021532
	GPUs = 0
	Memory = 3000
...
040 (7944174.193.000) 07/08 18:01:36 Started transferring output files
...
040 (7944174.193.000) 07/08 18:01:36 Finished transferring output files
...
012 (7944174.193.000) 07/08 18:01:36 Job was held.
	Job held by ON_EXIT_HOLD due to exit code 1.
	Code 3 Subcode 0
...
