000 (7944174.194.000) 07/08 17:29:05 Job submitted from host: <188.185.16.120:9618?addrs=188.185.16.120-9618+[2001-1458-d00-65--100-39b]-9618&alias=bigbird27.cern.ch&noUDP&sock=schedd_4465_3274>
...
040 (7944174.194.000) 07/08 17:32:13 Started transferring input files
	Transferring to host: <188.185.210.147:9618?addrs=188.185.210.147-9618+[2001-1458-303-15--100-f]-9618&alias=b9p22p5119.cern.ch&noUDP&sock=slot1_21_8409_a6af_40354>
...
040 (7944174.194.000) 07/08 17:32:14 Finished transferring input files
...
001 (7944174.194.000) 07/08 17:32:14 Job executing on host: <188.185.210.147:9618?addrs=188.185.210.147-9618+[2001-1458-303-15--100-f]-9618&alias=b9p22p5119.cern.ch&noUDP&sock=startd_8348_9cb3>
	SlotName: slot1_21@b9p22p5119.cern.ch
	CondorScratchDir = "/pool/condor/dir_1192557"
	Cpus = 1
	Disk = 10002664
	GPUs = 0
	Memory = 3000
...
006 (7944174.194.000) 07/08 17:32:23 Image size of job updated: 63480
	62  -  MemoryUsage of job (MB)
	63480  -  ResidentSetSize of job (KB)
...
006 (7944174.194.000) 07/08 17:32:43 Image size of job updated: 425412
	416  -  MemoryUsage of job (MB)
	425412  -  ResidentSetSize of job (KB)
...
040 (7944174.194.000) 07/08 17:32:43 Started transferring output files
...
040 (7944174.194.000) 07/08 17:32:43 Finished transferring output files
...
012 (7944174.194.000) 07/08 17:32:44 Job was held.
	Job held by ON_EXIT_HOLD due to exit code 1.
	Code 3 Subcode 0
...
013 (7944174.194.000) 07/08 17:43:33 Job was released.
	The job attribute PeriodicRelease expression '(NumJobStarts < 3) && ((CurrentTime - EnteredCurrentStatus) > 10 * 60)' evaluated to TRUE
...
040 (7944174.194.000) 07/08 17:44:51 Started transferring input files
	Transferring to host: <188.185.193.77:9618?addrs=188.185.193.77-9618+[2001-1458-303-20--100-49]-9618&alias=b9p19p2088.cern.ch&noUDP&sock=slot1_22_6705_076a_24232>
...
040 (7944174.194.000) 07/08 17:44:51 Finished transferring input files
...
001 (7944174.194.000) 07/08 17:44:51 Job executing on host: <188.185.193.77:9618?addrs=188.185.193.77-9618+[2001-1458-303-20--100-49]-9618&alias=b9p19p2088.cern.ch&noUDP&sock=startd_4996_6b3e>
	SlotName: slot1_22@b9p19p2088.cern.ch
	CondorScratchDir = "/pool/condor/dir_2097932"
	Cpus = 1
	Disk = 10001226
	GPUs = 0
	Memory = 3000
...
040 (7944174.194.000) 07/08 17:48:19 Started transferring output files
...
040 (7944174.194.000) 07/08 17:48:19 Finished transferring output files
...
012 (7944174.194.000) 07/08 17:48:19 Job was held.
	Job held by ON_EXIT_HOLD due to exit code 1.
	Code 3 Subcode 0
...
013 (7944174.194.000) 07/08 18:01:00 Job was released.
	The job attribute PeriodicRelease expression '(NumJobStarts < 3) && ((CurrentTime - EnteredCurrentStatus) > 10 * 60)' evaluated to TRUE
...
040 (7944174.194.000) 07/08 18:01:32 Started transferring input files
	Transferring to host: <188.185.193.167:9618?addrs=188.185.193.167-9618+[2001-1458-303-20--100-a3]-9618&alias=b9p19p1102.cern.ch&noUDP&sock=slot1_24_4162_4162_23643>
...
040 (7944174.194.000) 07/08 18:01:32 Finished transferring input files
...
001 (7944174.194.000) 07/08 18:01:32 Job executing on host: <188.185.193.167:9618?addrs=188.185.193.167-9618+[2001-1458-303-20--100-a3]-9618&alias=b9p19p1102.cern.ch&noUDP&sock=startd_3487_5ed5>
	SlotName: slot1_24@b9p19p1102.cern.ch
	CondorScratchDir = "/pool/condor/dir_1712657"
	Cpus = 1
	Disk = 10002648
	GPUs = 0
	Memory = 3000
...
040 (7944174.194.000) 07/08 18:01:52 Started transferring output files
...
040 (7944174.194.000) 07/08 18:01:52 Finished transferring output files
...
012 (7944174.194.000) 07/08 18:01:52 Job was held.
	Job held by ON_EXIT_HOLD due to exit code 1.
	Code 3 Subcode 0
...
