000 (7944174.195.000) 07/08 17:29:05 Job submitted from host: <188.185.16.120:9618?addrs=188.185.16.120-9618+[2001-1458-d00-65--100-39b]-9618&alias=bigbird27.cern.ch&noUDP&sock=schedd_4465_3274>
...
040 (7944174.195.000) 07/08 17:32:15 Started transferring input files
	Transferring to host: <188.185.192.104:9618?addrs=188.185.192.104-9618+[2001-1458-303-1f--100-64]-9618&alias=b9p13p1802.cern.ch&noUDP&sock=slot1_20_9028_cae8_40456>
...
040 (7944174.195.000) 07/08 17:32:15 Finished transferring input files
...
001 (7944174.195.000) 07/08 17:32:15 Job executing on host: <188.185.192.104:9618?addrs=188.185.192.104-9618+[2001-1458-303-1f--100-64]-9618&alias=b9p13p1802.cern.ch&noUDP&sock=startd_8880_8516>
	SlotName: slot1_20@b9p13p1802.cern.ch
	CondorScratchDir = "/pool/condor/dir_3367251"
	Cpus = 1
	Disk = 10006825
	GPUs = 0
	Memory = 3000
...
006 (7944174.195.000) 07/08 17:32:24 Image size of job updated: 58100
	57  -  MemoryUsage of job (MB)
	58100  -  ResidentSetSize of job (KB)
...
006 (7944174.195.000) 07/08 17:32:43 Image size of job updated: 408340
	399  -  MemoryUsage of job (MB)
	408340  -  ResidentSetSize of job (KB)
...
040 (7944174.195.000) 07/08 17:32:43 Started transferring output files
...
040 (7944174.195.000) 07/08 17:32:43 Finished transferring output files
...
012 (7944174.195.000) 07/08 17:32:45 Job was held.
	Job held by ON_EXIT_HOLD due to exit code 1.
	Code 3 Subcode 0
...
013 (7944174.195.000) 07/08 17:43:33 Job was released.
	The job attribute PeriodicRelease expression '(NumJobStarts < 3) && ((CurrentTime - EnteredCurrentStatus) > 10 * 60)' evaluated to TRUE
...
040 (7944174.195.000) 07/08 17:44:50 Started transferring input files
	Transferring to host: <188.185.206.222:9618?addrs=188.185.206.222-9618+[2001-1458-303-c--100-5b]-9618&alias=b9p06p8710.cern.ch&noUDP&sock=slot1_11_2446586_ea5b_21407>
...
040 (7944174.195.000) 07/08 17:44:51 Finished transferring input files
...
001 (7944174.195.000) 07/08 17:44:51 Job executing on host: <188.185.206.222:9618?addrs=188.185.206.222-9618+[2001-1458-303-c--100-5b]-9618&alias=b9p06p8710.cern.ch&noUDP&sock=startd_2446548_02e7>
	SlotName: slot1_11@b9p06p8710.cern.ch
	CondorScratchDir = "/pool/condor/dir_1800510"
	Cpus = 1
	Disk = 10000113
	GPUs = 0
	Memory = 3000
...
040 (7944174.195.000) 07/08 17:45:25 Started transferring output files
...
040 (7944174.195.000) 07/08 17:45:25 Finished transferring output files
...
012 (7944174.195.000) 07/08 17:45:25 Job was held.
	Job held by ON_EXIT_HOLD due to exit code 1.
	Code 3 Subcode 0
...
013 (7944174.195.000) 07/08 17:55:47 Job was released.
	The job attribute PeriodicRelease expression '(NumJobStarts < 3) && ((CurrentTime - EnteredCurrentStatus) > 10 * 60)' evaluated to TRUE
...
040 (7944174.195.000) 07/08 17:58:17 Started transferring input files
	Transferring to host: <128.142.52.13:9618?addrs=128.142.52.13-9618+[2001-1458-301-1b--100-a]-9618&alias=b9g02p6767.cern.ch&noUDP&sock=slot1_11_1270812_c456_47580>
...
040 (7944174.195.000) 07/08 17:58:18 Finished transferring input files
...
001 (7944174.195.000) 07/08 17:58:18 Job executing on host: <128.142.52.13:9618?addrs=128.142.52.13-9618+[2001-1458-301-1b--100-a]-9618&alias=b9g02p6767.cern.ch&noUDP&sock=startd_7088_5b5f>
	SlotName: slot1_11@b9g02p6767.cern.ch
	CondorScratchDir = "/pool/condor/dir_2935833"
	Cpus = 1
	Disk = 10003989
	GPUs = 0
	Memory = 3000
...
040 (7944174.195.000) 07/08 18:00:54 Started transferring output files
...
040 (7944174.195.000) 07/08 18:00:59 Finished transferring output files
...
012 (7944174.195.000) 07/08 18:01:01 Job was held.
	Job held by ON_EXIT_HOLD due to exit code 1.
	Code 3 Subcode 0
...
