000 (7944174.198.000) 07/08 17:29:05 Job submitted from host: <188.185.16.120:9618?addrs=188.185.16.120-9618+[2001-1458-d00-65--100-39b]-9618&alias=bigbird27.cern.ch&noUDP&sock=schedd_4465_3274>
...
040 (7944174.198.000) 07/08 17:32:16 Started transferring input files
	Transferring to host: <188.185.194.160:9618?addrs=188.185.194.160-9618+[2001-1458-303-21--100-9c]-9618&alias=b9p20p7979.cern.ch&noUDP&sock=slot1_22_4644_de36_24198>
...
040 (7944174.198.000) 07/08 17:32:16 Finished transferring input files
...
001 (7944174.198.000) 07/08 17:32:16 Job executing on host: <188.185.194.160:9618?addrs=188.185.194.160-9618+[2001-1458-303-21--100-9c]-9618&alias=b9p20p7979.cern.ch&noUDP&sock=startd_4071_f224>
	SlotName: slot1_22@b9p20p7979.cern.ch
	CondorScratchDir = "/pool/condor/dir_817195"
	Cpus = 1
	Disk = 10002081
	GPUs = 0
	Memory = 3000
...
006 (7944174.198.000) 07/08 17:32:30 Image size of job updated: 26464
	21  -  MemoryUsage of job (MB)
	21388  -  ResidentSetSize of job (KB)
...
006 (7944174.198.000) 07/08 17:32:48 Image size of job updated: 209972
	21  -  MemoryUsage of job (MB)
	21388  -  ResidentSetSize of job (KB)
...
040 (7944174.198.000) 07/08 17:32:48 Started transferring output files
...
040 (7944174.198.000) 07/08 17:32:48 Finished transferring output files
...
012 (7944174.198.000) 07/08 17:32:48 Job was held.
	Job held by ON_EXIT_HOLD due to exit code 1.
	Code 3 Subcode 0
...
013 (7944174.198.000) 07/08 17:43:33 Job was released.
	The job attribute PeriodicRelease expression '(NumJobStarts < 3) && ((CurrentTime - EnteredCurrentStatus) > 10 * 60)' evaluated to TRUE
...
040 (7944174.198.000) 07/08 17:44:52 Started transferring input files
	Transferring to host: <188.185.196.15:9618?addrs=188.185.196.15-9618+[2001-1458-303-23--100-b]-9618&alias=b9p16p7545.cern.ch&noUDP&sock=slot1_1_3694091_0ae4_20198>
...
040 (7944174.198.000) 07/08 17:44:52 Finished transferring input files
...
001 (7944174.198.000) 07/08 17:44:52 Job executing on host: <188.185.196.15:9618?addrs=188.185.196.15-9618+[2001-1458-303-23--100-b]-9618&alias=b9p16p7545.cern.ch&noUDP&sock=startd_3694004_1182>
	SlotName: slot1_1@b9p16p7545.cern.ch
	CondorScratchDir = "/pool/condor/dir_2556288"
	Cpus = 1
	Disk = 10003396
	GPUs = 0
	Memory = 3000
...
006 (7944174.198.000) 07/08 17:45:01 Image size of job updated: 225000
	59  -  MemoryUsage of job (MB)
	59960  -  ResidentSetSize of job (KB)
...
006 (7944174.198.000) 07/08 17:45:23 Image size of job updated: 424160
	415  -  MemoryUsage of job (MB)
	424160  -  ResidentSetSize of job (KB)
...
040 (7944174.198.000) 07/08 17:45:23 Started transferring output files
...
040 (7944174.198.000) 07/08 17:45:23 Finished transferring output files
...
012 (7944174.198.000) 07/08 17:45:23 Job was held.
	Job held by ON_EXIT_HOLD due to exit code 1.
	Code 3 Subcode 0
...
013 (7944174.198.000) 07/08 17:55:47 Job was released.
	The job attribute PeriodicRelease expression '(NumJobStarts < 3) && ((CurrentTime - EnteredCurrentStatus) > 10 * 60)' evaluated to TRUE
...
040 (7944174.198.000) 07/08 17:58:19 Started transferring input files
	Transferring to host: <188.185.194.156:9618?addrs=188.185.194.156-9618+[2001-1458-303-21--100-98]-9618&alias=b9p20p1008.cern.ch&noUDP&sock=slot1_11_4240_36a5_25040>
...
040 (7944174.198.000) 07/08 17:58:20 Finished transferring input files
...
001 (7944174.198.000) 07/08 17:58:20 Job executing on host: <188.185.194.156:9618?addrs=188.185.194.156-9618+[2001-1458-303-21--100-98]-9618&alias=b9p20p1008.cern.ch&noUDP&sock=startd_3719_80cd>
	SlotName: slot1_11@b9p20p1008.cern.ch
	CondorScratchDir = "/pool/condor/dir_3977071"
	Cpus = 1
	Disk = 10002242
	GPUs = 0
	Memory = 3000
...
040 (7944174.198.000) 07/08 18:00:59 Started transferring output files
...
040 (7944174.198.000) 07/08 18:00:59 Finished transferring output files
...
012 (7944174.198.000) 07/08 18:01:02 Job was held.
	Job held by ON_EXIT_HOLD due to exit code 1.
	Code 3 Subcode 0
...
