000 (7944174.199.000) 07/08 17:29:05 Job submitted from host: <188.185.16.120:9618?addrs=188.185.16.120-9618+[2001-1458-d00-65--100-39b]-9618&alias=bigbird27.cern.ch&noUDP&sock=schedd_4465_3274>
...
040 (7944174.199.000) 07/08 17:32:16 Started transferring input files
	Transferring to host: <188.185.211.235:9618?addrs=188.185.211.235-9618+[2001-1458-303-17--100-67]-9618&alias=b9p24p7837.cern.ch&noUDP&sock=slot1_21_8367_0eed_41403>
...
040 (7944174.199.000) 07/08 17:32:16 Finished transferring input files
...
001 (7944174.199.000) 07/08 17:32:16 Job executing on host: <188.185.211.235:9618?addrs=188.185.211.235-9618+[2001-1458-303-17--100-67]-9618&alias=b9p24p7837.cern.ch&noUDP&sock=startd_8305_1e21>
	SlotName: slot1_21@b9p24p7837.cern.ch
	CondorScratchDir = "/pool/condor/dir_3580336"
	Cpus = 1
	Disk = 13837946
	Memory = 3000
...
006 (7944174.199.000) 07/08 17:32:25 Image size of job updated: 257208
	244  -  MemoryUsage of job (MB)
	249156  -  ResidentSetSize of job (KB)
...
006 (7944174.199.000) 07/08 17:32:44 Image size of job updated: 847436
	611  -  MemoryUsage of job (MB)
	625380  -  ResidentSetSize of job (KB)
...
040 (7944174.199.000) 07/08 17:32:44 Started transferring output files
...
040 (7944174.199.000) 07/08 17:32:45 Finished transferring output files
...
012 (7944174.199.000) 07/08 17:32:45 Job was held.
	Job held by ON_EXIT_HOLD due to exit code 1.
	Code 3 Subcode 0
...
013 (7944174.199.000) 07/08 17:43:33 Job was released.
	The job attribute PeriodicRelease expression '(NumJobStarts < 3) && ((CurrentTime - EnteredCurrentStatus) > 10 * 60)' evaluated to TRUE
...
040 (7944174.199.000) 07/08 17:45:41 Started transferring input files
	Transferring to host: <188.185.213.164:9618?addrs=188.185.213.164-9618+[2001-1458-303-1b--100-20]-9618&alias=b9p28p4074.cern.ch&noUDP&sock=slot1_14_8424_3850_40833>
...
040 (7944174.199.000) 07/08 17:45:41 Finished transferring input files
...
001 (7944174.199.000) 07/08 17:45:41 Job executing on host: <188.185.213.164:9618?addrs=188.185.213.164-9618+[2001-1458-303-1b--100-20]-9618&alias=b9p28p4074.cern.ch&noUDP&sock=startd_8375_21c2>
	SlotName: slot1_14@b9p28p4074.cern.ch
	CondorScratchDir = "/pool/condor/dir_1356912"
	Cpus = 1
	Disk = 10005101
	GPUs = 0
	Memory = 3000
...
040 (7944174.199.000) 07/08 17:45:54 Started transferring output files
...
040 (7944174.199.000) 07/08 17:45:54 Finished transferring output files
...
012 (7944174.199.000) 07/08 17:45:54 Job was held.
	Job held by ON_EXIT_HOLD due to exit code 1.
	Code 3 Subcode 0
...
013 (7944174.199.000) 07/08 17:58:12 Job was released.
	The job attribute PeriodicRelease expression '(NumJobStarts < 3) && ((CurrentTime - EnteredCurrentStatus) > 10 * 60)' evaluated to TRUE
...
040 (7944174.199.000) 07/08 18:15:42 Started transferring input files
	Transferring to host: <188.185.198.100:9618?addrs=188.185.198.100-9618+[2001-1458-303-25--100-60]-9618&alias=b9p15p6229.cern.ch&noUDP&sock=slot1_18_3164_12fa_42666>
...
040 (7944174.199.000) 07/08 18:15:43 Finished transferring input files
...
001 (7944174.199.000) 07/08 18:15:43 Job executing on host: <188.185.198.100:9618?addrs=188.185.198.100-9618+[2001-1458-303-25--100-60]-9618&alias=b9p15p6229.cern.ch&noUDP&sock=startd_2535_60ab>
	SlotName: slot1_18@b9p15p6229.cern.ch
	CondorScratchDir = "/pool/condor/dir_2691125"
	Cpus = 1
	Disk = 10094009
	GPUs = 0
	Memory = 3000
...
040 (7944174.199.000) 07/08 18:15:59 Started transferring output files
...
040 (7944174.199.000) 07/08 18:15:59 Finished transferring output files
...
012 (7944174.199.000) 07/08 18:15:59 Job was held.
	Job held by ON_EXIT_HOLD due to exit code 1.
	Code 3 Subcode 0
...
