000 (7944174.002.000) 07/08 17:29:04 Job submitted from host: <188.185.16.120:9618?addrs=188.185.16.120-9618+[2001-1458-d00-65--100-39b]-9618&alias=bigbird27.cern.ch&noUDP&sock=schedd_4465_3274>
...
040 (7944174.002.000) 07/08 17:31:11 Started transferring input files
	Transferring to host: <188.185.193.48:9618?addrs=188.185.193.48-9618+[2001-1458-303-20--100-2c]-9618&alias=b9p19p0336.cern.ch&noUDP&sock=slot1_5_2786798_0be5_16154>
...
040 (7944174.002.000) 07/08 17:31:16 Finished transferring input files
...
001 (7944174.002.000) 07/08 17:31:16 Job executing on host: <188.185.193.48:9618?addrs=188.185.193.48-9618+[2001-1458-303-20--100-2c]-9618&alias=b9p19p0336.cern.ch&noUDP&sock=startd_2786755_b754>
	SlotName: slot1_5@b9p19p0336.cern.ch
	CondorScratchDir = "/pool/condor/dir_524662"
	Cpus = 1
	Disk = 10003244
	GPUs = 0
	Memory = 3000
...
006 (7944174.002.000) 07/08 17:31:30 Image size of job updated: 29528
	25  -  MemoryUsage of job (MB)
	25516  -  ResidentSetSize of job (KB)
...
006 (7944174.002.000) 07/08 17:32:43 Image size of job updated: 214340
	25  -  MemoryUsage of job (MB)
	25516  -  ResidentSetSize of job (KB)
...
040 (7944174.002.000) 07/08 17:32:43 Started transferring output files
...
040 (7944174.002.000) 07/08 17:32:43 Finished transferring output files
...
012 (7944174.002.000) 07/08 17:32:44 Job was held.
	Job held by ON_EXIT_HOLD due to exit code 1.
	Code 3 Subcode 0
...
013 (7944174.002.000) 07/08 17:43:32 Job was released.
	The job attribute PeriodicRelease expression '(NumJobStarts < 3) && ((CurrentTime - EnteredCurrentStatus) > 10 * 60)' evaluated to TRUE
...
040 (7944174.002.000) 07/08 17:43:56 Started transferring input files
	Transferring to host: <188.185.194.105:9618?addrs=188.185.194.105-9618+[2001-1458-303-21--100-65]-9618&alias=b9p20p2971.cern.ch&noUDP&sock=slot1_4_9919_952c_15319>
...
040 (7944174.002.000) 07/08 17:43:57 Finished transferring input files
...
001 (7944174.002.000) 07/08 17:43:57 Job executing on host: <188.185.194.105:9618?addrs=188.185.194.105-9618+[2001-1458-303-21--100-65]-9618&alias=b9p20p2971.cern.ch&noUDP&sock=startd_8304_6e89>
	SlotName: slot1_4@b9p20p2971.cern.ch
	CondorScratchDir = "/pool/condor/dir_3490095"
	Cpus = 1
	Disk = 10003102
	GPUs = 0
	Memory = 3000
...
006 (7944174.002.000) 07/08 17:44:10 Image size of job updated: 225000
	34  -  MemoryUsage of job (MB)
	33904  -  ResidentSetSize of job (KB)
...
006 (7944174.002.000) 07/08 17:44:31 Image size of job updated: 225000
	34  -  MemoryUsage of job (MB)
	34112  -  ResidentSetSize of job (KB)
...
040 (7944174.002.000) 07/08 17:44:31 Started transferring output files
...
040 (7944174.002.000) 07/08 17:44:31 Finished transferring output files
...
012 (7944174.002.000) 07/08 17:44:31 Job was held.
	Job held by ON_EXIT_HOLD due to exit code 1.
	Code 3 Subcode 0
...
013 (7944174.002.000) 07/08 17:55:47 Job was released.
	The job attribute PeriodicRelease expression '(NumJobStarts < 3) && ((CurrentTime - EnteredCurrentStatus) > 10 * 60)' evaluated to TRUE
...
040 (7944174.002.000) 07/08 17:57:22 Started transferring input files
	Transferring to host: <188.185.194.144:9618?addrs=188.185.194.144-9618+[2001-1458-303-21--100-8c]-9618&alias=b9p20p8361.cern.ch&noUDP&sock=slot1_11_2971925_c3ed_17897>
...
040 (7944174.002.000) 07/08 17:57:23 Finished transferring input files
...
001 (7944174.002.000) 07/08 17:57:23 Job executing on host: <188.185.194.144:9618?addrs=188.185.194.144-9618+[2001-1458-303-21--100-8c]-9618&alias=b9p20p8361.cern.ch&noUDP&sock=startd_2971852_dcc8>
	SlotName: slot1_11@b9p20p8361.cern.ch
	CondorScratchDir = "/pool/condor/dir_3445433"
	Cpus = 1
	Disk = 10003079
	GPUs = 0
	Memory = 3000
...
040 (7944174.002.000) 07/08 17:58:09 Started transferring output files
...
040 (7944174.002.000) 07/08 17:58:09 Finished transferring output files
...
012 (7944174.002.000) 07/08 17:58:09 Job was held.
	Job held by ON_EXIT_HOLD due to exit code 1.
	Code 3 Subcode 0
...
