000 (7944174.200.000) 07/08 17:29:05 Job submitted from host: <188.185.16.120:9618?addrs=188.185.16.120-9618+[2001-1458-d00-65--100-39b]-9618&alias=bigbird27.cern.ch&noUDP&sock=schedd_4465_3274>
...
040 (7944174.200.000) 07/08 17:32:16 Started transferring input files
	Transferring to host: <188.185.213.227:9618?addrs=188.185.213.227-9618+[2001-1458-303-1b--100-5f]-9618&alias=b9p28p0516.cern.ch&noUDP&sock=slot1_34_3527845_b23c_23114>
...
040 (7944174.200.000) 07/08 17:32:16 Finished transferring input files
...
001 (7944174.200.000) 07/08 17:32:16 Job executing on host: <188.185.213.227:9618?addrs=188.185.213.227-9618+[2001-1458-303-1b--100-5f]-9618&alias=b9p28p0516.cern.ch&noUDP&sock=startd_3527771_0e9c>
	SlotName: slot1_34@b9p28p0516.cern.ch
	CondorScratchDir = "/pool/condor/dir_3405148"
	Cpus = 1
	Disk = 10005801
	GPUs = 0
	Memory = 3000
...
006 (7944174.200.000) 07/08 17:32:25 Image size of job updated: 59040
	58  -  MemoryUsage of job (MB)
	59040  -  ResidentSetSize of job (KB)
...
006 (7944174.200.000) 07/08 17:32:43 Image size of job updated: 425432
	416  -  MemoryUsage of job (MB)
	425432  -  ResidentSetSize of job (KB)
...
040 (7944174.200.000) 07/08 17:32:44 Started transferring output files
...
040 (7944174.200.000) 07/08 17:32:44 Finished transferring output files
...
012 (7944174.200.000) 07/08 17:32:45 Job was held.
	Job held by ON_EXIT_HOLD due to exit code 1.
	Code 3 Subcode 0
...
013 (7944174.200.000) 07/08 17:43:33 Job was released.
	The job attribute PeriodicRelease expression '(NumJobStarts < 3) && ((CurrentTime - EnteredCurrentStatus) > 10 * 60)' evaluated to TRUE
...
040 (7944174.200.000) 07/08 17:44:52 Started transferring input files
	Transferring to host: <188.185.214.206:9618?addrs=188.185.214.206-9618+[2001-1458-303-1d--100-4a]-9618&alias=b9p30p5999.cern.ch&noUDP&sock=slot1_24_350268_3e1d_23931>
...
040 (7944174.200.000) 07/08 17:44:53 Finished transferring input files
...
001 (7944174.200.000) 07/08 17:44:53 Job executing on host: <188.185.214.206:9618?addrs=188.185.214.206-9618+[2001-1458-303-1d--100-4a]-9618&alias=b9p30p5999.cern.ch&noUDP&sock=startd_350225_cc4a>
	SlotName: slot1_24@b9p30p5999.cern.ch
	CondorScratchDir = "/pool/condor/dir_724299"
	Cpus = 1
	Disk = 10000863
	GPUs = 0
	Memory = 3000
...
040 (7944174.200.000) 07/08 17:45:20 Started transferring output files
...
040 (7944174.200.000) 07/08 17:45:20 Finished transferring output files
...
012 (7944174.200.000) 07/08 17:45:20 Job was held.
	Job held by ON_EXIT_HOLD due to exit code 1.
	Code 3 Subcode 0
...
013 (7944174.200.000) 07/08 17:55:47 Job was released.
	The job attribute PeriodicRelease expression '(NumJobStarts < 3) && ((CurrentTime - EnteredCurrentStatus) > 10 * 60)' evaluated to TRUE
...
040 (7944174.200.000) 07/08 17:58:18 Started transferring input files
	Transferring to host: <188.185.196.135:9618?addrs=188.185.196.135-9618+[2001-1458-303-23--100-83]-9618&alias=b9p16p6625.cern.ch&noUDP&sock=slot1_16_9028_cae8_40612>
...
040 (7944174.200.000) 07/08 17:58:19 Finished transferring input files
...
001 (7944174.200.000) 07/08 17:58:19 Job executing on host: <188.185.196.135:9618?addrs=188.185.196.135-9618+[2001-1458-303-23--100-83]-9618&alias=b9p16p6625.cern.ch&noUDP&sock=startd_8816_9f06>
	SlotName: slot1_16@b9p16p6625.cern.ch
	CondorScratchDir = "/pool/condor/dir_3071255"
	Cpus = 1
	Disk = 10001034
	GPUs = 0
	Memory = 3000
...
040 (7944174.200.000) 07/08 18:00:54 Started transferring output files
...
040 (7944174.200.000) 07/08 18:00:59 Finished transferring output files
...
012 (7944174.200.000) 07/08 18:01:02 Job was held.
	Job held by ON_EXIT_HOLD due to exit code 1.
	Code 3 Subcode 0
...
