000 (7944174.201.000) 07/08 17:29:05 Job submitted from host: <188.185.16.120:9618?addrs=188.185.16.120-9618+[2001-1458-d00-65--100-39b]-9618&alias=bigbird27.cern.ch&noUDP&sock=schedd_4465_3274>
...
040 (7944174.201.000) 07/08 17:33:57 Started transferring input files
	Transferring to host: <188.185.194.113:9618?addrs=188.185.194.113-9618+[2001-1458-303-21--100-6d]-9618&alias=b9p20p2262.cern.ch&noUDP&sock=slot1_10_9969_cfee_19992>
...
040 (7944174.201.000) 07/08 17:33:57 Finished transferring input files
...
001 (7944174.201.000) 07/08 17:33:57 Job executing on host: <188.185.194.113:9618?addrs=188.185.194.113-9618+[2001-1458-303-21--100-6d]-9618&alias=b9p20p2262.cern.ch&noUDP&sock=startd_8544_0d43>
	SlotName: slot1_10@b9p20p2262.cern.ch
	CondorScratchDir = "/pool/condor/dir_1411144"
	Cpus = 1
	Disk = 10014038
	GPUs = 0
	Memory = 3000
...
006 (7944174.201.000) 07/08 17:34:11 Image size of job updated: 113348
	111  -  MemoryUsage of job (MB)
	113348  -  ResidentSetSize of job (KB)
...
006 (7944174.201.000) 07/08 17:34:16 Image size of job updated: 178804
	113  -  MemoryUsage of job (MB)
	115188  -  ResidentSetSize of job (KB)
...
040 (7944174.201.000) 07/08 17:34:16 Started transferring output files
...
040 (7944174.201.000) 07/08 17:34:16 Finished transferring output files
...
012 (7944174.201.000) 07/08 17:34:16 Job was held.
	Job held by ON_EXIT_HOLD due to exit code 1.
	Code 3 Subcode 0
...
013 (7944174.201.000) 07/08 17:46:02 Job was released.
	The job attribute PeriodicRelease expression '(NumJobStarts < 3) && ((CurrentTime - EnteredCurrentStatus) > 10 * 60)' evaluated to TRUE
...
040 (7944174.201.000) 07/08 17:46:31 Started transferring input files
	Transferring to host: <188.185.196.141:9618?addrs=188.185.196.141-9618&alias=b9p16p1035.cern.ch&noUDP&sock=slot1_17_501419_cbbf_22179>
...
040 (7944174.201.000) 07/08 17:46:31 Finished transferring input files
...
001 (7944174.201.000) 07/08 17:46:31 Job executing on host: <188.185.196.141:9618?addrs=188.185.196.141-9618&alias=b9p16p1035.cern.ch&noUDP&sock=startd_501373_c10a>
	SlotName: slot1_17@b9p16p1035.cern.ch
	CondorScratchDir = "/pool/condor/dir_1830625"
	Cpus = 1
	Disk = 10001340
	GPUs = 0
	Memory = 3000
...
040 (7944174.201.000) 07/08 17:46:50 Started transferring output files
...
040 (7944174.201.000) 07/08 17:46:50 Finished transferring output files
...
012 (7944174.201.000) 07/08 17:46:50 Job was held.
	Job held by ON_EXIT_HOLD due to exit code 1.
	Code 3 Subcode 0
...
013 (7944174.201.000) 07/08 17:58:12 Job was released.
	The job attribute PeriodicRelease expression '(NumJobStarts < 3) && ((CurrentTime - EnteredCurrentStatus) > 10 * 60)' evaluated to TRUE
...
040 (7944174.201.000) 07/08 18:01:23 Started transferring input files
	Transferring to host: <188.185.198.32:9618?addrs=188.185.198.32-9618+[2001-1458-303-25--100-1c]-9618&alias=b9p15p7748.cern.ch&noUDP&sock=slot1_16_3945130_ba64_19357>
...
040 (7944174.201.000) 07/08 18:01:24 Finished transferring input files
...
001 (7944174.201.000) 07/08 18:01:24 Job executing on host: <188.185.198.32:9618?addrs=188.185.198.32-9618+[2001-1458-303-25--100-1c]-9618&alias=b9p15p7748.cern.ch&noUDP&sock=startd_3945092_8d42>
	SlotName: slot1_16@b9p15p7748.cern.ch
	CondorScratchDir = "/pool/condor/dir_3696747"
	Cpus = 1
	Disk = 10000132
	GPUs = 0
	Memory = 3000
...
040 (7944174.201.000) 07/08 18:01:42 Started transferring output files
...
040 (7944174.201.000) 07/08 18:01:42 Finished transferring output files
...
012 (7944174.201.000) 07/08 18:01:42 Job was held.
	Job held by ON_EXIT_HOLD due to exit code 1.
	Code 3 Subcode 0
...
