000 (7944174.203.000) 07/08 17:29:05 Job submitted from host: <188.185.16.120:9618?addrs=188.185.16.120-9618+[2001-1458-d00-65--100-39b]-9618&alias=bigbird27.cern.ch&noUDP&sock=schedd_4465_3274>
...
040 (7944174.203.000) 07/08 17:34:52 Started transferring input files
	Transferring to host: <188.185.209.81:9618?addrs=188.185.209.81-9618+[2001-1458-303-11--100-4e]-9618&alias=b9p11p4508.cern.ch&noUDP&sock=slot1_36_9118_34ac_35231>
...
040 (7944174.203.000) 07/08 17:34:53 Finished transferring input files
...
001 (7944174.203.000) 07/08 17:34:53 Job executing on host: <188.185.209.81:9618?addrs=188.185.209.81-9618+[2001-1458-303-11--100-4e]-9618&alias=b9p11p4508.cern.ch&noUDP&sock=startd_8932_3002>
	SlotName: slot1_36@b9p11p4508.cern.ch
	CondorScratchDir = "/pool/condor/dir_4091513"
	Cpus = 1
	Disk = 10027267
	GPUs = 0
	Memory = 3000
...
006 (7944174.203.000) 07/08 17:35:01 Image size of job updated: 38204
	38  -  MemoryUsage of job (MB)
	38204  -  ResidentSetSize of job (KB)
...
006 (7944174.203.000) 07/08 17:35:20 Image size of job updated: 205388
	201  -  MemoryUsage of job (MB)
	205388  -  ResidentSetSize of job (KB)
...
040 (7944174.203.000) 07/08 17:35:20 Started transferring output files
...
040 (7944174.203.000) 07/08 17:35:20 Finished transferring output files
...
012 (7944174.203.000) 07/08 17:35:20 Job was held.
	Job held by ON_EXIT_HOLD due to exit code 1.
	Code 3 Subcode 0
...
013 (7944174.203.000) 07/08 17:46:02 Job was released.
	The job attribute PeriodicRelease expression '(NumJobStarts < 3) && ((CurrentTime - EnteredCurrentStatus) > 10 * 60)' evaluated to TRUE
...
040 (7944174.203.000) 07/08 17:46:31 Started transferring input files
	Transferring to host: <188.185.194.143:9618?addrs=188.185.194.143-9618+[2001-1458-303-21--100-8b]-9618&alias=b9p20p6104.cern.ch&noUDP&sock=slot1_9_5801_1445_24588>
...
040 (7944174.203.000) 07/08 17:46:32 Finished transferring input files
...
001 (7944174.203.000) 07/08 17:46:32 Job executing on host: <188.185.194.143:9618?addrs=188.185.194.143-9618+[2001-1458-303-21--100-8b]-9618&alias=b9p20p6104.cern.ch&noUDP&sock=startd_5037_8aa0>
	SlotName: slot1_9@b9p20p6104.cern.ch
	CondorScratchDir = "/pool/condor/dir_221736"
	Cpus = 1
	Disk = 10003153
	GPUs = 0
	Memory = 3000
...
040 (7944174.203.000) 07/08 17:47:00 Started transferring output files
...
040 (7944174.203.000) 07/08 17:47:00 Finished transferring output files
...
012 (7944174.203.000) 07/08 17:47:00 Job was held.
	Job held by ON_EXIT_HOLD due to exit code 1.
	Code 3 Subcode 0
...
013 (7944174.203.000) 07/08 17:58:12 Job was released.
	The job attribute PeriodicRelease expression '(NumJobStarts < 3) && ((CurrentTime - EnteredCurrentStatus) > 10 * 60)' evaluated to TRUE
...
040 (7944174.203.000) 07/08 18:01:23 Started transferring input files
	Transferring to host: <188.185.194.151:9618?addrs=188.185.194.151-9618+[2001-1458-303-21--100-93]-9618&alias=b9p20p9170.cern.ch&noUDP&sock=slot1_17_3242393_f064_23174>
...
040 (7944174.203.000) 07/08 18:01:24 Finished transferring input files
...
001 (7944174.203.000) 07/08 18:01:24 Job executing on host: <188.185.194.151:9618?addrs=188.185.194.151-9618+[2001-1458-303-21--100-93]-9618&alias=b9p20p9170.cern.ch&noUDP&sock=startd_3242345_8fd1>
	SlotName: slot1_17@b9p20p9170.cern.ch
	CondorScratchDir = "/pool/condor/dir_2007512"
	Cpus = 1
	Disk = 10024286
	GPUs = 0
	Memory = 3000
...
040 (7944174.203.000) 07/08 18:01:44 Started transferring output files
...
040 (7944174.203.000) 07/08 18:01:44 Finished transferring output files
...
012 (7944174.203.000) 07/08 18:01:44 Job was held.
	Job held by ON_EXIT_HOLD due to exit code 1.
	Code 3 Subcode 0
...
