000 (7944174.207.000) 07/08 17:29:05 Job submitted from host: <188.185.16.120:9618?addrs=188.185.16.120-9618+[2001-1458-d00-65--100-39b]-9618&alias=bigbird27.cern.ch&noUDP&sock=schedd_4465_3274>
...
040 (7944174.207.000) 07/08 17:34:52 Started transferring input files
	Transferring to host: <188.185.196.14:9618?addrs=188.185.196.14-9618+[2001-1458-303-23--100-a]-9618&alias=b9p16p9211.cern.ch&noUDP&sock=slot1_20_8802_8e1f_39802>
...
040 (7944174.207.000) 07/08 17:34:52 Finished transferring input files
...
001 (7944174.207.000) 07/08 17:34:52 Job executing on host: <188.185.196.14:9618?addrs=188.185.196.14-9618+[2001-1458-303-23--100-a]-9618&alias=b9p16p9211.cern.ch&noUDP&sock=startd_8740_7dd3>
	SlotName: slot1_20@b9p16p9211.cern.ch
	CondorScratchDir = "/pool/condor/dir_1685917"
	Cpus = 1
	Disk = 10025789
	GPUs = 0
	Memory = 3000
...
006 (7944174.207.000) 07/08 17:35:06 Image size of job updated: 85832
	84  -  MemoryUsage of job (MB)
	85832  -  ResidentSetSize of job (KB)
...
006 (7944174.207.000) 07/08 17:35:12 Image size of job updated: 157696
	84  -  MemoryUsage of job (MB)
	85832  -  ResidentSetSize of job (KB)
...
040 (7944174.207.000) 07/08 17:35:12 Started transferring output files
...
040 (7944174.207.000) 07/08 17:35:12 Finished transferring output files
...
012 (7944174.207.000) 07/08 17:35:12 Job was held.
	Job held by ON_EXIT_HOLD due to exit code 1.
	Code 3 Subcode 0
...
013 (7944174.207.000) 07/08 17:46:02 Job was released.
	The job attribute PeriodicRelease expression '(NumJobStarts < 3) && ((CurrentTime - EnteredCurrentStatus) > 10 * 60)' evaluated to TRUE
...
040 (7944174.207.000) 07/08 17:46:33 Started transferring input files
	Transferring to host: <188.185.192.24:9618?addrs=188.185.192.24-9618+[2001-1458-303-1f--100-14]-9618&alias=b9p13p3802.cern.ch&noUDP&sock=slot1_13_8867_5a82_38632>
...
040 (7944174.207.000) 07/08 17:46:34 Finished transferring input files
...
001 (7944174.207.000) 07/08 17:46:34 Job executing on host: <188.185.192.24:9618?addrs=188.185.192.24-9618+[2001-1458-303-1f--100-14]-9618&alias=b9p13p3802.cern.ch&noUDP&sock=startd_8783_fc66>
	SlotName: slot1_13@b9p13p3802.cern.ch
	CondorScratchDir = "/pool/condor/dir_1531112"
	Cpus = 1
	Disk = 10002970
	GPUs = 0
	Memory = 3000
...
006 (7944174.207.000) 07/08 17:47:10 Image size of job updated: 206796
	98  -  MemoryUsage of job (MB)
	100000  -  ResidentSetSize of job (KB)
...
040 (7944174.207.000) 07/08 17:47:10 Started transferring output files
...
040 (7944174.207.000) 07/08 17:47:10 Finished transferring output files
...
012 (7944174.207.000) 07/08 17:47:10 Job was held.
	Job held by ON_EXIT_HOLD due to exit code 1.
	Code 3 Subcode 0
...
013 (7944174.207.000) 07/08 17:58:12 Job was released.
	The job attribute PeriodicRelease expression '(NumJobStarts < 3) && ((CurrentTime - EnteredCurrentStatus) > 10 * 60)' evaluated to TRUE
...
040 (7944174.207.000) 07/08 18:20:07 Started transferring input files
	Transferring to host: <188.185.193.82:9618?addrs=188.185.193.82-9618+[2001-1458-303-20--100-4e]-9618&alias=b9p19p0921.cern.ch&noUDP&sock=slot1_10_8605_c037_24877>
...
040 (7944174.207.000) 07/08 18:20:08 Finished transferring input files
...
001 (7944174.207.000) 07/08 18:20:08 Job executing on host: <188.185.193.82:9618?addrs=188.185.193.82-9618+[2001-1458-303-20--100-4e]-9618&alias=b9p19p0921.cern.ch&noUDP&sock=startd_7549_9088>
	SlotName: slot1_10@b9p19p0921.cern.ch
	CondorScratchDir = "/pool/condor/dir_3008036"
	Cpus = 1
	Disk = 10036794
	GPUs = 0
	Memory = 3000
...
006 (7944174.207.000) 07/08 18:20:22 Image size of job updated: 225000
	144  -  MemoryUsage of job (MB)
	146656  -  ResidentSetSize of job (KB)
...
006 (7944174.207.000) 07/08 18:20:27 Image size of job updated: 225000
	144  -  MemoryUsage of job (MB)
	146664  -  ResidentSetSize of job (KB)
...
040 (7944174.207.000) 07/08 18:20:27 Started transferring output files
...
040 (7944174.207.000) 07/08 18:20:27 Finished transferring output files
...
012 (7944174.207.000) 07/08 18:20:27 Job was held.
	Job held by ON_EXIT_HOLD due to exit code 1.
	Code 3 Subcode 0
...
