000 (7944174.209.000) 07/08 17:29:05 Job submitted from host: <188.185.16.120:9618?addrs=188.185.16.120-9618+[2001-1458-d00-65--100-39b]-9618&alias=bigbird27.cern.ch&noUDP&sock=schedd_4465_3274>
...
040 (7944174.209.000) 07/08 17:32:19 Started transferring input files
	Transferring to host: <188.185.194.41:9618?addrs=188.185.194.41-9618+[2001-1458-303-21--100-25]-9618&alias=b9p20p2323.cern.ch&noUDP&sock=slot1_16_4127_9841_24441>
...
040 (7944174.209.000) 07/08 17:32:20 Finished transferring input files
...
001 (7944174.209.000) 07/08 17:32:20 Job executing on host: <188.185.194.41:9618?addrs=188.185.194.41-9618+[2001-1458-303-21--100-25]-9618&alias=b9p20p2323.cern.ch&noUDP&sock=startd_3431_f587>
	SlotName: slot1_16@b9p20p2323.cern.ch
	CondorScratchDir = "/pool/condor/dir_188066"
	Cpus = 1
	Disk = 10000520
	GPUs = 0
	Memory = 3000
...
006 (7944174.209.000) 07/08 17:32:34 Image size of job updated: 36888
	37  -  MemoryUsage of job (MB)
	36888  -  ResidentSetSize of job (KB)
...
006 (7944174.209.000) 07/08 17:32:57 Image size of job updated: 214124
	37  -  MemoryUsage of job (MB)
	37552  -  ResidentSetSize of job (KB)
...
040 (7944174.209.000) 07/08 17:32:57 Started transferring output files
...
040 (7944174.209.000) 07/08 17:32:57 Finished transferring output files
...
012 (7944174.209.000) 07/08 17:32:57 Job was held.
	Job held by ON_EXIT_HOLD due to exit code 1.
	Code 3 Subcode 0
...
013 (7944174.209.000) 07/08 17:43:33 Job was released.
	The job attribute PeriodicRelease expression '(NumJobStarts < 3) && ((CurrentTime - EnteredCurrentStatus) > 10 * 60)' evaluated to TRUE
...
040 (7944174.209.000) 07/08 17:45:25 Started transferring input files
	Transferring to host: <188.185.195.125:9618?addrs=188.185.195.125-9618+[2001-1458-303-22--100-79]-9618&alias=b9p17p2448.cern.ch&noUDP&sock=slot1_7_6368_94fc_39144>
...
040 (7944174.209.000) 07/08 17:45:26 Finished transferring input files
...
001 (7944174.209.000) 07/08 17:45:26 Job executing on host: <188.185.195.125:9618?addrs=188.185.195.125-9618+[2001-1458-303-22--100-79]-9618&alias=b9p17p2448.cern.ch&noUDP&sock=startd_5404_45e2>
	SlotName: slot1_7@b9p17p2448.cern.ch
	CondorScratchDir = "/pool/condor/dir_2333557"
	Cpus = 1
	Disk = 10000656
	GPUs = 0
	Memory = 3000
...
006 (7944174.209.000) 07/08 17:45:35 Image size of job updated: 225000
	165  -  MemoryUsage of job (MB)
	168336  -  ResidentSetSize of job (KB)
...
006 (7944174.209.000) 07/08 17:45:40 Image size of job updated: 225000
	165  -  MemoryUsage of job (MB)
	168588  -  ResidentSetSize of job (KB)
...
040 (7944174.209.000) 07/08 17:45:40 Started transferring output files
...
040 (7944174.209.000) 07/08 17:45:40 Finished transferring output files
...
012 (7944174.209.000) 07/08 17:45:40 Job was held.
	Job held by ON_EXIT_HOLD due to exit code 1.
	Code 3 Subcode 0
...
013 (7944174.209.000) 07/08 17:55:47 Job was released.
	The job attribute PeriodicRelease expression '(NumJobStarts < 3) && ((CurrentTime - EnteredCurrentStatus) > 10 * 60)' evaluated to TRUE
...
040 (7944174.209.000) 07/08 17:58:20 Started transferring input files
	Transferring to host: <188.185.192.59:9618?addrs=188.185.192.59-9618+[2001-1458-303-1f--100-37]-9618&alias=b9p13p2862.cern.ch&noUDP&sock=slot1_16_8738_761c_40307>
...
040 (7944174.209.000) 07/08 17:58:20 Finished transferring input files
...
001 (7944174.209.000) 07/08 17:58:20 Job executing on host: <188.185.192.59:9618?addrs=188.185.192.59-9618+[2001-1458-303-1f--100-37]-9618&alias=b9p13p2862.cern.ch&noUDP&sock=startd_8257_3195>
	SlotName: slot1_16@b9p13p2862.cern.ch
	CondorScratchDir = "/pool/condor/dir_1464963"
	Cpus = 1
	Disk = 10003489
	GPUs = 0
	Memory = 3000
...
040 (7944174.209.000) 07/08 18:00:55 Started transferring output files
...
040 (7944174.209.000) 07/08 18:00:59 Finished transferring output files
...
012 (7944174.209.000) 07/08 18:01:01 Job was held.
	Job held by ON_EXIT_HOLD due to exit code 1.
	Code 3 Subcode 0
...
