000 (7944174.210.000) 07/08 17:29:05 Job submitted from host: <188.185.16.120:9618?addrs=188.185.16.120-9618+[2001-1458-d00-65--100-39b]-9618&alias=bigbird27.cern.ch&noUDP&sock=schedd_4465_3274>
...
040 (7944174.210.000) 07/08 17:35:08 Started transferring input files
	Transferring to host: <188.185.198.18:9618?addrs=188.185.198.18-9618+[2001-1458-303-25--100-e]-9618&alias=b9p15p0252.cern.ch&noUDP&sock=slot1_3_6661_06e8_37351>
...
040 (7944174.210.000) 07/08 17:35:08 Finished transferring input files
...
001 (7944174.210.000) 07/08 17:35:08 Job executing on host: <188.185.198.18:9618?addrs=188.185.198.18-9618+[2001-1458-303-25--100-e]-9618&alias=b9p15p0252.cern.ch&noUDP&sock=startd_5964_62eb>
	SlotName: slot1_3@b9p15p0252.cern.ch
	CondorScratchDir = "/pool/condor/dir_3444017"
	Cpus = 1
	Disk = 10003168
	GPUs = 0
	Memory = 3000
...
006 (7944174.210.000) 07/08 17:35:17 Image size of job updated: 179476
	176  -  MemoryUsage of job (MB)
	179476  -  ResidentSetSize of job (KB)
...
006 (7944174.210.000) 07/08 17:35:21 Image size of job updated: 179476
	176  -  MemoryUsage of job (MB)
	179724  -  ResidentSetSize of job (KB)
...
040 (7944174.210.000) 07/08 17:35:21 Started transferring output files
...
040 (7944174.210.000) 07/08 17:35:21 Finished transferring output files
...
012 (7944174.210.000) 07/08 17:35:21 Job was held.
	Job held by ON_EXIT_HOLD due to exit code 1.
	Code 3 Subcode 0
...
013 (7944174.210.000) 07/08 17:46:03 Job was released.
	The job attribute PeriodicRelease expression '(NumJobStarts < 3) && ((CurrentTime - EnteredCurrentStatus) > 10 * 60)' evaluated to TRUE
...
040 (7944174.210.000) 07/08 17:46:33 Started transferring input files
	Transferring to host: <188.185.196.42:9618?addrs=188.185.196.42-9618+[2001-1458-303-23--100-26]-9618&alias=b9p16p7968.cern.ch&noUDP&sock=slot1_27_4605_6394_37141>
...
040 (7944174.210.000) 07/08 17:46:33 Finished transferring input files
...
001 (7944174.210.000) 07/08 17:46:33 Job executing on host: <188.185.196.42:9618?addrs=188.185.196.42-9618+[2001-1458-303-23--100-26]-9618&alias=b9p16p7968.cern.ch&noUDP&sock=startd_3619_e955>
	SlotName: slot1_27@b9p16p7968.cern.ch
	CondorScratchDir = "/pool/condor/dir_224080"
	Cpus = 1
	Disk = 10003095
	GPUs = 0
	Memory = 3000
...
006 (7944174.210.000) 07/08 17:47:20 Image size of job updated: 423624
	414  -  MemoryUsage of job (MB)
	423624  -  ResidentSetSize of job (KB)
...
040 (7944174.210.000) 07/08 17:47:20 Started transferring output files
...
040 (7944174.210.000) 07/08 17:47:20 Finished transferring output files
...
012 (7944174.210.000) 07/08 17:47:20 Job was held.
	Job held by ON_EXIT_HOLD due to exit code 1.
	Code 3 Subcode 0
...
013 (7944174.210.000) 07/08 17:58:12 Job was released.
	The job attribute PeriodicRelease expression '(NumJobStarts < 3) && ((CurrentTime - EnteredCurrentStatus) > 10 * 60)' evaluated to TRUE
...
040 (7944174.210.000) 07/08 18:10:03 Started transferring input files
	Transferring to host: <188.185.198.56:9618?addrs=188.185.198.56-9618+[2001-1458-303-25--100-34]-9618&alias=b9p15p6243.cern.ch&noUDP&sock=slot1_23_3259394_ae77_20513>
...
040 (7944174.210.000) 07/08 18:10:04 Finished transferring input files
...
001 (7944174.210.000) 07/08 18:10:04 Job executing on host: <188.185.198.56:9618?addrs=188.185.198.56-9618+[2001-1458-303-25--100-34]-9618&alias=b9p15p6243.cern.ch&noUDP&sock=startd_3259329_2c51>
	SlotName: slot1_23@b9p15p6243.cern.ch
	CondorScratchDir = "/pool/condor/dir_2772958"
	Cpus = 1
	Disk = 10013426
	GPUs = 0
	Memory = 3000
...
040 (7944174.210.000) 07/08 18:10:18 Started transferring output files
...
040 (7944174.210.000) 07/08 18:10:18 Finished transferring output files
...
012 (7944174.210.000) 07/08 18:10:18 Job was held.
	Job held by ON_EXIT_HOLD due to exit code 1.
	Code 3 Subcode 0
...
