000 (7944174.211.000) 07/08 17:29:05 Job submitted from host: <188.185.16.120:9618?addrs=188.185.16.120-9618+[2001-1458-d00-65--100-39b]-9618&alias=bigbird27.cern.ch&noUDP&sock=schedd_4465_3274>
...
040 (7944174.211.000) 07/08 17:32:20 Started transferring input files
	Transferring to host: <188.185.211.49:9618?addrs=188.185.211.49-9618+[2001-1458-303-16--100-2d]-9618&alias=b9p23p6484.cern.ch&noUDP&sock=slot1_23_8359_6bed_40754>
...
040 (7944174.211.000) 07/08 17:32:21 Finished transferring input files
...
001 (7944174.211.000) 07/08 17:32:21 Job executing on host: <188.185.211.49:9618?addrs=188.185.211.49-9618+[2001-1458-303-16--100-2d]-9618&alias=b9p23p6484.cern.ch&noUDP&sock=startd_8288_7505>
	SlotName: slot1_23@b9p23p6484.cern.ch
	CondorScratchDir = "/pool/condor/dir_339593"
	Cpus = 1
	Disk = 10001822
	GPUs = 0
	Memory = 3000
...
006 (7944174.211.000) 07/08 17:32:29 Image size of job updated: 54920
	54  -  MemoryUsage of job (MB)
	54920  -  ResidentSetSize of job (KB)
...
006 (7944174.211.000) 07/08 17:32:46 Image size of job updated: 407696
	399  -  MemoryUsage of job (MB)
	407696  -  ResidentSetSize of job (KB)
...
040 (7944174.211.000) 07/08 17:32:46 Started transferring output files
...
040 (7944174.211.000) 07/08 17:32:46 Finished transferring output files
...
012 (7944174.211.000) 07/08 17:32:46 Job was held.
	Job held by ON_EXIT_HOLD due to exit code 1.
	Code 3 Subcode 0
...
013 (7944174.211.000) 07/08 17:43:33 Job was released.
	The job attribute PeriodicRelease expression '(NumJobStarts < 3) && ((CurrentTime - EnteredCurrentStatus) > 10 * 60)' evaluated to TRUE
...
040 (7944174.211.000) 07/08 17:44:54 Started transferring input files
	Transferring to host: <128.142.248.54:9618?addrs=128.142.248.54-9618+[2001-1458-301-73--100-126]-9618&alias=b9g23p5264.cern.ch&noUDP&sock=slot1_9_2875032_e1a9_61021>
...
040 (7944174.211.000) 07/08 17:44:54 Finished transferring input files
...
001 (7944174.211.000) 07/08 17:44:54 Job executing on host: <128.142.248.54:9618?addrs=128.142.248.54-9618+[2001-1458-301-73--100-126]-9618&alias=b9g23p5264.cern.ch&noUDP&sock=startd_5670_ba13>
	SlotName: slot1_9@b9g23p5264.cern.ch
	CondorScratchDir = "/pool/condor/dir_3449505"
	Cpus = 1
	Disk = 10003330
	GPUs = 0
	Memory = 3000
...
040 (7944174.211.000) 07/08 17:45:29 Started transferring output files
...
040 (7944174.211.000) 07/08 17:45:29 Finished transferring output files
...
012 (7944174.211.000) 07/08 17:45:29 Job was held.
	Job held by ON_EXIT_HOLD due to exit code 1.
	Code 3 Subcode 0
...
013 (7944174.211.000) 07/08 17:55:47 Job was released.
	The job attribute PeriodicRelease expression '(NumJobStarts < 3) && ((CurrentTime - EnteredCurrentStatus) > 10 * 60)' evaluated to TRUE
...
040 (7944174.211.000) 07/08 17:58:22 Started transferring input files
	Transferring to host: <188.185.194.76:9618?addrs=188.185.194.76-9618+[2001-1458-303-21--100-48]-9618&alias=b9p20p1995.cern.ch&noUDP&sock=slot1_1_2771058_cae5_17919>
...
040 (7944174.211.000) 07/08 17:58:23 Finished transferring input files
...
001 (7944174.211.000) 07/08 17:58:23 Job executing on host: <188.185.194.76:9618?addrs=188.185.194.76-9618+[2001-1458-303-21--100-48]-9618&alias=b9p20p1995.cern.ch&noUDP&sock=startd_2771015_62a5>
	SlotName: slot1_1@b9p20p1995.cern.ch
	CondorScratchDir = "/pool/condor/dir_1101327"
	Cpus = 1
	Disk = 10008788
	GPUs = 0
	Memory = 3000
...
040 (7944174.211.000) 07/08 18:00:59 Started transferring output files
...
040 (7944174.211.000) 07/08 18:00:59 Finished transferring output files
...
012 (7944174.211.000) 07/08 18:01:02 Job was held.
	Job held by ON_EXIT_HOLD due to exit code 1.
	Code 3 Subcode 0
...
