000 (7944174.212.000) 07/08 17:29:05 Job submitted from host: <188.185.16.120:9618?addrs=188.185.16.120-9618+[2001-1458-d00-65--100-39b]-9618&alias=bigbird27.cern.ch&noUDP&sock=schedd_4465_3274>
...
040 (7944174.212.000) 07/08 17:34:10 Started transferring input files
	Transferring to host: <188.184.185.24:9618?addrs=188.184.185.24-9618+[2001-1458-301-52--100-17]-9618&alias=b9g37p3524.cern.ch&noUDP&sock=slot1_14_601633_9fea_58052>
...
040 (7944174.212.000) 07/08 17:34:10 Finished transferring input files
...
001 (7944174.212.000) 07/08 17:34:11 Job executing on host: <188.184.185.24:9618?addrs=188.184.185.24-9618+[2001-1458-301-52--100-17]-9618&alias=b9g37p3524.cern.ch&noUDP&sock=startd_6310_b6b0>
	SlotName: slot1_14@b9g37p3524.cern.ch
	CondorScratchDir = "/pool/condor/dir_1255638"
	Cpus = 1
	Disk = 10000041
	GPUs = 0
	Memory = 3000
...
006 (7944174.212.000) 07/08 17:34:19 Image size of job updated: 226408
	222  -  MemoryUsage of job (MB)
	226408  -  ResidentSetSize of job (KB)
...
006 (7944174.212.000) 07/08 17:34:24 Image size of job updated: 226408
	223  -  MemoryUsage of job (MB)
	228200  -  ResidentSetSize of job (KB)
...
040 (7944174.212.000) 07/08 17:34:24 Started transferring output files
...
040 (7944174.212.000) 07/08 17:34:24 Finished transferring output files
...
012 (7944174.212.000) 07/08 17:34:24 Job was held.
	Job held by ON_EXIT_HOLD due to exit code 1.
	Code 3 Subcode 0
...
013 (7944174.212.000) 07/08 17:46:03 Job was released.
	The job attribute PeriodicRelease expression '(NumJobStarts < 3) && ((CurrentTime - EnteredCurrentStatus) > 10 * 60)' evaluated to TRUE
...
040 (7944174.212.000) 07/08 17:46:33 Started transferring input files
	Transferring to host: <188.185.192.72:9618?addrs=188.185.192.72-9618+[2001-1458-303-1f--100-44]-9618&alias=b9p13p6908.cern.ch&noUDP&sock=slot1_23_11693_86b5_36308>
...
040 (7944174.212.000) 07/08 17:46:33 Finished transferring input files
...
001 (7944174.212.000) 07/08 17:46:33 Job executing on host: <188.185.192.72:9618?addrs=188.185.192.72-9618+[2001-1458-303-1f--100-44]-9618&alias=b9p13p6908.cern.ch&noUDP&sock=startd_11647_73a3>
	SlotName: slot1_23@b9p13p6908.cern.ch
	CondorScratchDir = "/pool/condor/dir_1095961"
	Cpus = 1
	Disk = 10001358
	GPUs = 0
	Memory = 3000
...
006 (7944174.212.000) 07/08 17:47:00 Image size of job updated: 408120
	399  -  MemoryUsage of job (MB)
	408120  -  ResidentSetSize of job (KB)
...
040 (7944174.212.000) 07/08 17:47:00 Started transferring output files
...
040 (7944174.212.000) 07/08 17:47:00 Finished transferring output files
...
012 (7944174.212.000) 07/08 17:47:00 Job was held.
	Job held by ON_EXIT_HOLD due to exit code 1.
	Code 3 Subcode 0
...
013 (7944174.212.000) 07/08 17:58:12 Job was released.
	The job attribute PeriodicRelease expression '(NumJobStarts < 3) && ((CurrentTime - EnteredCurrentStatus) > 10 * 60)' evaluated to TRUE
...
040 (7944174.212.000) 07/08 18:01:24 Started transferring input files
	Transferring to host: <188.185.195.88:9618?addrs=188.185.195.88-9618+[2001-1458-303-22--100-54]-9618&alias=b9p17p3263.cern.ch&noUDP&sock=slot1_6_6014_282e_39576>
...
040 (7944174.212.000) 07/08 18:01:24 Finished transferring input files
...
001 (7944174.212.000) 07/08 18:01:24 Job executing on host: <188.185.195.88:9618?addrs=188.185.195.88-9618+[2001-1458-303-22--100-54]-9618&alias=b9p17p3263.cern.ch&noUDP&sock=startd_5263_8f08>
	SlotName: slot1_6@b9p17p3263.cern.ch
	CondorScratchDir = "/pool/condor/dir_2317125"
	Cpus = 1
	Disk = 10007191
	GPUs = 0
	Memory = 3000
...
040 (7944174.212.000) 07/08 18:01:43 Started transferring output files
...
040 (7944174.212.000) 07/08 18:01:43 Finished transferring output files
...
012 (7944174.212.000) 07/08 18:01:43 Job was held.
	Job held by ON_EXIT_HOLD due to exit code 1.
	Code 3 Subcode 0
...
