000 (7944174.213.000) 07/08 17:29:05 Job submitted from host: <188.185.16.120:9618?addrs=188.185.16.120-9618+[2001-1458-d00-65--100-39b]-9618&alias=bigbird27.cern.ch&noUDP&sock=schedd_4465_3274>
...
040 (7944174.213.000) 07/08 17:32:20 Started transferring input files
	Transferring to host: <188.185.214.26:9618?addrs=188.185.214.26-9618+[2001-1458-303-1c--100-16]-9618&alias=b9p29p0550.cern.ch&noUDP&sock=slot1_25_6472_dc00_38646>
...
040 (7944174.213.000) 07/08 17:32:21 Finished transferring input files
...
001 (7944174.213.000) 07/08 17:32:21 Job executing on host: <188.185.214.26:9618?addrs=188.185.214.26-9618+[2001-1458-303-1c--100-16]-9618&alias=b9p29p0550.cern.ch&noUDP&sock=startd_6140_1b97>
	SlotName: slot1_25@b9p29p0550.cern.ch
	CondorScratchDir = "/pool/condor/dir_3659676"
	Cpus = 1
	Disk = 10002542
	GPUs = 0
	Memory = 3000
...
006 (7944174.213.000) 07/08 17:32:30 Image size of job updated: 58944
	58  -  MemoryUsage of job (MB)
	58944  -  ResidentSetSize of job (KB)
...
006 (7944174.213.000) 07/08 17:32:50 Image size of job updated: 424968
	416  -  MemoryUsage of job (MB)
	424968  -  ResidentSetSize of job (KB)
...
040 (7944174.213.000) 07/08 17:32:50 Started transferring output files
...
040 (7944174.213.000) 07/08 17:32:50 Finished transferring output files
...
012 (7944174.213.000) 07/08 17:32:50 Job was held.
	Job held by ON_EXIT_HOLD due to exit code 1.
	Code 3 Subcode 0
...
013 (7944174.213.000) 07/08 17:43:33 Job was released.
	The job attribute PeriodicRelease expression '(NumJobStarts < 3) && ((CurrentTime - EnteredCurrentStatus) > 10 * 60)' evaluated to TRUE
...
040 (7944174.213.000) 07/08 17:44:54 Started transferring input files
	Transferring to host: <188.185.215.36:9618?addrs=188.185.215.36-9618+[2001-1458-303-1e--100-20]-9618&alias=b9p31p9360.cern.ch&noUDP&sock=slot1_9_7692_75b2_40971>
...
040 (7944174.213.000) 07/08 17:44:55 Finished transferring input files
...
001 (7944174.213.000) 07/08 17:44:55 Job executing on host: <188.185.215.36:9618?addrs=188.185.215.36-9618+[2001-1458-303-1e--100-20]-9618&alias=b9p31p9360.cern.ch&noUDP&sock=startd_6527_8ebd>
	SlotName: slot1_9@b9p31p9360.cern.ch
	CondorScratchDir = "/pool/condor/dir_1463408"
	Cpus = 1
	Disk = 10009183
	GPUs = 0
	Memory = 3000
...
040 (7944174.213.000) 07/08 17:45:22 Started transferring output files
...
040 (7944174.213.000) 07/08 17:45:22 Finished transferring output files
...
012 (7944174.213.000) 07/08 17:45:22 Job was held.
	Job held by ON_EXIT_HOLD due to exit code 1.
	Code 3 Subcode 0
...
013 (7944174.213.000) 07/08 17:55:47 Job was released.
	The job attribute PeriodicRelease expression '(NumJobStarts < 3) && ((CurrentTime - EnteredCurrentStatus) > 10 * 60)' evaluated to TRUE
...
040 (7944174.213.000) 07/08 17:58:23 Started transferring input files
	Transferring to host: <188.185.198.145:9618?addrs=188.185.198.145-9618+[2001-1458-303-25--100-8d]-9618&alias=b9p15p7587.cern.ch&noUDP&sock=slot1_13_8994_d627_39730>
...
040 (7944174.213.000) 07/08 17:58:24 Finished transferring input files
...
001 (7944174.213.000) 07/08 17:58:24 Job executing on host: <188.185.198.145:9618?addrs=188.185.198.145-9618+[2001-1458-303-25--100-8d]-9618&alias=b9p15p7587.cern.ch&noUDP&sock=startd_8903_4bc3>
	SlotName: slot1_13@b9p15p7587.cern.ch
	CondorScratchDir = "/pool/condor/dir_2776873"
	Cpus = 1
	Disk = 10002744
	GPUs = 0
	Memory = 3000
...
040 (7944174.213.000) 07/08 18:00:59 Started transferring output files
...
040 (7944174.213.000) 07/08 18:00:59 Finished transferring output files
...
012 (7944174.213.000) 07/08 18:01:02 Job was held.
	Job held by ON_EXIT_HOLD due to exit code 1.
	Code 3 Subcode 0
...
