000 (7944174.214.000) 07/08 17:29:05 Job submitted from host: <188.185.16.120:9618?addrs=188.185.16.120-9618+[2001-1458-d00-65--100-39b]-9618&alias=bigbird27.cern.ch&noUDP&sock=schedd_4465_3274>
...
040 (7944174.214.000) 07/08 17:32:21 Started transferring input files
	Transferring to host: <188.185.204.162:9618?addrs=188.185.204.162-9618+[2001-1458-303-8--100-96]-9618&alias=b9p02p3486.cern.ch&noUDP&sock=slot1_24_1496750_86fa_20287>
...
040 (7944174.214.000) 07/08 17:32:22 Finished transferring input files
...
001 (7944174.214.000) 07/08 17:32:22 Job executing on host: <188.185.204.162:9618?addrs=188.185.204.162-9618+[2001-1458-303-8--100-96]-9618&alias=b9p02p3486.cern.ch&noUDP&sock=startd_1496712_84f1>
	SlotName: slot1_24@b9p02p3486.cern.ch
	CondorScratchDir = "/pool/condor/dir_868271"
	Cpus = 1
	Disk = 10005048
	GPUs = 0
	Memory = 3000
...
006 (7944174.214.000) 07/08 17:32:36 Image size of job updated: 25944
	22  -  MemoryUsage of job (MB)
	22268  -  ResidentSetSize of job (KB)
...
006 (7944174.214.000) 07/08 17:32:52 Image size of job updated: 178752
	22  -  MemoryUsage of job (MB)
	22308  -  ResidentSetSize of job (KB)
...
040 (7944174.214.000) 07/08 17:32:52 Started transferring output files
...
040 (7944174.214.000) 07/08 17:32:52 Finished transferring output files
...
012 (7944174.214.000) 07/08 17:32:52 Job was held.
	Job held by ON_EXIT_HOLD due to exit code 1.
	Code 3 Subcode 0
...
013 (7944174.214.000) 07/08 17:43:33 Job was released.
	The job attribute PeriodicRelease expression '(NumJobStarts < 3) && ((CurrentTime - EnteredCurrentStatus) > 10 * 60)' evaluated to TRUE
...
040 (7944174.214.000) 07/08 17:44:56 Started transferring input files
	Transferring to host: <128.142.248.245:9618?addrs=128.142.248.245-9618+[2001-1458-301-73--100-f4]-9618&alias=b9g23p8053.cern.ch&noUDP&sock=slot1_24_439427_d2e6_20130>
...
040 (7944174.214.000) 07/08 17:44:56 Finished transferring input files
...
001 (7944174.214.000) 07/08 17:44:56 Job executing on host: <128.142.248.245:9618?addrs=128.142.248.245-9618+[2001-1458-301-73--100-f4]-9618&alias=b9g23p8053.cern.ch&noUDP&sock=startd_439389_e2bb>
	SlotName: slot1_24@b9g23p8053.cern.ch
	CondorScratchDir = "/pool/condor/dir_2780999"
	Cpus = 1
	Disk = 10004173
	GPUs = 0
	Memory = 3000
...
006 (7944174.214.000) 07/08 17:45:10 Image size of job updated: 200000
	23  -  MemoryUsage of job (MB)
	23412  -  ResidentSetSize of job (KB)
...
006 (7944174.214.000) 07/08 17:45:28 Image size of job updated: 211972
	23  -  MemoryUsage of job (MB)
	23412  -  ResidentSetSize of job (KB)
...
040 (7944174.214.000) 07/08 17:45:28 Started transferring output files
...
040 (7944174.214.000) 07/08 17:45:28 Finished transferring output files
...
012 (7944174.214.000) 07/08 17:45:28 Job was held.
	Job held by ON_EXIT_HOLD due to exit code 1.
	Code 3 Subcode 0
...
013 (7944174.214.000) 07/08 17:55:47 Job was released.
	The job attribute PeriodicRelease expression '(NumJobStarts < 3) && ((CurrentTime - EnteredCurrentStatus) > 10 * 60)' evaluated to TRUE
...
040 (7944174.214.000) 07/08 17:58:22 Started transferring input files
	Transferring to host: <188.185.198.117:9618?addrs=188.185.198.117-9618+[2001-1458-303-25--100-71]-9618&alias=b9p15p4655.cern.ch&noUDP&sock=slot1_10_7890_f7fa_39848>
...
040 (7944174.214.000) 07/08 17:58:22 Finished transferring input files
...
001 (7944174.214.000) 07/08 17:58:22 Job executing on host: <188.185.198.117:9618?addrs=188.185.198.117-9618+[2001-1458-303-25--100-71]-9618&alias=b9p15p4655.cern.ch&noUDP&sock=startd_7096_d821>
	SlotName: slot1_10@b9p15p4655.cern.ch
	CondorScratchDir = "/pool/condor/dir_2826745"
	Cpus = 1
	Disk = 10003501
	GPUs = 0
	Memory = 3000
...
006 (7944174.214.000) 07/08 17:58:36 Image size of job updated: 225000
	25  -  MemoryUsage of job (MB)
	25592  -  ResidentSetSize of job (KB)
...
040 (7944174.214.000) 07/08 18:00:59 Started transferring output files
...
040 (7944174.214.000) 07/08 18:00:59 Finished transferring output files
...
012 (7944174.214.000) 07/08 18:01:02 Job was held.
	Job held by ON_EXIT_HOLD due to exit code 1.
	Code 3 Subcode 0
...
