000 (7944174.215.000) 07/08 17:29:05 Job submitted from host: <188.185.16.120:9618?addrs=188.185.16.120-9618+[2001-1458-d00-65--100-39b]-9618&alias=bigbird27.cern.ch&noUDP&sock=schedd_4465_3274>
...
040 (7944174.215.000) 07/08 17:32:21 Started transferring input files
	Transferring to host: <188.185.213.52:9618?addrs=188.185.213.52-9618+[2001-1458-303-1a--100-30]-9618&alias=b9p27p1697.cern.ch&noUDP&sock=slot1_4_5220_b64d_42129>
...
040 (7944174.215.000) 07/08 17:32:22 Finished transferring input files
...
001 (7944174.215.000) 07/08 17:32:22 Job executing on host: <188.185.213.52:9618?addrs=188.185.213.52-9618+[2001-1458-303-1a--100-30]-9618&alias=b9p27p1697.cern.ch&noUDP&sock=startd_4345_e317>
	SlotName: slot1_4@b9p27p1697.cern.ch
	CondorScratchDir = "/pool/condor/dir_4190975"
	Cpus = 1
	Disk = 10019976
	GPUs = 0
	Memory = 3000
...
006 (7944174.215.000) 07/08 17:32:35 Image size of job updated: 29704
	30  -  MemoryUsage of job (MB)
	29704  -  ResidentSetSize of job (KB)
...
006 (7944174.215.000) 07/08 17:32:53 Image size of job updated: 209660
	31  -  MemoryUsage of job (MB)
	31412  -  ResidentSetSize of job (KB)
...
040 (7944174.215.000) 07/08 17:32:53 Started transferring output files
...
040 (7944174.215.000) 07/08 17:32:53 Finished transferring output files
...
012 (7944174.215.000) 07/08 17:32:53 Job was held.
	Job held by ON_EXIT_HOLD due to exit code 1.
	Code 3 Subcode 0
...
013 (7944174.215.000) 07/08 17:43:33 Job was released.
	The job attribute PeriodicRelease expression '(NumJobStarts < 3) && ((CurrentTime - EnteredCurrentStatus) > 10 * 60)' evaluated to TRUE
...
040 (7944174.215.000) 07/08 17:44:56 Started transferring input files
	Transferring to host: <188.185.198.47:9618?addrs=188.185.198.47-9618+[2001-1458-303-25--100-2b]-9618&alias=b9p15p0620.cern.ch&noUDP&sock=slot1_12_5193_b02c_36667>
...
040 (7944174.215.000) 07/08 17:44:56 Finished transferring input files
...
001 (7944174.215.000) 07/08 17:44:56 Job executing on host: <188.185.198.47:9618?addrs=188.185.198.47-9618+[2001-1458-303-25--100-2b]-9618&alias=b9p15p0620.cern.ch&noUDP&sock=startd_4073_5154>
	SlotName: slot1_12@b9p15p0620.cern.ch
	CondorScratchDir = "/pool/condor/dir_511507"
	Cpus = 1
	Disk = 10004067
	GPUs = 0
	Memory = 3000
...
006 (7944174.215.000) 07/08 17:45:05 Image size of job updated: 225000
	58  -  MemoryUsage of job (MB)
	58624  -  ResidentSetSize of job (KB)
...
006 (7944174.215.000) 07/08 17:45:23 Image size of job updated: 407736
	399  -  MemoryUsage of job (MB)
	407736  -  ResidentSetSize of job (KB)
...
040 (7944174.215.000) 07/08 17:45:23 Started transferring output files
...
040 (7944174.215.000) 07/08 17:45:23 Finished transferring output files
...
012 (7944174.215.000) 07/08 17:45:23 Job was held.
	Job held by ON_EXIT_HOLD due to exit code 1.
	Code 3 Subcode 0
...
013 (7944174.215.000) 07/08 17:55:47 Job was released.
	The job attribute PeriodicRelease expression '(NumJobStarts < 3) && ((CurrentTime - EnteredCurrentStatus) > 10 * 60)' evaluated to TRUE
...
040 (7944174.215.000) 07/08 17:58:23 Started transferring input files
	Transferring to host: <188.185.193.130:9618?addrs=188.185.193.130-9618+[2001-1458-303-20--100-7e]-9618&alias=b9p19p1832.cern.ch&noUDP&sock=slot1_14_6121_8c52_22019>
...
040 (7944174.215.000) 07/08 17:58:23 Finished transferring input files
...
001 (7944174.215.000) 07/08 17:58:23 Job executing on host: <188.185.193.130:9618?addrs=188.185.193.130-9618+[2001-1458-303-20--100-7e]-9618&alias=b9p19p1832.cern.ch&noUDP&sock=startd_5538_2f93>
	SlotName: slot1_14@b9p19p1832.cern.ch
	CondorScratchDir = "/pool/condor/dir_140528"
	Cpus = 1
	Disk = 10003895
	GPUs = 0
	Memory = 3000
...
040 (7944174.215.000) 07/08 18:00:59 Started transferring output files
...
040 (7944174.215.000) 07/08 18:00:59 Finished transferring output files
...
012 (7944174.215.000) 07/08 18:01:02 Job was held.
	Job held by ON_EXIT_HOLD due to exit code 1.
	Code 3 Subcode 0
...
