000 (7944174.216.000) 07/08 17:29:05 Job submitted from host: <188.185.16.120:9618?addrs=188.185.16.120-9618+[2001-1458-d00-65--100-39b]-9618&alias=bigbird27.cern.ch&noUDP&sock=schedd_4465_3274>
...
040 (7944174.216.000) 07/08 17:32:21 Started transferring input files
	Transferring to host: <188.185.194.155:9618?addrs=188.185.194.155-9618+[2001-1458-303-21--100-97]-9618&alias=b9p20p8436.cern.ch&noUDP&sock=slot1_18_6136_1df3_24064>
...
040 (7944174.216.000) 07/08 17:32:22 Finished transferring input files
...
001 (7944174.216.000) 07/08 17:32:22 Job executing on host: <188.185.194.155:9618?addrs=188.185.194.155-9618+[2001-1458-303-21--100-97]-9618&alias=b9p20p8436.cern.ch&noUDP&sock=startd_5987_2999>
	SlotName: slot1_18@b9p20p8436.cern.ch
	CondorScratchDir = "/pool/condor/dir_93179"
	Cpus = 1
	Disk = 10002215
	GPUs = 0
	Memory = 3000
...
006 (7944174.216.000) 07/08 17:32:35 Image size of job updated: 24956
	17  -  MemoryUsage of job (MB)
	16420  -  ResidentSetSize of job (KB)
...
006 (7944174.216.000) 07/08 17:32:56 Image size of job updated: 185904
	17  -  MemoryUsage of job (MB)
	16588  -  ResidentSetSize of job (KB)
...
040 (7944174.216.000) 07/08 17:32:56 Started transferring output files
...
040 (7944174.216.000) 07/08 17:32:56 Finished transferring output files
...
012 (7944174.216.000) 07/08 17:32:56 Job was held.
	Job held by ON_EXIT_HOLD due to exit code 1.
	Code 3 Subcode 0
...
013 (7944174.216.000) 07/08 17:43:33 Job was released.
	The job attribute PeriodicRelease expression '(NumJobStarts < 3) && ((CurrentTime - EnteredCurrentStatus) > 10 * 60)' evaluated to TRUE
...
040 (7944174.216.000) 07/08 17:44:55 Started transferring input files
	Transferring to host: <188.185.214.14:9618?addrs=188.185.214.14-9618+[2001-1458-303-1c--100-a]-9618&alias=b9p29p1220.cern.ch&noUDP&sock=slot1_3_7838_5478_40205>
...
040 (7944174.216.000) 07/08 17:44:56 Finished transferring input files
...
001 (7944174.216.000) 07/08 17:44:56 Job executing on host: <188.185.214.14:9618?addrs=188.185.214.14-9618+[2001-1458-303-1c--100-a]-9618&alias=b9p29p1220.cern.ch&noUDP&sock=startd_7246_bb55>
	SlotName: slot1_3@b9p29p1220.cern.ch
	CondorScratchDir = "/pool/condor/dir_1990963"
	Cpus = 1
	Disk = 10004328
	GPUs = 0
	Memory = 3000
...
006 (7944174.216.000) 07/08 17:45:04 Image size of job updated: 200000
	53  -  MemoryUsage of job (MB)
	53856  -  ResidentSetSize of job (KB)
...
006 (7944174.216.000) 07/08 17:45:27 Image size of job updated: 424876
	415  -  MemoryUsage of job (MB)
	424876  -  ResidentSetSize of job (KB)
...
040 (7944174.216.000) 07/08 17:45:27 Started transferring output files
...
040 (7944174.216.000) 07/08 17:45:27 Finished transferring output files
...
012 (7944174.216.000) 07/08 17:45:27 Job was held.
	Job held by ON_EXIT_HOLD due to exit code 1.
	Code 3 Subcode 0
...
013 (7944174.216.000) 07/08 17:55:47 Job was released.
	The job attribute PeriodicRelease expression '(NumJobStarts < 3) && ((CurrentTime - EnteredCurrentStatus) > 10 * 60)' evaluated to TRUE
...
040 (7944174.216.000) 07/08 17:58:22 Started transferring input files
	Transferring to host: <188.185.193.185:9618?addrs=188.185.193.185-9618+[2001-1458-303-20--100-b5]-9618&alias=b9p19p8898.cern.ch&noUDP&sock=slot1_23_4303_9a48_23565>
...
040 (7944174.216.000) 07/08 17:58:23 Finished transferring input files
...
001 (7944174.216.000) 07/08 17:58:23 Job executing on host: <188.185.193.185:9618?addrs=188.185.193.185-9618+[2001-1458-303-20--100-b5]-9618&alias=b9p19p8898.cern.ch&noUDP&sock=startd_3658_a987>
	SlotName: slot1_23@b9p19p8898.cern.ch
	CondorScratchDir = "/pool/condor/dir_87301"
	Cpus = 1
	Disk = 10004137
	GPUs = 0
	Memory = 3000
...
040 (7944174.216.000) 07/08 18:00:55 Started transferring output files
...
040 (7944174.216.000) 07/08 18:00:59 Finished transferring output files
...
012 (7944174.216.000) 07/08 18:01:01 Job was held.
	Job held by ON_EXIT_HOLD due to exit code 1.
	Code 3 Subcode 0
...
