000 (7944174.217.000) 07/08 17:29:05 Job submitted from host: <188.185.16.120:9618?addrs=188.185.16.120-9618+[2001-1458-d00-65--100-39b]-9618&alias=bigbird27.cern.ch&noUDP&sock=schedd_4465_3274>
...
040 (7944174.217.000) 07/08 17:32:22 Started transferring input files
	Transferring to host: <188.185.213.63:9618?addrs=188.185.213.63-9618+[2001-1458-303-1a--100-3b]-9618&alias=b9p27p2035.cern.ch&noUDP&sock=slot1_9_8306_140b_40444>
...
040 (7944174.217.000) 07/08 17:32:23 Finished transferring input files
...
001 (7944174.217.000) 07/08 17:32:23 Job executing on host: <188.185.213.63:9618?addrs=188.185.213.63-9618+[2001-1458-303-1a--100-3b]-9618&alias=b9p27p2035.cern.ch&noUDP&sock=startd_7817_63e9>
	SlotName: slot1_9@b9p27p2035.cern.ch
	CondorScratchDir = "/pool/condor/dir_4071301"
	Cpus = 1
	Disk = 10003116
	GPUs = 0
	Memory = 3000
...
006 (7944174.217.000) 07/08 17:32:36 Image size of job updated: 25560
	22  -  MemoryUsage of job (MB)
	21868  -  ResidentSetSize of job (KB)
...
006 (7944174.217.000) 07/08 17:32:55 Image size of job updated: 210076
	22  -  MemoryUsage of job (MB)
	21868  -  ResidentSetSize of job (KB)
...
040 (7944174.217.000) 07/08 17:32:55 Started transferring output files
...
040 (7944174.217.000) 07/08 17:32:55 Finished transferring output files
...
012 (7944174.217.000) 07/08 17:32:55 Job was held.
	Job held by ON_EXIT_HOLD due to exit code 1.
	Code 3 Subcode 0
...
013 (7944174.217.000) 07/08 17:43:33 Job was released.
	The job attribute PeriodicRelease expression '(NumJobStarts < 3) && ((CurrentTime - EnteredCurrentStatus) > 10 * 60)' evaluated to TRUE
...
040 (7944174.217.000) 07/08 17:44:58 Started transferring input files
	Transferring to host: <128.142.248.65:9618?addrs=128.142.248.65-9618+[2001-1458-301-73--100-131]-9618&alias=b9g23p4661.cern.ch&noUDP&sock=slot1_19_2965392_ad04_39874>
...
040 (7944174.217.000) 07/08 17:44:58 Finished transferring input files
...
001 (7944174.217.000) 07/08 17:44:58 Job executing on host: <128.142.248.65:9618?addrs=128.142.248.65-9618+[2001-1458-301-73--100-131]-9618&alias=b9g23p4661.cern.ch&noUDP&sock=startd_7867_afa6>
	SlotName: slot1_19@b9g23p4661.cern.ch
	CondorScratchDir = "/pool/condor/dir_4011259"
	Cpus = 1
	Disk = 10003546
	GPUs = 0
	Memory = 3000
...
006 (7944174.217.000) 07/08 17:45:12 Image size of job updated: 225000
	25  -  MemoryUsage of job (MB)
	25132  -  ResidentSetSize of job (KB)
...
040 (7944174.217.000) 07/08 17:45:31 Started transferring output files
...
040 (7944174.217.000) 07/08 17:45:31 Finished transferring output files
...
012 (7944174.217.000) 07/08 17:45:31 Job was held.
	Job held by ON_EXIT_HOLD due to exit code 1.
	Code 3 Subcode 0
...
013 (7944174.217.000) 07/08 17:55:47 Job was released.
	The job attribute PeriodicRelease expression '(NumJobStarts < 3) && ((CurrentTime - EnteredCurrentStatus) > 10 * 60)' evaluated to TRUE
...
040 (7944174.217.000) 07/08 17:58:23 Started transferring input files
	Transferring to host: <188.185.195.55:9618?addrs=188.185.195.55-9618+[2001-1458-303-22--100-33]-9618&alias=b9p17p6467.cern.ch&noUDP&sock=slot1_8_6123_f512_23969>
...
040 (7944174.217.000) 07/08 17:58:24 Finished transferring input files
...
001 (7944174.217.000) 07/08 17:58:24 Job executing on host: <188.185.195.55:9618?addrs=188.185.195.55-9618+[2001-1458-303-22--100-33]-9618&alias=b9p17p6467.cern.ch&noUDP&sock=startd_5935_7eac>
	SlotName: slot1_8@b9p17p6467.cern.ch
	CondorScratchDir = "/pool/condor/dir_172249"
	Cpus = 1
	Disk = 10001803
	GPUs = 0
	Memory = 3000
...
006 (7944174.217.000) 07/08 17:58:37 Image size of job updated: 225000
	30  -  MemoryUsage of job (MB)
	29848  -  ResidentSetSize of job (KB)
...
006 (7944174.217.000) 07/08 17:58:57 Image size of job updated: 225000
	30  -  MemoryUsage of job (MB)
	30096  -  ResidentSetSize of job (KB)
...
040 (7944174.217.000) 07/08 18:00:59 Started transferring output files
...
040 (7944174.217.000) 07/08 18:00:59 Finished transferring output files
...
012 (7944174.217.000) 07/08 18:01:02 Job was held.
	Job held by ON_EXIT_HOLD due to exit code 1.
	Code 3 Subcode 0
...
