000 (7944174.218.000) 07/08 17:29:05 Job submitted from host: <188.185.16.120:9618?addrs=188.185.16.120-9618+[2001-1458-d00-65--100-39b]-9618&alias=bigbird27.cern.ch&noUDP&sock=schedd_4465_3274>
...
040 (7944174.218.000) 07/08 17:32:22 Started transferring input files
	Transferring to host: <128.142.52.13:9618?addrs=128.142.52.13-9618+[2001-1458-301-1b--100-a]-9618&alias=b9g02p6767.cern.ch&noUDP&sock=slot1_11_1270812_c456_47562>
...
040 (7944174.218.000) 07/08 17:32:23 Finished transferring input files
...
001 (7944174.218.000) 07/08 17:32:23 Job executing on host: <128.142.52.13:9618?addrs=128.142.52.13-9618+[2001-1458-301-1b--100-a]-9618&alias=b9g02p6767.cern.ch&noUDP&sock=startd_7088_5b5f>
	SlotName: slot1_11@b9g02p6767.cern.ch
	CondorScratchDir = "/pool/condor/dir_2890911"
	Cpus = 1
	Disk = 10018212
	GPUs = 0
	Memory = 3000
...
006 (7944174.218.000) 07/08 17:32:31 Image size of job updated: 61288
	60  -  MemoryUsage of job (MB)
	61288  -  ResidentSetSize of job (KB)
...
006 (7944174.218.000) 07/08 17:32:53 Image size of job updated: 422540
	413  -  MemoryUsage of job (MB)
	422540  -  ResidentSetSize of job (KB)
...
040 (7944174.218.000) 07/08 17:32:53 Started transferring output files
...
040 (7944174.218.000) 07/08 17:32:53 Finished transferring output files
...
012 (7944174.218.000) 07/08 17:32:53 Job was held.
	Job held by ON_EXIT_HOLD due to exit code 1.
	Code 3 Subcode 0
...
013 (7944174.218.000) 07/08 17:43:33 Job was released.
	The job attribute PeriodicRelease expression '(NumJobStarts < 3) && ((CurrentTime - EnteredCurrentStatus) > 10 * 60)' evaluated to TRUE
...
040 (7944174.218.000) 07/08 17:44:56 Started transferring input files
	Transferring to host: <188.185.215.192:9618?addrs=188.185.215.192-9618+[2001-1458-303-26--100-3c]-9618&alias=b9p18p7291.cern.ch&noUDP&sock=slot1_17_1670959_8706_23659>
...
040 (7944174.218.000) 07/08 17:44:56 Finished transferring input files
...
001 (7944174.218.000) 07/08 17:44:56 Job executing on host: <188.185.215.192:9618?addrs=188.185.215.192-9618+[2001-1458-303-26--100-3c]-9618&alias=b9p18p7291.cern.ch&noUDP&sock=startd_1670905_6db6>
	SlotName: slot1_17@b9p18p7291.cern.ch
	CondorScratchDir = "/pool/condor/dir_2654021"
	Cpus = 1
	Disk = 10023113
	GPUs = 0
	Memory = 3000
...
040 (7944174.218.000) 07/08 17:45:21 Started transferring output files
...
040 (7944174.218.000) 07/08 17:45:21 Finished transferring output files
...
012 (7944174.218.000) 07/08 17:45:21 Job was held.
	Job held by ON_EXIT_HOLD due to exit code 1.
	Code 3 Subcode 0
...
013 (7944174.218.000) 07/08 17:55:47 Job was released.
	The job attribute PeriodicRelease expression '(NumJobStarts < 3) && ((CurrentTime - EnteredCurrentStatus) > 10 * 60)' evaluated to TRUE
...
040 (7944174.218.000) 07/08 17:58:23 Started transferring input files
	Transferring to host: <128.142.161.105:9618?addrs=128.142.161.105-9618+[2001-1458-301-b8--100-3c]-9618&alias=b9g03p9834.cern.ch&noUDP&sock=slot1_28_7055_a2b8_22696>
...
040 (7944174.218.000) 07/08 17:58:23 Finished transferring input files
...
001 (7944174.218.000) 07/08 17:58:23 Job executing on host: <128.142.161.105:9618?addrs=128.142.161.105-9618+[2001-1458-301-b8--100-3c]-9618&alias=b9g03p9834.cern.ch&noUDP&sock=startd_5743_cc7d>
	SlotName: slot1_28@b9g03p9834.cern.ch
	CondorScratchDir = "/pool/condor/dir_2471184"
	Cpus = 1
	Disk = 10001687
	GPUs = 0
	Memory = 3000
...
040 (7944174.218.000) 07/08 18:00:55 Started transferring output files
...
040 (7944174.218.000) 07/08 18:00:59 Finished transferring output files
...
012 (7944174.218.000) 07/08 18:01:02 Job was held.
	Job held by ON_EXIT_HOLD due to exit code 1.
	Code 3 Subcode 0
...
