000 (7944174.219.000) 07/08 17:29:05 Job submitted from host: <188.185.16.120:9618?addrs=188.185.16.120-9618+[2001-1458-d00-65--100-39b]-9618&alias=bigbird27.cern.ch&noUDP&sock=schedd_4465_3274>
...
040 (7944174.219.000) 07/08 17:32:22 Started transferring input files
	Transferring to host: <188.185.196.135:9618?addrs=188.185.196.135-9618+[2001-1458-303-23--100-83]-9618&alias=b9p16p6625.cern.ch&noUDP&sock=slot1_16_9028_cae8_40598>
...
040 (7944174.219.000) 07/08 17:32:23 Finished transferring input files
...
001 (7944174.219.000) 07/08 17:32:23 Job executing on host: <188.185.196.135:9618?addrs=188.185.196.135-9618+[2001-1458-303-23--100-83]-9618&alias=b9p16p6625.cern.ch&noUDP&sock=startd_8816_9f06>
	SlotName: slot1_16@b9p16p6625.cern.ch
	CondorScratchDir = "/pool/condor/dir_3039793"
	Cpus = 1
	Disk = 10006137
	GPUs = 0
	Memory = 3000
...
006 (7944174.219.000) 07/08 17:32:36 Image size of job updated: 30760
	31  -  MemoryUsage of job (MB)
	30760  -  ResidentSetSize of job (KB)
...
006 (7944174.219.000) 07/08 17:32:59 Image size of job updated: 211752
	31  -  MemoryUsage of job (MB)
	30984  -  ResidentSetSize of job (KB)
...
040 (7944174.219.000) 07/08 17:32:59 Started transferring output files
...
040 (7944174.219.000) 07/08 17:32:59 Finished transferring output files
...
012 (7944174.219.000) 07/08 17:32:59 Job was held.
	Job held by ON_EXIT_HOLD due to exit code 1.
	Code 3 Subcode 0
...
013 (7944174.219.000) 07/08 17:43:33 Job was released.
	The job attribute PeriodicRelease expression '(NumJobStarts < 3) && ((CurrentTime - EnteredCurrentStatus) > 10 * 60)' evaluated to TRUE
...
040 (7944174.219.000) 07/08 17:44:55 Started transferring input files
	Transferring to host: <188.185.195.106:9618?addrs=188.185.195.106-9618+[2001-1458-303-22--100-66]-9618&alias=b9p17p8074.cern.ch&noUDP&sock=slot1_1_8528_7f54_40029>
...
040 (7944174.219.000) 07/08 17:44:55 Finished transferring input files
...
001 (7944174.219.000) 07/08 17:44:55 Job executing on host: <188.185.195.106:9618?addrs=188.185.195.106-9618+[2001-1458-303-22--100-66]-9618&alias=b9p17p8074.cern.ch&noUDP&sock=startd_7277_fec5>
	SlotName: slot1_1@b9p17p8074.cern.ch
	CondorScratchDir = "/pool/condor/dir_2606622"
	Cpus = 1
	Disk = 10003873
	GPUs = 0
	Memory = 3000
...
040 (7944174.219.000) 07/08 17:45:38 Started transferring output files
...
040 (7944174.219.000) 07/08 17:45:38 Finished transferring output files
...
012 (7944174.219.000) 07/08 17:45:38 Job was held.
	Job held by ON_EXIT_HOLD due to exit code 1.
	Code 3 Subcode 0
...
013 (7944174.219.000) 07/08 17:55:47 Job was released.
	The job attribute PeriodicRelease expression '(NumJobStarts < 3) && ((CurrentTime - EnteredCurrentStatus) > 10 * 60)' evaluated to TRUE
...
040 (7944174.219.000) 07/08 17:58:23 Started transferring input files
	Transferring to host: <188.185.193.10:9618?addrs=188.185.193.10-9618+[2001-1458-303-20--100-6]-9618&alias=b9p19p9652.cern.ch&noUDP&sock=slot1_6_6057_744f_25438>
...
040 (7944174.219.000) 07/08 17:58:23 Finished transferring input files
...
001 (7944174.219.000) 07/08 17:58:23 Job executing on host: <188.185.193.10:9618?addrs=188.185.193.10-9618+[2001-1458-303-20--100-6]-9618&alias=b9p19p9652.cern.ch&noUDP&sock=startd_5513_09b5>
	SlotName: slot1_6@b9p19p9652.cern.ch
	CondorScratchDir = "/pool/condor/dir_3971853"
	Cpus = 1
	Disk = 10004045
	GPUs = 0
	Memory = 3000
...
040 (7944174.219.000) 07/08 18:00:55 Started transferring output files
...
040 (7944174.219.000) 07/08 18:00:59 Finished transferring output files
...
012 (7944174.219.000) 07/08 18:01:02 Job was held.
	Job held by ON_EXIT_HOLD due to exit code 1.
	Code 3 Subcode 0
...
