000 (7944174.220.000) 07/08 17:29:05 Job submitted from host: <188.185.16.120:9618?addrs=188.185.16.120-9618+[2001-1458-d00-65--100-39b]-9618&alias=bigbird27.cern.ch&noUDP&sock=schedd_4465_3274>
...
040 (7944174.220.000) 07/08 17:34:52 Started transferring input files
	Transferring to host: <188.185.214.230:9618?addrs=188.185.214.230-9618+[2001-1458-303-1d--100-62]-9618&alias=b9p30p8659.cern.ch&noUDP&sock=slot1_18_7800_8e36_38267>
...
040 (7944174.220.000) 07/08 17:34:52 Finished transferring input files
...
001 (7944174.220.000) 07/08 17:34:52 Job executing on host: <188.185.214.230:9618?addrs=188.185.214.230-9618+[2001-1458-303-1d--100-62]-9618&alias=b9p30p8659.cern.ch&noUDP&sock=startd_6791_a3be>
	SlotName: slot1_18@b9p30p8659.cern.ch
	CondorScratchDir = "/pool/condor/dir_2021642"
	Cpus = 1
	Disk = 10055697
	GPUs = 0
	Memory = 3000
...
006 (7944174.220.000) 07/08 17:35:01 Image size of job updated: 166688
	163  -  MemoryUsage of job (MB)
	166688  -  ResidentSetSize of job (KB)
...
040 (7944174.220.000) 07/08 17:35:05 Started transferring output files
...
040 (7944174.220.000) 07/08 17:35:05 Finished transferring output files
...
012 (7944174.220.000) 07/08 17:35:05 Job was held.
	Job held by ON_EXIT_HOLD due to exit code 1.
	Code 3 Subcode 0
...
013 (7944174.220.000) 07/08 17:46:03 Job was released.
	The job attribute PeriodicRelease expression '(NumJobStarts < 3) && ((CurrentTime - EnteredCurrentStatus) > 10 * 60)' evaluated to TRUE
...
040 (7944174.220.000) 07/08 17:46:35 Started transferring input files
	Transferring to host: <188.185.196.93:9618?addrs=188.185.196.93-9618+[2001-1458-303-23--100-59]-9618&alias=b9p16p2468.cern.ch&noUDP&sock=slot1_18_3821723_552a_19061>
...
040 (7944174.220.000) 07/08 17:46:35 Finished transferring input files
...
001 (7944174.220.000) 07/08 17:46:35 Job executing on host: <188.185.196.93:9618?addrs=188.185.196.93-9618+[2001-1458-303-23--100-59]-9618&alias=b9p16p2468.cern.ch&noUDP&sock=startd_3821675_c153>
	SlotName: slot1_18@b9p16p2468.cern.ch
	CondorScratchDir = "/pool/condor/dir_2454499"
	Cpus = 1
	Disk = 10003237
	GPUs = 0
	Memory = 3000
...
006 (7944174.220.000) 07/08 17:47:02 Image size of job updated: 424052
	415  -  MemoryUsage of job (MB)
	424052  -  ResidentSetSize of job (KB)
...
040 (7944174.220.000) 07/08 17:47:03 Started transferring output files
...
040 (7944174.220.000) 07/08 17:47:03 Finished transferring output files
...
012 (7944174.220.000) 07/08 17:47:03 Job was held.
	Job held by ON_EXIT_HOLD due to exit code 1.
	Code 3 Subcode 0
...
013 (7944174.220.000) 07/08 17:58:12 Job was released.
	The job attribute PeriodicRelease expression '(NumJobStarts < 3) && ((CurrentTime - EnteredCurrentStatus) > 10 * 60)' evaluated to TRUE
...
040 (7944174.220.000) 07/08 18:10:03 Started transferring input files
	Transferring to host: <128.142.161.83:9618?addrs=128.142.161.83-9618+[2001-1458-301-b8--100-11]-9618&alias=b9g03p4706.cern.ch&noUDP&sock=slot1_4_7752_bc34_17571>
...
040 (7944174.220.000) 07/08 18:10:04 Finished transferring input files
...
001 (7944174.220.000) 07/08 18:10:04 Job executing on host: <128.142.161.83:9618?addrs=128.142.161.83-9618+[2001-1458-301-b8--100-11]-9618&alias=b9g03p4706.cern.ch&noUDP&sock=startd_6311_6648>
	SlotName: slot1_4@b9g03p4706.cern.ch
	CondorScratchDir = "/pool/condor/dir_1375927"
	Cpus = 1
	Disk = 10101038
	GPUs = 0
	Memory = 3000
...
040 (7944174.220.000) 07/08 18:10:26 Started transferring output files
...
040 (7944174.220.000) 07/08 18:10:26 Finished transferring output files
...
012 (7944174.220.000) 07/08 18:10:26 Job was held.
	Job held by ON_EXIT_HOLD due to exit code 1.
	Code 3 Subcode 0
...
