000 (7944174.221.000) 07/08 17:29:05 Job submitted from host: <188.185.16.120:9618?addrs=188.185.16.120-9618+[2001-1458-d00-65--100-39b]-9618&alias=bigbird27.cern.ch&noUDP&sock=schedd_4465_3274>
...
040 (7944174.221.000) 07/08 17:32:23 Started transferring input files
	Transferring to host: <188.185.215.158:9618?addrs=188.185.215.158-9618+[2001-1458-303-26--100-1a]-9618&alias=b9p18p8340.cern.ch&noUDP&sock=slot1_5_4190_fbe3_41009>
...
040 (7944174.221.000) 07/08 17:32:23 Finished transferring input files
...
001 (7944174.221.000) 07/08 17:32:23 Job executing on host: <188.185.215.158:9618?addrs=188.185.215.158-9618+[2001-1458-303-26--100-1a]-9618&alias=b9p18p8340.cern.ch&noUDP&sock=startd_3136_9d17>
	SlotName: slot1_5@b9p18p8340.cern.ch
	CondorScratchDir = "/pool/condor/dir_1553309"
	Cpus = 1
	Disk = 11457948
	Memory = 3000
...
006 (7944174.221.000) 07/08 17:32:32 Image size of job updated: 252092
	237  -  MemoryUsage of job (MB)
	241804  -  ResidentSetSize of job (KB)
...
006 (7944174.221.000) 07/08 17:32:48 Image size of job updated: 857068
	625  -  MemoryUsage of job (MB)
	639176  -  ResidentSetSize of job (KB)
...
040 (7944174.221.000) 07/08 17:32:48 Started transferring output files
...
040 (7944174.221.000) 07/08 17:32:48 Finished transferring output files
...
012 (7944174.221.000) 07/08 17:32:48 Job was held.
	Job held by ON_EXIT_HOLD due to exit code 1.
	Code 3 Subcode 0
...
013 (7944174.221.000) 07/08 17:43:33 Job was released.
	The job attribute PeriodicRelease expression '(NumJobStarts < 3) && ((CurrentTime - EnteredCurrentStatus) > 10 * 60)' evaluated to TRUE
...
040 (7944174.221.000) 07/08 17:45:33 Started transferring input files
	Transferring to host: <188.185.195.32:9618?addrs=188.185.195.32-9618+[2001-1458-303-22--100-1c]-9618&alias=b9p17p3598.cern.ch&noUDP&sock=slot1_25_1952488_2d1e_20774>
...
040 (7944174.221.000) 07/08 17:45:34 Finished transferring input files
...
001 (7944174.221.000) 07/08 17:45:34 Job executing on host: <188.185.195.32:9618?addrs=188.185.195.32-9618+[2001-1458-303-22--100-1c]-9618&alias=b9p17p3598.cern.ch&noUDP&sock=startd_1952398_3685>
	SlotName: slot1_25@b9p17p3598.cern.ch
	CondorScratchDir = "/pool/condor/dir_3304228"
	Cpus = 1
	Disk = 10003052
	GPUs = 0
	Memory = 3000
...
040 (7944174.221.000) 07/08 17:45:49 Started transferring output files
...
040 (7944174.221.000) 07/08 17:45:49 Finished transferring output files
...
012 (7944174.221.000) 07/08 17:45:49 Job was held.
	Job held by ON_EXIT_HOLD due to exit code 1.
	Code 3 Subcode 0
...
013 (7944174.221.000) 07/08 17:58:12 Job was released.
	The job attribute PeriodicRelease expression '(NumJobStarts < 3) && ((CurrentTime - EnteredCurrentStatus) > 10 * 60)' evaluated to TRUE
...
040 (7944174.221.000) 07/08 18:01:25 Started transferring input files
	Transferring to host: <128.142.248.65:9618?addrs=128.142.248.65-9618+[2001-1458-301-73--100-131]-9618&alias=b9g23p4661.cern.ch&noUDP&sock=slot1_23_2965392_ad04_39892>
...
040 (7944174.221.000) 07/08 18:01:25 Finished transferring input files
...
001 (7944174.221.000) 07/08 18:01:25 Job executing on host: <128.142.248.65:9618?addrs=128.142.248.65-9618+[2001-1458-301-73--100-131]-9618&alias=b9g23p4661.cern.ch&noUDP&sock=startd_7867_afa6>
	SlotName: slot1_23@b9g23p4661.cern.ch
	CondorScratchDir = "/pool/condor/dir_4053895"
	Cpus = 1
	Disk = 10003899
	GPUs = 0
	Memory = 3000
...
040 (7944174.221.000) 07/08 18:01:43 Started transferring output files
...
040 (7944174.221.000) 07/08 18:01:43 Finished transferring output files
...
012 (7944174.221.000) 07/08 18:01:43 Job was held.
	Job held by ON_EXIT_HOLD due to exit code 1.
	Code 3 Subcode 0
...
