000 (7944174.223.000) 07/08 17:29:05 Job submitted from host: <188.185.16.120:9618?addrs=188.185.16.120-9618+[2001-1458-d00-65--100-39b]-9618&alias=bigbird27.cern.ch&noUDP&sock=schedd_4465_3274>
...
040 (7944174.223.000) 07/08 17:34:53 Started transferring input files
	Transferring to host: <188.185.192.165:9618?addrs=188.185.192.165-9618+[2001-1458-303-1f--100-a1]-9618&alias=b9p13p9228.cern.ch&noUDP&sock=slot1_47_8316_1fcb_41614>
...
040 (7944174.223.000) 07/08 17:34:53 Finished transferring input files
...
001 (7944174.223.000) 07/08 17:34:53 Job executing on host: <188.185.192.165:9618?addrs=188.185.192.165-9618+[2001-1458-303-1f--100-a1]-9618&alias=b9p13p9228.cern.ch&noUDP&sock=startd_7435_5ebc>
	SlotName: slot1_47@b9p13p9228.cern.ch
	CondorScratchDir = "/pool/condor/dir_1001250"
	Cpus = 1
	Disk = 10007728
	GPUs = 0
	Memory = 3000
...
006 (7944174.223.000) 07/08 17:35:02 Image size of job updated: 101144
	99  -  MemoryUsage of job (MB)
	101144  -  ResidentSetSize of job (KB)
...
006 (7944174.223.000) 07/08 17:35:08 Image size of job updated: 101144
	100  -  MemoryUsage of job (MB)
	101900  -  ResidentSetSize of job (KB)
...
040 (7944174.223.000) 07/08 17:35:08 Started transferring output files
...
040 (7944174.223.000) 07/08 17:35:08 Finished transferring output files
...
012 (7944174.223.000) 07/08 17:35:08 Job was held.
	Job held by ON_EXIT_HOLD due to exit code 1.
	Code 3 Subcode 0
...
013 (7944174.223.000) 07/08 17:46:03 Job was released.
	The job attribute PeriodicRelease expression '(NumJobStarts < 3) && ((CurrentTime - EnteredCurrentStatus) > 10 * 60)' evaluated to TRUE
...
040 (7944174.223.000) 07/08 17:46:35 Started transferring input files
	Transferring to host: <188.185.195.147:9618?addrs=188.185.195.147-9618+[2001-1458-303-22--100-8f]-9618&alias=b9p17p5783.cern.ch&noUDP&sock=slot1_42_1502837_5e91_27843>
...
040 (7944174.223.000) 07/08 17:46:35 Finished transferring input files
...
001 (7944174.223.000) 07/08 17:46:35 Job executing on host: <188.185.195.147:9618?addrs=188.185.195.147-9618+[2001-1458-303-22--100-8f]-9618&alias=b9p17p5783.cern.ch&noUDP&sock=startd_1502789_d5fa>
	SlotName: slot1_42@b9p17p5783.cern.ch
	CondorScratchDir = "/pool/condor/dir_2921989"
	Cpus = 1
	Disk = 10003247
	GPUs = 0
	Memory = 3000
...
006 (7944174.223.000) 07/08 17:47:09 Image size of job updated: 196812
	123  -  MemoryUsage of job (MB)
	125000  -  ResidentSetSize of job (KB)
...
040 (7944174.223.000) 07/08 17:47:09 Started transferring output files
...
040 (7944174.223.000) 07/08 17:47:09 Finished transferring output files
...
012 (7944174.223.000) 07/08 17:47:09 Job was held.
	Job held by ON_EXIT_HOLD due to exit code 1.
	Code 3 Subcode 0
...
013 (7944174.223.000) 07/08 17:58:12 Job was released.
	The job attribute PeriodicRelease expression '(NumJobStarts < 3) && ((CurrentTime - EnteredCurrentStatus) > 10 * 60)' evaluated to TRUE
...
040 (7944174.223.000) 07/08 18:15:42 Started transferring input files
	Transferring to host: <188.185.198.56:9618?addrs=188.185.198.56-9618+[2001-1458-303-25--100-34]-9618&alias=b9p15p6243.cern.ch&noUDP&sock=slot1_23_3259394_ae77_20515>
...
040 (7944174.223.000) 07/08 18:15:42 Finished transferring input files
...
001 (7944174.223.000) 07/08 18:15:42 Job executing on host: <188.185.198.56:9618?addrs=188.185.198.56-9618+[2001-1458-303-25--100-34]-9618&alias=b9p15p6243.cern.ch&noUDP&sock=startd_3259329_2c51>
	SlotName: slot1_23@b9p15p6243.cern.ch
	CondorScratchDir = "/pool/condor/dir_2851264"
	Cpus = 1
	Disk = 10004300
	GPUs = 0
	Memory = 3000
...
006 (7944174.223.000) 07/08 18:15:51 Image size of job updated: 200000
	162  -  MemoryUsage of job (MB)
	165360  -  ResidentSetSize of job (KB)
...
006 (7944174.223.000) 07/08 18:15:56 Image size of job updated: 200000
	163  -  MemoryUsage of job (MB)
	166100  -  ResidentSetSize of job (KB)
...
040 (7944174.223.000) 07/08 18:15:56 Started transferring output files
...
040 (7944174.223.000) 07/08 18:15:56 Finished transferring output files
...
012 (7944174.223.000) 07/08 18:15:56 Job was held.
	Job held by ON_EXIT_HOLD due to exit code 1.
	Code 3 Subcode 0
...
