000 (7944174.225.000) 07/08 17:29:05 Job submitted from host: <188.185.16.120:9618?addrs=188.185.16.120-9618+[2001-1458-d00-65--100-39b]-9618&alias=bigbird27.cern.ch&noUDP&sock=schedd_4465_3274>
...
040 (7944174.225.000) 07/08 17:32:24 Started transferring input files
	Transferring to host: <188.185.193.79:9618?addrs=188.185.193.79-9618+[2001-1458-303-20--100-4b]-9618&alias=b9p19p4600.cern.ch&noUDP&sock=slot1_10_3747212_97b4_22503>
...
040 (7944174.225.000) 07/08 17:32:25 Finished transferring input files
...
001 (7944174.225.000) 07/08 17:32:25 Job executing on host: <188.185.193.79:9618?addrs=188.185.193.79-9618+[2001-1458-303-20--100-4b]-9618&alias=b9p19p4600.cern.ch&noUDP&sock=startd_3747065_8040>
	SlotName: slot1_10@b9p19p4600.cern.ch
	CondorScratchDir = "/pool/condor/dir_2235152"
	Cpus = 1
	Disk = 10000178
	GPUs = 0
	Memory = 3000
...
006 (7944174.225.000) 07/08 17:32:38 Image size of job updated: 24780
	19  -  MemoryUsage of job (MB)
	19240  -  ResidentSetSize of job (KB)
...
006 (7944174.225.000) 07/08 17:33:03 Image size of job updated: 198564
	20  -  MemoryUsage of job (MB)
	20396  -  ResidentSetSize of job (KB)
...
040 (7944174.225.000) 07/08 17:33:03 Started transferring output files
...
040 (7944174.225.000) 07/08 17:33:03 Finished transferring output files
...
012 (7944174.225.000) 07/08 17:33:03 Job was held.
	Job held by ON_EXIT_HOLD due to exit code 1.
	Code 3 Subcode 0
...
013 (7944174.225.000) 07/08 17:43:33 Job was released.
	The job attribute PeriodicRelease expression '(NumJobStarts < 3) && ((CurrentTime - EnteredCurrentStatus) > 10 * 60)' evaluated to TRUE
...
040 (7944174.225.000) 07/08 17:45:36 Started transferring input files
	Transferring to host: <188.185.214.14:9618?addrs=188.185.214.14-9618+[2001-1458-303-1c--100-a]-9618&alias=b9p29p1220.cern.ch&noUDP&sock=slot1_3_7838_5478_40207>
...
040 (7944174.225.000) 07/08 17:45:36 Finished transferring input files
...
001 (7944174.225.000) 07/08 17:45:36 Job executing on host: <188.185.214.14:9618?addrs=188.185.214.14-9618+[2001-1458-303-1c--100-a]-9618&alias=b9p29p1220.cern.ch&noUDP&sock=startd_7246_bb55>
	SlotName: slot1_3@b9p29p1220.cern.ch
	CondorScratchDir = "/pool/condor/dir_1992677"
	Cpus = 1
	Disk = 10001815
	GPUs = 0
	Memory = 3000
...
006 (7944174.225.000) 07/08 17:45:45 Image size of job updated: 200000
	53  -  MemoryUsage of job (MB)
	53920  -  ResidentSetSize of job (KB)
...
006 (7944174.225.000) 07/08 17:45:51 Image size of job updated: 200000
	57  -  MemoryUsage of job (MB)
	58116  -  ResidentSetSize of job (KB)
...
040 (7944174.225.000) 07/08 17:45:51 Started transferring output files
...
040 (7944174.225.000) 07/08 17:45:51 Finished transferring output files
...
012 (7944174.225.000) 07/08 17:45:51 Job was held.
	Job held by ON_EXIT_HOLD due to exit code 1.
	Code 3 Subcode 0
...
013 (7944174.225.000) 07/08 17:58:12 Job was released.
	The job attribute PeriodicRelease expression '(NumJobStarts < 3) && ((CurrentTime - EnteredCurrentStatus) > 10 * 60)' evaluated to TRUE
...
040 (7944174.225.000) 07/08 18:15:43 Started transferring input files
	Transferring to host: <128.142.192.200:9618?addrs=128.142.192.200-9618+[2001-1458-301-56--100-44]-9618&alias=b9g18p0307.cern.ch&noUDP&sock=slot1_13_3741_9f71_106176>
...
040 (7944174.225.000) 07/08 18:15:45 Finished transferring input files
...
001 (7944174.225.000) 07/08 18:15:45 Job executing on host: <128.142.192.200:9618?addrs=128.142.192.200-9618+[2001-1458-301-56--100-44]-9618&alias=b9g18p0307.cern.ch&noUDP&sock=startd_3045_31f8>
	SlotName: slot1_13@b9g18p0307.cern.ch
	CondorScratchDir = "/pool/condor/dir_4151404"
	Cpus = 1
	Disk = 10092145
	GPUs = 0
	Memory = 3000
...
006 (7944174.225.000) 07/08 18:15:53 Image size of job updated: 200000
	92  -  MemoryUsage of job (MB)
	94200  -  ResidentSetSize of job (KB)
...
006 (7944174.225.000) 07/08 18:15:59 Image size of job updated: 200000
	94  -  MemoryUsage of job (MB)
	95584  -  ResidentSetSize of job (KB)
...
040 (7944174.225.000) 07/08 18:15:59 Started transferring output files
...
040 (7944174.225.000) 07/08 18:15:59 Finished transferring output files
...
012 (7944174.225.000) 07/08 18:15:59 Job was held.
	Job held by ON_EXIT_HOLD due to exit code 1.
	Code 3 Subcode 0
...
