000 (7944174.227.000) 07/08 17:29:05 Job submitted from host: <188.185.16.120:9618?addrs=188.185.16.120-9618+[2001-1458-d00-65--100-39b]-9618&alias=bigbird27.cern.ch&noUDP&sock=schedd_4465_3274>
...
040 (7944174.227.000) 07/08 17:34:11 Started transferring input files
	Transferring to host: <188.185.211.146:9618?addrs=188.185.211.146-9618+[2001-1458-303-17--100-e]-9618&alias=b9p24p4194.cern.ch&noUDP&sock=slot1_36_7409_0f86_38723>
...
040 (7944174.227.000) 07/08 17:34:11 Finished transferring input files
...
001 (7944174.227.000) 07/08 17:34:11 Job executing on host: <188.185.211.146:9618?addrs=188.185.211.146-9618+[2001-1458-303-17--100-e]-9618&alias=b9p24p4194.cern.ch&noUDP&sock=startd_6418_caeb>
	SlotName: slot1_36@b9p24p4194.cern.ch
	CondorScratchDir = "/pool/condor/dir_1086020"
	Cpus = 1
	Disk = 10015461
	GPUs = 0
	Memory = 3000
...
006 (7944174.227.000) 07/08 17:34:20 Image size of job updated: 142564
	140  -  MemoryUsage of job (MB)
	142564  -  ResidentSetSize of job (KB)
...
006 (7944174.227.000) 07/08 17:34:24 Image size of job updated: 142564
	140  -  MemoryUsage of job (MB)
	143340  -  ResidentSetSize of job (KB)
...
040 (7944174.227.000) 07/08 17:34:24 Started transferring output files
...
040 (7944174.227.000) 07/08 17:34:24 Finished transferring output files
...
012 (7944174.227.000) 07/08 17:34:24 Job was held.
	Job held by ON_EXIT_HOLD due to exit code 1.
	Code 3 Subcode 0
...
013 (7944174.227.000) 07/08 17:46:03 Job was released.
	The job attribute PeriodicRelease expression '(NumJobStarts < 3) && ((CurrentTime - EnteredCurrentStatus) > 10 * 60)' evaluated to TRUE
...
040 (7944174.227.000) 07/08 17:46:34 Started transferring input files
	Transferring to host: <188.185.198.63:9618?addrs=188.185.198.63-9618+[2001-1458-303-25--100-3b]-9618&alias=b9p15p2915.cern.ch&noUDP&sock=slot1_33_6609_6366_38457>
...
040 (7944174.227.000) 07/08 17:46:34 Finished transferring input files
...
001 (7944174.227.000) 07/08 17:46:34 Job executing on host: <188.185.198.63:9618?addrs=188.185.198.63-9618+[2001-1458-303-25--100-3b]-9618&alias=b9p15p2915.cern.ch&noUDP&sock=startd_5775_bf85>
	SlotName: slot1_33@b9p15p2915.cern.ch
	CondorScratchDir = "/pool/condor/dir_3417888"
	Cpus = 1
	Disk = 10002222
	GPUs = 0
	Memory = 3000
...
006 (7944174.227.000) 07/08 17:47:08 Image size of job updated: 422832
	413  -  MemoryUsage of job (MB)
	422832  -  ResidentSetSize of job (KB)
...
040 (7944174.227.000) 07/08 17:47:08 Started transferring output files
...
040 (7944174.227.000) 07/08 17:47:08 Finished transferring output files
...
012 (7944174.227.000) 07/08 17:47:09 Job was held.
	Job held by ON_EXIT_HOLD due to exit code 1.
	Code 3 Subcode 0
...
013 (7944174.227.000) 07/08 17:58:12 Job was released.
	The job attribute PeriodicRelease expression '(NumJobStarts < 3) && ((CurrentTime - EnteredCurrentStatus) > 10 * 60)' evaluated to TRUE
...
040 (7944174.227.000) 07/08 18:01:26 Started transferring input files
	Transferring to host: <188.185.195.32:9618?addrs=188.185.195.32-9618+[2001-1458-303-22--100-1c]-9618&alias=b9p17p3598.cern.ch&noUDP&sock=slot1_8_1952488_2d1e_20789>
...
040 (7944174.227.000) 07/08 18:01:26 Finished transferring input files
...
001 (7944174.227.000) 07/08 18:01:26 Job executing on host: <188.185.195.32:9618?addrs=188.185.195.32-9618+[2001-1458-303-22--100-1c]-9618&alias=b9p17p3598.cern.ch&noUDP&sock=startd_1952398_3685>
	SlotName: slot1_8@b9p17p3598.cern.ch
	CondorScratchDir = "/pool/condor/dir_3316622"
	Cpus = 1
	Disk = 10012116
	GPUs = 0
	Memory = 3000
...
040 (7944174.227.000) 07/08 18:01:46 Started transferring output files
...
040 (7944174.227.000) 07/08 18:01:46 Finished transferring output files
...
012 (7944174.227.000) 07/08 18:01:46 Job was held.
	Job held by ON_EXIT_HOLD due to exit code 1.
	Code 3 Subcode 0
...
