000 (7944174.228.000) 07/08 17:29:05 Job submitted from host: <188.185.16.120:9618?addrs=188.185.16.120-9618+[2001-1458-d00-65--100-39b]-9618&alias=bigbird27.cern.ch&noUDP&sock=schedd_4465_3274>
...
040 (7944174.228.000) 07/08 17:33:57 Started transferring input files
	Transferring to host: <188.185.214.230:9618?addrs=188.185.214.230-9618+[2001-1458-303-1d--100-62]-9618&alias=b9p30p8659.cern.ch&noUDP&sock=slot1_18_7800_8e36_38266>
...
040 (7944174.228.000) 07/08 17:33:57 Finished transferring input files
...
001 (7944174.228.000) 07/08 17:33:57 Job executing on host: <188.185.214.230:9618?addrs=188.185.214.230-9618+[2001-1458-303-1d--100-62]-9618&alias=b9p30p8659.cern.ch&noUDP&sock=startd_6791_a3be>
	SlotName: slot1_18@b9p30p8659.cern.ch
	CondorScratchDir = "/pool/condor/dir_2020716"
	Cpus = 1
	Disk = 10055711
	GPUs = 0
	Memory = 3000
...
006 (7944174.228.000) 07/08 17:34:06 Image size of job updated: 137440
	135  -  MemoryUsage of job (MB)
	137440  -  ResidentSetSize of job (KB)
...
006 (7944174.228.000) 07/08 17:34:10 Image size of job updated: 137440
	137  -  MemoryUsage of job (MB)
	139624  -  ResidentSetSize of job (KB)
...
040 (7944174.228.000) 07/08 17:34:10 Started transferring output files
...
040 (7944174.228.000) 07/08 17:34:11 Finished transferring output files
...
012 (7944174.228.000) 07/08 17:34:11 Job was held.
	Job held by ON_EXIT_HOLD due to exit code 1.
	Code 3 Subcode 0
...
013 (7944174.228.000) 07/08 17:46:03 Job was released.
	The job attribute PeriodicRelease expression '(NumJobStarts < 3) && ((CurrentTime - EnteredCurrentStatus) > 10 * 60)' evaluated to TRUE
...
040 (7944174.228.000) 07/08 17:46:34 Started transferring input files
	Transferring to host: <128.142.248.240:9618?addrs=128.142.248.240-9618+[2001-1458-301-73--100-ef]-9618&alias=b9g23p3798.cern.ch&noUDP&sock=slot1_9_6929_db73_46689>
...
040 (7944174.228.000) 07/08 17:46:34 Finished transferring input files
...
001 (7944174.228.000) 07/08 17:46:34 Job executing on host: <128.142.248.240:9618?addrs=128.142.248.240-9618+[2001-1458-301-73--100-ef]-9618&alias=b9g23p3798.cern.ch&noUDP&sock=startd_6200_4345>
	SlotName: slot1_9@b9g23p3798.cern.ch
	CondorScratchDir = "/pool/condor/dir_450900"
	Cpus = 1
	Disk = 10002573
	GPUs = 0
	Memory = 3000
...
006 (7944174.228.000) 07/08 17:46:57 Image size of job updated: 210348
	147  -  MemoryUsage of job (MB)
	150000  -  ResidentSetSize of job (KB)
...
040 (7944174.228.000) 07/08 17:46:57 Started transferring output files
...
040 (7944174.228.000) 07/08 17:46:57 Finished transferring output files
...
012 (7944174.228.000) 07/08 17:46:57 Job was held.
	Job held by ON_EXIT_HOLD due to exit code 1.
	Code 3 Subcode 0
...
013 (7944174.228.000) 07/08 17:58:12 Job was released.
	The job attribute PeriodicRelease expression '(NumJobStarts < 3) && ((CurrentTime - EnteredCurrentStatus) > 10 * 60)' evaluated to TRUE
...
040 (7944174.228.000) 07/08 18:10:04 Started transferring input files
	Transferring to host: <188.185.196.176:9618?addrs=188.185.196.176-9618+[2001-1458-303-23--100-ac]-9618&alias=b9p16p5804.cern.ch&noUDP&sock=slot1_35_3340_1501_34569>
...
040 (7944174.228.000) 07/08 18:10:04 Finished transferring input files
...
001 (7944174.228.000) 07/08 18:10:04 Job executing on host: <188.185.196.176:9618?addrs=188.185.196.176-9618+[2001-1458-303-23--100-ac]-9618&alias=b9p16p5804.cern.ch&noUDP&sock=startd_3255_3cdc>
	SlotName: slot1_35@b9p16p5804.cern.ch
	CondorScratchDir = "/pool/condor/dir_2109869"
	Cpus = 1
	Disk = 10237791
	GPUs = 0
	Memory = 3000
...
040 (7944174.228.000) 07/08 18:10:26 Started transferring output files
...
040 (7944174.228.000) 07/08 18:10:26 Finished transferring output files
...
012 (7944174.228.000) 07/08 18:10:26 Job was held.
	Job held by ON_EXIT_HOLD due to exit code 1.
	Code 3 Subcode 0
...
