000 (7944174.023.000) 07/08 17:29:04 Job submitted from host: <188.185.16.120:9618?addrs=188.185.16.120-9618+[2001-1458-d00-65--100-39b]-9618&alias=bigbird27.cern.ch&noUDP&sock=schedd_4465_3274>
...
040 (7944174.023.000) 07/08 17:31:18 Started transferring input files
	Transferring to host: <188.185.215.98:9618?addrs=188.185.215.98-9618+[2001-1458-303-1e--100-5e]-9618&alias=b9p31p6093.cern.ch&noUDP&sock=slot1_8_7771_1f55_42006>
...
040 (7944174.023.000) 07/08 17:31:19 Finished transferring input files
...
001 (7944174.023.000) 07/08 17:31:19 Job executing on host: <188.185.215.98:9618?addrs=188.185.215.98-9618+[2001-1458-303-1e--100-5e]-9618&alias=b9p31p6093.cern.ch&noUDP&sock=startd_6725_5e7e>
	SlotName: slot1_8@b9p31p6093.cern.ch
	CondorScratchDir = "/pool/condor/dir_312100"
	Cpus = 1
	Disk = 10003111
	GPUs = 0
	Memory = 3000
...
006 (7944174.023.000) 07/08 17:31:28 Image size of job updated: 52888
	52  -  MemoryUsage of job (MB)
	52888  -  ResidentSetSize of job (KB)
...
006 (7944174.023.000) 07/08 17:32:43 Image size of job updated: 406320
	397  -  MemoryUsage of job (MB)
	406320  -  ResidentSetSize of job (KB)
...
040 (7944174.023.000) 07/08 17:32:43 Started transferring output files
...
040 (7944174.023.000) 07/08 17:32:43 Finished transferring output files
...
012 (7944174.023.000) 07/08 17:32:44 Job was held.
	Job held by ON_EXIT_HOLD due to exit code 1.
	Code 3 Subcode 0
...
013 (7944174.023.000) 07/08 17:43:32 Job was released.
	The job attribute PeriodicRelease expression '(NumJobStarts < 3) && ((CurrentTime - EnteredCurrentStatus) > 10 * 60)' evaluated to TRUE
...
040 (7944174.023.000) 07/08 17:44:03 Started transferring input files
	Transferring to host: <188.185.205.137:9618?addrs=188.185.205.137-9618+[2001-1458-303-a--100-6]-9618&alias=b9p04p9214.cern.ch&noUDP&sock=slot1_12_9336_ce75_34157>
...
040 (7944174.023.000) 07/08 17:44:04 Finished transferring input files
...
001 (7944174.023.000) 07/08 17:44:04 Job executing on host: <188.185.205.137:9618?addrs=188.185.205.137-9618+[2001-1458-303-a--100-6]-9618&alias=b9p04p9214.cern.ch&noUDP&sock=startd_8079_19b9>
	SlotName: slot1_12@b9p04p9214.cern.ch
	CondorScratchDir = "/pool/condor/dir_2362069"
	Cpus = 1
	Disk = 10003341
	GPUs = 0
	Memory = 3000
...
040 (7944174.023.000) 07/08 17:44:37 Started transferring output files
...
040 (7944174.023.000) 07/08 17:44:37 Finished transferring output files
...
012 (7944174.023.000) 07/08 17:44:37 Job was held.
	Job held by ON_EXIT_HOLD due to exit code 1.
	Code 3 Subcode 0
...
013 (7944174.023.000) 07/08 17:55:47 Job was released.
	The job attribute PeriodicRelease expression '(NumJobStarts < 3) && ((CurrentTime - EnteredCurrentStatus) > 10 * 60)' evaluated to TRUE
...
040 (7944174.023.000) 07/08 17:57:29 Started transferring input files
	Transferring to host: <188.185.193.19:9618?addrs=188.185.193.19-9618+[2001-1458-303-20--100-f]-9618&alias=b9p19p7881.cern.ch&noUDP&sock=slot1_22_2927657_f465_23382>
...
040 (7944174.023.000) 07/08 17:57:29 Finished transferring input files
...
001 (7944174.023.000) 07/08 17:57:29 Job executing on host: <188.185.193.19:9618?addrs=188.185.193.19-9618+[2001-1458-303-20--100-f]-9618&alias=b9p19p7881.cern.ch&noUDP&sock=startd_2927614_4624>
	SlotName: slot1_22@b9p19p7881.cern.ch
	CondorScratchDir = "/pool/condor/dir_3073832"
	Cpus = 1
	Disk = 10002754
	GPUs = 0
	Memory = 3000
...
040 (7944174.023.000) 07/08 17:58:09 Started transferring output files
...
040 (7944174.023.000) 07/08 17:58:09 Finished transferring output files
...
012 (7944174.023.000) 07/08 17:58:10 Job was held.
	Job held by ON_EXIT_HOLD due to exit code 1.
	Code 3 Subcode 0
...
