000 (7944174.231.000) 07/08 17:29:05 Job submitted from host: <188.185.16.120:9618?addrs=188.185.16.120-9618+[2001-1458-d00-65--100-39b]-9618&alias=bigbird27.cern.ch&noUDP&sock=schedd_4465_3274>
...
040 (7944174.231.000) 07/08 17:34:53 Started transferring input files
	Transferring to host: <188.185.212.89:9618?addrs=188.185.212.89-9618+[2001-1458-303-18--100-55]-9618&alias=b9p25p0747.cern.ch&noUDP&sock=slot1_42_8264_7c49_42283>
...
040 (7944174.231.000) 07/08 17:34:53 Finished transferring input files
...
001 (7944174.231.000) 07/08 17:34:53 Job executing on host: <188.185.212.89:9618?addrs=188.185.212.89-9618+[2001-1458-303-18--100-55]-9618&alias=b9p25p0747.cern.ch&noUDP&sock=startd_7464_42fb>
	SlotName: slot1_42@b9p25p0747.cern.ch
	CondorScratchDir = "/pool/condor/dir_2439188"
	Cpus = 1
	Disk = 10004458
	GPUs = 0
	Memory = 3000
...
006 (7944174.231.000) 07/08 17:35:02 Image size of job updated: 171948
	168  -  MemoryUsage of job (MB)
	171948  -  ResidentSetSize of job (KB)
...
006 (7944174.231.000) 07/08 17:35:05 Image size of job updated: 171948
	169  -  MemoryUsage of job (MB)
	172312  -  ResidentSetSize of job (KB)
...
040 (7944174.231.000) 07/08 17:35:05 Started transferring output files
...
040 (7944174.231.000) 07/08 17:35:05 Finished transferring output files
...
012 (7944174.231.000) 07/08 17:35:05 Job was held.
	Job held by ON_EXIT_HOLD due to exit code 1.
	Code 3 Subcode 0
...
013 (7944174.231.000) 07/08 17:46:03 Job was released.
	The job attribute PeriodicRelease expression '(NumJobStarts < 3) && ((CurrentTime - EnteredCurrentStatus) > 10 * 60)' evaluated to TRUE
...
040 (7944174.231.000) 07/08 17:46:35 Started transferring input files
	Transferring to host: <188.185.197.186:9618?addrs=188.185.197.186-9618+[2001-1458-303-24--100-b6]-9618&alias=b9p14p1363.cern.ch&noUDP&sock=slot1_6_5412_fe55_41220>
...
040 (7944174.231.000) 07/08 17:46:36 Finished transferring input files
...
001 (7944174.231.000) 07/08 17:46:36 Job executing on host: <188.185.197.186:9618?addrs=188.185.197.186-9618+[2001-1458-303-24--100-b6]-9618&alias=b9p14p1363.cern.ch&noUDP&sock=startd_4229_521a>
	SlotName: slot1_6@b9p14p1363.cern.ch
	CondorScratchDir = "/pool/condor/dir_2480970"
	Cpus = 1
	Disk = 10003414
	GPUs = 0
	Memory = 3000
...
006 (7944174.231.000) 07/08 17:47:14 Image size of job updated: 425928
	416  -  MemoryUsage of job (MB)
	425928  -  ResidentSetSize of job (KB)
...
040 (7944174.231.000) 07/08 17:47:14 Started transferring output files
...
040 (7944174.231.000) 07/08 17:47:14 Finished transferring output files
...
012 (7944174.231.000) 07/08 17:47:14 Job was held.
	Job held by ON_EXIT_HOLD due to exit code 1.
	Code 3 Subcode 0
...
013 (7944174.231.000) 07/08 17:58:12 Job was released.
	The job attribute PeriodicRelease expression '(NumJobStarts < 3) && ((CurrentTime - EnteredCurrentStatus) > 10 * 60)' evaluated to TRUE
...
040 (7944174.231.000) 07/08 18:01:28 Started transferring input files
	Transferring to host: <188.185.194.163:9618?addrs=188.185.194.163-9618+[2001-1458-303-21--100-9f]-9618&alias=b9p20p3182.cern.ch&noUDP&sock=slot1_21_4361_780a_24045>
...
040 (7944174.231.000) 07/08 18:01:28 Finished transferring input files
...
001 (7944174.231.000) 07/08 18:01:28 Job executing on host: <188.185.194.163:9618?addrs=188.185.194.163-9618+[2001-1458-303-21--100-9f]-9618&alias=b9p20p3182.cern.ch&noUDP&sock=startd_3843_8e8c>
	SlotName: slot1_21@b9p20p3182.cern.ch
	CondorScratchDir = "/pool/condor/dir_4070691"
	Cpus = 1
	Disk = 10015610
	GPUs = 0
	Memory = 3000
...
040 (7944174.231.000) 07/08 18:02:00 Started transferring output files
...
040 (7944174.231.000) 07/08 18:02:00 Finished transferring output files
...
012 (7944174.231.000) 07/08 18:02:00 Job was held.
	Job held by ON_EXIT_HOLD due to exit code 1.
	Code 3 Subcode 0
...
