000 (7944174.232.000) 07/08 17:29:05 Job submitted from host: <188.185.16.120:9618?addrs=188.185.16.120-9618+[2001-1458-d00-65--100-39b]-9618&alias=bigbird27.cern.ch&noUDP&sock=schedd_4465_3274>
...
040 (7944174.232.000) 07/08 17:32:26 Started transferring input files
	Transferring to host: <188.185.210.45:9618?addrs=188.185.210.45-9618+[2001-1458-303-1--100-29]-9618&alias=b9p21p1686.cern.ch&noUDP&sock=slot1_22_6474_44c0_39955>
...
040 (7944174.232.000) 07/08 17:32:27 Finished transferring input files
...
001 (7944174.232.000) 07/08 17:32:27 Job executing on host: <188.185.210.45:9618?addrs=188.185.210.45-9618+[2001-1458-303-1--100-29]-9618&alias=b9p21p1686.cern.ch&noUDP&sock=startd_6143_2a5f>
	SlotName: slot1_22@b9p21p1686.cern.ch
	CondorScratchDir = "/pool/condor/dir_1767295"
	Cpus = 1
	Disk = 10004714
	GPUs = 0
	Memory = 3000
...
006 (7944174.232.000) 07/08 17:32:35 Image size of job updated: 53328
	53  -  MemoryUsage of job (MB)
	53328  -  ResidentSetSize of job (KB)
...
006 (7944174.232.000) 07/08 17:32:55 Image size of job updated: 408312
	399  -  MemoryUsage of job (MB)
	408312  -  ResidentSetSize of job (KB)
...
040 (7944174.232.000) 07/08 17:32:55 Started transferring output files
...
040 (7944174.232.000) 07/08 17:32:55 Finished transferring output files
...
012 (7944174.232.000) 07/08 17:32:55 Job was held.
	Job held by ON_EXIT_HOLD due to exit code 1.
	Code 3 Subcode 0
...
013 (7944174.232.000) 07/08 17:43:33 Job was released.
	The job attribute PeriodicRelease expression '(NumJobStarts < 3) && ((CurrentTime - EnteredCurrentStatus) > 10 * 60)' evaluated to TRUE
...
040 (7944174.232.000) 07/08 17:45:26 Started transferring input files
	Transferring to host: <128.142.192.199:9618?addrs=128.142.192.199-9618+[2001-1458-301-56--100-43]-9618&alias=b9g18p9878.cern.ch&noUDP&sock=slot1_5_3858344_23db_64202>
...
040 (7944174.232.000) 07/08 17:45:27 Finished transferring input files
...
001 (7944174.232.000) 07/08 17:45:27 Job executing on host: <128.142.192.199:9618?addrs=128.142.192.199-9618+[2001-1458-301-56--100-43]-9618&alias=b9g18p9878.cern.ch&noUDP&sock=startd_3391_85bd>
	SlotName: slot1_5@b9g18p9878.cern.ch
	CondorScratchDir = "/pool/condor/dir_635074"
	Cpus = 1
	Disk = 10006072
	GPUs = 0
	Memory = 3000
...
040 (7944174.232.000) 07/08 17:45:45 Started transferring output files
...
040 (7944174.232.000) 07/08 17:45:45 Finished transferring output files
...
012 (7944174.232.000) 07/08 17:45:45 Job was held.
	Job held by ON_EXIT_HOLD due to exit code 1.
	Code 3 Subcode 0
...
013 (7944174.232.000) 07/08 17:55:47 Job was released.
	The job attribute PeriodicRelease expression '(NumJobStarts < 3) && ((CurrentTime - EnteredCurrentStatus) > 10 * 60)' evaluated to TRUE
...
040 (7944174.232.000) 07/08 18:15:44 Started transferring input files
	Transferring to host: <188.185.196.188:9618?addrs=188.185.196.188-9618+[2001-1458-303-23--100-b8]-9618&alias=b9p16p8247.cern.ch&noUDP&sock=slot1_31_3115749_c8c6_22966>
...
040 (7944174.232.000) 07/08 18:15:44 Finished transferring input files
...
001 (7944174.232.000) 07/08 18:15:44 Job executing on host: <188.185.196.188:9618?addrs=188.185.196.188-9618+[2001-1458-303-23--100-b8]-9618&alias=b9p16p8247.cern.ch&noUDP&sock=startd_3115709_cc85>
	SlotName: slot1_31@b9p16p8247.cern.ch
	CondorScratchDir = "/pool/condor/dir_4141700"
	Cpus = 1
	Disk = 10084873
	GPUs = 0
	Memory = 3000
...
040 (7944174.232.000) 07/08 18:16:00 Started transferring output files
...
040 (7944174.232.000) 07/08 18:16:00 Finished transferring output files
...
012 (7944174.232.000) 07/08 18:16:00 Job was held.
	Job held by ON_EXIT_HOLD due to exit code 1.
	Code 3 Subcode 0
...
