000 (7944174.234.000) 07/08 17:29:05 Job submitted from host: <188.185.16.120:9618?addrs=188.185.16.120-9618+[2001-1458-d00-65--100-39b]-9618&alias=bigbird27.cern.ch&noUDP&sock=schedd_4465_3274>
...
040 (7944174.234.000) 07/08 17:34:54 Started transferring input files
	Transferring to host: <188.185.193.128:9618?addrs=188.185.193.128-9618+[2001-1458-303-20--100-7c]-9618&alias=b9p19p5066.cern.ch&noUDP&sock=slot1_11_7067_1738_15878>
...
040 (7944174.234.000) 07/08 17:34:54 Finished transferring input files
...
001 (7944174.234.000) 07/08 17:34:54 Job executing on host: <188.185.193.128:9618?addrs=188.185.193.128-9618+[2001-1458-303-20--100-7c]-9618&alias=b9p19p5066.cern.ch&noUDP&sock=startd_6522_20c4>
	SlotName: slot1_11@b9p19p5066.cern.ch
	CondorScratchDir = "/pool/condor/dir_2775492"
	Cpus = 1
	Disk = 10016402
	GPUs = 0
	Memory = 3000
...
006 (7944174.234.000) 07/08 17:35:08 Image size of job updated: 160172
	157  -  MemoryUsage of job (MB)
	160172  -  ResidentSetSize of job (KB)
...
006 (7944174.234.000) 07/08 17:35:12 Image size of job updated: 188708
	157  -  MemoryUsage of job (MB)
	160696  -  ResidentSetSize of job (KB)
...
040 (7944174.234.000) 07/08 17:35:12 Started transferring output files
...
040 (7944174.234.000) 07/08 17:35:12 Finished transferring output files
...
012 (7944174.234.000) 07/08 17:35:12 Job was held.
	Job held by ON_EXIT_HOLD due to exit code 1.
	Code 3 Subcode 0
...
013 (7944174.234.000) 07/08 17:46:03 Job was released.
	The job attribute PeriodicRelease expression '(NumJobStarts < 3) && ((CurrentTime - EnteredCurrentStatus) > 10 * 60)' evaluated to TRUE
...
040 (7944174.234.000) 07/08 17:46:36 Started transferring input files
	Transferring to host: <188.185.193.164:9618?addrs=188.185.193.164-9618+[2001-1458-303-20--100-a0]-9618&alias=b9p19p0551.cern.ch&noUDP&sock=slot1_6_4412_672c_24141>
...
040 (7944174.234.000) 07/08 17:46:37 Finished transferring input files
...
001 (7944174.234.000) 07/08 17:46:37 Job executing on host: <188.185.193.164:9618?addrs=188.185.193.164-9618+[2001-1458-303-20--100-a0]-9618&alias=b9p19p0551.cern.ch&noUDP&sock=startd_3854_1a17>
	SlotName: slot1_6@b9p19p0551.cern.ch
	CondorScratchDir = "/pool/condor/dir_3646815"
	Cpus = 1
	Disk = 10002983
	GPUs = 0
	Memory = 3000
...
006 (7944174.234.000) 07/08 17:47:15 Image size of job updated: 209212
	171  -  MemoryUsage of job (MB)
	175000  -  ResidentSetSize of job (KB)
...
040 (7944174.234.000) 07/08 17:47:15 Started transferring output files
...
040 (7944174.234.000) 07/08 17:47:15 Finished transferring output files
...
012 (7944174.234.000) 07/08 17:47:15 Job was held.
	Job held by ON_EXIT_HOLD due to exit code 1.
	Code 3 Subcode 0
...
013 (7944174.234.000) 07/08 17:58:12 Job was released.
	The job attribute PeriodicRelease expression '(NumJobStarts < 3) && ((CurrentTime - EnteredCurrentStatus) > 10 * 60)' evaluated to TRUE
...
040 (7944174.234.000) 07/08 18:01:29 Started transferring input files
	Transferring to host: <188.185.198.72:9618?addrs=188.185.198.72-9618+[2001-1458-303-25--100-44]-9618&alias=b9p15p4602.cern.ch&noUDP&sock=slot1_21_6325_48da_34722>
...
040 (7944174.234.000) 07/08 18:01:30 Finished transferring input files
...
001 (7944174.234.000) 07/08 18:01:30 Job executing on host: <188.185.198.72:9618?addrs=188.185.198.72-9618+[2001-1458-303-25--100-44]-9618&alias=b9p15p4602.cern.ch&noUDP&sock=startd_5372_52da>
	SlotName: slot1_21@b9p15p4602.cern.ch
	CondorScratchDir = "/pool/condor/dir_217638"
	Cpus = 1
	Disk = 10000197
	GPUs = 0
	Memory = 3000
...
040 (7944174.234.000) 07/08 18:01:44 Started transferring output files
...
040 (7944174.234.000) 07/08 18:01:44 Finished transferring output files
...
012 (7944174.234.000) 07/08 18:01:44 Job was held.
	Job held by ON_EXIT_HOLD due to exit code 1.
	Code 3 Subcode 0
...
