000 (7944174.236.000) 07/08 17:29:05 Job submitted from host: <188.185.16.120:9618?addrs=188.185.16.120-9618+[2001-1458-d00-65--100-39b]-9618&alias=bigbird27.cern.ch&noUDP&sock=schedd_4465_3274>
...
040 (7944174.236.000) 07/08 17:34:13 Started transferring input files
	Transferring to host: <188.185.211.21:9618?addrs=188.185.211.21-9618+[2001-1458-303-16--100-11]-9618&alias=b9p23p6626.cern.ch&noUDP&sock=slot1_30_8398_e68f_40868>
...
040 (7944174.236.000) 07/08 17:34:14 Finished transferring input files
...
001 (7944174.236.000) 07/08 17:34:14 Job executing on host: <188.185.211.21:9618?addrs=188.185.211.21-9618+[2001-1458-303-16--100-11]-9618&alias=b9p23p6626.cern.ch&noUDP&sock=startd_8347_ed1b>
	SlotName: slot1_30@b9p23p6626.cern.ch
	CondorScratchDir = "/pool/condor/dir_2668139"
	Cpus = 1
	Disk = 10004907
	GPUs = 0
	Memory = 3000
...
006 (7944174.236.000) 07/08 17:34:23 Image size of job updated: 172440
	169  -  MemoryUsage of job (MB)
	172440  -  ResidentSetSize of job (KB)
...
006 (7944174.236.000) 07/08 17:34:27 Image size of job updated: 172440
	169  -  MemoryUsage of job (MB)
	172872  -  ResidentSetSize of job (KB)
...
040 (7944174.236.000) 07/08 17:34:27 Started transferring output files
...
040 (7944174.236.000) 07/08 17:34:27 Finished transferring output files
...
012 (7944174.236.000) 07/08 17:34:27 Job was held.
	Job held by ON_EXIT_HOLD due to exit code 1.
	Code 3 Subcode 0
...
013 (7944174.236.000) 07/08 17:46:03 Job was released.
	The job attribute PeriodicRelease expression '(NumJobStarts < 3) && ((CurrentTime - EnteredCurrentStatus) > 10 * 60)' evaluated to TRUE
...
040 (7944174.236.000) 07/08 17:46:37 Started transferring input files
	Transferring to host: <188.185.198.124:9618?addrs=188.185.198.124-9618+[2001-1458-303-25--100-78]-9618&alias=b9p15p4771.cern.ch&noUDP&sock=slot1_13_1237764_7616_25823>
...
040 (7944174.236.000) 07/08 17:46:38 Finished transferring input files
...
001 (7944174.236.000) 07/08 17:46:38 Job executing on host: <188.185.198.124:9618?addrs=188.185.198.124-9618+[2001-1458-303-25--100-78]-9618&alias=b9p15p4771.cern.ch&noUDP&sock=startd_1237719_dd09>
	SlotName: slot1_13@b9p15p4771.cern.ch
	CondorScratchDir = "/pool/condor/dir_1475741"
	Cpus = 1
	Disk = 10003267
	GPUs = 0
	Memory = 3000
...
006 (7944174.236.000) 07/08 17:47:09 Image size of job updated: 206500
	171  -  MemoryUsage of job (MB)
	175000  -  ResidentSetSize of job (KB)
...
040 (7944174.236.000) 07/08 17:47:09 Started transferring output files
...
040 (7944174.236.000) 07/08 17:47:09 Finished transferring output files
...
012 (7944174.236.000) 07/08 17:47:09 Job was held.
	Job held by ON_EXIT_HOLD due to exit code 1.
	Code 3 Subcode 0
...
013 (7944174.236.000) 07/08 17:58:12 Job was released.
	The job attribute PeriodicRelease expression '(NumJobStarts < 3) && ((CurrentTime - EnteredCurrentStatus) > 10 * 60)' evaluated to TRUE
...
040 (7944174.236.000) 07/08 18:15:44 Started transferring input files
	Transferring to host: <128.142.161.83:9618?addrs=128.142.161.83-9618+[2001-1458-301-b8--100-11]-9618&alias=b9g03p4706.cern.ch&noUDP&sock=slot1_4_7752_bc34_17578>
...
040 (7944174.236.000) 07/08 18:15:45 Finished transferring input files
...
001 (7944174.236.000) 07/08 18:15:45 Job executing on host: <128.142.161.83:9618?addrs=128.142.161.83-9618+[2001-1458-301-b8--100-11]-9618&alias=b9g03p4706.cern.ch&noUDP&sock=startd_6311_6648>
	SlotName: slot1_4@b9g03p4706.cern.ch
	CondorScratchDir = "/pool/condor/dir_1385757"
	Cpus = 1
	Disk = 10098484
	GPUs = 0
	Memory = 3000
...
040 (7944174.236.000) 07/08 18:16:06 Started transferring output files
...
040 (7944174.236.000) 07/08 18:16:06 Finished transferring output files
...
012 (7944174.236.000) 07/08 18:16:06 Job was held.
	Job held by ON_EXIT_HOLD due to exit code 1.
	Code 3 Subcode 0
...
