000 (7944174.237.000) 07/08 17:29:05 Job submitted from host: <188.185.16.120:9618?addrs=188.185.16.120-9618+[2001-1458-d00-65--100-39b]-9618&alias=bigbird27.cern.ch&noUDP&sock=schedd_4465_3274>
...
040 (7944174.237.000) 07/08 17:32:28 Started transferring input files
	Transferring to host: <188.185.193.10:9618?addrs=188.185.193.10-9618+[2001-1458-303-20--100-6]-9618&alias=b9p19p9652.cern.ch&noUDP&sock=slot1_16_6057_744f_25418>
...
040 (7944174.237.000) 07/08 17:32:29 Finished transferring input files
...
001 (7944174.237.000) 07/08 17:32:29 Job executing on host: <188.185.193.10:9618?addrs=188.185.193.10-9618+[2001-1458-303-20--100-6]-9618&alias=b9p19p9652.cern.ch&noUDP&sock=startd_5513_09b5>
	SlotName: slot1_16@b9p19p9652.cern.ch
	CondorScratchDir = "/pool/condor/dir_3835561"
	Cpus = 1
	Disk = 10002173
	GPUs = 0
	Memory = 3000
...
006 (7944174.237.000) 07/08 17:32:42 Image size of job updated: 33572
	33  -  MemoryUsage of job (MB)
	33572  -  ResidentSetSize of job (KB)
...
006 (7944174.237.000) 07/08 17:33:05 Image size of job updated: 207596
	34  -  MemoryUsage of job (MB)
	34332  -  ResidentSetSize of job (KB)
...
040 (7944174.237.000) 07/08 17:33:05 Started transferring output files
...
040 (7944174.237.000) 07/08 17:33:05 Finished transferring output files
...
012 (7944174.237.000) 07/08 17:33:05 Job was held.
	Job held by ON_EXIT_HOLD due to exit code 1.
	Code 3 Subcode 0
...
013 (7944174.237.000) 07/08 17:43:33 Job was released.
	The job attribute PeriodicRelease expression '(NumJobStarts < 3) && ((CurrentTime - EnteredCurrentStatus) > 10 * 60)' evaluated to TRUE
...
040 (7944174.237.000) 07/08 17:44:58 Started transferring input files
	Transferring to host: <188.185.214.73:9618?addrs=188.185.214.73-9618+[2001-1458-303-1c--100-45]-9618&alias=b9p29p2917.cern.ch&noUDP&sock=slot1_18_8432_db50_41122>
...
040 (7944174.237.000) 07/08 17:44:59 Finished transferring input files
...
001 (7944174.237.000) 07/08 17:44:59 Job executing on host: <188.185.214.73:9618?addrs=188.185.214.73-9618+[2001-1458-303-1c--100-45]-9618&alias=b9p29p2917.cern.ch&noUDP&sock=startd_8375_21c2>
	SlotName: slot1_18@b9p29p2917.cern.ch
	CondorScratchDir = "/pool/condor/dir_3723763"
	Cpus = 1
	Disk = 10003192
	GPUs = 0
	Memory = 3000
...
040 (7944174.237.000) 07/08 17:45:18 Started transferring output files
...
040 (7944174.237.000) 07/08 17:45:18 Finished transferring output files
...
012 (7944174.237.000) 07/08 17:45:18 Job was held.
	Job held by ON_EXIT_HOLD due to exit code 1.
	Code 3 Subcode 0
...
013 (7944174.237.000) 07/08 17:55:47 Job was released.
	The job attribute PeriodicRelease expression '(NumJobStarts < 3) && ((CurrentTime - EnteredCurrentStatus) > 10 * 60)' evaluated to TRUE
...
040 (7944174.237.000) 07/08 17:58:26 Started transferring input files
	Transferring to host: <188.185.195.12:9618?addrs=188.185.195.12-9618+[2001-1458-303-22--100-8]-9618&alias=b9p17p6034.cern.ch&noUDP&sock=slot1_2_678879_6b6f_19491>
...
040 (7944174.237.000) 07/08 17:58:26 Finished transferring input files
...
001 (7944174.237.000) 07/08 17:58:26 Job executing on host: <188.185.195.12:9618?addrs=188.185.195.12-9618+[2001-1458-303-22--100-8]-9618&alias=b9p17p6034.cern.ch&noUDP&sock=startd_7368_69e3>
	SlotName: slot1_2@b9p17p6034.cern.ch
	CondorScratchDir = "/pool/condor/dir_1329551"
	Cpus = 1
	Disk = 10003713
	GPUs = 0
	Memory = 3000
...
006 (7944174.237.000) 07/08 17:58:35 Image size of job updated: 225000
	56  -  MemoryUsage of job (MB)
	57104  -  ResidentSetSize of job (KB)
...
006 (7944174.237.000) 07/08 17:58:58 Image size of job updated: 408944
	400  -  MemoryUsage of job (MB)
	408944  -  ResidentSetSize of job (KB)
...
040 (7944174.237.000) 07/08 18:00:59 Started transferring output files
...
040 (7944174.237.000) 07/08 18:00:59 Finished transferring output files
...
012 (7944174.237.000) 07/08 18:01:02 Job was held.
	Job held by ON_EXIT_HOLD due to exit code 1.
	Code 3 Subcode 0
...
