000 (7944174.239.000) 07/08 17:29:05 Job submitted from host: <188.185.16.120:9618?addrs=188.185.16.120-9618+[2001-1458-d00-65--100-39b]-9618&alias=bigbird27.cern.ch&noUDP&sock=schedd_4465_3274>
...
040 (7944174.239.000) 07/08 17:32:29 Started transferring input files
	Transferring to host: <188.185.194.133:9618?addrs=188.185.194.133-9618+[2001-1458-303-21--100-81]-9618&alias=b9p20p2266.cern.ch&noUDP&sock=slot1_16_3090215_c578_21920>
...
040 (7944174.239.000) 07/08 17:32:29 Finished transferring input files
...
001 (7944174.239.000) 07/08 17:32:29 Job executing on host: <188.185.194.133:9618?addrs=188.185.194.133-9618+[2001-1458-303-21--100-81]-9618&alias=b9p20p2266.cern.ch&noUDP&sock=startd_3090143_a63f>
	SlotName: slot1_16@b9p20p2266.cern.ch
	CondorScratchDir = "/pool/condor/dir_172201"
	Cpus = 1
	Disk = 10022160
	GPUs = 0
	Memory = 3000
...
006 (7944174.239.000) 07/08 17:32:43 Image size of job updated: 21164
	21  -  MemoryUsage of job (MB)
	21164  -  ResidentSetSize of job (KB)
...
006 (7944174.239.000) 07/08 17:33:08 Image size of job updated: 190968
	21  -  MemoryUsage of job (MB)
	21164  -  ResidentSetSize of job (KB)
...
040 (7944174.239.000) 07/08 17:33:08 Started transferring output files
...
040 (7944174.239.000) 07/08 17:33:08 Finished transferring output files
...
012 (7944174.239.000) 07/08 17:33:08 Job was held.
	Job held by ON_EXIT_HOLD due to exit code 1.
	Code 3 Subcode 0
...
013 (7944174.239.000) 07/08 17:43:33 Job was released.
	The job attribute PeriodicRelease expression '(NumJobStarts < 3) && ((CurrentTime - EnteredCurrentStatus) > 10 * 60)' evaluated to TRUE
...
040 (7944174.239.000) 07/08 17:44:59 Started transferring input files
	Transferring to host: <188.185.195.32:9618?addrs=188.185.195.32-9618+[2001-1458-303-22--100-1c]-9618&alias=b9p17p3598.cern.ch&noUDP&sock=slot1_25_1952488_2d1e_20773>
...
040 (7944174.239.000) 07/08 17:44:59 Finished transferring input files
...
001 (7944174.239.000) 07/08 17:44:59 Job executing on host: <188.185.195.32:9618?addrs=188.185.195.32-9618+[2001-1458-303-22--100-1c]-9618&alias=b9p17p3598.cern.ch&noUDP&sock=startd_1952398_3685>
	SlotName: slot1_25@b9p17p3598.cern.ch
	CondorScratchDir = "/pool/condor/dir_3303427"
	Cpus = 1
	Disk = 10003275
	GPUs = 0
	Memory = 3000
...
006 (7944174.239.000) 07/08 17:45:08 Image size of job updated: 200000
	58  -  MemoryUsage of job (MB)
	58684  -  ResidentSetSize of job (KB)
...
006 (7944174.239.000) 07/08 17:45:21 Image size of job updated: 423952
	415  -  MemoryUsage of job (MB)
	423952  -  ResidentSetSize of job (KB)
...
040 (7944174.239.000) 07/08 17:45:21 Started transferring output files
...
040 (7944174.239.000) 07/08 17:45:21 Finished transferring output files
...
012 (7944174.239.000) 07/08 17:45:21 Job was held.
	Job held by ON_EXIT_HOLD due to exit code 1.
	Code 3 Subcode 0
...
013 (7944174.239.000) 07/08 17:55:47 Job was released.
	The job attribute PeriodicRelease expression '(NumJobStarts < 3) && ((CurrentTime - EnteredCurrentStatus) > 10 * 60)' evaluated to TRUE
...
040 (7944174.239.000) 07/08 17:58:26 Started transferring input files
	Transferring to host: <188.185.195.146:9618?addrs=188.185.195.146-9618+[2001-1458-303-22--100-8e]-9618&alias=b9p17p1658.cern.ch&noUDP&sock=slot1_26_8298_710b_35450>
...
040 (7944174.239.000) 07/08 17:58:26 Finished transferring input files
...
001 (7944174.239.000) 07/08 17:58:26 Job executing on host: <188.185.195.146:9618?addrs=188.185.195.146-9618+[2001-1458-303-22--100-8e]-9618&alias=b9p17p1658.cern.ch&noUDP&sock=startd_7102_f5b2>
	SlotName: slot1_26@b9p17p1658.cern.ch
	CondorScratchDir = "/pool/condor/dir_2712781"
	Cpus = 1
	Disk = 10001566
	GPUs = 0
	Memory = 3000
...
040 (7944174.239.000) 07/08 18:00:59 Started transferring output files
...
040 (7944174.239.000) 07/08 18:00:59 Finished transferring output files
...
012 (7944174.239.000) 07/08 18:01:02 Job was held.
	Job held by ON_EXIT_HOLD due to exit code 1.
	Code 3 Subcode 0
...
