000 (7944174.024.000) 07/08 17:29:04 Job submitted from host: <188.185.16.120:9618?addrs=188.185.16.120-9618+[2001-1458-d00-65--100-39b]-9618&alias=bigbird27.cern.ch&noUDP&sock=schedd_4465_3274>
...
040 (7944174.024.000) 07/08 17:31:18 Started transferring input files
	Transferring to host: <188.185.196.61:9618?addrs=188.185.196.61-9618+[2001-1458-303-23--100-39]-9618&alias=b9p16p0681.cern.ch&noUDP&sock=slot1_14_6484_5081_36173>
...
040 (7944174.024.000) 07/08 17:31:19 Finished transferring input files
...
001 (7944174.024.000) 07/08 17:31:19 Job executing on host: <188.185.196.61:9618?addrs=188.185.196.61-9618+[2001-1458-303-23--100-39]-9618&alias=b9p16p0681.cern.ch&noUDP&sock=startd_5831_28d3>
	SlotName: slot1_14@b9p16p0681.cern.ch
	CondorScratchDir = "/pool/condor/dir_2604343"
	Cpus = 1
	Disk = 10005047
	GPUs = 0
	Memory = 3000
...
006 (7944174.024.000) 07/08 17:31:28 Image size of job updated: 56840
	56  -  MemoryUsage of job (MB)
	56840  -  ResidentSetSize of job (KB)
...
006 (7944174.024.000) 07/08 17:32:43 Image size of job updated: 423608
	414  -  MemoryUsage of job (MB)
	423608  -  ResidentSetSize of job (KB)
...
040 (7944174.024.000) 07/08 17:32:43 Started transferring output files
...
040 (7944174.024.000) 07/08 17:32:43 Finished transferring output files
...
012 (7944174.024.000) 07/08 17:32:45 Job was held.
	Job held by ON_EXIT_HOLD due to exit code 1.
	Code 3 Subcode 0
...
013 (7944174.024.000) 07/08 17:43:32 Job was released.
	The job attribute PeriodicRelease expression '(NumJobStarts < 3) && ((CurrentTime - EnteredCurrentStatus) > 10 * 60)' evaluated to TRUE
...
040 (7944174.024.000) 07/08 17:44:02 Started transferring input files
	Transferring to host: <188.185.206.203:9618?addrs=188.185.206.203-9618+[2001-1458-303-c--100-48]-9618&alias=b9p06p2344.cern.ch&noUDP&sock=slot1_22_7939_7e5c_32876>
...
040 (7944174.024.000) 07/08 17:44:03 Finished transferring input files
...
001 (7944174.024.000) 07/08 17:44:03 Job executing on host: <188.185.206.203:9618?addrs=188.185.206.203-9618+[2001-1458-303-c--100-48]-9618&alias=b9p06p2344.cern.ch&noUDP&sock=startd_6994_e178>
	SlotName: slot1_22@b9p06p2344.cern.ch
	CondorScratchDir = "/pool/condor/dir_1328780"
	Cpus = 1
	Disk = 10003137
	GPUs = 0
	Memory = 3000
...
040 (7944174.024.000) 07/08 17:44:24 Started transferring output files
...
040 (7944174.024.000) 07/08 17:44:24 Finished transferring output files
...
012 (7944174.024.000) 07/08 17:44:24 Job was held.
	Job held by ON_EXIT_HOLD due to exit code 1.
	Code 3 Subcode 0
...
013 (7944174.024.000) 07/08 17:55:47 Job was released.
	The job attribute PeriodicRelease expression '(NumJobStarts < 3) && ((CurrentTime - EnteredCurrentStatus) > 10 * 60)' evaluated to TRUE
...
040 (7944174.024.000) 07/08 17:57:29 Started transferring input files
	Transferring to host: <188.185.193.46:9618?addrs=188.185.193.46-9618+[2001-1458-303-20--100-2a]-9618&alias=b9p19p8632.cern.ch&noUDP&sock=slot1_20_7932_8fbc_14831>
...
040 (7944174.024.000) 07/08 17:57:29 Finished transferring input files
...
001 (7944174.024.000) 07/08 17:57:29 Job executing on host: <188.185.193.46:9618?addrs=188.185.193.46-9618+[2001-1458-303-20--100-2a]-9618&alias=b9p19p8632.cern.ch&noUDP&sock=startd_6737_99a1>
	SlotName: slot1_20@b9p19p8632.cern.ch
	CondorScratchDir = "/pool/condor/dir_137965"
	Cpus = 1
	Disk = 10002711
	GPUs = 0
	Memory = 3000
...
040 (7944174.024.000) 07/08 17:58:06 Started transferring output files
...
040 (7944174.024.000) 07/08 17:58:06 Finished transferring output files
...
012 (7944174.024.000) 07/08 17:58:06 Job was held.
	Job held by ON_EXIT_HOLD due to exit code 1.
	Code 3 Subcode 0
...
