000 (7944174.240.000) 07/08 17:29:05 Job submitted from host: <188.185.16.120:9618?addrs=188.185.16.120-9618+[2001-1458-d00-65--100-39b]-9618&alias=bigbird27.cern.ch&noUDP&sock=schedd_4465_3274>
...
040 (7944174.240.000) 07/08 17:34:13 Started transferring input files
	Transferring to host: <188.185.196.117:9618?addrs=188.185.196.117-9618+[2001-1458-303-23--100-71]-9618&alias=b9p16p9121.cern.ch&noUDP&sock=slot1_21_8494_8a92_40396>
...
040 (7944174.240.000) 07/08 17:34:14 Finished transferring input files
...
001 (7944174.240.000) 07/08 17:34:14 Job executing on host: <188.185.196.117:9618?addrs=188.185.196.117-9618+[2001-1458-303-23--100-71]-9618&alias=b9p16p9121.cern.ch&noUDP&sock=startd_7419_6538>
	SlotName: slot1_21@b9p16p9121.cern.ch
	CondorScratchDir = "/pool/condor/dir_4037419"
	Cpus = 1
	Disk = 10000418
	GPUs = 0
	Memory = 3000
...
006 (7944174.240.000) 07/08 17:34:23 Image size of job updated: 163568
	160  -  MemoryUsage of job (MB)
	163568  -  ResidentSetSize of job (KB)
...
040 (7944174.240.000) 07/08 17:34:27 Started transferring output files
...
040 (7944174.240.000) 07/08 17:34:27 Finished transferring output files
...
012 (7944174.240.000) 07/08 17:34:28 Job was held.
	Job held by ON_EXIT_HOLD due to exit code 1.
	Code 3 Subcode 0
...
013 (7944174.240.000) 07/08 17:46:03 Job was released.
	The job attribute PeriodicRelease expression '(NumJobStarts < 3) && ((CurrentTime - EnteredCurrentStatus) > 10 * 60)' evaluated to TRUE
...
040 (7944174.240.000) 07/08 17:46:38 Started transferring input files
	Transferring to host: <188.185.195.44:9618?addrs=188.185.195.44-9618+[2001-1458-303-22--100-28]-9618&alias=b9p17p7881.cern.ch&noUDP&sock=slot1_11_7010_edd6_39586>
...
040 (7944174.240.000) 07/08 17:46:39 Finished transferring input files
...
001 (7944174.240.000) 07/08 17:46:39 Job executing on host: <188.185.195.44:9618?addrs=188.185.195.44-9618+[2001-1458-303-22--100-28]-9618&alias=b9p17p7881.cern.ch&noUDP&sock=startd_6152_56b9>
	SlotName: slot1_11@b9p17p7881.cern.ch
	CondorScratchDir = "/pool/condor/dir_238774"
	Cpus = 1
	Disk = 10003293
	GPUs = 0
	Memory = 3000
...
006 (7944174.240.000) 07/08 17:47:10 Image size of job updated: 423364
	414  -  MemoryUsage of job (MB)
	423364  -  ResidentSetSize of job (KB)
...
040 (7944174.240.000) 07/08 17:47:10 Started transferring output files
...
040 (7944174.240.000) 07/08 17:47:10 Finished transferring output files
...
012 (7944174.240.000) 07/08 17:47:10 Job was held.
	Job held by ON_EXIT_HOLD due to exit code 1.
	Code 3 Subcode 0
...
013 (7944174.240.000) 07/08 17:58:12 Job was released.
	The job attribute PeriodicRelease expression '(NumJobStarts < 3) && ((CurrentTime - EnteredCurrentStatus) > 10 * 60)' evaluated to TRUE
...
040 (7944174.240.000) 07/08 18:01:30 Started transferring input files
	Transferring to host: <188.185.194.21:9618?addrs=188.185.194.21-9618+[2001-1458-303-21--100-11]-9618&alias=b9p20p4734.cern.ch&noUDP&sock=slot1_13_6142_5833_24170>
...
040 (7944174.240.000) 07/08 18:01:30 Finished transferring input files
...
001 (7944174.240.000) 07/08 18:01:30 Job executing on host: <188.185.194.21:9618?addrs=188.185.194.21-9618+[2001-1458-303-21--100-11]-9618&alias=b9p20p4734.cern.ch&noUDP&sock=startd_5824_5ba9>
	SlotName: slot1_13@b9p20p4734.cern.ch
	CondorScratchDir = "/pool/condor/dir_358860"
	Cpus = 1
	Disk = 10000519
	GPUs = 0
	Memory = 3000
...
040 (7944174.240.000) 07/08 18:01:51 Started transferring output files
...
040 (7944174.240.000) 07/08 18:01:51 Finished transferring output files
...
012 (7944174.240.000) 07/08 18:01:51 Job was held.
	Job held by ON_EXIT_HOLD due to exit code 1.
	Code 3 Subcode 0
...
