000 (7944174.242.000) 07/08 17:29:05 Job submitted from host: <188.185.16.120:9618?addrs=188.185.16.120-9618+[2001-1458-d00-65--100-39b]-9618&alias=bigbird27.cern.ch&noUDP&sock=schedd_4465_3274>
...
040 (7944174.242.000) 07/08 17:34:54 Started transferring input files
	Transferring to host: <188.185.194.113:9618?addrs=188.185.194.113-9618+[2001-1458-303-21--100-6d]-9618&alias=b9p20p2262.cern.ch&noUDP&sock=slot1_10_9969_cfee_19995>
...
040 (7944174.242.000) 07/08 17:34:54 Finished transferring input files
...
001 (7944174.242.000) 07/08 17:34:54 Job executing on host: <188.185.194.113:9618?addrs=188.185.194.113-9618+[2001-1458-303-21--100-6d]-9618&alias=b9p20p2262.cern.ch&noUDP&sock=startd_8544_0d43>
	SlotName: slot1_10@b9p20p2262.cern.ch
	CondorScratchDir = "/pool/condor/dir_1424180"
	Cpus = 1
	Disk = 10007184
	GPUs = 0
	Memory = 3000
...
006 (7944174.242.000) 07/08 17:35:09 Image size of job updated: 175516
	172  -  MemoryUsage of job (MB)
	175516  -  ResidentSetSize of job (KB)
...
006 (7944174.242.000) 07/08 17:35:12 Image size of job updated: 201444
	172  -  MemoryUsage of job (MB)
	175780  -  ResidentSetSize of job (KB)
...
040 (7944174.242.000) 07/08 17:35:12 Started transferring output files
...
040 (7944174.242.000) 07/08 17:35:12 Finished transferring output files
...
012 (7944174.242.000) 07/08 17:35:12 Job was held.
	Job held by ON_EXIT_HOLD due to exit code 1.
	Code 3 Subcode 0
...
013 (7944174.242.000) 07/08 17:46:03 Job was released.
	The job attribute PeriodicRelease expression '(NumJobStarts < 3) && ((CurrentTime - EnteredCurrentStatus) > 10 * 60)' evaluated to TRUE
...
040 (7944174.242.000) 07/08 17:46:36 Started transferring input files
	Transferring to host: <188.185.194.89:9618?addrs=188.185.194.89-9618+[2001-1458-303-21--100-55]-9618&alias=b9p20p9686.cern.ch&noUDP&sock=slot1_44_4328_37a9_23489>
...
040 (7944174.242.000) 07/08 17:46:36 Finished transferring input files
...
001 (7944174.242.000) 07/08 17:46:36 Job executing on host: <188.185.194.89:9618?addrs=188.185.194.89-9618+[2001-1458-303-21--100-55]-9618&alias=b9p20p9686.cern.ch&noUDP&sock=startd_3737_d982>
	SlotName: slot1_44@b9p20p9686.cern.ch
	CondorScratchDir = "/pool/condor/dir_115479"
	Cpus = 1
	Disk = 10128762
	GPUs = 0
	Memory = 3000
...
040 (7944174.242.000) 07/08 17:46:56 Started transferring output files
...
040 (7944174.242.000) 07/08 17:46:56 Finished transferring output files
...
012 (7944174.242.000) 07/08 17:46:56 Job was held.
	Job held by ON_EXIT_HOLD due to exit code 1.
	Code 3 Subcode 0
...
013 (7944174.242.000) 07/08 17:58:12 Job was released.
	The job attribute PeriodicRelease expression '(NumJobStarts < 3) && ((CurrentTime - EnteredCurrentStatus) > 10 * 60)' evaluated to TRUE
...
040 (7944174.242.000) 07/08 18:01:31 Started transferring input files
	Transferring to host: <188.185.192.59:9618?addrs=188.185.192.59-9618+[2001-1458-303-1f--100-37]-9618&alias=b9p13p2862.cern.ch&noUDP&sock=slot1_16_8738_761c_40308>
...
040 (7944174.242.000) 07/08 18:01:31 Finished transferring input files
...
001 (7944174.242.000) 07/08 18:01:32 Job executing on host: <188.185.192.59:9618?addrs=188.185.192.59-9618+[2001-1458-303-1f--100-37]-9618&alias=b9p13p2862.cern.ch&noUDP&sock=startd_8257_3195>
	SlotName: slot1_16@b9p13p2862.cern.ch
	CondorScratchDir = "/pool/condor/dir_1468956"
	Cpus = 1
	Disk = 10000340
	GPUs = 0
	Memory = 3000
...
040 (7944174.242.000) 07/08 18:01:52 Started transferring output files
...
040 (7944174.242.000) 07/08 18:01:52 Finished transferring output files
...
012 (7944174.242.000) 07/08 18:01:52 Job was held.
	Job held by ON_EXIT_HOLD due to exit code 1.
	Code 3 Subcode 0
...
