000 (7944174.243.000) 07/08 17:29:05 Job submitted from host: <188.185.16.120:9618?addrs=188.185.16.120-9618+[2001-1458-d00-65--100-39b]-9618&alias=bigbird27.cern.ch&noUDP&sock=schedd_4465_3274>
...
040 (7944174.243.000) 07/08 17:34:14 Started transferring input files
	Transferring to host: <188.185.194.19:9618?addrs=188.185.194.19-9618+[2001-1458-303-21--100-f]-9618&alias=b9p20p8751.cern.ch&noUDP&sock=slot1_3_6151_af93_24701>
...
040 (7944174.243.000) 07/08 17:34:15 Finished transferring input files
...
001 (7944174.243.000) 07/08 17:34:15 Job executing on host: <188.185.194.19:9618?addrs=188.185.194.19-9618+[2001-1458-303-21--100-f]-9618&alias=b9p20p8751.cern.ch&noUDP&sock=startd_6106_c95e>
	SlotName: slot1_3@b9p20p8751.cern.ch
	CondorScratchDir = "/pool/condor/dir_2762529"
	Cpus = 1
	Disk = 10042967
	GPUs = 0
	Memory = 3000
...
006 (7944174.243.000) 07/08 17:34:28 Image size of job updated: 57328
	56  -  MemoryUsage of job (MB)
	57328  -  ResidentSetSize of job (KB)
...
006 (7944174.243.000) 07/08 17:34:36 Image size of job updated: 204084
	57  -  MemoryUsage of job (MB)
	58280  -  ResidentSetSize of job (KB)
...
040 (7944174.243.000) 07/08 17:34:36 Started transferring output files
...
040 (7944174.243.000) 07/08 17:34:36 Finished transferring output files
...
012 (7944174.243.000) 07/08 17:34:36 Job was held.
	Job held by ON_EXIT_HOLD due to exit code 1.
	Code 3 Subcode 0
...
013 (7944174.243.000) 07/08 17:46:03 Job was released.
	The job attribute PeriodicRelease expression '(NumJobStarts < 3) && ((CurrentTime - EnteredCurrentStatus) > 10 * 60)' evaluated to TRUE
...
040 (7944174.243.000) 07/08 17:46:38 Started transferring input files
	Transferring to host: <128.142.161.143:9618?addrs=128.142.161.143-9618+[2001-1458-301-b9--100-c]-9618&alias=b9g03p2726.cern.ch&noUDP&sock=slot1_17_7238_935f_14533>
...
040 (7944174.243.000) 07/08 17:46:39 Finished transferring input files
...
001 (7944174.243.000) 07/08 17:46:39 Job executing on host: <128.142.161.143:9618?addrs=128.142.161.143-9618+[2001-1458-301-b9--100-c]-9618&alias=b9g03p2726.cern.ch&noUDP&sock=startd_6092_2f0b>
	SlotName: slot1_17@b9g03p2726.cern.ch
	CondorScratchDir = "/pool/condor/dir_3537802"
	Cpus = 1
	Disk = 10001415
	GPUs = 0
	Memory = 3000
...
040 (7944174.243.000) 07/08 17:47:27 Started transferring output files
...
040 (7944174.243.000) 07/08 17:47:27 Finished transferring output files
...
012 (7944174.243.000) 07/08 17:47:27 Job was held.
	Job held by ON_EXIT_HOLD due to exit code 1.
	Code 3 Subcode 0
...
013 (7944174.243.000) 07/08 17:58:12 Job was released.
	The job attribute PeriodicRelease expression '(NumJobStarts < 3) && ((CurrentTime - EnteredCurrentStatus) > 10 * 60)' evaluated to TRUE
...
040 (7944174.243.000) 07/08 18:01:31 Started transferring input files
	Transferring to host: <188.185.193.185:9618?addrs=188.185.193.185-9618+[2001-1458-303-20--100-b5]-9618&alias=b9p19p8898.cern.ch&noUDP&sock=slot1_23_4303_9a48_23570>
...
040 (7944174.243.000) 07/08 18:01:31 Finished transferring input files
...
001 (7944174.243.000) 07/08 18:01:31 Job executing on host: <188.185.193.185:9618?addrs=188.185.193.185-9618+[2001-1458-303-20--100-b5]-9618&alias=b9p19p8898.cern.ch&noUDP&sock=startd_3658_a987>
	SlotName: slot1_23@b9p19p8898.cern.ch
	CondorScratchDir = "/pool/condor/dir_89495"
	Cpus = 1
	Disk = 10003972
	GPUs = 0
	Memory = 3000
...
040 (7944174.243.000) 07/08 18:01:51 Started transferring output files
...
040 (7944174.243.000) 07/08 18:01:51 Finished transferring output files
...
012 (7944174.243.000) 07/08 18:01:51 Job was held.
	Job held by ON_EXIT_HOLD due to exit code 1.
	Code 3 Subcode 0
...
