000 (7944174.246.000) 07/08 17:29:05 Job submitted from host: <188.185.16.120:9618?addrs=188.185.16.120-9618+[2001-1458-d00-65--100-39b]-9618&alias=bigbird27.cern.ch&noUDP&sock=schedd_4465_3274>
...
040 (7944174.246.000) 07/08 17:32:31 Started transferring input files
	Transferring to host: <188.185.206.31:9618?addrs=188.185.206.31-9618+[2001-1458-303-b--100-1c]-9618&alias=b9p05p3258.cern.ch&noUDP&sock=slot1_23_9322_f134_31397>
...
040 (7944174.246.000) 07/08 17:32:32 Finished transferring input files
...
001 (7944174.246.000) 07/08 17:32:32 Job executing on host: <188.185.206.31:9618?addrs=188.185.206.31-9618+[2001-1458-303-b--100-1c]-9618&alias=b9p05p3258.cern.ch&noUDP&sock=startd_9173_7e55>
	SlotName: slot1_23@b9p05p3258.cern.ch
	CondorScratchDir = "/pool/condor/dir_3799617"
	Cpus = 1
	Disk = 10025742
	GPUs = 0
	Memory = 3000
...
006 (7944174.246.000) 07/08 17:32:46 Image size of job updated: 61872
	61  -  MemoryUsage of job (MB)
	61872  -  ResidentSetSize of job (KB)
...
006 (7944174.246.000) 07/08 17:32:56 Image size of job updated: 192356
	62  -  MemoryUsage of job (MB)
	62752  -  ResidentSetSize of job (KB)
...
040 (7944174.246.000) 07/08 17:32:56 Started transferring output files
...
040 (7944174.246.000) 07/08 17:32:56 Finished transferring output files
...
012 (7944174.246.000) 07/08 17:32:56 Job was held.
	Job held by ON_EXIT_HOLD due to exit code 1.
	Code 3 Subcode 0
...
013 (7944174.246.000) 07/08 17:43:33 Job was released.
	The job attribute PeriodicRelease expression '(NumJobStarts < 3) && ((CurrentTime - EnteredCurrentStatus) > 10 * 60)' evaluated to TRUE
...
040 (7944174.246.000) 07/08 17:45:00 Started transferring input files
	Transferring to host: <188.185.192.144:9618?addrs=188.185.192.144-9618+[2001-1458-303-1f--100-8c]-9618&alias=b9p13p3519.cern.ch&noUDP&sock=slot1_2_4320_94a9_24252>
...
040 (7944174.246.000) 07/08 17:45:00 Finished transferring input files
...
001 (7944174.246.000) 07/08 17:45:00 Job executing on host: <188.185.192.144:9618?addrs=188.185.192.144-9618+[2001-1458-303-1f--100-8c]-9618&alias=b9p13p3519.cern.ch&noUDP&sock=startd_3778_f8e4>
	SlotName: slot1_2@b9p13p3519.cern.ch
	CondorScratchDir = "/pool/condor/dir_3446642"
	Cpus = 1
	Disk = 10003159
	GPUs = 0
	Memory = 3000
...
040 (7944174.246.000) 07/08 17:45:34 Started transferring output files
...
040 (7944174.246.000) 07/08 17:45:34 Finished transferring output files
...
012 (7944174.246.000) 07/08 17:45:34 Job was held.
	Job held by ON_EXIT_HOLD due to exit code 1.
	Code 3 Subcode 0
...
013 (7944174.246.000) 07/08 17:55:47 Job was released.
	The job attribute PeriodicRelease expression '(NumJobStarts < 3) && ((CurrentTime - EnteredCurrentStatus) > 10 * 60)' evaluated to TRUE
...
040 (7944174.246.000) 07/08 17:58:27 Started transferring input files
	Transferring to host: <188.185.195.185:9618?addrs=188.185.195.185-9618+[2001-1458-303-22--100-b5]-9618&alias=b9p17p0887.cern.ch&noUDP&sock=slot1_8_5726_3c22_24303>
...
040 (7944174.246.000) 07/08 17:58:28 Finished transferring input files
...
001 (7944174.246.000) 07/08 17:58:28 Job executing on host: <188.185.195.185:9618?addrs=188.185.195.185-9618+[2001-1458-303-22--100-b5]-9618&alias=b9p17p0887.cern.ch&noUDP&sock=startd_5129_a557>
	SlotName: slot1_8@b9p17p0887.cern.ch
	CondorScratchDir = "/pool/condor/dir_161152"
	Cpus = 1
	Disk = 10001106
	GPUs = 0
	Memory = 3000
...
006 (7944174.246.000) 07/08 17:58:54 Image size of job updated: 211656
	74  -  MemoryUsage of job (MB)
	75000  -  ResidentSetSize of job (KB)
...
040 (7944174.246.000) 07/08 18:00:59 Started transferring output files
...
040 (7944174.246.000) 07/08 18:00:59 Finished transferring output files
...
012 (7944174.246.000) 07/08 18:01:02 Job was held.
	Job held by ON_EXIT_HOLD due to exit code 1.
	Code 3 Subcode 0
...
