000 (7944174.250.000) 07/08 17:29:05 Job submitted from host: <188.185.16.120:9618?addrs=188.185.16.120-9618+[2001-1458-d00-65--100-39b]-9618&alias=bigbird27.cern.ch&noUDP&sock=schedd_4465_3274>
...
040 (7944174.250.000) 07/08 17:32:32 Started transferring input files
	Transferring to host: <188.185.214.73:9618?addrs=188.185.214.73-9618+[2001-1458-303-1c--100-45]-9618&alias=b9p29p2917.cern.ch&noUDP&sock=slot1_8_8432_db50_41112>
...
040 (7944174.250.000) 07/08 17:32:33 Finished transferring input files
...
001 (7944174.250.000) 07/08 17:32:33 Job executing on host: <188.185.214.73:9618?addrs=188.185.214.73-9618+[2001-1458-303-1c--100-45]-9618&alias=b9p29p2917.cern.ch&noUDP&sock=startd_8375_21c2>
	SlotName: slot1_8@b9p29p2917.cern.ch
	CondorScratchDir = "/pool/condor/dir_3685571"
	Cpus = 1
	Disk = 10019010
	GPUs = 0
	Memory = 3000
...
006 (7944174.250.000) 07/08 17:32:42 Image size of job updated: 59248
	58  -  MemoryUsage of job (MB)
	59248  -  ResidentSetSize of job (KB)
...
006 (7944174.250.000) 07/08 17:33:02 Image size of job updated: 423428
	414  -  MemoryUsage of job (MB)
	423428  -  ResidentSetSize of job (KB)
...
040 (7944174.250.000) 07/08 17:33:02 Started transferring output files
...
040 (7944174.250.000) 07/08 17:33:02 Finished transferring output files
...
012 (7944174.250.000) 07/08 17:33:02 Job was held.
	Job held by ON_EXIT_HOLD due to exit code 1.
	Code 3 Subcode 0
...
013 (7944174.250.000) 07/08 17:43:33 Job was released.
	The job attribute PeriodicRelease expression '(NumJobStarts < 3) && ((CurrentTime - EnteredCurrentStatus) > 10 * 60)' evaluated to TRUE
...
040 (7944174.250.000) 07/08 17:45:02 Started transferring input files
	Transferring to host: <188.185.211.161:9618?addrs=188.185.211.161-9618+[2001-1458-303-17--100-1d]-9618&alias=b9p24p8130.cern.ch&noUDP&sock=slot1_4_3724561_e9fb_17934>
...
040 (7944174.250.000) 07/08 17:45:03 Finished transferring input files
...
001 (7944174.250.000) 07/08 17:45:03 Job executing on host: <188.185.211.161:9618?addrs=188.185.211.161-9618+[2001-1458-303-17--100-1d]-9618&alias=b9p24p8130.cern.ch&noUDP&sock=startd_3724522_e0c6>
	SlotName: slot1_4@b9p24p8130.cern.ch
	CondorScratchDir = "/pool/condor/dir_3920264"
	Cpus = 1
	Disk = 10002196
	GPUs = 0
	Memory = 3000
...
040 (7944174.250.000) 07/08 17:45:30 Started transferring output files
...
040 (7944174.250.000) 07/08 17:45:30 Finished transferring output files
...
012 (7944174.250.000) 07/08 17:45:30 Job was held.
	Job held by ON_EXIT_HOLD due to exit code 1.
	Code 3 Subcode 0
...
013 (7944174.250.000) 07/08 17:55:47 Job was released.
	The job attribute PeriodicRelease expression '(NumJobStarts < 3) && ((CurrentTime - EnteredCurrentStatus) > 10 * 60)' evaluated to TRUE
...
040 (7944174.250.000) 07/08 17:58:27 Started transferring input files
	Transferring to host: <188.185.193.150:9618?addrs=188.185.193.150-9618+[2001-1458-303-20--100-92]-9618&alias=b9p19p1485.cern.ch&noUDP&sock=slot1_16_5823_9486_21064>
...
040 (7944174.250.000) 07/08 17:58:27 Finished transferring input files
...
001 (7944174.250.000) 07/08 17:58:27 Job executing on host: <188.185.193.150:9618?addrs=188.185.193.150-9618+[2001-1458-303-20--100-92]-9618&alias=b9p19p1485.cern.ch&noUDP&sock=startd_5258_210e>
	SlotName: slot1_16@b9p19p1485.cern.ch
	CondorScratchDir = "/pool/condor/dir_1535694"
	Cpus = 1
	Disk = 10002962
	GPUs = 0
	Memory = 3000
...
040 (7944174.250.000) 07/08 18:00:59 Started transferring output files
...
040 (7944174.250.000) 07/08 18:00:59 Finished transferring output files
...
012 (7944174.250.000) 07/08 18:01:02 Job was held.
	Job held by ON_EXIT_HOLD due to exit code 1.
	Code 3 Subcode 0
...
