000 (7944174.251.000) 07/08 17:29:05 Job submitted from host: <188.185.16.120:9618?addrs=188.185.16.120-9618+[2001-1458-d00-65--100-39b]-9618&alias=bigbird27.cern.ch&noUDP&sock=schedd_4465_3274>
...
040 (7944174.251.000) 07/08 17:34:15 Started transferring input files
	Transferring to host: <188.185.211.73:9618?addrs=188.185.211.73-9618+[2001-1458-303-16--100-45]-9618&alias=b9p23p9543.cern.ch&noUDP&sock=slot1_33_8378_cf0e_38636>
...
040 (7944174.251.000) 07/08 17:34:16 Finished transferring input files
...
001 (7944174.251.000) 07/08 17:34:16 Job executing on host: <188.185.211.73:9618?addrs=188.185.211.73-9618+[2001-1458-303-16--100-45]-9618&alias=b9p23p9543.cern.ch&noUDP&sock=startd_8208_9571>
	SlotName: slot1_33@b9p23p9543.cern.ch
	CondorScratchDir = "/pool/condor/dir_474288"
	Cpus = 1
	Disk = 10055313
	GPUs = 0
	Memory = 3000
...
006 (7944174.251.000) 07/08 17:34:24 Image size of job updated: 43236
	43  -  MemoryUsage of job (MB)
	43236  -  ResidentSetSize of job (KB)
...
006 (7944174.251.000) 07/08 17:34:30 Image size of job updated: 43236
	43  -  MemoryUsage of job (MB)
	43880  -  ResidentSetSize of job (KB)
...
040 (7944174.251.000) 07/08 17:34:30 Started transferring output files
...
040 (7944174.251.000) 07/08 17:34:30 Finished transferring output files
...
012 (7944174.251.000) 07/08 17:34:30 Job was held.
	Job held by ON_EXIT_HOLD due to exit code 1.
	Code 3 Subcode 0
...
013 (7944174.251.000) 07/08 17:46:03 Job was released.
	The job attribute PeriodicRelease expression '(NumJobStarts < 3) && ((CurrentTime - EnteredCurrentStatus) > 10 * 60)' evaluated to TRUE
...
040 (7944174.251.000) 07/08 17:46:39 Started transferring input files
	Transferring to host: <188.185.194.95:9618?addrs=188.185.194.95-9618+[2001-1458-303-21--100-5b]-9618&alias=b9p20p2820.cern.ch&noUDP&sock=slot1_47_8343_25ec_24672>
...
040 (7944174.251.000) 07/08 17:46:40 Finished transferring input files
...
001 (7944174.251.000) 07/08 17:46:40 Job executing on host: <188.185.194.95:9618?addrs=188.185.194.95-9618+[2001-1458-303-21--100-5b]-9618&alias=b9p20p2820.cern.ch&noUDP&sock=startd_7005_6d02>
	SlotName: slot1_47@b9p20p2820.cern.ch
	CondorScratchDir = "/pool/condor/dir_341356"
	Cpus = 1
	Disk = 10002794
	GPUs = 0
	Memory = 3000
...
006 (7944174.251.000) 07/08 17:47:32 Image size of job updated: 203972
	44  -  MemoryUsage of job (MB)
	45000  -  ResidentSetSize of job (KB)
...
040 (7944174.251.000) 07/08 17:47:32 Started transferring output files
...
040 (7944174.251.000) 07/08 17:47:32 Finished transferring output files
...
012 (7944174.251.000) 07/08 17:47:32 Job was held.
	Job held by ON_EXIT_HOLD due to exit code 1.
	Code 3 Subcode 0
...
013 (7944174.251.000) 07/08 17:58:12 Job was released.
	The job attribute PeriodicRelease expression '(NumJobStarts < 3) && ((CurrentTime - EnteredCurrentStatus) > 10 * 60)' evaluated to TRUE
...
040 (7944174.251.000) 07/08 18:10:08 Started transferring input files
	Transferring to host: <188.185.198.174:9618?addrs=188.185.198.174-9618+[2001-1458-303-25--100-aa]-9618&alias=b9p15p4664.cern.ch&noUDP&sock=slot1_22_1536308_b783_27817>
...
040 (7944174.251.000) 07/08 18:10:09 Finished transferring input files
...
001 (7944174.251.000) 07/08 18:10:09 Job executing on host: <188.185.198.174:9618?addrs=188.185.198.174-9618+[2001-1458-303-25--100-aa]-9618&alias=b9p15p4664.cern.ch&noUDP&sock=startd_1536263_3731>
	SlotName: slot1_22@b9p15p4664.cern.ch
	CondorScratchDir = "/pool/condor/dir_3670240"
	Cpus = 1
	Disk = 10011513
	GPUs = 0
	Memory = 3000
...
040 (7944174.251.000) 07/08 18:10:31 Started transferring output files
...
040 (7944174.251.000) 07/08 18:10:31 Finished transferring output files
...
012 (7944174.251.000) 07/08 18:10:31 Job was held.
	Job held by ON_EXIT_HOLD due to exit code 1.
	Code 3 Subcode 0
...
