000 (7944174.252.000) 07/08 17:29:05 Job submitted from host: <188.185.16.120:9618?addrs=188.185.16.120-9618+[2001-1458-d00-65--100-39b]-9618&alias=bigbird27.cern.ch&noUDP&sock=schedd_4465_3274>
...
040 (7944174.252.000) 07/08 17:32:33 Started transferring input files
	Transferring to host: <188.185.196.139:9618?addrs=188.185.196.139-9618+[2001-1458-303-23--100-87]-9618&alias=b9p16p3545.cern.ch&noUDP&sock=slot1_10_4030_3fdd_40002>
...
040 (7944174.252.000) 07/08 17:32:34 Finished transferring input files
...
001 (7944174.252.000) 07/08 17:32:34 Job executing on host: <188.185.196.139:9618?addrs=188.185.196.139-9618+[2001-1458-303-23--100-87]-9618&alias=b9p16p3545.cern.ch&noUDP&sock=startd_3061_2b7c>
	SlotName: slot1_10@b9p16p3545.cern.ch
	CondorScratchDir = "/pool/condor/dir_3976880"
	Cpus = 1
	Disk = 10001428
	GPUs = 0
	Memory = 3000
...
006 (7944174.252.000) 07/08 17:32:48 Image size of job updated: 29084
	29  -  MemoryUsage of job (MB)
	29084  -  ResidentSetSize of job (KB)
...
006 (7944174.252.000) 07/08 17:33:11 Image size of job updated: 212500
	30  -  MemoryUsage of job (MB)
	30044  -  ResidentSetSize of job (KB)
...
040 (7944174.252.000) 07/08 17:33:11 Started transferring output files
...
040 (7944174.252.000) 07/08 17:33:11 Finished transferring output files
...
012 (7944174.252.000) 07/08 17:33:11 Job was held.
	Job held by ON_EXIT_HOLD due to exit code 1.
	Code 3 Subcode 0
...
013 (7944174.252.000) 07/08 17:43:33 Job was released.
	The job attribute PeriodicRelease expression '(NumJobStarts < 3) && ((CurrentTime - EnteredCurrentStatus) > 10 * 60)' evaluated to TRUE
...
040 (7944174.252.000) 07/08 17:45:02 Started transferring input files
	Transferring to host: <188.185.192.35:9618?addrs=188.185.192.35-9618+[2001-1458-303-1f--100-1f]-9618&alias=b9p13p2801.cern.ch&noUDP&sock=slot1_28_8718_5e9c_40201>
...
040 (7944174.252.000) 07/08 17:45:03 Finished transferring input files
...
001 (7944174.252.000) 07/08 17:45:03 Job executing on host: <188.185.192.35:9618?addrs=188.185.192.35-9618+[2001-1458-303-1f--100-1f]-9618&alias=b9p13p2801.cern.ch&noUDP&sock=startd_8235_1a80>
	SlotName: slot1_28@b9p13p2801.cern.ch
	CondorScratchDir = "/pool/condor/dir_1968985"
	Cpus = 1
	Disk = 10004456
	GPUs = 0
	Memory = 3000
...
006 (7944174.252.000) 07/08 17:45:16 Image size of job updated: 225000
	33  -  MemoryUsage of job (MB)
	33400  -  ResidentSetSize of job (KB)
...
006 (7944174.252.000) 07/08 17:45:35 Image size of job updated: 225000
	34  -  MemoryUsage of job (MB)
	34156  -  ResidentSetSize of job (KB)
...
040 (7944174.252.000) 07/08 17:45:35 Started transferring output files
...
040 (7944174.252.000) 07/08 17:45:35 Finished transferring output files
...
012 (7944174.252.000) 07/08 17:45:35 Job was held.
	Job held by ON_EXIT_HOLD due to exit code 1.
	Code 3 Subcode 0
...
013 (7944174.252.000) 07/08 17:55:47 Job was released.
	The job attribute PeriodicRelease expression '(NumJobStarts < 3) && ((CurrentTime - EnteredCurrentStatus) > 10 * 60)' evaluated to TRUE
...
040 (7944174.252.000) 07/08 18:00:59 Started transferring input files
	Transferring to host: <188.185.198.56:9618?addrs=188.185.198.56-9618+[2001-1458-303-25--100-34]-9618&alias=b9p15p6243.cern.ch&noUDP&sock=slot1_23_3259394_ae77_20497>
...
040 (7944174.252.000) 07/08 18:01:00 Finished transferring input files
...
001 (7944174.252.000) 07/08 18:01:02 Job executing on host: <188.185.198.56:9618?addrs=188.185.198.56-9618+[2001-1458-303-25--100-34]-9618&alias=b9p15p6243.cern.ch&noUDP&sock=startd_3259329_2c51>
	SlotName: slot1_23@b9p15p6243.cern.ch
	CondorScratchDir = "/pool/condor/dir_2720216"
	Cpus = 1
	Disk = 10002325
	GPUs = 0
	Memory = 3000
...
006 (7944174.252.000) 07/08 18:01:10 Image size of job updated: 225000
	60  -  MemoryUsage of job (MB)
	61332  -  ResidentSetSize of job (KB)
...
006 (7944174.252.000) 07/08 18:01:28 Image size of job updated: 422784
	413  -  MemoryUsage of job (MB)
	422784  -  ResidentSetSize of job (KB)
...
040 (7944174.252.000) 07/08 18:01:28 Started transferring output files
...
040 (7944174.252.000) 07/08 18:01:28 Finished transferring output files
...
012 (7944174.252.000) 07/08 18:01:28 Job was held.
	Job held by ON_EXIT_HOLD due to exit code 1.
	Code 3 Subcode 0
...
