000 (7944174.255.000) 07/08 17:29:05 Job submitted from host: <188.185.16.120:9618?addrs=188.185.16.120-9618+[2001-1458-d00-65--100-39b]-9618&alias=bigbird27.cern.ch&noUDP&sock=schedd_4465_3274>
...
040 (7944174.255.000) 07/08 17:34:00 Started transferring input files
	Transferring to host: <128.142.161.103:9618?addrs=128.142.161.103-9618+[2001-1458-301-b8--100-25]-9618&alias=b9g03p9337.cern.ch&noUDP&sock=slot1_28_4480_50af_24056>
...
040 (7944174.255.000) 07/08 17:34:00 Finished transferring input files
...
001 (7944174.255.000) 07/08 17:34:00 Job executing on host: <128.142.161.103:9618?addrs=128.142.161.103-9618+[2001-1458-301-b8--100-25]-9618&alias=b9g03p9337.cern.ch&noUDP&sock=startd_3797_0131>
	SlotName: slot1_28@b9g03p9337.cern.ch
	CondorScratchDir = "/pool/condor/dir_1830458"
	Cpus = 1
	Disk = 10000145
	GPUs = 0
	Memory = 3000
...
006 (7944174.255.000) 07/08 17:34:14 Image size of job updated: 34008
	34  -  MemoryUsage of job (MB)
	34008  -  ResidentSetSize of job (KB)
...
006 (7944174.255.000) 07/08 17:34:20 Image size of job updated: 151492
	34  -  MemoryUsage of job (MB)
	34552  -  ResidentSetSize of job (KB)
...
040 (7944174.255.000) 07/08 17:34:20 Started transferring output files
...
040 (7944174.255.000) 07/08 17:34:20 Finished transferring output files
...
012 (7944174.255.000) 07/08 17:34:20 Job was held.
	Job held by ON_EXIT_HOLD due to exit code 1.
	Code 3 Subcode 0
...
013 (7944174.255.000) 07/08 17:46:03 Job was released.
	The job attribute PeriodicRelease expression '(NumJobStarts < 3) && ((CurrentTime - EnteredCurrentStatus) > 10 * 60)' evaluated to TRUE
...
040 (7944174.255.000) 07/08 17:46:39 Started transferring input files
	Transferring to host: <188.185.192.129:9618?addrs=188.185.192.129-9618+[2001-1458-303-1f--100-7d]-9618&alias=b9p13p4893.cern.ch&noUDP&sock=slot1_5_4174_b5e3_24033>
...
040 (7944174.255.000) 07/08 17:46:39 Finished transferring input files
...
001 (7944174.255.000) 07/08 17:46:39 Job executing on host: <188.185.192.129:9618?addrs=188.185.192.129-9618+[2001-1458-303-1f--100-7d]-9618&alias=b9p13p4893.cern.ch&noUDP&sock=startd_3656_4a56>
	SlotName: slot1_5@b9p13p4893.cern.ch
	CondorScratchDir = "/pool/condor/dir_1742842"
	Cpus = 1
	Disk = 10001354
	GPUs = 0
	Memory = 3000
...
006 (7944174.255.000) 07/08 17:47:41 Image size of job updated: 211168
	35  -  MemoryUsage of job (MB)
	35000  -  ResidentSetSize of job (KB)
...
040 (7944174.255.000) 07/08 17:47:41 Started transferring output files
...
040 (7944174.255.000) 07/08 17:47:41 Finished transferring output files
...
012 (7944174.255.000) 07/08 17:47:41 Job was held.
	Job held by ON_EXIT_HOLD due to exit code 1.
	Code 3 Subcode 0
...
013 (7944174.255.000) 07/08 17:58:12 Job was released.
	The job attribute PeriodicRelease expression '(NumJobStarts < 3) && ((CurrentTime - EnteredCurrentStatus) > 10 * 60)' evaluated to TRUE
...
040 (7944174.255.000) 07/08 18:01:34 Started transferring input files
	Transferring to host: <188.185.194.22:9618?addrs=188.185.194.22-9618+[2001-1458-303-21--100-12]-9618&alias=b9p20p0210.cern.ch&noUDP&sock=slot1_11_11535_336e_24256>
...
040 (7944174.255.000) 07/08 18:01:35 Finished transferring input files
...
001 (7944174.255.000) 07/08 18:01:35 Job executing on host: <188.185.194.22:9618?addrs=188.185.194.22-9618+[2001-1458-303-21--100-12]-9618&alias=b9p20p0210.cern.ch&noUDP&sock=startd_10756_4cc1>
	SlotName: slot1_11@b9p20p0210.cern.ch
	CondorScratchDir = "/pool/condor/dir_4076087"
	Cpus = 1
	Disk = 10003305
	GPUs = 0
	Memory = 3000
...
040 (7944174.255.000) 07/08 18:01:57 Started transferring output files
...
040 (7944174.255.000) 07/08 18:01:57 Finished transferring output files
...
012 (7944174.255.000) 07/08 18:01:57 Job was held.
	Job held by ON_EXIT_HOLD due to exit code 1.
	Code 3 Subcode 0
...
