000 (7944174.257.000) 07/08 17:29:05 Job submitted from host: <188.185.16.120:9618?addrs=188.185.16.120-9618+[2001-1458-d00-65--100-39b]-9618&alias=bigbird27.cern.ch&noUDP&sock=schedd_4465_3274>
...
040 (7944174.257.000) 07/08 17:32:34 Started transferring input files
	Transferring to host: <188.185.210.140:9618?addrs=188.185.210.140-9618+[2001-1458-303-15--100-8]-9618&alias=b9p22p7590.cern.ch&noUDP&sock=slot1_8_8408_f24f_48190>
...
040 (7944174.257.000) 07/08 17:32:35 Finished transferring input files
...
001 (7944174.257.000) 07/08 17:32:35 Job executing on host: <188.185.210.140:9618?addrs=188.185.210.140-9618+[2001-1458-303-15--100-8]-9618&alias=b9p22p7590.cern.ch&noUDP&sock=startd_8336_6190>
	SlotName: slot1_8@b9p22p7590.cern.ch
	CondorScratchDir = "/pool/condor/dir_3931563"
	Cpus = 1
	Disk = 10002950
	GPUs = 0
	Memory = 3000
...
006 (7944174.257.000) 07/08 17:32:44 Image size of job updated: 46796
	46  -  MemoryUsage of job (MB)
	46796  -  ResidentSetSize of job (KB)
...
006 (7944174.257.000) 07/08 17:34:17 Image size of job updated: 406744
	398  -  MemoryUsage of job (MB)
	406744  -  ResidentSetSize of job (KB)
...
040 (7944174.257.000) 07/08 17:34:17 Started transferring output files
...
040 (7944174.257.000) 07/08 17:34:17 Finished transferring output files
...
012 (7944174.257.000) 07/08 17:34:17 Job was held.
	Job held by ON_EXIT_HOLD due to exit code 1.
	Code 3 Subcode 0
...
013 (7944174.257.000) 07/08 17:46:03 Job was released.
	The job attribute PeriodicRelease expression '(NumJobStarts < 3) && ((CurrentTime - EnteredCurrentStatus) > 10 * 60)' evaluated to TRUE
...
040 (7944174.257.000) 07/08 17:46:39 Started transferring input files
	Transferring to host: <188.185.215.136:9618?addrs=188.185.215.136-9618+[2001-1458-303-26--100-4]-9618&alias=b9p18p5481.cern.ch&noUDP&sock=slot1_24_1663429_f614_18279>
...
040 (7944174.257.000) 07/08 17:46:40 Finished transferring input files
...
001 (7944174.257.000) 07/08 17:46:40 Job executing on host: <188.185.215.136:9618?addrs=188.185.215.136-9618+[2001-1458-303-26--100-4]-9618&alias=b9p18p5481.cern.ch&noUDP&sock=startd_1663391_7315>
	SlotName: slot1_24@b9p18p5481.cern.ch
	CondorScratchDir = "/pool/condor/dir_1659494"
	Cpus = 1
	Disk = 10003224
	GPUs = 0
	Memory = 3000
...
040 (7944174.257.000) 07/08 17:47:24 Started transferring output files
...
040 (7944174.257.000) 07/08 17:47:24 Finished transferring output files
...
012 (7944174.257.000) 07/08 17:47:24 Job was held.
	Job held by ON_EXIT_HOLD due to exit code 1.
	Code 3 Subcode 0
...
013 (7944174.257.000) 07/08 17:58:12 Job was released.
	The job attribute PeriodicRelease expression '(NumJobStarts < 3) && ((CurrentTime - EnteredCurrentStatus) > 10 * 60)' evaluated to TRUE
...
040 (7944174.257.000) 07/08 18:10:08 Started transferring input files
	Transferring to host: <188.185.192.138:9618?addrs=188.185.192.138-9618+[2001-1458-303-1f--100-86]-9618&alias=b9p13p9545.cern.ch&noUDP&sock=slot1_11_6076_d770_22312>
...
040 (7944174.257.000) 07/08 18:10:08 Finished transferring input files
...
001 (7944174.257.000) 07/08 18:10:08 Job executing on host: <188.185.192.138:9618?addrs=188.185.192.138-9618+[2001-1458-303-1f--100-86]-9618&alias=b9p13p9545.cern.ch&noUDP&sock=startd_5520_d6df>
	SlotName: slot1_11@b9p13p9545.cern.ch
	CondorScratchDir = "/pool/condor/dir_221061"
	Cpus = 1
	Disk = 10182776
	GPUs = 0
	Memory = 3000
...
040 (7944174.257.000) 07/08 18:10:34 Started transferring output files
...
040 (7944174.257.000) 07/08 18:10:34 Finished transferring output files
...
012 (7944174.257.000) 07/08 18:10:34 Job was held.
	Job held by ON_EXIT_HOLD due to exit code 1.
	Code 3 Subcode 0
...
