000 (7944174.259.000) 07/08 17:29:05 Job submitted from host: <188.185.16.120:9618?addrs=188.185.16.120-9618+[2001-1458-d00-65--100-39b]-9618&alias=bigbird27.cern.ch&noUDP&sock=schedd_4465_3274>
...
040 (7944174.259.000) 07/08 17:32:35 Started transferring input files
	Transferring to host: <188.185.193.66:9618?addrs=188.185.193.66-9618+[2001-1458-303-20--100-3e]-9618&alias=b9p19p7061.cern.ch&noUDP&sock=slot1_6_6127_c692_24420>
...
040 (7944174.259.000) 07/08 17:32:36 Finished transferring input files
...
001 (7944174.259.000) 07/08 17:32:36 Job executing on host: <188.185.193.66:9618?addrs=188.185.193.66-9618+[2001-1458-303-20--100-3e]-9618&alias=b9p19p7061.cern.ch&noUDP&sock=startd_5688_12c8>
	SlotName: slot1_6@b9p19p7061.cern.ch
	CondorScratchDir = "/pool/condor/dir_541966"
	Cpus = 1
	Disk = 10000803
	GPUs = 0
	Memory = 3000
...
006 (7944174.259.000) 07/08 17:32:49 Image size of job updated: 30704
	30  -  MemoryUsage of job (MB)
	30704  -  ResidentSetSize of job (KB)
...
006 (7944174.259.000) 07/08 17:33:12 Image size of job updated: 203552
	31  -  MemoryUsage of job (MB)
	30824  -  ResidentSetSize of job (KB)
...
040 (7944174.259.000) 07/08 17:33:12 Started transferring output files
...
040 (7944174.259.000) 07/08 17:33:12 Finished transferring output files
...
012 (7944174.259.000) 07/08 17:33:12 Job was held.
	Job held by ON_EXIT_HOLD due to exit code 1.
	Code 3 Subcode 0
...
013 (7944174.259.000) 07/08 17:43:33 Job was released.
	The job attribute PeriodicRelease expression '(NumJobStarts < 3) && ((CurrentTime - EnteredCurrentStatus) > 10 * 60)' evaluated to TRUE
...
040 (7944174.259.000) 07/08 17:45:04 Started transferring input files
	Transferring to host: <188.185.212.45:9618?addrs=188.185.212.45-9618+[2001-1458-303-18--100-29]-9618&alias=b9p25p8932.cern.ch&noUDP&sock=slot1_3_482200_4592_21333>
...
040 (7944174.259.000) 07/08 17:45:05 Finished transferring input files
...
001 (7944174.259.000) 07/08 17:45:05 Job executing on host: <188.185.212.45:9618?addrs=188.185.212.45-9618+[2001-1458-303-18--100-29]-9618&alias=b9p25p8932.cern.ch&noUDP&sock=startd_482162_9b20>
	SlotName: slot1_3@b9p25p8932.cern.ch
	CondorScratchDir = "/pool/condor/dir_3007855"
	Cpus = 1
	Disk = 10001226
	GPUs = 0
	Memory = 3000
...
040 (7944174.259.000) 07/08 17:45:37 Started transferring output files
...
040 (7944174.259.000) 07/08 17:45:37 Finished transferring output files
...
012 (7944174.259.000) 07/08 17:45:37 Job was held.
	Job held by ON_EXIT_HOLD due to exit code 1.
	Code 3 Subcode 0
...
013 (7944174.259.000) 07/08 17:55:47 Job was released.
	The job attribute PeriodicRelease expression '(NumJobStarts < 3) && ((CurrentTime - EnteredCurrentStatus) > 10 * 60)' evaluated to TRUE
...
040 (7944174.259.000) 07/08 17:58:29 Started transferring input files
	Transferring to host: <188.185.196.65:9618?addrs=188.185.196.65-9618+[2001-1458-303-23--100-3d]-9618&alias=b9p16p1796.cern.ch&noUDP&sock=slot1_10_3949235_126b_19177>
...
040 (7944174.259.000) 07/08 17:58:30 Finished transferring input files
...
001 (7944174.259.000) 07/08 17:58:30 Job executing on host: <188.185.196.65:9618?addrs=188.185.196.65-9618+[2001-1458-303-23--100-3d]-9618&alias=b9p16p1796.cern.ch&noUDP&sock=startd_3949197_3d88>
	SlotName: slot1_10@b9p16p1796.cern.ch
	CondorScratchDir = "/pool/condor/dir_3348937"
	Cpus = 1
	Disk = 10003638
	GPUs = 0
	Memory = 3000
...
006 (7944174.259.000) 07/08 17:58:38 Image size of job updated: 225000
	64  -  MemoryUsage of job (MB)
	65440  -  ResidentSetSize of job (KB)
...
006 (7944174.259.000) 07/08 17:58:59 Image size of job updated: 425692
	416  -  MemoryUsage of job (MB)
	425692  -  ResidentSetSize of job (KB)
...
040 (7944174.259.000) 07/08 18:00:59 Started transferring output files
...
040 (7944174.259.000) 07/08 18:00:59 Finished transferring output files
...
012 (7944174.259.000) 07/08 18:01:02 Job was held.
	Job held by ON_EXIT_HOLD due to exit code 1.
	Code 3 Subcode 0
...
