000 (7944174.026.000) 07/08 17:29:04 Job submitted from host: <188.185.16.120:9618?addrs=188.185.16.120-9618+[2001-1458-d00-65--100-39b]-9618&alias=bigbird27.cern.ch&noUDP&sock=schedd_4465_3274>
...
040 (7944174.026.000) 07/08 17:31:19 Started transferring input files
	Transferring to host: <188.185.198.83:9618?addrs=188.185.198.83-9618+[2001-1458-303-25--100-4f]-9618&alias=b9p15p4827.cern.ch&noUDP&sock=slot1_31_2326552_1a8a_22880>
...
040 (7944174.026.000) 07/08 17:31:20 Finished transferring input files
...
001 (7944174.026.000) 07/08 17:31:20 Job executing on host: <188.185.198.83:9618?addrs=188.185.198.83-9618+[2001-1458-303-25--100-4f]-9618&alias=b9p15p4827.cern.ch&noUDP&sock=startd_2326427_ff1f>
	SlotName: slot1_31@b9p15p4827.cern.ch
	CondorScratchDir = "/pool/condor/dir_1223384"
	Cpus = 1
	Disk = 10003112
	GPUs = 0
	Memory = 3000
...
006 (7944174.026.000) 07/08 17:31:34 Image size of job updated: 20868
	17  -  MemoryUsage of job (MB)
	17080  -  ResidentSetSize of job (KB)
...
006 (7944174.026.000) 07/08 17:32:43 Image size of job updated: 202956
	17  -  MemoryUsage of job (MB)
	17080  -  ResidentSetSize of job (KB)
...
040 (7944174.026.000) 07/08 17:32:43 Started transferring output files
...
040 (7944174.026.000) 07/08 17:32:43 Finished transferring output files
...
012 (7944174.026.000) 07/08 17:32:45 Job was held.
	Job held by ON_EXIT_HOLD due to exit code 1.
	Code 3 Subcode 0
...
013 (7944174.026.000) 07/08 17:43:32 Job was released.
	The job attribute PeriodicRelease expression '(NumJobStarts < 3) && ((CurrentTime - EnteredCurrentStatus) > 10 * 60)' evaluated to TRUE
...
040 (7944174.026.000) 07/08 17:45:21 Started transferring input files
	Transferring to host: <188.185.192.96:9618?addrs=188.185.192.96-9618+[2001-1458-303-1f--100-5c]-9618&alias=b9p13p7489.cern.ch&noUDP&sock=slot1_7_8696_de5b_40018>
...
040 (7944174.026.000) 07/08 17:45:21 Finished transferring input files
...
001 (7944174.026.000) 07/08 17:45:21 Job executing on host: <188.185.192.96:9618?addrs=188.185.192.96-9618+[2001-1458-303-1f--100-5c]-9618&alias=b9p13p7489.cern.ch&noUDP&sock=startd_8208_9571>
	SlotName: slot1_7@b9p13p7489.cern.ch
	CondorScratchDir = "/pool/condor/dir_987574"
	Cpus = 1
	Disk = 10005050
	GPUs = 0
	Memory = 3000
...
006 (7944174.026.000) 07/08 17:45:30 Image size of job updated: 225000
	115  -  MemoryUsage of job (MB)
	117064  -  ResidentSetSize of job (KB)
...
006 (7944174.026.000) 07/08 17:45:35 Image size of job updated: 225000
	116  -  MemoryUsage of job (MB)
	118600  -  ResidentSetSize of job (KB)
...
040 (7944174.026.000) 07/08 17:45:35 Started transferring output files
...
040 (7944174.026.000) 07/08 17:45:35 Finished transferring output files
...
012 (7944174.026.000) 07/08 17:45:35 Job was held.
	Job held by ON_EXIT_HOLD due to exit code 1.
	Code 3 Subcode 0
...
013 (7944174.026.000) 07/08 17:55:47 Job was released.
	The job attribute PeriodicRelease expression '(NumJobStarts < 3) && ((CurrentTime - EnteredCurrentStatus) > 10 * 60)' evaluated to TRUE
...
040 (7944174.026.000) 07/08 17:57:29 Started transferring input files
	Transferring to host: <188.185.194.93:9618?addrs=188.185.194.93-9618+[2001-1458-303-21--100-59]-9618&alias=b9p20p7492.cern.ch&noUDP&sock=slot1_2_4243_53c6_24487>
...
040 (7944174.026.000) 07/08 17:57:29 Finished transferring input files
...
001 (7944174.026.000) 07/08 17:57:29 Job executing on host: <188.185.194.93:9618?addrs=188.185.194.93-9618+[2001-1458-303-21--100-59]-9618&alias=b9p20p7492.cern.ch&noUDP&sock=startd_3617_8a24>
	SlotName: slot1_2@b9p20p7492.cern.ch
	CondorScratchDir = "/pool/condor/dir_3844980"
	Cpus = 1
	Disk = 10004638
	GPUs = 0
	Memory = 3000
...
040 (7944174.026.000) 07/08 17:57:50 Started transferring output files
...
040 (7944174.026.000) 07/08 17:57:55 Finished transferring output files
...
012 (7944174.026.000) 07/08 17:57:55 Job was held.
	Job held by ON_EXIT_HOLD due to exit code 1.
	Code 3 Subcode 0
...
