000 (7944174.261.000) 07/08 17:29:05 Job submitted from host: <188.185.16.120:9618?addrs=188.185.16.120-9618+[2001-1458-d00-65--100-39b]-9618&alias=bigbird27.cern.ch&noUDP&sock=schedd_4465_3274>
...
040 (7944174.261.000) 07/08 17:35:09 Started transferring input files
	Transferring to host: <188.185.192.89:9618?addrs=188.185.192.89-9618&alias=b9p13p4128.cern.ch&noUDP&sock=slot1_14_1567943_6fa9_27901>
...
040 (7944174.261.000) 07/08 17:35:09 Finished transferring input files
...
001 (7944174.261.000) 07/08 17:35:09 Job executing on host: <188.185.192.89:9618?addrs=188.185.192.89-9618&alias=b9p13p4128.cern.ch&noUDP&sock=startd_1567896_d28e>
	SlotName: slot1_14@b9p13p4128.cern.ch
	CondorScratchDir = "/pool/condor/dir_1482758"
	Cpus = 1
	Disk = 10003954
	GPUs = 0
	Memory = 3000
...
006 (7944174.261.000) 07/08 17:35:23 Image size of job updated: 105484
	104  -  MemoryUsage of job (MB)
	105484  -  ResidentSetSize of job (KB)
...
006 (7944174.261.000) 07/08 17:35:31 Image size of job updated: 213180
	105  -  MemoryUsage of job (MB)
	107092  -  ResidentSetSize of job (KB)
...
040 (7944174.261.000) 07/08 17:35:31 Started transferring output files
...
040 (7944174.261.000) 07/08 17:35:32 Finished transferring output files
...
012 (7944174.261.000) 07/08 17:35:32 Job was held.
	Job held by ON_EXIT_HOLD due to exit code 1.
	Code 3 Subcode 0
...
013 (7944174.261.000) 07/08 17:46:03 Job was released.
	The job attribute PeriodicRelease expression '(NumJobStarts < 3) && ((CurrentTime - EnteredCurrentStatus) > 10 * 60)' evaluated to TRUE
...
040 (7944174.261.000) 07/08 17:46:40 Started transferring input files
	Transferring to host: <188.185.194.137:9618?addrs=188.185.194.137-9618+[2001-1458-303-21--100-85]-9618&alias=b9p20p1306.cern.ch&noUDP&sock=slot1_44_2377982_30f5_22152>
...
040 (7944174.261.000) 07/08 17:46:41 Finished transferring input files
...
001 (7944174.261.000) 07/08 17:46:41 Job executing on host: <188.185.194.137:9618?addrs=188.185.194.137-9618+[2001-1458-303-21--100-85]-9618&alias=b9p20p1306.cern.ch&noUDP&sock=startd_2377938_4211>
	SlotName: slot1_44@b9p20p1306.cern.ch
	CondorScratchDir = "/pool/condor/dir_1820424"
	Cpus = 1
	Disk = 10003130
	GPUs = 0
	Memory = 3000
...
040 (7944174.261.000) 07/08 17:47:59 Started transferring output files
...
040 (7944174.261.000) 07/08 17:47:59 Finished transferring output files
...
012 (7944174.261.000) 07/08 17:47:59 Job was held.
	Job held by ON_EXIT_HOLD due to exit code 1.
	Code 3 Subcode 0
...
013 (7944174.261.000) 07/08 17:58:12 Job was released.
	The job attribute PeriodicRelease expression '(NumJobStarts < 3) && ((CurrentTime - EnteredCurrentStatus) > 10 * 60)' evaluated to TRUE
...
040 (7944174.261.000) 07/08 18:01:35 Started transferring input files
	Transferring to host: <188.185.193.10:9618?addrs=188.185.193.10-9618+[2001-1458-303-20--100-6]-9618&alias=b9p19p9652.cern.ch&noUDP&sock=slot1_6_6057_744f_25440>
...
040 (7944174.261.000) 07/08 18:01:36 Finished transferring input files
...
001 (7944174.261.000) 07/08 18:01:36 Job executing on host: <188.185.193.10:9618?addrs=188.185.193.10-9618+[2001-1458-303-20--100-6]-9618&alias=b9p19p9652.cern.ch&noUDP&sock=startd_5513_09b5>
	SlotName: slot1_6@b9p19p9652.cern.ch
	CondorScratchDir = "/pool/condor/dir_3990608"
	Cpus = 1
	Disk = 10000947
	GPUs = 0
	Memory = 3000
...
040 (7944174.261.000) 07/08 18:01:57 Started transferring output files
...
040 (7944174.261.000) 07/08 18:01:57 Finished transferring output files
...
012 (7944174.261.000) 07/08 18:01:57 Job was held.
	Job held by ON_EXIT_HOLD due to exit code 1.
	Code 3 Subcode 0
...
