000 (7944174.263.000) 07/08 17:29:05 Job submitted from host: <188.185.16.120:9618?addrs=188.185.16.120-9618+[2001-1458-d00-65--100-39b]-9618&alias=bigbird27.cern.ch&noUDP&sock=schedd_4465_3274>
...
040 (7944174.263.000) 07/08 17:32:36 Started transferring input files
	Transferring to host: <188.185.192.29:9618?addrs=188.185.192.29-9618+[2001-1458-303-1f--100-19]-9618&alias=b9p13p1663.cern.ch&noUDP&sock=slot1_6_8869_c342_39068>
...
040 (7944174.263.000) 07/08 17:32:37 Finished transferring input files
...
001 (7944174.263.000) 07/08 17:32:37 Job executing on host: <188.185.192.29:9618?addrs=188.185.192.29-9618+[2001-1458-303-1f--100-19]-9618&alias=b9p13p1663.cern.ch&noUDP&sock=startd_8819_adcf>
	SlotName: slot1_6@b9p13p1663.cern.ch
	CondorScratchDir = "/pool/condor/dir_943212"
	Cpus = 1
	Disk = 10020219
	GPUs = 0
	Memory = 3000
...
006 (7944174.263.000) 07/08 17:32:50 Image size of job updated: 29196
	22  -  MemoryUsage of job (MB)
	22436  -  ResidentSetSize of job (KB)
...
006 (7944174.263.000) 07/08 17:33:05 Image size of job updated: 201316
	24  -  MemoryUsage of job (MB)
	23884  -  ResidentSetSize of job (KB)
...
040 (7944174.263.000) 07/08 17:33:05 Started transferring output files
...
040 (7944174.263.000) 07/08 17:33:05 Finished transferring output files
...
012 (7944174.263.000) 07/08 17:33:05 Job was held.
	Job held by ON_EXIT_HOLD due to exit code 1.
	Code 3 Subcode 0
...
013 (7944174.263.000) 07/08 17:43:33 Job was released.
	The job attribute PeriodicRelease expression '(NumJobStarts < 3) && ((CurrentTime - EnteredCurrentStatus) > 10 * 60)' evaluated to TRUE
...
040 (7944174.263.000) 07/08 17:45:27 Started transferring input files
	Transferring to host: <188.185.213.219:9618?addrs=188.185.213.219-9618+[2001-1458-303-1b--100-57]-9618&alias=b9p28p0370.cern.ch&noUDP&sock=slot1_20_8401_03af_42371>
...
040 (7944174.263.000) 07/08 17:45:28 Finished transferring input files
...
001 (7944174.263.000) 07/08 17:45:28 Job executing on host: <188.185.213.219:9618?addrs=188.185.213.219-9618+[2001-1458-303-1b--100-57]-9618&alias=b9p28p0370.cern.ch&noUDP&sock=startd_8335_b1f8>
	SlotName: slot1_20@b9p28p0370.cern.ch
	CondorScratchDir = "/pool/condor/dir_2011619"
	Cpus = 1
	Disk = 10001243
	GPUs = 0
	Memory = 3000
...
006 (7944174.263.000) 07/08 17:45:37 Image size of job updated: 225000
	152  -  MemoryUsage of job (MB)
	154720  -  ResidentSetSize of job (KB)
...
006 (7944174.263.000) 07/08 17:45:42 Image size of job updated: 225000
	154  -  MemoryUsage of job (MB)
	157284  -  ResidentSetSize of job (KB)
...
040 (7944174.263.000) 07/08 17:45:42 Started transferring output files
...
040 (7944174.263.000) 07/08 17:45:42 Finished transferring output files
...
012 (7944174.263.000) 07/08 17:45:42 Job was held.
	Job held by ON_EXIT_HOLD due to exit code 1.
	Code 3 Subcode 0
...
013 (7944174.263.000) 07/08 17:55:47 Job was released.
	The job attribute PeriodicRelease expression '(NumJobStarts < 3) && ((CurrentTime - EnteredCurrentStatus) > 10 * 60)' evaluated to TRUE
...
040 (7944174.263.000) 07/08 17:58:30 Started transferring input files
	Transferring to host: <188.185.194.25:9618?addrs=188.185.194.25-9618+[2001-1458-303-21--100-15]-9618&alias=b9p20p1085.cern.ch&noUDP&sock=slot1_23_4002_855c_23812>
...
040 (7944174.263.000) 07/08 17:58:30 Finished transferring input files
...
001 (7944174.263.000) 07/08 17:58:30 Job executing on host: <188.185.194.25:9618?addrs=188.185.194.25-9618+[2001-1458-303-21--100-15]-9618&alias=b9p20p1085.cern.ch&noUDP&sock=startd_3439_7249>
	SlotName: slot1_23@b9p20p1085.cern.ch
	CondorScratchDir = "/pool/condor/dir_384741"
	Cpus = 1
	Disk = 10010308
	GPUs = 0
	Memory = 3000
...
040 (7944174.263.000) 07/08 18:00:59 Started transferring output files
...
040 (7944174.263.000) 07/08 18:00:59 Finished transferring output files
...
012 (7944174.263.000) 07/08 18:01:02 Job was held.
	Job held by ON_EXIT_HOLD due to exit code 1.
	Code 3 Subcode 0
...
