000 (7944174.265.000) 07/08 17:29:05 Job submitted from host: <188.185.16.120:9618?addrs=188.185.16.120-9618+[2001-1458-d00-65--100-39b]-9618&alias=bigbird27.cern.ch&noUDP&sock=schedd_4465_3274>
...
040 (7944174.265.000) 07/08 17:32:37 Started transferring input files
	Transferring to host: <188.185.212.31:9618?addrs=188.185.212.31-9618+[2001-1458-303-18--100-1b]-9618&alias=b9p25p2573.cern.ch&noUDP&sock=slot1_21_8426_a110_37101>
...
040 (7944174.265.000) 07/08 17:32:38 Finished transferring input files
...
001 (7944174.265.000) 07/08 17:32:38 Job executing on host: <188.185.212.31:9618?addrs=188.185.212.31-9618+[2001-1458-303-18--100-1b]-9618&alias=b9p25p2573.cern.ch&noUDP&sock=startd_8277_e97a>
	SlotName: slot1_21@b9p25p2573.cern.ch
	CondorScratchDir = "/pool/condor/dir_3504474"
	Cpus = 1
	Disk = 10056035
	GPUs = 0
	Memory = 3000
...
006 (7944174.265.000) 07/08 17:32:46 Image size of job updated: 60912
	60  -  MemoryUsage of job (MB)
	60912  -  ResidentSetSize of job (KB)
...
006 (7944174.265.000) 07/08 17:33:05 Image size of job updated: 407800
	399  -  MemoryUsage of job (MB)
	407800  -  ResidentSetSize of job (KB)
...
040 (7944174.265.000) 07/08 17:33:05 Started transferring output files
...
040 (7944174.265.000) 07/08 17:33:05 Finished transferring output files
...
012 (7944174.265.000) 07/08 17:33:05 Job was held.
	Job held by ON_EXIT_HOLD due to exit code 1.
	Code 3 Subcode 0
...
013 (7944174.265.000) 07/08 17:43:33 Job was released.
	The job attribute PeriodicRelease expression '(NumJobStarts < 3) && ((CurrentTime - EnteredCurrentStatus) > 10 * 60)' evaluated to TRUE
...
040 (7944174.265.000) 07/08 17:45:21 Started transferring input files
	Transferring to host: <128.142.192.185:9618?addrs=128.142.192.185-9618+[2001-1458-301-56--100-35]-9618&alias=b9g18p5987.cern.ch&noUDP&sock=slot1_24_1326582_c6f2_43090>
...
040 (7944174.265.000) 07/08 17:45:22 Finished transferring input files
...
001 (7944174.265.000) 07/08 17:45:22 Job executing on host: <128.142.192.185:9618?addrs=128.142.192.185-9618+[2001-1458-301-56--100-35]-9618&alias=b9g18p5987.cern.ch&noUDP&sock=startd_2612_3176>
	SlotName: slot1_24@b9g18p5987.cern.ch
	CondorScratchDir = "/pool/condor/dir_904576"
	Cpus = 1
	Disk = 10001129
	GPUs = 0
	Memory = 3000
...
006 (7944174.265.000) 07/08 17:46:24 Image size of job updated: 426300
	417  -  MemoryUsage of job (MB)
	426300  -  ResidentSetSize of job (KB)
...
040 (7944174.265.000) 07/08 17:46:24 Started transferring output files
...
040 (7944174.265.000) 07/08 17:46:24 Finished transferring output files
...
012 (7944174.265.000) 07/08 17:46:24 Job was held.
	Job held by ON_EXIT_HOLD due to exit code 1.
	Code 3 Subcode 0
...
013 (7944174.265.000) 07/08 17:58:12 Job was released.
	The job attribute PeriodicRelease expression '(NumJobStarts < 3) && ((CurrentTime - EnteredCurrentStatus) > 10 * 60)' evaluated to TRUE
...
040 (7944174.265.000) 07/08 18:20:10 Started transferring input files
	Transferring to host: <128.142.161.145:9618?addrs=128.142.161.145-9618+[2001-1458-301-b9--100-e]-9618&alias=b9g03p7833.cern.ch&noUDP&sock=slot1_15_712096_cd16_10975>
...
040 (7944174.265.000) 07/08 18:20:10 Finished transferring input files
...
001 (7944174.265.000) 07/08 18:20:10 Job executing on host: <128.142.161.145:9618?addrs=128.142.161.145-9618+[2001-1458-301-b9--100-e]-9618&alias=b9g03p7833.cern.ch&noUDP&sock=startd_4150_221f>
	SlotName: slot1_15@b9g03p7833.cern.ch
	CondorScratchDir = "/pool/condor/dir_1832807"
	Cpus = 1
	Disk = 10000601
	GPUs = 0
	Memory = 3000
...
040 (7944174.265.000) 07/08 18:20:29 Started transferring output files
...
040 (7944174.265.000) 07/08 18:20:29 Finished transferring output files
...
012 (7944174.265.000) 07/08 18:20:29 Job was held.
	Job held by ON_EXIT_HOLD due to exit code 1.
	Code 3 Subcode 0
...
