000 (7944174.268.000) 07/08 17:29:05 Job submitted from host: <188.185.16.120:9618?addrs=188.185.16.120-9618+[2001-1458-d00-65--100-39b]-9618&alias=bigbird27.cern.ch&noUDP&sock=schedd_4465_3274>
...
040 (7944174.268.000) 07/08 17:32:38 Started transferring input files
	Transferring to host: <188.185.214.87:9618?addrs=188.185.214.87-9618+[2001-1458-303-1c--100-53]-9618&alias=b9p29p4639.cern.ch&noUDP&sock=slot1_5_7931_db5c_48060>
...
040 (7944174.268.000) 07/08 17:32:39 Finished transferring input files
...
001 (7944174.268.000) 07/08 17:32:39 Job executing on host: <188.185.214.87:9618?addrs=188.185.214.87-9618+[2001-1458-303-1c--100-53]-9618&alias=b9p29p4639.cern.ch&noUDP&sock=startd_7288_8a50>
	SlotName: slot1_5@b9p29p4639.cern.ch
	CondorScratchDir = "/pool/condor/dir_2097221"
	Cpus = 1
	Disk = 10003146
	GPUs = 0
	Memory = 3000
...
006 (7944174.268.000) 07/08 17:32:48 Image size of job updated: 59104
	58  -  MemoryUsage of job (MB)
	59104  -  ResidentSetSize of job (KB)
...
006 (7944174.268.000) 07/08 17:33:20 Image size of job updated: 406696
	398  -  MemoryUsage of job (MB)
	406696  -  ResidentSetSize of job (KB)
...
040 (7944174.268.000) 07/08 17:33:20 Started transferring output files
...
040 (7944174.268.000) 07/08 17:33:20 Finished transferring output files
...
012 (7944174.268.000) 07/08 17:33:20 Job was held.
	Job held by ON_EXIT_HOLD due to exit code 1.
	Code 3 Subcode 0
...
013 (7944174.268.000) 07/08 17:43:33 Job was released.
	The job attribute PeriodicRelease expression '(NumJobStarts < 3) && ((CurrentTime - EnteredCurrentStatus) > 10 * 60)' evaluated to TRUE
...
040 (7944174.268.000) 07/08 17:45:07 Started transferring input files
	Transferring to host: <188.185.211.154:9618?addrs=188.185.211.154-9618+[2001-1458-303-17--100-16]-9618&alias=b9p24p7450.cern.ch&noUDP&sock=slot1_13_8434_4410_38426>
...
040 (7944174.268.000) 07/08 17:45:08 Finished transferring input files
...
001 (7944174.268.000) 07/08 17:45:08 Job executing on host: <188.185.211.154:9618?addrs=188.185.211.154-9618+[2001-1458-303-17--100-16]-9618&alias=b9p24p7450.cern.ch&noUDP&sock=startd_8382_eeec>
	SlotName: slot1_13@b9p24p7450.cern.ch
	CondorScratchDir = "/pool/condor/dir_663728"
	Cpus = 1
	Disk = 10003545
	GPUs = 0
	Memory = 3000
...
006 (7944174.268.000) 07/08 17:45:35 Image size of job updated: 425728
	416  -  MemoryUsage of job (MB)
	425728  -  ResidentSetSize of job (KB)
...
040 (7944174.268.000) 07/08 17:45:35 Started transferring output files
...
040 (7944174.268.000) 07/08 17:45:35 Finished transferring output files
...
012 (7944174.268.000) 07/08 17:45:35 Job was held.
	Job held by ON_EXIT_HOLD due to exit code 1.
	Code 3 Subcode 0
...
013 (7944174.268.000) 07/08 17:55:47 Job was released.
	The job attribute PeriodicRelease expression '(NumJobStarts < 3) && ((CurrentTime - EnteredCurrentStatus) > 10 * 60)' evaluated to TRUE
...
040 (7944174.268.000) 07/08 17:58:30 Started transferring input files
	Transferring to host: <188.185.193.103:9618?addrs=188.185.193.103-9618+[2001-1458-303-20--100-63]-9618&alias=b9p19p9677.cern.ch&noUDP&sock=slot1_32_4448_c4ae_24090>
...
040 (7944174.268.000) 07/08 17:58:30 Finished transferring input files
...
001 (7944174.268.000) 07/08 17:58:30 Job executing on host: <188.185.193.103:9618?addrs=188.185.193.103-9618+[2001-1458-303-20--100-63]-9618&alias=b9p19p9677.cern.ch&noUDP&sock=startd_3881_9f25>
	SlotName: slot1_32@b9p19p9677.cern.ch
	CondorScratchDir = "/pool/condor/dir_346908"
	Cpus = 1
	Disk = 10138578
	GPUs = 0
	Memory = 3000
...
040 (7944174.268.000) 07/08 18:00:59 Started transferring output files
...
040 (7944174.268.000) 07/08 18:00:59 Finished transferring output files
...
012 (7944174.268.000) 07/08 18:01:02 Job was held.
	Job held by ON_EXIT_HOLD due to exit code 1.
	Code 3 Subcode 0
...
