000 (7944174.269.000) 07/08 17:29:05 Job submitted from host: <188.185.16.120:9618?addrs=188.185.16.120-9618+[2001-1458-d00-65--100-39b]-9618&alias=bigbird27.cern.ch&noUDP&sock=schedd_4465_3274>
...
040 (7944174.269.000) 07/08 17:32:37 Started transferring input files
	Transferring to host: <188.185.192.84:9618?addrs=188.185.192.84-9618+[2001-1458-303-1f--100-50]-9618&alias=b9p13p2781.cern.ch&noUDP&sock=slot1_8_8717_aa3c_42025>
...
040 (7944174.269.000) 07/08 17:32:37 Finished transferring input files
...
001 (7944174.269.000) 07/08 17:32:37 Job executing on host: <188.185.192.84:9618?addrs=188.185.192.84-9618+[2001-1458-303-1f--100-50]-9618&alias=b9p13p2781.cern.ch&noUDP&sock=startd_7809_e727>
	SlotName: slot1_8@b9p13p2781.cern.ch
	CondorScratchDir = "/pool/condor/dir_727487"
	Cpus = 1
	Disk = 10001699
	GPUs = 0
	Memory = 3000
...
006 (7944174.269.000) 07/08 17:32:51 Image size of job updated: 25576
	20  -  MemoryUsage of job (MB)
	19792  -  ResidentSetSize of job (KB)
...
006 (7944174.269.000) 07/08 17:33:03 Image size of job updated: 159688
	20  -  MemoryUsage of job (MB)
	20260  -  ResidentSetSize of job (KB)
...
040 (7944174.269.000) 07/08 17:33:03 Started transferring output files
...
040 (7944174.269.000) 07/08 17:33:03 Finished transferring output files
...
012 (7944174.269.000) 07/08 17:33:03 Job was held.
	Job held by ON_EXIT_HOLD due to exit code 1.
	Code 3 Subcode 0
...
013 (7944174.269.000) 07/08 17:43:33 Job was released.
	The job attribute PeriodicRelease expression '(NumJobStarts < 3) && ((CurrentTime - EnteredCurrentStatus) > 10 * 60)' evaluated to TRUE
...
040 (7944174.269.000) 07/08 17:45:06 Started transferring input files
	Transferring to host: <188.185.192.54:9618?addrs=188.185.192.54-9618+[2001-1458-303-1f--100-32]-9618&alias=b9p13p6922.cern.ch&noUDP&sock=slot1_15_2712996_dc6c_22905>
...
040 (7944174.269.000) 07/08 17:45:06 Finished transferring input files
...
001 (7944174.269.000) 07/08 17:45:06 Job executing on host: <188.185.192.54:9618?addrs=188.185.192.54-9618+[2001-1458-303-1f--100-32]-9618&alias=b9p13p6922.cern.ch&noUDP&sock=startd_2712711_b0db>
	SlotName: slot1_15@b9p13p6922.cern.ch
	CondorScratchDir = "/pool/condor/dir_2087152"
	Cpus = 1
	Disk = 10001289
	GPUs = 0
	Memory = 3000
...
006 (7944174.269.000) 07/08 17:45:16 Image size of job updated: 175000
	154  -  MemoryUsage of job (MB)
	157136  -  ResidentSetSize of job (KB)
...
006 (7944174.269.000) 07/08 17:45:37 Image size of job updated: 421096
	412  -  MemoryUsage of job (MB)
	421096  -  ResidentSetSize of job (KB)
...
040 (7944174.269.000) 07/08 17:45:37 Started transferring output files
...
040 (7944174.269.000) 07/08 17:45:37 Finished transferring output files
...
012 (7944174.269.000) 07/08 17:45:37 Job was held.
	Job held by ON_EXIT_HOLD due to exit code 1.
	Code 3 Subcode 0
...
013 (7944174.269.000) 07/08 17:55:47 Job was released.
	The job attribute PeriodicRelease expression '(NumJobStarts < 3) && ((CurrentTime - EnteredCurrentStatus) > 10 * 60)' evaluated to TRUE
...
040 (7944174.269.000) 07/08 17:58:30 Started transferring input files
	Transferring to host: <188.185.193.66:9618?addrs=188.185.193.66-9618+[2001-1458-303-20--100-3e]-9618&alias=b9p19p7061.cern.ch&noUDP&sock=slot1_26_6127_c692_24434>
...
040 (7944174.269.000) 07/08 17:58:30 Finished transferring input files
...
001 (7944174.269.000) 07/08 17:58:30 Job executing on host: <188.185.193.66:9618?addrs=188.185.193.66-9618+[2001-1458-303-20--100-3e]-9618&alias=b9p19p7061.cern.ch&noUDP&sock=startd_5688_12c8>
	SlotName: slot1_26@b9p19p7061.cern.ch
	CondorScratchDir = "/pool/condor/dir_582757"
	Cpus = 1
	Disk = 10005284
	GPUs = 0
	Memory = 3000
...
040 (7944174.269.000) 07/08 18:00:59 Started transferring output files
...
040 (7944174.269.000) 07/08 18:00:59 Finished transferring output files
...
012 (7944174.269.000) 07/08 18:01:02 Job was held.
	Job held by ON_EXIT_HOLD due to exit code 1.
	Code 3 Subcode 0
...
