000 (7944174.274.000) 07/08 17:29:05 Job submitted from host: <188.185.16.120:9618?addrs=188.185.16.120-9618+[2001-1458-d00-65--100-39b]-9618&alias=bigbird27.cern.ch&noUDP&sock=schedd_4465_3274>
...
040 (7944174.274.000) 07/08 17:35:10 Started transferring input files
	Transferring to host: <188.185.211.58:9618?addrs=188.185.211.58-9618+[2001-1458-303-16--100-36]-9618&alias=b9p23p3468.cern.ch&noUDP&sock=slot1_17_7907_f25b_40555>
...
040 (7944174.274.000) 07/08 17:35:10 Finished transferring input files
...
001 (7944174.274.000) 07/08 17:35:10 Job executing on host: <188.185.211.58:9618?addrs=188.185.211.58-9618+[2001-1458-303-16--100-36]-9618&alias=b9p23p3468.cern.ch&noUDP&sock=startd_7233_d09a>
	SlotName: slot1_17@b9p23p3468.cern.ch
	CondorScratchDir = "/pool/condor/dir_90835"
	Cpus = 1
	Disk = 10012565
	GPUs = 0
	Memory = 3000
...
006 (7944174.274.000) 07/08 17:35:19 Image size of job updated: 147152
	144  -  MemoryUsage of job (MB)
	147152  -  ResidentSetSize of job (KB)
...
006 (7944174.274.000) 07/08 17:35:23 Image size of job updated: 147152
	148  -  MemoryUsage of job (MB)
	151496  -  ResidentSetSize of job (KB)
...
040 (7944174.274.000) 07/08 17:35:23 Started transferring output files
...
040 (7944174.274.000) 07/08 17:35:23 Finished transferring output files
...
012 (7944174.274.000) 07/08 17:35:23 Job was held.
	Job held by ON_EXIT_HOLD due to exit code 1.
	Code 3 Subcode 0
...
013 (7944174.274.000) 07/08 17:46:03 Job was released.
	The job attribute PeriodicRelease expression '(NumJobStarts < 3) && ((CurrentTime - EnteredCurrentStatus) > 10 * 60)' evaluated to TRUE
...
040 (7944174.274.000) 07/08 17:46:43 Started transferring input files
	Transferring to host: <188.185.196.26:9618?addrs=188.185.196.26-9618+[2001-1458-303-23--100-16]-9618&alias=b9p16p3793.cern.ch&noUDP&sock=slot1_8_2876812_0d72_20869>
...
040 (7944174.274.000) 07/08 17:46:43 Finished transferring input files
...
001 (7944174.274.000) 07/08 17:46:43 Job executing on host: <188.185.196.26:9618?addrs=188.185.196.26-9618+[2001-1458-303-23--100-16]-9618&alias=b9p16p3793.cern.ch&noUDP&sock=startd_2876673_fc2e>
	SlotName: slot1_8@b9p16p3793.cern.ch
	CondorScratchDir = "/pool/condor/dir_1942609"
	Cpus = 1
	Disk = 10003338
	GPUs = 0
	Memory = 3000
...
006 (7944174.274.000) 07/08 17:47:17 Image size of job updated: 204344
	171  -  MemoryUsage of job (MB)
	175000  -  ResidentSetSize of job (KB)
...
040 (7944174.274.000) 07/08 17:47:17 Started transferring output files
...
040 (7944174.274.000) 07/08 17:47:17 Finished transferring output files
...
012 (7944174.274.000) 07/08 17:47:17 Job was held.
	Job held by ON_EXIT_HOLD due to exit code 1.
	Code 3 Subcode 0
...
013 (7944174.274.000) 07/08 17:58:12 Job was released.
	The job attribute PeriodicRelease expression '(NumJobStarts < 3) && ((CurrentTime - EnteredCurrentStatus) > 10 * 60)' evaluated to TRUE
...
040 (7944174.274.000) 07/08 18:01:37 Started transferring input files
	Transferring to host: <188.185.192.132:9618?addrs=188.185.192.132-9618+[2001-1458-303-1f--100-80]-9618&alias=b9p13p3408.cern.ch&noUDP&sock=slot1_1_5994_10ad_21802>
...
040 (7944174.274.000) 07/08 18:01:38 Finished transferring input files
...
001 (7944174.274.000) 07/08 18:01:38 Job executing on host: <188.185.192.132:9618?addrs=188.185.192.132-9618+[2001-1458-303-1f--100-80]-9618&alias=b9p13p3408.cern.ch&noUDP&sock=startd_5410_6374>
	SlotName: slot1_1@b9p13p3408.cern.ch
	CondorScratchDir = "/pool/condor/dir_1770846"
	Cpus = 1
	Disk = 10000158
	GPUs = 0
	Memory = 3000
...
040 (7944174.274.000) 07/08 18:02:03 Started transferring output files
...
040 (7944174.274.000) 07/08 18:02:03 Finished transferring output files
...
012 (7944174.274.000) 07/08 18:02:03 Job was held.
	Job held by ON_EXIT_HOLD due to exit code 1.
	Code 3 Subcode 0
...
