000 (7944174.275.000) 07/08 17:29:05 Job submitted from host: <188.185.16.120:9618?addrs=188.185.16.120-9618+[2001-1458-d00-65--100-39b]-9618&alias=bigbird27.cern.ch&noUDP&sock=schedd_4465_3274>
...
040 (7944174.275.000) 07/08 17:32:40 Started transferring input files
	Transferring to host: <188.185.195.100:9618?addrs=188.185.195.100-9618+[2001-1458-303-22--100-60]-9618&alias=b9p17p8991.cern.ch&noUDP&sock=slot1_1_8554_d115_40794>
...
040 (7944174.275.000) 07/08 17:32:40 Finished transferring input files
...
001 (7944174.275.000) 07/08 17:32:40 Job executing on host: <188.185.195.100:9618?addrs=188.185.195.100-9618+[2001-1458-303-22--100-60]-9618&alias=b9p17p8991.cern.ch&noUDP&sock=startd_7567_e93c>
	SlotName: slot1_1@b9p17p8991.cern.ch
	CondorScratchDir = "/pool/condor/dir_2113456"
	Cpus = 1
	Disk = 10002884
	GPUs = 0
	Memory = 3000
...
006 (7944174.275.000) 07/08 17:32:49 Image size of job updated: 46744
	46  -  MemoryUsage of job (MB)
	46744  -  ResidentSetSize of job (KB)
...
006 (7944174.275.000) 07/08 17:33:10 Image size of job updated: 409432
	400  -  MemoryUsage of job (MB)
	409432  -  ResidentSetSize of job (KB)
...
040 (7944174.275.000) 07/08 17:33:10 Started transferring output files
...
040 (7944174.275.000) 07/08 17:33:10 Finished transferring output files
...
012 (7944174.275.000) 07/08 17:33:10 Job was held.
	Job held by ON_EXIT_HOLD due to exit code 1.
	Code 3 Subcode 0
...
013 (7944174.275.000) 07/08 17:43:33 Job was released.
	The job attribute PeriodicRelease expression '(NumJobStarts < 3) && ((CurrentTime - EnteredCurrentStatus) > 10 * 60)' evaluated to TRUE
...
040 (7944174.275.000) 07/08 17:45:06 Started transferring input files
	Transferring to host: <188.185.196.59:9618?addrs=188.185.196.59-9618+[2001-1458-303-23--100-37]-9618&alias=b9p16p9457.cern.ch&noUDP&sock=slot1_17_3835184_d32e_16257>
...
040 (7944174.275.000) 07/08 17:45:07 Finished transferring input files
...
001 (7944174.275.000) 07/08 17:45:07 Job executing on host: <188.185.196.59:9618?addrs=188.185.196.59-9618+[2001-1458-303-23--100-37]-9618&alias=b9p16p9457.cern.ch&noUDP&sock=startd_3835116_29c8>
	SlotName: slot1_17@b9p16p9457.cern.ch
	CondorScratchDir = "/pool/condor/dir_1960963"
	Cpus = 1
	Disk = 10003660
	GPUs = 0
	Memory = 3000
...
040 (7944174.275.000) 07/08 17:45:25 Started transferring output files
...
040 (7944174.275.000) 07/08 17:45:25 Finished transferring output files
...
012 (7944174.275.000) 07/08 17:45:25 Job was held.
	Job held by ON_EXIT_HOLD due to exit code 1.
	Code 3 Subcode 0
...
013 (7944174.275.000) 07/08 17:55:47 Job was released.
	The job attribute PeriodicRelease expression '(NumJobStarts < 3) && ((CurrentTime - EnteredCurrentStatus) > 10 * 60)' evaluated to TRUE
...
040 (7944174.275.000) 07/08 17:58:31 Started transferring input files
	Transferring to host: <188.185.194.97:9618?addrs=188.185.194.97-9618+[2001-1458-303-21--100-5d]-9618&alias=b9p20p7641.cern.ch&noUDP&sock=slot1_26_2307208_8177_22296>
...
040 (7944174.275.000) 07/08 17:58:31 Finished transferring input files
...
001 (7944174.275.000) 07/08 17:58:31 Job executing on host: <188.185.194.97:9618?addrs=188.185.194.97-9618+[2001-1458-303-21--100-5d]-9618&alias=b9p20p7641.cern.ch&noUDP&sock=startd_2307132_3b41>
	SlotName: slot1_26@b9p20p7641.cern.ch
	CondorScratchDir = "/pool/condor/dir_1383510"
	Cpus = 1
	Disk = 10000642
	GPUs = 0
	Memory = 3000
...
040 (7944174.275.000) 07/08 18:00:59 Started transferring output files
...
040 (7944174.275.000) 07/08 18:00:59 Finished transferring output files
...
012 (7944174.275.000) 07/08 18:01:02 Job was held.
	Job held by ON_EXIT_HOLD due to exit code 1.
	Code 3 Subcode 0
...
