000 (7944174.276.000) 07/08 17:29:05 Job submitted from host: <188.185.16.120:9618?addrs=188.185.16.120-9618+[2001-1458-d00-65--100-39b]-9618&alias=bigbird27.cern.ch&noUDP&sock=schedd_4465_3274>
...
040 (7944174.276.000) 07/08 17:32:41 Started transferring input files
	Transferring to host: <188.185.196.59:9618?addrs=188.185.196.59-9618+[2001-1458-303-23--100-37]-9618&alias=b9p16p9457.cern.ch&noUDP&sock=slot1_17_3835184_d32e_16248>
...
040 (7944174.276.000) 07/08 17:32:42 Finished transferring input files
...
001 (7944174.276.000) 07/08 17:32:42 Job executing on host: <188.185.196.59:9618?addrs=188.185.196.59-9618+[2001-1458-303-23--100-37]-9618&alias=b9p16p9457.cern.ch&noUDP&sock=startd_3835116_29c8>
	SlotName: slot1_17@b9p16p9457.cern.ch
	CondorScratchDir = "/pool/condor/dir_1932303"
	Cpus = 1
	Disk = 10001608
	GPUs = 0
	Memory = 3000
...
006 (7944174.276.000) 07/08 17:32:56 Image size of job updated: 33168
	33  -  MemoryUsage of job (MB)
	33168  -  ResidentSetSize of job (KB)
...
006 (7944174.276.000) 07/08 17:33:17 Image size of job updated: 186524
	33  -  MemoryUsage of job (MB)
	33380  -  ResidentSetSize of job (KB)
...
040 (7944174.276.000) 07/08 17:33:17 Started transferring output files
...
040 (7944174.276.000) 07/08 17:33:17 Finished transferring output files
...
012 (7944174.276.000) 07/08 17:33:17 Job was held.
	Job held by ON_EXIT_HOLD due to exit code 1.
	Code 3 Subcode 0
...
013 (7944174.276.000) 07/08 17:43:33 Job was released.
	The job attribute PeriodicRelease expression '(NumJobStarts < 3) && ((CurrentTime - EnteredCurrentStatus) > 10 * 60)' evaluated to TRUE
...
040 (7944174.276.000) 07/08 17:45:07 Started transferring input files
	Transferring to host: <188.185.196.20:9618?addrs=188.185.196.20-9618+[2001-1458-303-23--100-10]-9618&alias=b9p16p0131.cern.ch&noUDP&sock=slot1_13_8774_d39e_41771>
...
040 (7944174.276.000) 07/08 17:45:07 Finished transferring input files
...
001 (7944174.276.000) 07/08 17:45:07 Job executing on host: <188.185.196.20:9618?addrs=188.185.196.20-9618+[2001-1458-303-23--100-10]-9618&alias=b9p16p0131.cern.ch&noUDP&sock=startd_8686_73b6>
	SlotName: slot1_13@b9p16p0131.cern.ch
	CondorScratchDir = "/pool/condor/dir_982613"
	Cpus = 1
	Disk = 10016613
	GPUs = 0
	Memory = 3000
...
006 (7944174.276.000) 07/08 17:45:43 Image size of job updated: 213548
	35  -  MemoryUsage of job (MB)
	35000  -  ResidentSetSize of job (KB)
...
040 (7944174.276.000) 07/08 17:45:43 Started transferring output files
...
040 (7944174.276.000) 07/08 17:45:43 Finished transferring output files
...
012 (7944174.276.000) 07/08 17:45:43 Job was held.
	Job held by ON_EXIT_HOLD due to exit code 1.
	Code 3 Subcode 0
...
013 (7944174.276.000) 07/08 17:55:47 Job was released.
	The job attribute PeriodicRelease expression '(NumJobStarts < 3) && ((CurrentTime - EnteredCurrentStatus) > 10 * 60)' evaluated to TRUE
...
040 (7944174.276.000) 07/08 17:58:31 Started transferring input files
	Transferring to host: <188.185.195.13:9618?addrs=188.185.195.13-9618+[2001-1458-303-22--100-9]-9618&alias=b9p17p7306.cern.ch&noUDP&sock=slot1_15_6912_e112_40514>
...
040 (7944174.276.000) 07/08 17:58:31 Finished transferring input files
...
001 (7944174.276.000) 07/08 17:58:31 Job executing on host: <188.185.195.13:9618?addrs=188.185.195.13-9618+[2001-1458-303-22--100-9]-9618&alias=b9p17p7306.cern.ch&noUDP&sock=startd_6365_7066>
	SlotName: slot1_15@b9p17p7306.cern.ch
	CondorScratchDir = "/pool/condor/dir_3934190"
	Cpus = 1
	Disk = 10001922
	GPUs = 0
	Memory = 3000
...
040 (7944174.276.000) 07/08 18:00:59 Started transferring output files
...
040 (7944174.276.000) 07/08 18:00:59 Finished transferring output files
...
012 (7944174.276.000) 07/08 18:01:02 Job was held.
	Job held by ON_EXIT_HOLD due to exit code 1.
	Code 3 Subcode 0
...
