000 (7944174.277.000) 07/08 17:29:05 Job submitted from host: <188.185.16.120:9618?addrs=188.185.16.120-9618+[2001-1458-d00-65--100-39b]-9618&alias=bigbird27.cern.ch&noUDP&sock=schedd_4465_3274>
...
040 (7944174.277.000) 07/08 17:32:40 Started transferring input files
	Transferring to host: <188.185.212.106:9618?addrs=188.185.212.106-9618+[2001-1458-303-18--100-66]-9618&alias=b9p25p9983.cern.ch&noUDP&sock=slot1_16_8392_ac4e_38932>
...
040 (7944174.277.000) 07/08 17:32:41 Finished transferring input files
...
001 (7944174.277.000) 07/08 17:32:41 Job executing on host: <188.185.212.106:9618?addrs=188.185.212.106-9618+[2001-1458-303-18--100-66]-9618&alias=b9p25p9983.cern.ch&noUDP&sock=startd_8337_1129>
	SlotName: slot1_16@b9p25p9983.cern.ch
	CondorScratchDir = "/pool/condor/dir_624550"
	Cpus = 1
	Disk = 10003550
	GPUs = 0
	Memory = 3000
...
006 (7944174.277.000) 07/08 17:32:55 Image size of job updated: 27280
	23  -  MemoryUsage of job (MB)
	23488  -  ResidentSetSize of job (KB)
...
006 (7944174.277.000) 07/08 17:33:23 Image size of job updated: 211788
	23  -  MemoryUsage of job (MB)
	23488  -  ResidentSetSize of job (KB)
...
040 (7944174.277.000) 07/08 17:33:23 Started transferring output files
...
040 (7944174.277.000) 07/08 17:33:23 Finished transferring output files
...
012 (7944174.277.000) 07/08 17:33:23 Job was held.
	Job held by ON_EXIT_HOLD due to exit code 1.
	Code 3 Subcode 0
...
013 (7944174.277.000) 07/08 17:43:33 Job was released.
	The job attribute PeriodicRelease expression '(NumJobStarts < 3) && ((CurrentTime - EnteredCurrentStatus) > 10 * 60)' evaluated to TRUE
...
040 (7944174.277.000) 07/08 17:45:09 Started transferring input files
	Transferring to host: <188.185.213.164:9618?addrs=188.185.213.164-9618+[2001-1458-303-1b--100-20]-9618&alias=b9p28p4074.cern.ch&noUDP&sock=slot1_14_8424_3850_40832>
...
040 (7944174.277.000) 07/08 17:45:09 Finished transferring input files
...
001 (7944174.277.000) 07/08 17:45:09 Job executing on host: <188.185.213.164:9618?addrs=188.185.213.164-9618+[2001-1458-303-1b--100-20]-9618&alias=b9p28p4074.cern.ch&noUDP&sock=startd_8375_21c2>
	SlotName: slot1_14@b9p28p4074.cern.ch
	CondorScratchDir = "/pool/condor/dir_1355582"
	Cpus = 1
	Disk = 10007461
	GPUs = 0
	Memory = 3000
...
006 (7944174.277.000) 07/08 17:45:18 Image size of job updated: 225000
	57  -  MemoryUsage of job (MB)
	58060  -  ResidentSetSize of job (KB)
...
006 (7944174.277.000) 07/08 17:45:36 Image size of job updated: 425268
	416  -  MemoryUsage of job (MB)
	425268  -  ResidentSetSize of job (KB)
...
040 (7944174.277.000) 07/08 17:45:36 Started transferring output files
...
040 (7944174.277.000) 07/08 17:45:36 Finished transferring output files
...
012 (7944174.277.000) 07/08 17:45:36 Job was held.
	Job held by ON_EXIT_HOLD due to exit code 1.
	Code 3 Subcode 0
...
013 (7944174.277.000) 07/08 17:55:47 Job was released.
	The job attribute PeriodicRelease expression '(NumJobStarts < 3) && ((CurrentTime - EnteredCurrentStatus) > 10 * 60)' evaluated to TRUE
...
040 (7944174.277.000) 07/08 18:00:59 Started transferring input files
	Transferring to host: <188.185.196.51:9618?addrs=188.185.196.51-9618+[2001-1458-303-23--100-2f]-9618&alias=b9p16p9669.cern.ch&noUDP&sock=slot1_31_8694_759b_34447>
...
040 (7944174.277.000) 07/08 18:01:00 Finished transferring input files
...
001 (7944174.277.000) 07/08 18:01:02 Job executing on host: <188.185.196.51:9618?addrs=188.185.196.51-9618+[2001-1458-303-23--100-2f]-9618&alias=b9p16p9669.cern.ch&noUDP&sock=startd_8231_5c1f>
	SlotName: slot1_31@b9p16p9669.cern.ch
	CondorScratchDir = "/pool/condor/dir_3927153"
	Cpus = 1
	Disk = 10005328
	GPUs = 0
	Memory = 3000
...
040 (7944174.277.000) 07/08 18:01:15 Started transferring output files
...
040 (7944174.277.000) 07/08 18:01:15 Finished transferring output files
...
012 (7944174.277.000) 07/08 18:01:16 Job was held.
	Job held by ON_EXIT_HOLD due to exit code 1.
	Code 3 Subcode 0
...
