000 (7944174.278.000) 07/08 17:29:05 Job submitted from host: <188.185.16.120:9618?addrs=188.185.16.120-9618+[2001-1458-d00-65--100-39b]-9618&alias=bigbird27.cern.ch&noUDP&sock=schedd_4465_3274>
...
040 (7944174.278.000) 07/08 17:32:41 Started transferring input files
	Transferring to host: <188.185.194.120:9618?addrs=188.185.194.120-9618+[2001-1458-303-21--100-74]-9618&alias=b9p20p3709.cern.ch&noUDP&sock=slot1_2_8395_c96e_23423>
...
040 (7944174.278.000) 07/08 17:32:42 Finished transferring input files
...
001 (7944174.278.000) 07/08 17:32:42 Job executing on host: <188.185.194.120:9618?addrs=188.185.194.120-9618+[2001-1458-303-21--100-74]-9618&alias=b9p20p3709.cern.ch&noUDP&sock=startd_6987_144e>
	SlotName: slot1_2@b9p20p3709.cern.ch
	CondorScratchDir = "/pool/condor/dir_1863945"
	Cpus = 1
	Disk = 10004008
	GPUs = 0
	Memory = 3000
...
006 (7944174.278.000) 07/08 17:32:56 Image size of job updated: 25384
	21  -  MemoryUsage of job (MB)
	20940  -  ResidentSetSize of job (KB)
...
006 (7944174.278.000) 07/08 17:33:19 Image size of job updated: 209188
	21  -  MemoryUsage of job (MB)
	20940  -  ResidentSetSize of job (KB)
...
040 (7944174.278.000) 07/08 17:33:19 Started transferring output files
...
040 (7944174.278.000) 07/08 17:33:19 Finished transferring output files
...
012 (7944174.278.000) 07/08 17:33:19 Job was held.
	Job held by ON_EXIT_HOLD due to exit code 1.
	Code 3 Subcode 0
...
013 (7944174.278.000) 07/08 17:43:33 Job was released.
	The job attribute PeriodicRelease expression '(NumJobStarts < 3) && ((CurrentTime - EnteredCurrentStatus) > 10 * 60)' evaluated to TRUE
...
040 (7944174.278.000) 07/08 17:45:27 Started transferring input files
	Transferring to host: <188.185.215.101:9618?addrs=188.185.215.101-9618+[2001-1458-303-1e--100-61]-9618&alias=b9p31p8932.cern.ch&noUDP&sock=slot1_15_8241_47a8_40797>
...
040 (7944174.278.000) 07/08 17:45:28 Finished transferring input files
...
001 (7944174.278.000) 07/08 17:45:28 Job executing on host: <188.185.215.101:9618?addrs=188.185.215.101-9618+[2001-1458-303-1e--100-61]-9618&alias=b9p31p8932.cern.ch&noUDP&sock=startd_7548_e0ef>
	SlotName: slot1_15@b9p31p8932.cern.ch
	CondorScratchDir = "/pool/condor/dir_2507338"
	Cpus = 1
	Disk = 10006365
	GPUs = 0
	Memory = 3000
...
006 (7944174.278.000) 07/08 17:45:37 Image size of job updated: 225000
	164  -  MemoryUsage of job (MB)
	167168  -  ResidentSetSize of job (KB)
...
006 (7944174.278.000) 07/08 17:45:41 Image size of job updated: 225000
	164  -  MemoryUsage of job (MB)
	167740  -  ResidentSetSize of job (KB)
...
040 (7944174.278.000) 07/08 17:45:41 Started transferring output files
...
040 (7944174.278.000) 07/08 17:45:41 Finished transferring output files
...
012 (7944174.278.000) 07/08 17:45:41 Job was held.
	Job held by ON_EXIT_HOLD due to exit code 1.
	Code 3 Subcode 0
...
013 (7944174.278.000) 07/08 17:55:47 Job was released.
	The job attribute PeriodicRelease expression '(NumJobStarts < 3) && ((CurrentTime - EnteredCurrentStatus) > 10 * 60)' evaluated to TRUE
...
040 (7944174.278.000) 07/08 18:01:38 Started transferring input files
	Transferring to host: <188.185.193.150:9618?addrs=188.185.193.150-9618+[2001-1458-303-20--100-92]-9618&alias=b9p19p1485.cern.ch&noUDP&sock=slot1_16_5823_9486_21069>
...
040 (7944174.278.000) 07/08 18:01:38 Finished transferring input files
...
001 (7944174.278.000) 07/08 18:01:38 Job executing on host: <188.185.193.150:9618?addrs=188.185.193.150-9618+[2001-1458-303-20--100-92]-9618&alias=b9p19p1485.cern.ch&noUDP&sock=startd_5258_210e>
	SlotName: slot1_16@b9p19p1485.cern.ch
	CondorScratchDir = "/pool/condor/dir_1538999"
	Cpus = 1
	Disk = 10001166
	GPUs = 0
	Memory = 3000
...
040 (7944174.278.000) 07/08 18:02:00 Started transferring output files
...
040 (7944174.278.000) 07/08 18:02:00 Finished transferring output files
...
012 (7944174.278.000) 07/08 18:02:00 Job was held.
	Job held by ON_EXIT_HOLD due to exit code 1.
	Code 3 Subcode 0
...
