000 (7944174.279.000) 07/08 17:29:05 Job submitted from host: <188.185.16.120:9618?addrs=188.185.16.120-9618+[2001-1458-d00-65--100-39b]-9618&alias=bigbird27.cern.ch&noUDP&sock=schedd_4465_3274>
...
040 (7944174.279.000) 07/08 17:32:42 Started transferring input files
	Transferring to host: <188.185.212.38:9618?addrs=188.185.212.38-9618+[2001-1458-303-18--100-22]-9618&alias=b9p25p7899.cern.ch&noUDP&sock=slot1_11_6740_b08b_40661>
...
040 (7944174.279.000) 07/08 17:32:43 Finished transferring input files
...
001 (7944174.279.000) 07/08 17:32:43 Job executing on host: <188.185.212.38:9618?addrs=188.185.212.38-9618+[2001-1458-303-18--100-22]-9618&alias=b9p25p7899.cern.ch&noUDP&sock=startd_6438_82d0>
	SlotName: slot1_11@b9p25p7899.cern.ch
	CondorScratchDir = "/pool/condor/dir_3648356"
	Cpus = 1
	Disk = 10002489
	GPUs = 0
	Memory = 3000
...
006 (7944174.279.000) 07/08 17:32:57 Image size of job updated: 31800
	32  -  MemoryUsage of job (MB)
	31800  -  ResidentSetSize of job (KB)
...
006 (7944174.279.000) 07/08 17:33:19 Image size of job updated: 178740
	33  -  MemoryUsage of job (MB)
	33024  -  ResidentSetSize of job (KB)
...
040 (7944174.279.000) 07/08 17:33:19 Started transferring output files
...
040 (7944174.279.000) 07/08 17:33:19 Finished transferring output files
...
012 (7944174.279.000) 07/08 17:33:19 Job was held.
	Job held by ON_EXIT_HOLD due to exit code 1.
	Code 3 Subcode 0
...
013 (7944174.279.000) 07/08 17:43:33 Job was released.
	The job attribute PeriodicRelease expression '(NumJobStarts < 3) && ((CurrentTime - EnteredCurrentStatus) > 10 * 60)' evaluated to TRUE
...
040 (7944174.279.000) 07/08 17:45:37 Started transferring input files
	Transferring to host: <188.185.212.151:9618?addrs=188.185.212.151-9618+[2001-1458-303-19--100-13]-9618&alias=b9p26p7183.cern.ch&noUDP&sock=slot1_1_8376_664e_40201>
...
040 (7944174.279.000) 07/08 17:45:38 Finished transferring input files
...
001 (7944174.279.000) 07/08 17:45:38 Job executing on host: <188.185.212.151:9618?addrs=188.185.212.151-9618+[2001-1458-303-19--100-13]-9618&alias=b9p26p7183.cern.ch&noUDP&sock=startd_8323_76d5>
	SlotName: slot1_1@b9p26p7183.cern.ch
	CondorScratchDir = "/pool/condor/dir_240609"
	Cpus = 1
	Disk = 10006844
	GPUs = 0
	Memory = 3000
...
006 (7944174.279.000) 07/08 17:45:58 Image size of job updated: 207152
	35  -  MemoryUsage of job (MB)
	35000  -  ResidentSetSize of job (KB)
...
040 (7944174.279.000) 07/08 17:45:58 Started transferring output files
...
040 (7944174.279.000) 07/08 17:45:58 Finished transferring output files
...
012 (7944174.279.000) 07/08 17:45:59 Job was held.
	Job held by ON_EXIT_HOLD due to exit code 1.
	Code 3 Subcode 0
...
013 (7944174.279.000) 07/08 17:58:12 Job was released.
	The job attribute PeriodicRelease expression '(NumJobStarts < 3) && ((CurrentTime - EnteredCurrentStatus) > 10 * 60)' evaluated to TRUE
...
040 (7944174.279.000) 07/08 18:01:38 Started transferring input files
	Transferring to host: <188.185.194.185:9618?addrs=188.185.194.185-9618+[2001-1458-303-21--100-b5]-9618&alias=b9p20p5902.cern.ch&noUDP&sock=slot1_34_90336_a253_6875>
...
040 (7944174.279.000) 07/08 18:01:39 Finished transferring input files
...
001 (7944174.279.000) 07/08 18:01:39 Job executing on host: <188.185.194.185:9618?addrs=188.185.194.185-9618+[2001-1458-303-21--100-b5]-9618&alias=b9p20p5902.cern.ch&noUDP&sock=startd_5905_ead5>
	SlotName: slot1_34@b9p20p5902.cern.ch
	CondorScratchDir = "/pool/condor/dir_231381"
	Cpus = 1
	Disk = 10015300
	GPUs = 0
	Memory = 3000
...
006 (7944174.279.000) 07/08 18:01:52 Image size of job updated: 225000
	82  -  MemoryUsage of job (MB)
	83000  -  ResidentSetSize of job (KB)
...
006 (7944174.279.000) 07/08 18:01:57 Image size of job updated: 225000
	83  -  MemoryUsage of job (MB)
	84568  -  ResidentSetSize of job (KB)
...
040 (7944174.279.000) 07/08 18:01:57 Started transferring output files
...
040 (7944174.279.000) 07/08 18:01:57 Finished transferring output files
...
012 (7944174.279.000) 07/08 18:01:57 Job was held.
	Job held by ON_EXIT_HOLD due to exit code 1.
	Code 3 Subcode 0
...
