000 (7944174.284.000) 07/08 17:29:05 Job submitted from host: <188.185.16.120:9618?addrs=188.185.16.120-9618+[2001-1458-d00-65--100-39b]-9618&alias=bigbird27.cern.ch&noUDP&sock=schedd_4465_3274>
...
040 (7944174.284.000) 07/08 17:32:43 Started transferring input files
	Transferring to host: <188.185.213.222:9618?addrs=188.185.213.222-9618+[2001-1458-303-1b--100-5a]-9618&alias=b9p28p3831.cern.ch&noUDP&sock=slot1_9_8401_03af_39652>
...
040 (7944174.284.000) 07/08 17:32:44 Finished transferring input files
...
001 (7944174.284.000) 07/08 17:32:45 Job executing on host: <188.185.213.222:9618?addrs=188.185.213.222-9618+[2001-1458-303-1b--100-5a]-9618&alias=b9p28p3831.cern.ch&noUDP&sock=startd_8348_9cb3>
	SlotName: slot1_9@b9p28p3831.cern.ch
	CondorScratchDir = "/pool/condor/dir_2148466"
	Cpus = 1
	Disk = 10001495
	GPUs = 0
	Memory = 3000
...
006 (7944174.284.000) 07/08 17:32:59 Image size of job updated: 25156
	22  -  MemoryUsage of job (MB)
	21524  -  ResidentSetSize of job (KB)
...
006 (7944174.284.000) 07/08 17:33:16 Image size of job updated: 210092
	22  -  MemoryUsage of job (MB)
	21524  -  ResidentSetSize of job (KB)
...
040 (7944174.284.000) 07/08 17:33:16 Started transferring output files
...
040 (7944174.284.000) 07/08 17:33:16 Finished transferring output files
...
012 (7944174.284.000) 07/08 17:33:16 Job was held.
	Job held by ON_EXIT_HOLD due to exit code 1.
	Code 3 Subcode 0
...
013 (7944174.284.000) 07/08 17:43:33 Job was released.
	The job attribute PeriodicRelease expression '(NumJobStarts < 3) && ((CurrentTime - EnteredCurrentStatus) > 10 * 60)' evaluated to TRUE
...
040 (7944174.284.000) 07/08 17:45:28 Started transferring input files
	Transferring to host: <188.185.194.115:9618?addrs=188.185.194.115-9618+[2001-1458-303-21--100-6f]-9618&alias=b9p20p3147.cern.ch&noUDP&sock=slot1_4_5847_7d87_24595>
...
040 (7944174.284.000) 07/08 17:45:28 Finished transferring input files
...
001 (7944174.284.000) 07/08 17:45:28 Job executing on host: <188.185.194.115:9618?addrs=188.185.194.115-9618+[2001-1458-303-21--100-6f]-9618&alias=b9p20p3147.cern.ch&noUDP&sock=startd_5314_8a5c>
	SlotName: slot1_4@b9p20p3147.cern.ch
	CondorScratchDir = "/pool/condor/dir_2668905"
	Cpus = 1
	Disk = 10000198
	GPUs = 0
	Memory = 3000
...
006 (7944174.284.000) 07/08 17:45:42 Image size of job updated: 225000
	159  -  MemoryUsage of job (MB)
	162404  -  ResidentSetSize of job (KB)
...
006 (7944174.284.000) 07/08 17:45:45 Image size of job updated: 225000
	160  -  MemoryUsage of job (MB)
	163008  -  ResidentSetSize of job (KB)
...
040 (7944174.284.000) 07/08 17:45:45 Started transferring output files
...
040 (7944174.284.000) 07/08 17:45:45 Finished transferring output files
...
012 (7944174.284.000) 07/08 17:45:45 Job was held.
	Job held by ON_EXIT_HOLD due to exit code 1.
	Code 3 Subcode 0
...
013 (7944174.284.000) 07/08 17:55:47 Job was released.
	The job attribute PeriodicRelease expression '(NumJobStarts < 3) && ((CurrentTime - EnteredCurrentStatus) > 10 * 60)' evaluated to TRUE
...
040 (7944174.284.000) 07/08 18:01:01 Started transferring input files
	Transferring to host: <188.185.198.174:9618?addrs=188.185.198.174-9618+[2001-1458-303-25--100-aa]-9618&alias=b9p15p4664.cern.ch&noUDP&sock=slot1_22_1536308_b783_27811>
...
001 (7944174.284.000) 07/08 18:01:02 Job executing on host: <188.185.198.174:9618?addrs=188.185.198.174-9618+[2001-1458-303-25--100-aa]-9618&alias=b9p15p4664.cern.ch&noUDP&sock=startd_1536263_3731>
	SlotName: slot1_22@b9p15p4664.cern.ch
	CondorScratchDir = "/pool/condor/dir_3551647"
	Cpus = 1
	Disk = 10002095
	GPUs = 0
	Memory = 3000
...
040 (7944174.284.000) 07/08 18:01:02 Finished transferring input files
...
040 (7944174.284.000) 07/08 18:01:36 Started transferring output files
...
040 (7944174.284.000) 07/08 18:01:36 Finished transferring output files
...
012 (7944174.284.000) 07/08 18:01:36 Job was held.
	Job held by ON_EXIT_HOLD due to exit code 1.
	Code 3 Subcode 0
...
