000 (7944174.285.000) 07/08 17:29:05 Job submitted from host: <188.185.16.120:9618?addrs=188.185.16.120-9618+[2001-1458-d00-65--100-39b]-9618&alias=bigbird27.cern.ch&noUDP&sock=schedd_4465_3274>
...
040 (7944174.285.000) 07/08 17:34:18 Started transferring input files
	Transferring to host: <188.185.211.200:9618?addrs=188.185.211.200-9618+[2001-1458-303-17--100-44]-9618&alias=b9p24p4462.cern.ch&noUDP&sock=slot1_6_8328_944c_38239>
...
040 (7944174.285.000) 07/08 17:34:19 Finished transferring input files
...
001 (7944174.285.000) 07/08 17:34:19 Job executing on host: <188.185.211.200:9618?addrs=188.185.211.200-9618+[2001-1458-303-17--100-44]-9618&alias=b9p24p4462.cern.ch&noUDP&sock=startd_7771_d68e>
	SlotName: slot1_6@b9p24p4462.cern.ch
	CondorScratchDir = "/pool/condor/dir_4022932"
	Cpus = 1
	Disk = 10004060
	GPUs = 0
	Memory = 3000
...
006 (7944174.285.000) 07/08 17:34:27 Image size of job updated: 85392
	84  -  MemoryUsage of job (MB)
	85392  -  ResidentSetSize of job (KB)
...
006 (7944174.285.000) 07/08 17:34:33 Image size of job updated: 85392
	89  -  MemoryUsage of job (MB)
	90204  -  ResidentSetSize of job (KB)
...
040 (7944174.285.000) 07/08 17:34:33 Started transferring output files
...
040 (7944174.285.000) 07/08 17:34:33 Finished transferring output files
...
012 (7944174.285.000) 07/08 17:34:33 Job was held.
	Job held by ON_EXIT_HOLD due to exit code 1.
	Code 3 Subcode 0
...
013 (7944174.285.000) 07/08 17:46:03 Job was released.
	The job attribute PeriodicRelease expression '(NumJobStarts < 3) && ((CurrentTime - EnteredCurrentStatus) > 10 * 60)' evaluated to TRUE
...
040 (7944174.285.000) 07/08 17:46:41 Started transferring input files
	Transferring to host: <188.185.192.146:9618?addrs=188.185.192.146-9618+[2001-1458-303-1f--100-8e]-9618&alias=b9p13p7425.cern.ch&noUDP&sock=slot1_9_4636_3b36_14851>
...
040 (7944174.285.000) 07/08 17:46:42 Finished transferring input files
...
001 (7944174.285.000) 07/08 17:46:42 Job executing on host: <188.185.192.146:9618?addrs=188.185.192.146-9618+[2001-1458-303-1f--100-8e]-9618&alias=b9p13p7425.cern.ch&noUDP&sock=startd_3966_ecb2>
	SlotName: slot1_9@b9p13p7425.cern.ch
	CondorScratchDir = "/pool/condor/dir_1908522"
	Cpus = 1
	Disk = 10003452
	GPUs = 0
	Memory = 3000
...
006 (7944174.285.000) 07/08 17:47:14 Image size of job updated: 204480
	98  -  MemoryUsage of job (MB)
	100000  -  ResidentSetSize of job (KB)
...
040 (7944174.285.000) 07/08 17:47:14 Started transferring output files
...
040 (7944174.285.000) 07/08 17:47:14 Finished transferring output files
...
012 (7944174.285.000) 07/08 17:47:14 Job was held.
	Job held by ON_EXIT_HOLD due to exit code 1.
	Code 3 Subcode 0
...
013 (7944174.285.000) 07/08 17:58:12 Job was released.
	The job attribute PeriodicRelease expression '(NumJobStarts < 3) && ((CurrentTime - EnteredCurrentStatus) > 10 * 60)' evaluated to TRUE
...
040 (7944174.285.000) 07/08 18:01:40 Started transferring input files
	Transferring to host: <188.185.195.135:9618?addrs=188.185.195.135-9618+[2001-1458-303-22--100-83]-9618&alias=b9p17p6149.cern.ch&noUDP&sock=slot1_15_3014152_81c3_19672>
...
040 (7944174.285.000) 07/08 18:01:41 Finished transferring input files
...
001 (7944174.285.000) 07/08 18:01:41 Job executing on host: <188.185.195.135:9618?addrs=188.185.195.135-9618+[2001-1458-303-22--100-83]-9618&alias=b9p17p6149.cern.ch&noUDP&sock=startd_3014092_fd32>
	SlotName: slot1_15@b9p17p6149.cern.ch
	CondorScratchDir = "/pool/condor/dir_96522"
	Cpus = 1
	Disk = 10000147
	GPUs = 0
	Memory = 3000
...
040 (7944174.285.000) 07/08 18:01:55 Started transferring output files
...
040 (7944174.285.000) 07/08 18:01:55 Finished transferring output files
...
012 (7944174.285.000) 07/08 18:01:55 Job was held.
	Job held by ON_EXIT_HOLD due to exit code 1.
	Code 3 Subcode 0
...
