000 (7944174.286.000) 07/08 17:29:05 Job submitted from host: <188.185.16.120:9618?addrs=188.185.16.120-9618+[2001-1458-d00-65--100-39b]-9618&alias=bigbird27.cern.ch&noUDP&sock=schedd_4465_3274>
...
040 (7944174.286.000) 07/08 17:32:44 Started transferring input files
	Transferring to host: <188.185.209.188:9618?addrs=188.185.209.188-9618+[2001-1458-303-12--100-39]-9618&alias=b9p12p4540.cern.ch&noUDP&sock=slot1_2_9117_804c_35877>
...
040 (7944174.286.000) 07/08 17:32:45 Finished transferring input files
...
001 (7944174.286.000) 07/08 17:32:45 Job executing on host: <188.185.209.188:9618?addrs=188.185.209.188-9618+[2001-1458-303-12--100-39]-9618&alias=b9p12p4540.cern.ch&noUDP&sock=startd_9068_78e4>
	SlotName: slot1_2@b9p12p4540.cern.ch
	CondorScratchDir = "/pool/condor/dir_2497742"
	Cpus = 1
	Disk = 10008061
	GPUs = 0
	Memory = 3000
...
006 (7944174.286.000) 07/08 17:32:59 Image size of job updated: 27284
	24  -  MemoryUsage of job (MB)
	23580  -  ResidentSetSize of job (KB)
...
006 (7944174.286.000) 07/08 17:33:17 Image size of job updated: 211688
	24  -  MemoryUsage of job (MB)
	23620  -  ResidentSetSize of job (KB)
...
040 (7944174.286.000) 07/08 17:33:17 Started transferring output files
...
040 (7944174.286.000) 07/08 17:33:17 Finished transferring output files
...
012 (7944174.286.000) 07/08 17:33:17 Job was held.
	Job held by ON_EXIT_HOLD due to exit code 1.
	Code 3 Subcode 0
...
013 (7944174.286.000) 07/08 17:43:33 Job was released.
	The job attribute PeriodicRelease expression '(NumJobStarts < 3) && ((CurrentTime - EnteredCurrentStatus) > 10 * 60)' evaluated to TRUE
...
040 (7944174.286.000) 07/08 17:45:09 Started transferring input files
	Transferring to host: <188.185.215.70:9618?addrs=188.185.215.70-9618+[2001-1458-303-1e--100-42]-9618&alias=b9p31p1648.cern.ch&noUDP&sock=slot1_12_8382_a08e_38570>
...
040 (7944174.286.000) 07/08 17:45:10 Finished transferring input files
...
001 (7944174.286.000) 07/08 17:45:10 Job executing on host: <188.185.215.70:9618?addrs=188.185.215.70-9618+[2001-1458-303-1e--100-42]-9618&alias=b9p31p1648.cern.ch&noUDP&sock=startd_8225_3e8d>
	SlotName: slot1_12@b9p31p1648.cern.ch
	CondorScratchDir = "/pool/condor/dir_3195103"
	Cpus = 1
	Disk = 10001375
	GPUs = 0
	Memory = 3000
...
006 (7944174.286.000) 07/08 17:45:18 Image size of job updated: 225000
	52  -  MemoryUsage of job (MB)
	52528  -  ResidentSetSize of job (KB)
...
006 (7944174.286.000) 07/08 17:45:36 Image size of job updated: 424200
	415  -  MemoryUsage of job (MB)
	424200  -  ResidentSetSize of job (KB)
...
040 (7944174.286.000) 07/08 17:45:36 Started transferring output files
...
040 (7944174.286.000) 07/08 17:45:36 Finished transferring output files
...
012 (7944174.286.000) 07/08 17:45:37 Job was held.
	Job held by ON_EXIT_HOLD due to exit code 1.
	Code 3 Subcode 0
...
013 (7944174.286.000) 07/08 17:55:47 Job was released.
	The job attribute PeriodicRelease expression '(NumJobStarts < 3) && ((CurrentTime - EnteredCurrentStatus) > 10 * 60)' evaluated to TRUE
...
040 (7944174.286.000) 07/08 18:00:59 Started transferring input files
	Transferring to host: <188.185.193.56:9618?addrs=188.185.193.56-9618+[2001-1458-303-20--100-34]-9618&alias=b9p19p1908.cern.ch&noUDP&sock=slot1_34_4949_c4a2_23626>
...
040 (7944174.286.000) 07/08 18:01:00 Finished transferring input files
...
001 (7944174.286.000) 07/08 18:01:02 Job executing on host: <188.185.193.56:9618?addrs=188.185.193.56-9618+[2001-1458-303-20--100-34]-9618&alias=b9p19p1908.cern.ch&noUDP&sock=startd_4252_18c8>
	SlotName: slot1_34@b9p19p1908.cern.ch
	CondorScratchDir = "/pool/condor/dir_2028836"
	Cpus = 1
	Disk = 10001081
	GPUs = 0
	Memory = 3000
...
040 (7944174.286.000) 07/08 18:01:30 Started transferring output files
...
040 (7944174.286.000) 07/08 18:01:30 Finished transferring output files
...
012 (7944174.286.000) 07/08 18:01:30 Job was held.
	Job held by ON_EXIT_HOLD due to exit code 1.
	Code 3 Subcode 0
...
