000 (7944174.287.000) 07/08 17:29:05 Job submitted from host: <188.185.16.120:9618?addrs=188.185.16.120-9618+[2001-1458-d00-65--100-39b]-9618&alias=bigbird27.cern.ch&noUDP&sock=schedd_4465_3274>
...
040 (7944174.287.000) 07/08 17:34:56 Started transferring input files
	Transferring to host: <188.185.198.29:9618?addrs=188.185.198.29-9618+[2001-1458-303-25--100-19]-9618&alias=b9p15p5743.cern.ch&noUDP&sock=slot1_18_8924_83e4_39003>
...
040 (7944174.287.000) 07/08 17:34:57 Finished transferring input files
...
001 (7944174.287.000) 07/08 17:34:57 Job executing on host: <188.185.198.29:9618?addrs=188.185.198.29-9618+[2001-1458-303-25--100-19]-9618&alias=b9p15p5743.cern.ch&noUDP&sock=startd_8202_77e0>
	SlotName: slot1_18@b9p15p5743.cern.ch
	CondorScratchDir = "/pool/condor/dir_2157627"
	Cpus = 1
	Disk = 10002536
	GPUs = 0
	Memory = 3000
...
006 (7944174.287.000) 07/08 17:35:11 Image size of job updated: 161236
	158  -  MemoryUsage of job (MB)
	161236  -  ResidentSetSize of job (KB)
...
006 (7944174.287.000) 07/08 17:35:16 Image size of job updated: 176008
	158  -  MemoryUsage of job (MB)
	161280  -  ResidentSetSize of job (KB)
...
040 (7944174.287.000) 07/08 17:35:16 Started transferring output files
...
040 (7944174.287.000) 07/08 17:35:16 Finished transferring output files
...
012 (7944174.287.000) 07/08 17:35:16 Job was held.
	Job held by ON_EXIT_HOLD due to exit code 1.
	Code 3 Subcode 0
...
013 (7944174.287.000) 07/08 17:46:03 Job was released.
	The job attribute PeriodicRelease expression '(NumJobStarts < 3) && ((CurrentTime - EnteredCurrentStatus) > 10 * 60)' evaluated to TRUE
...
040 (7944174.287.000) 07/08 17:46:42 Started transferring input files
	Transferring to host: <188.185.193.187:9618?addrs=188.185.193.187-9618+[2001-1458-303-20--100-b7]-9618&alias=b9p19p4773.cern.ch&noUDP&sock=slot1_22_4182_58e3_24043>
...
040 (7944174.287.000) 07/08 17:46:42 Finished transferring input files
...
001 (7944174.287.000) 07/08 17:46:42 Job executing on host: <188.185.193.187:9618?addrs=188.185.193.187-9618+[2001-1458-303-20--100-b7]-9618&alias=b9p19p4773.cern.ch&noUDP&sock=startd_3473_c481>
	SlotName: slot1_22@b9p19p4773.cern.ch
	CondorScratchDir = "/pool/condor/dir_3447345"
	Cpus = 1
	Disk = 10003165
	GPUs = 0
	Memory = 3000
...
006 (7944174.287.000) 07/08 17:47:15 Image size of job updated: 204112
	171  -  MemoryUsage of job (MB)
	175000  -  ResidentSetSize of job (KB)
...
040 (7944174.287.000) 07/08 17:47:15 Started transferring output files
...
040 (7944174.287.000) 07/08 17:47:15 Finished transferring output files
...
012 (7944174.287.000) 07/08 17:47:16 Job was held.
	Job held by ON_EXIT_HOLD due to exit code 1.
	Code 3 Subcode 0
...
013 (7944174.287.000) 07/08 17:58:12 Job was released.
	The job attribute PeriodicRelease expression '(NumJobStarts < 3) && ((CurrentTime - EnteredCurrentStatus) > 10 * 60)' evaluated to TRUE
...
040 (7944174.287.000) 07/08 18:10:11 Started transferring input files
	Transferring to host: <188.185.215.145:9618?addrs=188.185.215.145-9618+[2001-1458-303-26--100-d]-9618&alias=b9p18p5150.cern.ch&noUDP&sock=slot1_18_6112_34f2_35611>
...
040 (7944174.287.000) 07/08 18:10:12 Finished transferring input files
...
001 (7944174.287.000) 07/08 18:10:12 Job executing on host: <188.185.215.145:9618?addrs=188.185.215.145-9618+[2001-1458-303-26--100-d]-9618&alias=b9p18p5150.cern.ch&noUDP&sock=startd_6064_fa64>
	SlotName: slot1_18@b9p18p5150.cern.ch
	CondorScratchDir = "/pool/condor/dir_2256045"
	Cpus = 1
	Disk = 10004008
	GPUs = 0
	Memory = 3000
...
040 (7944174.287.000) 07/08 18:10:39 Started transferring output files
...
040 (7944174.287.000) 07/08 18:10:39 Finished transferring output files
...
012 (7944174.287.000) 07/08 18:10:39 Job was held.
	Job held by ON_EXIT_HOLD due to exit code 1.
	Code 3 Subcode 0
...
