000 (7944174.288.000) 07/08 17:29:05 Job submitted from host: <188.185.16.120:9618?addrs=188.185.16.120-9618+[2001-1458-d00-65--100-39b]-9618&alias=bigbird27.cern.ch&noUDP&sock=schedd_4465_3274>
...
040 (7944174.288.000) 07/08 17:32:45 Started transferring input files
	Transferring to host: <188.185.212.169:9618?addrs=188.185.212.169-9618+[2001-1458-303-19--100-25]-9618&alias=b9p26p8946.cern.ch&noUDP&sock=slot1_17_8377_1aae_38682>
...
040 (7944174.288.000) 07/08 17:32:46 Finished transferring input files
...
001 (7944174.288.000) 07/08 17:32:46 Job executing on host: <188.185.212.169:9618?addrs=188.185.212.169-9618+[2001-1458-303-19--100-25]-9618&alias=b9p26p8946.cern.ch&noUDP&sock=startd_7864_a0dd>
	SlotName: slot1_17@b9p26p8946.cern.ch
	CondorScratchDir = "/pool/condor/dir_2186701"
	Cpus = 1
	Disk = 10001307
	GPUs = 0
	Memory = 3000
...
006 (7944174.288.000) 07/08 17:32:59 Image size of job updated: 28156
	23  -  MemoryUsage of job (MB)
	23504  -  ResidentSetSize of job (KB)
...
006 (7944174.288.000) 07/08 17:33:16 Image size of job updated: 180096
	23  -  MemoryUsage of job (MB)
	23504  -  ResidentSetSize of job (KB)
...
040 (7944174.288.000) 07/08 17:33:16 Started transferring output files
...
040 (7944174.288.000) 07/08 17:33:16 Finished transferring output files
...
012 (7944174.288.000) 07/08 17:33:16 Job was held.
	Job held by ON_EXIT_HOLD due to exit code 1.
	Code 3 Subcode 0
...
013 (7944174.288.000) 07/08 17:43:33 Job was released.
	The job attribute PeriodicRelease expression '(NumJobStarts < 3) && ((CurrentTime - EnteredCurrentStatus) > 10 * 60)' evaluated to TRUE
...
040 (7944174.288.000) 07/08 17:45:09 Started transferring input files
	Transferring to host: <188.185.213.101:9618?addrs=188.185.213.101-9618+[2001-1458-303-1a--100-61]-9618&alias=b9p27p5252.cern.ch&noUDP&sock=slot1_24_6861_f1f0_40061>
...
040 (7944174.288.000) 07/08 17:45:10 Finished transferring input files
...
001 (7944174.288.000) 07/08 17:45:10 Job executing on host: <188.185.213.101:9618?addrs=188.185.213.101-9618+[2001-1458-303-1a--100-61]-9618&alias=b9p27p5252.cern.ch&noUDP&sock=startd_6388_3713>
	SlotName: slot1_24@b9p27p5252.cern.ch
	CondorScratchDir = "/pool/condor/dir_1209333"
	Cpus = 1
	Disk = 10003230
	GPUs = 0
	Memory = 3000
...
040 (7944174.288.000) 07/08 17:45:45 Started transferring output files
...
040 (7944174.288.000) 07/08 17:45:45 Finished transferring output files
...
012 (7944174.288.000) 07/08 17:45:45 Job was held.
	Job held by ON_EXIT_HOLD due to exit code 1.
	Code 3 Subcode 0
...
013 (7944174.288.000) 07/08 17:55:47 Job was released.
	The job attribute PeriodicRelease expression '(NumJobStarts < 3) && ((CurrentTime - EnteredCurrentStatus) > 10 * 60)' evaluated to TRUE
...
040 (7944174.288.000) 07/08 18:01:01 Started transferring input files
	Transferring to host: <188.185.194.141:9618?addrs=188.185.194.141-9618+[2001-1458-303-21--100-89]-9618&alias=b9p20p9420.cern.ch&noUDP&sock=slot1_15_1474600_d935_7096>
...
040 (7944174.288.000) 07/08 18:01:02 Finished transferring input files
...
001 (7944174.288.000) 07/08 18:01:02 Job executing on host: <188.185.194.141:9618?addrs=188.185.194.141-9618+[2001-1458-303-21--100-89]-9618&alias=b9p20p9420.cern.ch&noUDP&sock=startd_5437_e882>
	SlotName: slot1_15@b9p20p9420.cern.ch
	CondorScratchDir = "/pool/condor/dir_3968585"
	Cpus = 1
	Disk = 10000224
	GPUs = 0
	Memory = 3000
...
006 (7944174.288.000) 07/08 18:01:16 Image size of job updated: 200000
	30  -  MemoryUsage of job (MB)
	30484  -  ResidentSetSize of job (KB)
...
006 (7944174.288.000) 07/08 18:01:43 Image size of job updated: 213800
	31  -  MemoryUsage of job (MB)
	31400  -  ResidentSetSize of job (KB)
...
040 (7944174.288.000) 07/08 18:01:43 Started transferring output files
...
040 (7944174.288.000) 07/08 18:01:43 Finished transferring output files
...
012 (7944174.288.000) 07/08 18:01:43 Job was held.
	Job held by ON_EXIT_HOLD due to exit code 1.
	Code 3 Subcode 0
...
