000 (7944174.289.000) 07/08 17:29:05 Job submitted from host: <188.185.16.120:9618?addrs=188.185.16.120-9618+[2001-1458-d00-65--100-39b]-9618&alias=bigbird27.cern.ch&noUDP&sock=schedd_4465_3274>
...
040 (7944174.289.000) 07/08 17:32:47 Started transferring input files
	Transferring to host: <188.185.198.79:9618?addrs=188.185.198.79-9618+[2001-1458-303-25--100-4b]-9618&alias=b9p15p1381.cern.ch&noUDP&sock=slot1_16_5560_45db_40278>
...
040 (7944174.289.000) 07/08 17:32:48 Finished transferring input files
...
001 (7944174.289.000) 07/08 17:32:48 Job executing on host: <188.185.198.79:9618?addrs=188.185.198.79-9618+[2001-1458-303-25--100-4b]-9618&alias=b9p15p1381.cern.ch&noUDP&sock=startd_4418_f581>
	SlotName: slot1_16@b9p15p1381.cern.ch
	CondorScratchDir = "/pool/condor/dir_2027983"
	Cpus = 1
	Disk = 10000643
	GPUs = 0
	Memory = 3000
...
006 (7944174.289.000) 07/08 17:32:57 Image size of job updated: 54788
	54  -  MemoryUsage of job (MB)
	54788  -  ResidentSetSize of job (KB)
...
006 (7944174.289.000) 07/08 17:33:22 Image size of job updated: 425076
	416  -  MemoryUsage of job (MB)
	425076  -  ResidentSetSize of job (KB)
...
040 (7944174.289.000) 07/08 17:33:22 Started transferring output files
...
040 (7944174.289.000) 07/08 17:33:22 Finished transferring output files
...
012 (7944174.289.000) 07/08 17:33:22 Job was held.
	Job held by ON_EXIT_HOLD due to exit code 1.
	Code 3 Subcode 0
...
013 (7944174.289.000) 07/08 17:43:33 Job was released.
	The job attribute PeriodicRelease expression '(NumJobStarts < 3) && ((CurrentTime - EnteredCurrentStatus) > 10 * 60)' evaluated to TRUE
...
040 (7944174.289.000) 07/08 17:45:10 Started transferring input files
	Transferring to host: <188.185.195.82:9618?addrs=188.185.195.82-9618+[2001-1458-303-22--100-4e]-9618&alias=b9p17p8232.cern.ch&noUDP&sock=slot1_29_8356_4ecd_41706>
...
040 (7944174.289.000) 07/08 17:45:10 Finished transferring input files
...
001 (7944174.289.000) 07/08 17:45:10 Job executing on host: <188.185.195.82:9618?addrs=188.185.195.82-9618+[2001-1458-303-22--100-4e]-9618&alias=b9p17p8232.cern.ch&noUDP&sock=startd_6861_a75f>
	SlotName: slot1_29@b9p17p8232.cern.ch
	CondorScratchDir = "/pool/condor/dir_619164"
	Cpus = 1
	Disk = 10003182
	GPUs = 0
	Memory = 3000
...
040 (7944174.289.000) 07/08 17:45:46 Started transferring output files
...
040 (7944174.289.000) 07/08 17:45:46 Finished transferring output files
...
012 (7944174.289.000) 07/08 17:45:46 Job was held.
	Job held by ON_EXIT_HOLD due to exit code 1.
	Code 3 Subcode 0
...
013 (7944174.289.000) 07/08 17:55:47 Job was released.
	The job attribute PeriodicRelease expression '(NumJobStarts < 3) && ((CurrentTime - EnteredCurrentStatus) > 10 * 60)' evaluated to TRUE
...
040 (7944174.289.000) 07/08 18:01:40 Started transferring input files
	Transferring to host: <188.185.194.76:9618?addrs=188.185.194.76-9618+[2001-1458-303-21--100-48]-9618&alias=b9p20p1995.cern.ch&noUDP&sock=slot1_1_2771058_cae5_17921>
...
040 (7944174.289.000) 07/08 18:01:40 Finished transferring input files
...
001 (7944174.289.000) 07/08 18:01:40 Job executing on host: <188.185.194.76:9618?addrs=188.185.194.76-9618+[2001-1458-303-21--100-48]-9618&alias=b9p20p1995.cern.ch&noUDP&sock=startd_2771015_62a5>
	SlotName: slot1_1@b9p20p1995.cern.ch
	CondorScratchDir = "/pool/condor/dir_1123049"
	Cpus = 1
	Disk = 10012000
	GPUs = 0
	Memory = 3000
...
040 (7944174.289.000) 07/08 18:01:59 Started transferring output files
...
040 (7944174.289.000) 07/08 18:01:59 Finished transferring output files
...
012 (7944174.289.000) 07/08 18:01:59 Job was held.
	Job held by ON_EXIT_HOLD due to exit code 1.
	Code 3 Subcode 0
...
