000 (7944174.029.000) 07/08 17:29:04 Job submitted from host: <188.185.16.120:9618?addrs=188.185.16.120-9618+[2001-1458-d00-65--100-39b]-9618&alias=bigbird27.cern.ch&noUDP&sock=schedd_4465_3274>
...
040 (7944174.029.000) 07/08 17:31:20 Started transferring input files
	Transferring to host: <188.185.193.92:9618?addrs=188.185.193.92-9618+[2001-1458-303-20--100-58]-9618&alias=b9p19p1708.cern.ch&noUDP&sock=slot1_13_2864228_7c72_18704>
...
040 (7944174.029.000) 07/08 17:31:20 Finished transferring input files
...
001 (7944174.029.000) 07/08 17:31:20 Job executing on host: <188.185.193.92:9618?addrs=188.185.193.92-9618+[2001-1458-303-20--100-58]-9618&alias=b9p19p1708.cern.ch&noUDP&sock=startd_2864155_ada3>
	SlotName: slot1_13@b9p19p1708.cern.ch
	CondorScratchDir = "/pool/condor/dir_3693937"
	Cpus = 1
	Disk = 10003060
	GPUs = 0
	Memory = 3000
...
006 (7944174.029.000) 07/08 17:31:34 Image size of job updated: 31336
	21  -  MemoryUsage of job (MB)
	20980  -  ResidentSetSize of job (KB)
...
006 (7944174.029.000) 07/08 17:32:43 Image size of job updated: 207168
	21  -  MemoryUsage of job (MB)
	20980  -  ResidentSetSize of job (KB)
...
040 (7944174.029.000) 07/08 17:32:43 Started transferring output files
...
040 (7944174.029.000) 07/08 17:32:43 Finished transferring output files
...
012 (7944174.029.000) 07/08 17:32:45 Job was held.
	Job held by ON_EXIT_HOLD due to exit code 1.
	Code 3 Subcode 0
...
013 (7944174.029.000) 07/08 17:43:32 Job was released.
	The job attribute PeriodicRelease expression '(NumJobStarts < 3) && ((CurrentTime - EnteredCurrentStatus) > 10 * 60)' evaluated to TRUE
...
040 (7944174.029.000) 07/08 17:44:03 Started transferring input files
	Transferring to host: <188.185.193.92:9618?addrs=188.185.193.92-9618+[2001-1458-303-20--100-58]-9618&alias=b9p19p1708.cern.ch&noUDP&sock=slot1_16_2864228_7c72_18711>
...
040 (7944174.029.000) 07/08 17:44:03 Finished transferring input files
...
001 (7944174.029.000) 07/08 17:44:03 Job executing on host: <188.185.193.92:9618?addrs=188.185.193.92-9618+[2001-1458-303-20--100-58]-9618&alias=b9p19p1708.cern.ch&noUDP&sock=startd_2864155_ada3>
	SlotName: slot1_16@b9p19p1708.cern.ch
	CondorScratchDir = "/pool/condor/dir_3821103"
	Cpus = 1
	Disk = 10003100
	GPUs = 0
	Memory = 3000
...
006 (7944174.029.000) 07/08 17:44:17 Image size of job updated: 225000
	189  -  MemoryUsage of job (MB)
	192580  -  ResidentSetSize of job (KB)
...
006 (7944174.029.000) 07/08 17:44:19 Image size of job updated: 225000
	189  -  MemoryUsage of job (MB)
	192748  -  ResidentSetSize of job (KB)
...
040 (7944174.029.000) 07/08 17:44:19 Started transferring output files
...
040 (7944174.029.000) 07/08 17:44:19 Finished transferring output files
...
012 (7944174.029.000) 07/08 17:44:19 Job was held.
	Job held by ON_EXIT_HOLD due to exit code 1.
	Code 3 Subcode 0
...
013 (7944174.029.000) 07/08 17:55:47 Job was released.
	The job attribute PeriodicRelease expression '(NumJobStarts < 3) && ((CurrentTime - EnteredCurrentStatus) > 10 * 60)' evaluated to TRUE
...
040 (7944174.029.000) 07/08 17:57:30 Started transferring input files
	Transferring to host: <188.185.195.36:9618?addrs=188.185.195.36-9618+[2001-1458-303-22--100-20]-9618&alias=b9p17p8636.cern.ch&noUDP&sock=slot1_28_8853_7d41_35860>
...
040 (7944174.029.000) 07/08 17:57:31 Finished transferring input files
...
001 (7944174.029.000) 07/08 17:57:31 Job executing on host: <188.185.195.36:9618?addrs=188.185.195.36-9618+[2001-1458-303-22--100-20]-9618&alias=b9p17p8636.cern.ch&noUDP&sock=startd_8803_b44b>
	SlotName: slot1_28@b9p17p8636.cern.ch
	CondorScratchDir = "/pool/condor/dir_623091"
	Cpus = 1
	Disk = 10003084
	GPUs = 0
	Memory = 3000
...
040 (7944174.029.000) 07/08 17:58:29 Started transferring output files
...
040 (7944174.029.000) 07/08 17:58:29 Finished transferring output files
...
012 (7944174.029.000) 07/08 17:58:29 Job was held.
	Job held by ON_EXIT_HOLD due to exit code 1.
	Code 3 Subcode 0
...
