000 (7944174.291.000) 07/08 17:29:05 Job submitted from host: <188.185.16.120:9618?addrs=188.185.16.120-9618+[2001-1458-d00-65--100-39b]-9618&alias=bigbird27.cern.ch&noUDP&sock=schedd_4465_3274>
...
040 (7944174.291.000) 07/08 17:32:53 Started transferring input files
	Transferring to host: <128.142.192.214:9618?addrs=128.142.192.214-9618+[2001-1458-301-56--100-52]-9618&alias=b9g18p3327.cern.ch&noUDP&sock=slot1_20_2920706_58ab_61136>
...
040 (7944174.291.000) 07/08 17:33:06 Finished transferring input files
...
001 (7944174.291.000) 07/08 17:33:06 Job executing on host: <128.142.192.214:9618?addrs=128.142.192.214-9618+[2001-1458-301-56--100-52]-9618&alias=b9g18p3327.cern.ch&noUDP&sock=startd_3051_4f8a>
	SlotName: slot1_20@b9g18p3327.cern.ch
	CondorScratchDir = "/pool/condor/dir_1664634"
	Cpus = 1
	Disk = 10002476
	GPUs = 0
	Memory = 3000
...
006 (7944174.291.000) 07/08 17:33:15 Image size of job updated: 62184
	61  -  MemoryUsage of job (MB)
	62184  -  ResidentSetSize of job (KB)
...
006 (7944174.291.000) 07/08 17:33:52 Image size of job updated: 424184
	415  -  MemoryUsage of job (MB)
	424184  -  ResidentSetSize of job (KB)
...
040 (7944174.291.000) 07/08 17:33:52 Started transferring output files
...
040 (7944174.291.000) 07/08 17:33:52 Finished transferring output files
...
012 (7944174.291.000) 07/08 17:33:52 Job was held.
	Job held by ON_EXIT_HOLD due to exit code 1.
	Code 3 Subcode 0
...
013 (7944174.291.000) 07/08 17:46:03 Job was released.
	The job attribute PeriodicRelease expression '(NumJobStarts < 3) && ((CurrentTime - EnteredCurrentStatus) > 10 * 60)' evaluated to TRUE
...
040 (7944174.291.000) 07/08 17:46:42 Started transferring input files
	Transferring to host: <188.185.193.44:9618?addrs=188.185.193.44-9618+[2001-1458-303-20--100-28]-9618&alias=b9p19p6395.cern.ch&noUDP&sock=slot1_33_4470_44ef_22954>
...
040 (7944174.291.000) 07/08 17:46:43 Finished transferring input files
...
001 (7944174.291.000) 07/08 17:46:43 Job executing on host: <188.185.193.44:9618?addrs=188.185.193.44-9618+[2001-1458-303-20--100-28]-9618&alias=b9p19p6395.cern.ch&noUDP&sock=startd_3812_4b1c>
	SlotName: slot1_33@b9p19p6395.cern.ch
	CondorScratchDir = "/pool/condor/dir_1087271"
	Cpus = 1
	Disk = 10004415
	GPUs = 0
	Memory = 3000
...
040 (7944174.291.000) 07/08 17:47:08 Started transferring output files
...
040 (7944174.291.000) 07/08 17:47:08 Finished transferring output files
...
012 (7944174.291.000) 07/08 17:47:08 Job was held.
	Job held by ON_EXIT_HOLD due to exit code 1.
	Code 3 Subcode 0
...
013 (7944174.291.000) 07/08 17:58:12 Job was released.
	The job attribute PeriodicRelease expression '(NumJobStarts < 3) && ((CurrentTime - EnteredCurrentStatus) > 10 * 60)' evaluated to TRUE
...
040 (7944174.291.000) 07/08 18:10:11 Started transferring input files
	Transferring to host: <188.185.198.32:9618?addrs=188.185.198.32-9618+[2001-1458-303-25--100-1c]-9618&alias=b9p15p7748.cern.ch&noUDP&sock=slot1_16_3945130_ba64_19369>
...
040 (7944174.291.000) 07/08 18:10:12 Finished transferring input files
...
001 (7944174.291.000) 07/08 18:10:12 Job executing on host: <188.185.198.32:9618?addrs=188.185.198.32-9618+[2001-1458-303-25--100-1c]-9618&alias=b9p15p7748.cern.ch&noUDP&sock=startd_3945092_8d42>
	SlotName: slot1_16@b9p15p7748.cern.ch
	CondorScratchDir = "/pool/condor/dir_3706553"
	Cpus = 1
	Disk = 10006177
	GPUs = 0
	Memory = 3000
...
040 (7944174.291.000) 07/08 18:10:36 Started transferring output files
...
040 (7944174.291.000) 07/08 18:10:36 Finished transferring output files
...
012 (7944174.291.000) 07/08 18:10:36 Job was held.
	Job held by ON_EXIT_HOLD due to exit code 1.
	Code 3 Subcode 0
...
