000 (7944174.292.000) 07/08 17:29:05 Job submitted from host: <188.185.16.120:9618?addrs=188.185.16.120-9618+[2001-1458-d00-65--100-39b]-9618&alias=bigbird27.cern.ch&noUDP&sock=schedd_4465_3274>
...
040 (7944174.292.000) 07/08 17:32:46 Started transferring input files
	Transferring to host: <188.185.211.172:9618?addrs=188.185.211.172-9618+[2001-1458-303-17--100-28]-9618&alias=b9p24p8652.cern.ch&noUDP&sock=slot1_18_8293_eb2a_38465>
...
040 (7944174.292.000) 07/08 17:32:47 Finished transferring input files
...
001 (7944174.292.000) 07/08 17:32:47 Job executing on host: <188.185.211.172:9618?addrs=188.185.211.172-9618+[2001-1458-303-17--100-28]-9618&alias=b9p24p8652.cern.ch&noUDP&sock=startd_7742_f24f>
	SlotName: slot1_18@b9p24p8652.cern.ch
	CondorScratchDir = "/pool/condor/dir_3819735"
	Cpus = 1
	Disk = 10004708
	GPUs = 0
	Memory = 3000
...
006 (7944174.292.000) 07/08 17:32:55 Image size of job updated: 55084
	54  -  MemoryUsage of job (MB)
	55084  -  ResidentSetSize of job (KB)
...
006 (7944174.292.000) 07/08 17:33:13 Image size of job updated: 407056
	398  -  MemoryUsage of job (MB)
	407056  -  ResidentSetSize of job (KB)
...
040 (7944174.292.000) 07/08 17:33:13 Started transferring output files
...
040 (7944174.292.000) 07/08 17:33:13 Finished transferring output files
...
012 (7944174.292.000) 07/08 17:33:13 Job was held.
	Job held by ON_EXIT_HOLD due to exit code 1.
	Code 3 Subcode 0
...
013 (7944174.292.000) 07/08 17:43:33 Job was released.
	The job attribute PeriodicRelease expression '(NumJobStarts < 3) && ((CurrentTime - EnteredCurrentStatus) > 10 * 60)' evaluated to TRUE
...
040 (7944174.292.000) 07/08 17:45:10 Started transferring input files
	Transferring to host: <188.185.210.96:9618?addrs=188.185.210.96-9618+[2001-1458-303-1--100-5c]-9618&alias=b9p21p4456.cern.ch&noUDP&sock=slot1_19_8406_898f_39756>
...
040 (7944174.292.000) 07/08 17:45:11 Finished transferring input files
...
001 (7944174.292.000) 07/08 17:45:11 Job executing on host: <188.185.210.96:9618?addrs=188.185.210.96-9618+[2001-1458-303-1--100-5c]-9618&alias=b9p21p4456.cern.ch&noUDP&sock=startd_8350_fbe4>
	SlotName: slot1_19@b9p21p4456.cern.ch
	CondorScratchDir = "/pool/condor/dir_1306967"
	Cpus = 1
	Disk = 10001665
	GPUs = 0
	Memory = 3000
...
040 (7944174.292.000) 07/08 17:45:45 Started transferring output files
...
040 (7944174.292.000) 07/08 17:45:45 Finished transferring output files
...
012 (7944174.292.000) 07/08 17:45:45 Job was held.
	Job held by ON_EXIT_HOLD due to exit code 1.
	Code 3 Subcode 0
...
013 (7944174.292.000) 07/08 17:55:47 Job was released.
	The job attribute PeriodicRelease expression '(NumJobStarts < 3) && ((CurrentTime - EnteredCurrentStatus) > 10 * 60)' evaluated to TRUE
...
040 (7944174.292.000) 07/08 18:01:41 Started transferring input files
	Transferring to host: <188.185.194.97:9618?addrs=188.185.194.97-9618+[2001-1458-303-21--100-5d]-9618&alias=b9p20p7641.cern.ch&noUDP&sock=slot1_26_2307208_8177_22300>
...
040 (7944174.292.000) 07/08 18:01:41 Finished transferring input files
...
001 (7944174.292.000) 07/08 18:01:41 Job executing on host: <188.185.194.97:9618?addrs=188.185.194.97-9618+[2001-1458-303-21--100-5d]-9618&alias=b9p20p7641.cern.ch&noUDP&sock=startd_2307132_3b41>
	SlotName: slot1_26@b9p20p7641.cern.ch
	CondorScratchDir = "/pool/condor/dir_1385385"
	Cpus = 1
	Disk = 10007907
	GPUs = 0
	Memory = 3000
...
040 (7944174.292.000) 07/08 18:02:03 Started transferring output files
...
040 (7944174.292.000) 07/08 18:02:03 Finished transferring output files
...
012 (7944174.292.000) 07/08 18:02:03 Job was held.
	Job held by ON_EXIT_HOLD due to exit code 1.
	Code 3 Subcode 0
...
