000 (7944174.293.000) 07/08 17:29:05 Job submitted from host: <188.185.16.120:9618?addrs=188.185.16.120-9618+[2001-1458-d00-65--100-39b]-9618&alias=bigbird27.cern.ch&noUDP&sock=schedd_4465_3274>
...
040 (7944174.293.000) 07/08 17:32:46 Started transferring input files
	Transferring to host: <188.185.193.23:9618?addrs=188.185.193.23-9618+[2001-1458-303-20--100-13]-9618&alias=b9p19p8579.cern.ch&noUDP&sock=slot1_8_9311_3114_24129>
...
040 (7944174.293.000) 07/08 17:32:47 Finished transferring input files
...
001 (7944174.293.000) 07/08 17:32:47 Job executing on host: <188.185.193.23:9618?addrs=188.185.193.23-9618+[2001-1458-303-20--100-13]-9618&alias=b9p19p8579.cern.ch&noUDP&sock=startd_8166_c677>
	SlotName: slot1_8@b9p19p8579.cern.ch
	CondorScratchDir = "/pool/condor/dir_3925940"
	Cpus = 1
	Disk = 10002390
	GPUs = 0
	Memory = 3000
...
006 (7944174.293.000) 07/08 17:33:00 Image size of job updated: 37336
	37  -  MemoryUsage of job (MB)
	37336  -  ResidentSetSize of job (KB)
...
006 (7944174.293.000) 07/08 17:33:22 Image size of job updated: 220144
	38  -  MemoryUsage of job (MB)
	38272  -  ResidentSetSize of job (KB)
...
040 (7944174.293.000) 07/08 17:33:22 Started transferring output files
...
040 (7944174.293.000) 07/08 17:33:22 Finished transferring output files
...
012 (7944174.293.000) 07/08 17:33:22 Job was held.
	Job held by ON_EXIT_HOLD due to exit code 1.
	Code 3 Subcode 0
...
013 (7944174.293.000) 07/08 17:43:33 Job was released.
	The job attribute PeriodicRelease expression '(NumJobStarts < 3) && ((CurrentTime - EnteredCurrentStatus) > 10 * 60)' evaluated to TRUE
...
040 (7944174.293.000) 07/08 17:45:28 Started transferring input files
	Transferring to host: <188.185.214.26:9618?addrs=188.185.214.26-9618+[2001-1458-303-1c--100-16]-9618&alias=b9p29p0550.cern.ch&noUDP&sock=slot1_4_6472_dc00_38655>
...
040 (7944174.293.000) 07/08 17:45:29 Finished transferring input files
...
001 (7944174.293.000) 07/08 17:45:29 Job executing on host: <188.185.214.26:9618?addrs=188.185.214.26-9618+[2001-1458-303-1c--100-16]-9618&alias=b9p29p0550.cern.ch&noUDP&sock=startd_6140_1b97>
	SlotName: slot1_4@b9p29p0550.cern.ch
	CondorScratchDir = "/pool/condor/dir_3684005"
	Cpus = 1
	Disk = 10014260
	GPUs = 0
	Memory = 3000
...
006 (7944174.293.000) 07/08 17:45:37 Image size of job updated: 225000
	95  -  MemoryUsage of job (MB)
	96436  -  ResidentSetSize of job (KB)
...
006 (7944174.293.000) 07/08 17:45:42 Image size of job updated: 225000
	96  -  MemoryUsage of job (MB)
	97680  -  ResidentSetSize of job (KB)
...
040 (7944174.293.000) 07/08 17:45:42 Started transferring output files
...
040 (7944174.293.000) 07/08 17:45:42 Finished transferring output files
...
012 (7944174.293.000) 07/08 17:45:42 Job was held.
	Job held by ON_EXIT_HOLD due to exit code 1.
	Code 3 Subcode 0
...
013 (7944174.293.000) 07/08 17:55:47 Job was released.
	The job attribute PeriodicRelease expression '(NumJobStarts < 3) && ((CurrentTime - EnteredCurrentStatus) > 10 * 60)' evaluated to TRUE
...
040 (7944174.293.000) 07/08 18:10:12 Started transferring input files
	Transferring to host: <188.185.195.27:9618?addrs=188.185.195.27-9618+[2001-1458-303-22--100-17]-9618&alias=b9p17p4531.cern.ch&noUDP&sock=slot1_3_6128_7af2_21878>
...
040 (7944174.293.000) 07/08 18:10:12 Finished transferring input files
...
001 (7944174.293.000) 07/08 18:10:12 Job executing on host: <188.185.195.27:9618?addrs=188.185.195.27-9618+[2001-1458-303-22--100-17]-9618&alias=b9p17p4531.cern.ch&noUDP&sock=startd_5929_611b>
	SlotName: slot1_3@b9p17p4531.cern.ch
	CondorScratchDir = "/pool/condor/dir_7610"
	Cpus = 1
	Disk = 10015280
	GPUs = 0
	Memory = 3000
...
040 (7944174.293.000) 07/08 18:10:47 Started transferring output files
...
040 (7944174.293.000) 07/08 18:10:47 Finished transferring output files
...
012 (7944174.293.000) 07/08 18:10:47 Job was held.
	Job held by ON_EXIT_HOLD due to exit code 1.
	Code 3 Subcode 0
...
