000 (7944174.294.000) 07/08 17:29:05 Job submitted from host: <188.185.16.120:9618?addrs=188.185.16.120-9618+[2001-1458-d00-65--100-39b]-9618&alias=bigbird27.cern.ch&noUDP&sock=schedd_4465_3274>
...
040 (7944174.294.000) 07/08 17:35:16 Started transferring input files
	Transferring to host: <188.185.211.223:9618?addrs=188.185.211.223-9618+[2001-1458-303-17--100-5b]-9618&alias=b9p24p0145.cern.ch&noUDP&sock=slot1_19_7841_7198_42930>
...
040 (7944174.294.000) 07/08 17:35:17 Finished transferring input files
...
001 (7944174.294.000) 07/08 17:35:17 Job executing on host: <188.185.211.223:9618?addrs=188.185.211.223-9618+[2001-1458-303-17--100-5b]-9618&alias=b9p24p0145.cern.ch&noUDP&sock=startd_6849_6c3c>
	SlotName: slot1_19@b9p24p0145.cern.ch
	CondorScratchDir = "/pool/condor/dir_2822500"
	Cpus = 1
	Disk = 10009477
	GPUs = 0
	Memory = 3000
...
006 (7944174.294.000) 07/08 17:35:25 Image size of job updated: 109912
	108  -  MemoryUsage of job (MB)
	109912  -  ResidentSetSize of job (KB)
...
006 (7944174.294.000) 07/08 17:35:30 Image size of job updated: 109912
	110  -  MemoryUsage of job (MB)
	112156  -  ResidentSetSize of job (KB)
...
040 (7944174.294.000) 07/08 17:35:30 Started transferring output files
...
040 (7944174.294.000) 07/08 17:35:30 Finished transferring output files
...
012 (7944174.294.000) 07/08 17:35:30 Job was held.
	Job held by ON_EXIT_HOLD due to exit code 1.
	Code 3 Subcode 0
...
013 (7944174.294.000) 07/08 17:46:03 Job was released.
	The job attribute PeriodicRelease expression '(NumJobStarts < 3) && ((CurrentTime - EnteredCurrentStatus) > 10 * 60)' evaluated to TRUE
...
040 (7944174.294.000) 07/08 17:46:43 Started transferring input files
	Transferring to host: <188.185.195.19:9618?addrs=188.185.195.19-9618+[2001-1458-303-22--100-f]-9618&alias=b9p17p5825.cern.ch&noUDP&sock=slot1_19_8842_bd21_36404>
...
040 (7944174.294.000) 07/08 17:46:44 Finished transferring input files
...
001 (7944174.294.000) 07/08 17:46:44 Job executing on host: <188.185.195.19:9618?addrs=188.185.195.19-9618+[2001-1458-303-22--100-f]-9618&alias=b9p17p5825.cern.ch&noUDP&sock=startd_8746_9b65>
	SlotName: slot1_19@b9p17p5825.cern.ch
	CondorScratchDir = "/pool/condor/dir_416707"
	Cpus = 1
	Disk = 10004033
	GPUs = 0
	Memory = 3000
...
006 (7944174.294.000) 07/08 17:47:23 Image size of job updated: 424428
	415  -  MemoryUsage of job (MB)
	424428  -  ResidentSetSize of job (KB)
...
040 (7944174.294.000) 07/08 17:47:23 Started transferring output files
...
040 (7944174.294.000) 07/08 17:47:23 Finished transferring output files
...
012 (7944174.294.000) 07/08 17:47:23 Job was held.
	Job held by ON_EXIT_HOLD due to exit code 1.
	Code 3 Subcode 0
...
013 (7944174.294.000) 07/08 17:58:12 Job was released.
	The job attribute PeriodicRelease expression '(NumJobStarts < 3) && ((CurrentTime - EnteredCurrentStatus) > 10 * 60)' evaluated to TRUE
...
040 (7944174.294.000) 07/08 18:01:42 Started transferring input files
	Transferring to host: <188.185.193.130:9618?addrs=188.185.193.130-9618+[2001-1458-303-20--100-7e]-9618&alias=b9p19p1832.cern.ch&noUDP&sock=slot1_14_6121_8c52_22025>
...
040 (7944174.294.000) 07/08 18:01:43 Finished transferring input files
...
001 (7944174.294.000) 07/08 18:01:43 Job executing on host: <188.185.193.130:9618?addrs=188.185.193.130-9618+[2001-1458-303-20--100-7e]-9618&alias=b9p19p1832.cern.ch&noUDP&sock=startd_5538_2f93>
	SlotName: slot1_14@b9p19p1832.cern.ch
	CondorScratchDir = "/pool/condor/dir_143055"
	Cpus = 1
	Disk = 10004510
	GPUs = 0
	Memory = 3000
...
040 (7944174.294.000) 07/08 18:02:02 Started transferring output files
...
040 (7944174.294.000) 07/08 18:02:02 Finished transferring output files
...
012 (7944174.294.000) 07/08 18:02:02 Job was held.
	Job held by ON_EXIT_HOLD due to exit code 1.
	Code 3 Subcode 0
...
