000 (7944174.296.000) 07/08 17:29:05 Job submitted from host: <188.185.16.120:9618?addrs=188.185.16.120-9618+[2001-1458-d00-65--100-39b]-9618&alias=bigbird27.cern.ch&noUDP&sock=schedd_4465_3274>
...
040 (7944174.296.000) 07/08 17:32:47 Started transferring input files
	Transferring to host: <188.185.195.34:9618?addrs=188.185.195.34-9618+[2001-1458-303-22--100-1e]-9618&alias=b9p17p4257.cern.ch&noUDP&sock=slot1_4_8873_94c2_40427>
...
040 (7944174.296.000) 07/08 17:32:48 Finished transferring input files
...
001 (7944174.296.000) 07/08 17:32:48 Job executing on host: <188.185.195.34:9618?addrs=188.185.195.34-9618+[2001-1458-303-22--100-1e]-9618&alias=b9p17p4257.cern.ch&noUDP&sock=startd_7764_0964>
	SlotName: slot1_4@b9p17p4257.cern.ch
	CondorScratchDir = "/pool/condor/dir_1145011"
	Cpus = 1
	Disk = 10001655
	GPUs = 0
	Memory = 3000
...
006 (7944174.296.000) 07/08 17:33:02 Image size of job updated: 25204
	25  -  MemoryUsage of job (MB)
	25204  -  ResidentSetSize of job (KB)
...
006 (7944174.296.000) 07/08 17:33:33 Image size of job updated: 211664
	25  -  MemoryUsage of job (MB)
	25380  -  ResidentSetSize of job (KB)
...
040 (7944174.296.000) 07/08 17:33:33 Started transferring output files
...
040 (7944174.296.000) 07/08 17:33:33 Finished transferring output files
...
012 (7944174.296.000) 07/08 17:33:33 Job was held.
	Job held by ON_EXIT_HOLD due to exit code 1.
	Code 3 Subcode 0
...
013 (7944174.296.000) 07/08 17:46:03 Job was released.
	The job attribute PeriodicRelease expression '(NumJobStarts < 3) && ((CurrentTime - EnteredCurrentStatus) > 10 * 60)' evaluated to TRUE
...
040 (7944174.296.000) 07/08 17:46:43 Started transferring input files
	Transferring to host: <188.185.194.102:9618?addrs=188.185.194.102-9618+[2001-1458-303-21--100-62]-9618&alias=b9p20p2397.cern.ch&noUDP&sock=slot1_51_6129_2f52_23574>
...
040 (7944174.296.000) 07/08 17:46:43 Finished transferring input files
...
001 (7944174.296.000) 07/08 17:46:43 Job executing on host: <188.185.194.102:9618?addrs=188.185.194.102-9618+[2001-1458-303-21--100-62]-9618&alias=b9p20p2397.cern.ch&noUDP&sock=startd_6082_5318>
	SlotName: slot1_51@b9p20p2397.cern.ch
	CondorScratchDir = "/pool/condor/dir_2888641"
	Cpus = 1
	Disk = 10002777
	GPUs = 0
	Memory = 3000
...
040 (7944174.296.000) 07/08 17:47:14 Started transferring output files
...
040 (7944174.296.000) 07/08 17:47:14 Finished transferring output files
...
012 (7944174.296.000) 07/08 17:47:14 Job was held.
	Job held by ON_EXIT_HOLD due to exit code 1.
	Code 3 Subcode 0
...
013 (7944174.296.000) 07/08 17:58:12 Job was released.
	The job attribute PeriodicRelease expression '(NumJobStarts < 3) && ((CurrentTime - EnteredCurrentStatus) > 10 * 60)' evaluated to TRUE
...
040 (7944174.296.000) 07/08 18:01:42 Started transferring input files
	Transferring to host: <188.185.195.55:9618?addrs=188.185.195.55-9618+[2001-1458-303-22--100-33]-9618&alias=b9p17p6467.cern.ch&noUDP&sock=slot1_8_6123_f512_23973>
...
040 (7944174.296.000) 07/08 18:01:43 Finished transferring input files
...
001 (7944174.296.000) 07/08 18:01:43 Job executing on host: <188.185.195.55:9618?addrs=188.185.195.55-9618+[2001-1458-303-22--100-33]-9618&alias=b9p17p6467.cern.ch&noUDP&sock=startd_5935_7eac>
	SlotName: slot1_8@b9p17p6467.cern.ch
	CondorScratchDir = "/pool/condor/dir_176067"
	Cpus = 1
	Disk = 10033882
	GPUs = 0
	Memory = 3000
...
006 (7944174.296.000) 07/08 18:01:56 Image size of job updated: 225000
	96  -  MemoryUsage of job (MB)
	97772  -  ResidentSetSize of job (KB)
...
006 (7944174.296.000) 07/08 18:02:02 Image size of job updated: 225000
	97  -  MemoryUsage of job (MB)
	98340  -  ResidentSetSize of job (KB)
...
040 (7944174.296.000) 07/08 18:02:02 Started transferring output files
...
040 (7944174.296.000) 07/08 18:02:02 Finished transferring output files
...
012 (7944174.296.000) 07/08 18:02:02 Job was held.
	Job held by ON_EXIT_HOLD due to exit code 1.
	Code 3 Subcode 0
...
