000 (7944174.299.000) 07/08 17:29:05 Job submitted from host: <188.185.16.120:9618?addrs=188.185.16.120-9618+[2001-1458-d00-65--100-39b]-9618&alias=bigbird27.cern.ch&noUDP&sock=schedd_4465_3274>
...
040 (7944174.299.000) 07/08 17:32:48 Started transferring input files
	Transferring to host: <188.185.193.20:9618?addrs=188.185.193.20-9618+[2001-1458-303-20--100-10]-9618&alias=b9p19p4434.cern.ch&noUDP&sock=slot1_9_4859_5adf_24535>
...
040 (7944174.299.000) 07/08 17:32:48 Finished transferring input files
...
001 (7944174.299.000) 07/08 17:32:48 Job executing on host: <188.185.193.20:9618?addrs=188.185.193.20-9618+[2001-1458-303-20--100-10]-9618&alias=b9p19p4434.cern.ch&noUDP&sock=startd_4297_f68b>
	SlotName: slot1_9@b9p19p4434.cern.ch
	CondorScratchDir = "/pool/condor/dir_1088505"
	Cpus = 1
	Disk = 10005983
	GPUs = 0
	Memory = 3000
...
006 (7944174.299.000) 07/08 17:33:02 Image size of job updated: 37564
	37  -  MemoryUsage of job (MB)
	37564  -  ResidentSetSize of job (KB)
...
006 (7944174.299.000) 07/08 17:33:27 Image size of job updated: 210536
	38  -  MemoryUsage of job (MB)
	38204  -  ResidentSetSize of job (KB)
...
040 (7944174.299.000) 07/08 17:33:27 Started transferring output files
...
040 (7944174.299.000) 07/08 17:33:27 Finished transferring output files
...
012 (7944174.299.000) 07/08 17:33:27 Job was held.
	Job held by ON_EXIT_HOLD due to exit code 1.
	Code 3 Subcode 0
...
013 (7944174.299.000) 07/08 17:43:33 Job was released.
	The job attribute PeriodicRelease expression '(NumJobStarts < 3) && ((CurrentTime - EnteredCurrentStatus) > 10 * 60)' evaluated to TRUE
...
040 (7944174.299.000) 07/08 17:45:29 Started transferring input files
	Transferring to host: <188.185.215.21:9618?addrs=188.185.215.21-9618+[2001-1458-303-1e--100-11]-9618&alias=b9p31p2581.cern.ch&noUDP&sock=slot1_6_7733_5914_40464>
...
040 (7944174.299.000) 07/08 17:45:29 Finished transferring input files
...
001 (7944174.299.000) 07/08 17:45:29 Job executing on host: <188.185.215.21:9618?addrs=188.185.215.21-9618+[2001-1458-303-1e--100-11]-9618&alias=b9p31p2581.cern.ch&noUDP&sock=startd_6619_a974>
	SlotName: slot1_6@b9p31p2581.cern.ch
	CondorScratchDir = "/pool/condor/dir_1790685"
	Cpus = 1
	Disk = 10000335
	GPUs = 0
	Memory = 3000
...
006 (7944174.299.000) 07/08 17:45:38 Image size of job updated: 225000
	124  -  MemoryUsage of job (MB)
	125980  -  ResidentSetSize of job (KB)
...
006 (7944174.299.000) 07/08 17:45:43 Image size of job updated: 225000
	127  -  MemoryUsage of job (MB)
	130016  -  ResidentSetSize of job (KB)
...
040 (7944174.299.000) 07/08 17:45:43 Started transferring output files
...
040 (7944174.299.000) 07/08 17:45:43 Finished transferring output files
...
012 (7944174.299.000) 07/08 17:45:43 Job was held.
	Job held by ON_EXIT_HOLD due to exit code 1.
	Code 3 Subcode 0
...
013 (7944174.299.000) 07/08 17:55:47 Job was released.
	The job attribute PeriodicRelease expression '(NumJobStarts < 3) && ((CurrentTime - EnteredCurrentStatus) > 10 * 60)' evaluated to TRUE
...
040 (7944174.299.000) 07/08 18:01:01 Started transferring input files
	Transferring to host: <188.185.194.47:9618?addrs=188.185.194.47-9618+[2001-1458-303-21--100-2b]-9618&alias=b9p20p9107.cern.ch&noUDP&sock=slot1_35_4027_22bd_15260>
...
040 (7944174.299.000) 07/08 18:01:02 Finished transferring input files
...
001 (7944174.299.000) 07/08 18:01:02 Job executing on host: <188.185.194.47:9618?addrs=188.185.194.47-9618+[2001-1458-303-21--100-2b]-9618&alias=b9p20p9107.cern.ch&noUDP&sock=startd_3504_07f1>
	SlotName: slot1_35@b9p20p9107.cern.ch
	CondorScratchDir = "/pool/condor/dir_2115318"
	Cpus = 1
	Disk = 10007548
	GPUs = 0
	Memory = 3000
...
040 (7944174.299.000) 07/08 18:01:38 Started transferring output files
...
040 (7944174.299.000) 07/08 18:01:38 Finished transferring output files
...
012 (7944174.299.000) 07/08 18:01:38 Job was held.
	Job held by ON_EXIT_HOLD due to exit code 1.
	Code 3 Subcode 0
...
