000 (7944174.003.000) 07/08 17:29:04 Job submitted from host: <188.185.16.120:9618?addrs=188.185.16.120-9618+[2001-1458-d00-65--100-39b]-9618&alias=bigbird27.cern.ch&noUDP&sock=schedd_4465_3274>
...
040 (7944174.003.000) 07/08 17:31:14 Started transferring input files
	Transferring to host: <188.185.192.96:9618?addrs=188.185.192.96-9618+[2001-1458-303-1f--100-5c]-9618&alias=b9p13p7489.cern.ch&noUDP&sock=slot1_19_8696_de5b_40005>
...
040 (7944174.003.000) 07/08 17:31:16 Finished transferring input files
...
001 (7944174.003.000) 07/08 17:31:16 Job executing on host: <188.185.192.96:9618?addrs=188.185.192.96-9618+[2001-1458-303-1f--100-5c]-9618&alias=b9p13p7489.cern.ch&noUDP&sock=startd_8208_9571>
	SlotName: slot1_19@b9p13p7489.cern.ch
	CondorScratchDir = "/pool/condor/dir_949875"
	Cpus = 1
	Disk = 10003277
	GPUs = 0
	Memory = 3000
...
006 (7944174.003.000) 07/08 17:31:25 Image size of job updated: 50388
	50  -  MemoryUsage of job (MB)
	50388  -  ResidentSetSize of job (KB)
...
006 (7944174.003.000) 07/08 17:32:43 Image size of job updated: 422244
	413  -  MemoryUsage of job (MB)
	422244  -  ResidentSetSize of job (KB)
...
040 (7944174.003.000) 07/08 17:32:43 Started transferring output files
...
040 (7944174.003.000) 07/08 17:32:43 Finished transferring output files
...
012 (7944174.003.000) 07/08 17:32:44 Job was held.
	Job held by ON_EXIT_HOLD due to exit code 1.
	Code 3 Subcode 0
...
013 (7944174.003.000) 07/08 17:43:32 Job was released.
	The job attribute PeriodicRelease expression '(NumJobStarts < 3) && ((CurrentTime - EnteredCurrentStatus) > 10 * 60)' evaluated to TRUE
...
040 (7944174.003.000) 07/08 17:43:56 Started transferring input files
	Transferring to host: <188.185.193.118:9618?addrs=188.185.193.118-9618+[2001-1458-303-20--100-72]-9618&alias=b9p19p8043.cern.ch&noUDP&sock=slot1_31_3157419_11a4_16634>
...
040 (7944174.003.000) 07/08 17:43:57 Finished transferring input files
...
001 (7944174.003.000) 07/08 17:43:57 Job executing on host: <188.185.193.118:9618?addrs=188.185.193.118-9618+[2001-1458-303-20--100-72]-9618&alias=b9p19p8043.cern.ch&noUDP&sock=startd_4383_f3b0>
	SlotName: slot1_31@b9p19p8043.cern.ch
	CondorScratchDir = "/pool/condor/dir_2776832"
	Cpus = 1
	Disk = 10003141
	GPUs = 0
	Memory = 3000
...
040 (7944174.003.000) 07/08 17:44:18 Started transferring output files
...
040 (7944174.003.000) 07/08 17:44:18 Finished transferring output files
...
012 (7944174.003.000) 07/08 17:44:18 Job was held.
	Job held by ON_EXIT_HOLD due to exit code 1.
	Code 3 Subcode 0
...
013 (7944174.003.000) 07/08 17:55:47 Job was released.
	The job attribute PeriodicRelease expression '(NumJobStarts < 3) && ((CurrentTime - EnteredCurrentStatus) > 10 * 60)' evaluated to TRUE
...
040 (7944174.003.000) 07/08 17:57:22 Started transferring input files
	Transferring to host: <188.185.194.12:9618?addrs=188.185.194.12-9618+[2001-1458-303-21--100-8]-9618&alias=b9p20p1332.cern.ch&noUDP&sock=slot1_19_5533_3fba_23739>
...
040 (7944174.003.000) 07/08 17:57:23 Finished transferring input files
...
001 (7944174.003.000) 07/08 17:57:23 Job executing on host: <188.185.194.12:9618?addrs=188.185.194.12-9618+[2001-1458-303-21--100-8]-9618&alias=b9p20p1332.cern.ch&noUDP&sock=startd_4985_dfb4>
	SlotName: slot1_19@b9p20p1332.cern.ch
	CondorScratchDir = "/pool/condor/dir_3069507"
	Cpus = 1
	Disk = 10003131
	GPUs = 0
	Memory = 3000
...
040 (7944174.003.000) 07/08 17:57:46 Started transferring output files
...
040 (7944174.003.000) 07/08 17:57:46 Finished transferring output files
...
012 (7944174.003.000) 07/08 17:57:46 Job was held.
	Job held by ON_EXIT_HOLD due to exit code 1.
	Code 3 Subcode 0
...
