000 (7944174.030.000) 07/08 17:29:04 Job submitted from host: <188.185.16.120:9618?addrs=188.185.16.120-9618+[2001-1458-d00-65--100-39b]-9618&alias=bigbird27.cern.ch&noUDP&sock=schedd_4465_3274>
...
040 (7944174.030.000) 07/08 17:31:20 Started transferring input files
	Transferring to host: <188.185.196.141:9618?addrs=188.185.196.141-9618&alias=b9p16p1035.cern.ch&noUDP&sock=slot1_26_501419_cbbf_22164>
...
040 (7944174.030.000) 07/08 17:31:21 Finished transferring input files
...
001 (7944174.030.000) 07/08 17:31:21 Job executing on host: <188.185.196.141:9618?addrs=188.185.196.141-9618&alias=b9p16p1035.cern.ch&noUDP&sock=startd_501373_c10a>
	SlotName: slot1_26@b9p16p1035.cern.ch
	CondorScratchDir = "/pool/condor/dir_1820898"
	Cpus = 1
	Disk = 10002943
	GPUs = 0
	Memory = 3000
...
006 (7944174.030.000) 07/08 17:31:34 Image size of job updated: 27348
	27  -  MemoryUsage of job (MB)
	27348  -  ResidentSetSize of job (KB)
...
006 (7944174.030.000) 07/08 17:32:43 Image size of job updated: 210584
	27  -  MemoryUsage of job (MB)
	27348  -  ResidentSetSize of job (KB)
...
040 (7944174.030.000) 07/08 17:32:43 Started transferring output files
...
040 (7944174.030.000) 07/08 17:32:43 Finished transferring output files
...
012 (7944174.030.000) 07/08 17:32:45 Job was held.
	Job held by ON_EXIT_HOLD due to exit code 1.
	Code 3 Subcode 0
...
013 (7944174.030.000) 07/08 17:43:32 Job was released.
	The job attribute PeriodicRelease expression '(NumJobStarts < 3) && ((CurrentTime - EnteredCurrentStatus) > 10 * 60)' evaluated to TRUE
...
040 (7944174.030.000) 07/08 17:44:05 Started transferring input files
	Transferring to host: <188.185.211.47:9618?addrs=188.185.211.47-9618+[2001-1458-303-16--100-2b]-9618&alias=b9p23p3488.cern.ch&noUDP&sock=slot1_32_8387_266e_38167>
...
040 (7944174.030.000) 07/08 17:44:06 Finished transferring input files
...
001 (7944174.030.000) 07/08 17:44:06 Job executing on host: <188.185.211.47:9618?addrs=188.185.211.47-9618+[2001-1458-303-16--100-2b]-9618&alias=b9p23p3488.cern.ch&noUDP&sock=startd_8234_6ae7>
	SlotName: slot1_32@b9p23p3488.cern.ch
	CondorScratchDir = "/pool/condor/dir_1827608"
	Cpus = 1
	Disk = 10003097
	GPUs = 0
	Memory = 3000
...
006 (7944174.030.000) 07/08 17:44:14 Image size of job updated: 225000
	56  -  MemoryUsage of job (MB)
	57140  -  ResidentSetSize of job (KB)
...
006 (7944174.030.000) 07/08 17:44:31 Image size of job updated: 425608
	416  -  MemoryUsage of job (MB)
	425608  -  ResidentSetSize of job (KB)
...
040 (7944174.030.000) 07/08 17:44:31 Started transferring output files
...
040 (7944174.030.000) 07/08 17:44:31 Finished transferring output files
...
012 (7944174.030.000) 07/08 17:44:32 Job was held.
	Job held by ON_EXIT_HOLD due to exit code 1.
	Code 3 Subcode 0
...
013 (7944174.030.000) 07/08 17:55:47 Job was released.
	The job attribute PeriodicRelease expression '(NumJobStarts < 3) && ((CurrentTime - EnteredCurrentStatus) > 10 * 60)' evaluated to TRUE
...
040 (7944174.030.000) 07/08 17:57:31 Started transferring input files
	Transferring to host: <188.185.195.47:9618?addrs=188.185.195.47-9618+[2001-1458-303-22--100-2b]-9618&alias=b9p17p0662.cern.ch&noUDP&sock=slot1_21_10102_85d4_24953>
...
040 (7944174.030.000) 07/08 17:57:32 Finished transferring input files
...
001 (7944174.030.000) 07/08 17:57:32 Job executing on host: <188.185.195.47:9618?addrs=188.185.195.47-9618+[2001-1458-303-22--100-2b]-9618&alias=b9p17p0662.cern.ch&noUDP&sock=startd_8516_d89d>
	SlotName: slot1_21@b9p17p0662.cern.ch
	CondorScratchDir = "/pool/condor/dir_253450"
	Cpus = 1
	Disk = 10003459
	GPUs = 0
	Memory = 3000
...
040 (7944174.030.000) 07/08 17:58:10 Started transferring output files
...
040 (7944174.030.000) 07/08 17:58:10 Finished transferring output files
...
012 (7944174.030.000) 07/08 17:58:10 Job was held.
	Job held by ON_EXIT_HOLD due to exit code 1.
	Code 3 Subcode 0
...
