000 (7944174.301.000) 07/08 17:29:05 Job submitted from host: <188.185.16.120:9618?addrs=188.185.16.120-9618+[2001-1458-d00-65--100-39b]-9618&alias=bigbird27.cern.ch&noUDP&sock=schedd_4465_3274>
...
040 (7944174.301.000) 07/08 17:32:49 Started transferring input files
	Transferring to host: <188.185.211.33:9618?addrs=188.185.211.33-9618+[2001-1458-303-16--100-1d]-9618&alias=b9p23p7111.cern.ch&noUDP&sock=slot1_18_8372_94ce_41802>
...
040 (7944174.301.000) 07/08 17:32:50 Finished transferring input files
...
001 (7944174.301.000) 07/08 17:32:50 Job executing on host: <188.185.211.33:9618?addrs=188.185.211.33-9618+[2001-1458-303-16--100-1d]-9618&alias=b9p23p7111.cern.ch&noUDP&sock=startd_8209_4509>
	SlotName: slot1_18@b9p23p7111.cern.ch
	CondorScratchDir = "/pool/condor/dir_2313660"
	Cpus = 1
	Disk = 10028932
	GPUs = 0
	Memory = 3000
...
006 (7944174.301.000) 07/08 17:32:58 Image size of job updated: 56636
	56  -  MemoryUsage of job (MB)
	56636  -  ResidentSetSize of job (KB)
...
006 (7944174.301.000) 07/08 17:33:15 Image size of job updated: 423312
	414  -  MemoryUsage of job (MB)
	423312  -  ResidentSetSize of job (KB)
...
040 (7944174.301.000) 07/08 17:33:15 Started transferring output files
...
040 (7944174.301.000) 07/08 17:33:15 Finished transferring output files
...
012 (7944174.301.000) 07/08 17:33:15 Job was held.
	Job held by ON_EXIT_HOLD due to exit code 1.
	Code 3 Subcode 0
...
013 (7944174.301.000) 07/08 17:43:33 Job was released.
	The job attribute PeriodicRelease expression '(NumJobStarts < 3) && ((CurrentTime - EnteredCurrentStatus) > 10 * 60)' evaluated to TRUE
...
040 (7944174.301.000) 07/08 17:45:12 Started transferring input files
	Transferring to host: <188.185.209.15:9618?addrs=188.185.209.15-9618+[2001-1458-303-11--100-c]-9618&alias=b9p11p0957.cern.ch&noUDP&sock=slot1_19_8494_8a92_31889>
...
040 (7944174.301.000) 07/08 17:45:13 Finished transferring input files
...
001 (7944174.301.000) 07/08 17:45:13 Job executing on host: <188.185.209.15:9618?addrs=188.185.209.15-9618+[2001-1458-303-11--100-c]-9618&alias=b9p11p0957.cern.ch&noUDP&sock=startd_7435_5ebc>
	SlotName: slot1_19@b9p11p0957.cern.ch
	CondorScratchDir = "/pool/condor/dir_1506458"
	Cpus = 1
	Disk = 10000146
	GPUs = 0
	Memory = 3000
...
040 (7944174.301.000) 07/08 17:46:47 Started transferring output files
...
040 (7944174.301.000) 07/08 17:46:47 Finished transferring output files
...
012 (7944174.301.000) 07/08 17:46:47 Job was held.
	Job held by ON_EXIT_HOLD due to exit code 1.
	Code 3 Subcode 0
...
013 (7944174.301.000) 07/08 17:58:12 Job was released.
	The job attribute PeriodicRelease expression '(NumJobStarts < 3) && ((CurrentTime - EnteredCurrentStatus) > 10 * 60)' evaluated to TRUE
...
040 (7944174.301.000) 07/08 18:10:13 Started transferring input files
	Transferring to host: <188.185.193.95:9618?addrs=188.185.193.95-9618+[2001-1458-303-20--100-5b]-9618&alias=b9p19p0505.cern.ch&noUDP&sock=slot1_30_6134_b533_24287>
...
040 (7944174.301.000) 07/08 18:10:13 Finished transferring input files
...
001 (7944174.301.000) 07/08 18:10:13 Job executing on host: <188.185.193.95:9618?addrs=188.185.193.95-9618+[2001-1458-303-20--100-5b]-9618&alias=b9p19p0505.cern.ch&noUDP&sock=startd_5793_183a>
	SlotName: slot1_30@b9p19p0505.cern.ch
	CondorScratchDir = "/pool/condor/dir_1331139"
	Cpus = 1
	Disk = 10012329
	GPUs = 0
	Memory = 3000
...
040 (7944174.301.000) 07/08 18:10:45 Started transferring output files
...
040 (7944174.301.000) 07/08 18:10:45 Finished transferring output files
...
012 (7944174.301.000) 07/08 18:10:45 Job was held.
	Job held by ON_EXIT_HOLD due to exit code 1.
	Code 3 Subcode 0
...
