000 (7944174.303.000) 07/08 17:29:05 Job submitted from host: <188.185.16.120:9618?addrs=188.185.16.120-9618+[2001-1458-d00-65--100-39b]-9618&alias=bigbird27.cern.ch&noUDP&sock=schedd_4465_3274>
...
040 (7944174.303.000) 07/08 17:35:07 Started transferring input files
	Transferring to host: <188.185.194.133:9618?addrs=188.185.194.133-9618+[2001-1458-303-21--100-81]-9618&alias=b9p20p2266.cern.ch&noUDP&sock=slot1_16_3090215_c578_21923>
...
040 (7944174.303.000) 07/08 17:35:07 Finished transferring input files
...
001 (7944174.303.000) 07/08 17:35:07 Job executing on host: <188.185.194.133:9618?addrs=188.185.194.133-9618+[2001-1458-303-21--100-81]-9618&alias=b9p20p2266.cern.ch&noUDP&sock=startd_3090143_a63f>
	SlotName: slot1_16@b9p20p2266.cern.ch
	CondorScratchDir = "/pool/condor/dir_190268"
	Cpus = 1
	Disk = 10035807
	GPUs = 0
	Memory = 3000
...
006 (7944174.303.000) 07/08 17:35:21 Image size of job updated: 95944
	94  -  MemoryUsage of job (MB)
	95944  -  ResidentSetSize of job (KB)
...
006 (7944174.303.000) 07/08 17:35:26 Image size of job updated: 169384
	95  -  MemoryUsage of job (MB)
	97056  -  ResidentSetSize of job (KB)
...
040 (7944174.303.000) 07/08 17:35:26 Started transferring output files
...
040 (7944174.303.000) 07/08 17:35:26 Finished transferring output files
...
012 (7944174.303.000) 07/08 17:35:26 Job was held.
	Job held by ON_EXIT_HOLD due to exit code 1.
	Code 3 Subcode 0
...
013 (7944174.303.000) 07/08 17:46:03 Job was released.
	The job attribute PeriodicRelease expression '(NumJobStarts < 3) && ((CurrentTime - EnteredCurrentStatus) > 10 * 60)' evaluated to TRUE
...
040 (7944174.303.000) 07/08 17:46:44 Started transferring input files
	Transferring to host: <188.185.193.113:9618?addrs=188.185.193.113-9618+[2001-1458-303-20--100-6d]-9618&alias=b9p19p9894.cern.ch&noUDP&sock=slot1_38_5137_3b2a_22612>
...
040 (7944174.303.000) 07/08 17:46:44 Finished transferring input files
...
001 (7944174.303.000) 07/08 17:46:44 Job executing on host: <188.185.193.113:9618?addrs=188.185.193.113-9618+[2001-1458-303-20--100-6d]-9618&alias=b9p19p9894.cern.ch&noUDP&sock=startd_4427_21db>
	SlotName: slot1_38@b9p19p9894.cern.ch
	CondorScratchDir = "/pool/condor/dir_438682"
	Cpus = 1
	Disk = 10003245
	GPUs = 0
	Memory = 3000
...
006 (7944174.303.000) 07/08 17:47:18 Image size of job updated: 201632
	98  -  MemoryUsage of job (MB)
	100000  -  ResidentSetSize of job (KB)
...
040 (7944174.303.000) 07/08 17:47:18 Started transferring output files
...
040 (7944174.303.000) 07/08 17:47:18 Finished transferring output files
...
012 (7944174.303.000) 07/08 17:47:18 Job was held.
	Job held by ON_EXIT_HOLD due to exit code 1.
	Code 3 Subcode 0
...
013 (7944174.303.000) 07/08 17:58:12 Job was released.
	The job attribute PeriodicRelease expression '(NumJobStarts < 3) && ((CurrentTime - EnteredCurrentStatus) > 10 * 60)' evaluated to TRUE
...
040 (7944174.303.000) 07/08 18:01:44 Started transferring input files
	Transferring to host: <188.185.194.164:9618?addrs=188.185.194.164-9618+[2001-1458-303-21--100-a0]-9618&alias=b9p20p8139.cern.ch&noUDP&sock=slot1_20_2220255_4047_23103>
...
040 (7944174.303.000) 07/08 18:01:45 Finished transferring input files
...
001 (7944174.303.000) 07/08 18:01:45 Job executing on host: <188.185.194.164:9618?addrs=188.185.194.164-9618+[2001-1458-303-21--100-a0]-9618&alias=b9p20p8139.cern.ch&noUDP&sock=startd_2220217_c54f>
	SlotName: slot1_20@b9p20p8139.cern.ch
	CondorScratchDir = "/pool/condor/dir_3486345"
	Cpus = 1
	Disk = 10000299
	GPUs = 0
	Memory = 3000
...
006 (7944174.303.000) 07/08 18:01:59 Image size of job updated: 225000
	99  -  MemoryUsage of job (MB)
	101120  -  ResidentSetSize of job (KB)
...
006 (7944174.303.000) 07/08 18:02:05 Image size of job updated: 225000
	100  -  MemoryUsage of job (MB)
	101676  -  ResidentSetSize of job (KB)
...
040 (7944174.303.000) 07/08 18:02:05 Started transferring output files
...
040 (7944174.303.000) 07/08 18:02:05 Finished transferring output files
...
012 (7944174.303.000) 07/08 18:02:05 Job was held.
	Job held by ON_EXIT_HOLD due to exit code 1.
	Code 3 Subcode 0
...
