000 (7944174.304.000) 07/08 17:29:05 Job submitted from host: <188.185.16.120:9618?addrs=188.185.16.120-9618+[2001-1458-d00-65--100-39b]-9618&alias=bigbird27.cern.ch&noUDP&sock=schedd_4465_3274>
...
040 (7944174.304.000) 07/08 17:32:49 Started transferring input files
	Transferring to host: <188.185.192.20:9618?addrs=188.185.192.20-9618+[2001-1458-303-1f--100-10]-9618&alias=b9p13p5476.cern.ch&noUDP&sock=slot1_19_721600_3a99_39191>
...
040 (7944174.304.000) 07/08 17:32:49 Finished transferring input files
...
001 (7944174.304.000) 07/08 17:32:49 Job executing on host: <188.185.192.20:9618?addrs=188.185.192.20-9618+[2001-1458-303-1f--100-10]-9618&alias=b9p13p5476.cern.ch&noUDP&sock=startd_8705_7c03>
	SlotName: slot1_19@b9p13p5476.cern.ch
	CondorScratchDir = "/pool/condor/dir_526499"
	Cpus = 1
	Disk = 10001352
	GPUs = 0
	Memory = 3000
...
006 (7944174.304.000) 07/08 17:33:03 Image size of job updated: 25184
	21  -  MemoryUsage of job (MB)
	21392  -  ResidentSetSize of job (KB)
...
006 (7944174.304.000) 07/08 17:33:21 Image size of job updated: 207272
	21  -  MemoryUsage of job (MB)
	21392  -  ResidentSetSize of job (KB)
...
040 (7944174.304.000) 07/08 17:33:21 Started transferring output files
...
040 (7944174.304.000) 07/08 17:33:21 Finished transferring output files
...
012 (7944174.304.000) 07/08 17:33:21 Job was held.
	Job held by ON_EXIT_HOLD due to exit code 1.
	Code 3 Subcode 0
...
013 (7944174.304.000) 07/08 17:43:33 Job was released.
	The job attribute PeriodicRelease expression '(NumJobStarts < 3) && ((CurrentTime - EnteredCurrentStatus) > 10 * 60)' evaluated to TRUE
...
040 (7944174.304.000) 07/08 17:45:38 Started transferring input files
	Transferring to host: <188.185.211.205:9618?addrs=188.185.211.205-9618+[2001-1458-303-17--100-49]-9618&alias=b9p24p6600.cern.ch&noUDP&sock=slot1_25_7149_ddfc_36516>
...
040 (7944174.304.000) 07/08 17:45:38 Finished transferring input files
...
001 (7944174.304.000) 07/08 17:45:38 Job executing on host: <188.185.211.205:9618?addrs=188.185.211.205-9618+[2001-1458-303-17--100-49]-9618&alias=b9p24p6600.cern.ch&noUDP&sock=startd_6398_1306>
	SlotName: slot1_25@b9p24p6600.cern.ch
	CondorScratchDir = "/pool/condor/dir_1360226"
	Cpus = 1
	Disk = 10077040
	GPUs = 0
	Memory = 3000
...
006 (7944174.304.000) 07/08 17:45:47 Image size of job updated: 225000
	96  -  MemoryUsage of job (MB)
	97732  -  ResidentSetSize of job (KB)
...
006 (7944174.304.000) 07/08 17:45:53 Image size of job updated: 225000
	97  -  MemoryUsage of job (MB)
	99284  -  ResidentSetSize of job (KB)
...
040 (7944174.304.000) 07/08 17:45:53 Started transferring output files
...
040 (7944174.304.000) 07/08 17:45:53 Finished transferring output files
...
012 (7944174.304.000) 07/08 17:45:53 Job was held.
	Job held by ON_EXIT_HOLD due to exit code 1.
	Code 3 Subcode 0
...
013 (7944174.304.000) 07/08 17:58:12 Job was released.
	The job attribute PeriodicRelease expression '(NumJobStarts < 3) && ((CurrentTime - EnteredCurrentStatus) > 10 * 60)' evaluated to TRUE
...
040 (7944174.304.000) 07/08 18:15:48 Started transferring input files
	Transferring to host: <188.185.192.138:9618?addrs=188.185.192.138-9618+[2001-1458-303-1f--100-86]-9618&alias=b9p13p9545.cern.ch&noUDP&sock=slot1_11_6076_d770_22314>
...
040 (7944174.304.000) 07/08 18:15:48 Finished transferring input files
...
001 (7944174.304.000) 07/08 18:15:48 Job executing on host: <188.185.192.138:9618?addrs=188.185.192.138-9618+[2001-1458-303-1f--100-86]-9618&alias=b9p13p9545.cern.ch&noUDP&sock=startd_5520_d6df>
	SlotName: slot1_11@b9p13p9545.cern.ch
	CondorScratchDir = "/pool/condor/dir_284633"
	Cpus = 1
	Disk = 10172522
	GPUs = 0
	Memory = 3000
...
006 (7944174.304.000) 07/08 18:16:02 Image size of job updated: 225000
	100  -  MemoryUsage of job (MB)
	101668  -  ResidentSetSize of job (KB)
...
006 (7944174.304.000) 07/08 18:16:07 Image size of job updated: 225000
	100  -  MemoryUsage of job (MB)
	101672  -  ResidentSetSize of job (KB)
...
040 (7944174.304.000) 07/08 18:16:07 Started transferring output files
...
040 (7944174.304.000) 07/08 18:16:07 Finished transferring output files
...
012 (7944174.304.000) 07/08 18:16:07 Job was held.
	Job held by ON_EXIT_HOLD due to exit code 1.
	Code 3 Subcode 0
...
