000 (7944174.305.000) 07/08 17:29:05 Job submitted from host: <188.185.16.120:9618?addrs=188.185.16.120-9618+[2001-1458-d00-65--100-39b]-9618&alias=bigbird27.cern.ch&noUDP&sock=schedd_4465_3274>
...
040 (7944174.305.000) 07/08 17:32:50 Started transferring input files
	Transferring to host: <188.185.195.20:9618?addrs=188.185.195.20-9618+[2001-1458-303-22--100-10]-9618&alias=b9p17p9751.cern.ch&noUDP&sock=slot1_29_6636_6987_24982>
...
040 (7944174.305.000) 07/08 17:32:50 Finished transferring input files
...
001 (7944174.305.000) 07/08 17:32:50 Job executing on host: <188.185.195.20:9618?addrs=188.185.195.20-9618+[2001-1458-303-22--100-10]-9618&alias=b9p17p9751.cern.ch&noUDP&sock=startd_4773_75a0>
	SlotName: slot1_29@b9p17p9751.cern.ch
	CondorScratchDir = "/pool/condor/dir_4022553"
	Cpus = 1
	Disk = 10000921
	GPUs = 0
	Memory = 3000
...
006 (7944174.305.000) 07/08 17:33:04 Image size of job updated: 35176
	35  -  MemoryUsage of job (MB)
	35176  -  ResidentSetSize of job (KB)
...
006 (7944174.305.000) 07/08 17:33:26 Image size of job updated: 180640
	35  -  MemoryUsage of job (MB)
	35832  -  ResidentSetSize of job (KB)
...
040 (7944174.305.000) 07/08 17:33:26 Started transferring output files
...
040 (7944174.305.000) 07/08 17:33:26 Finished transferring output files
...
012 (7944174.305.000) 07/08 17:33:26 Job was held.
	Job held by ON_EXIT_HOLD due to exit code 1.
	Code 3 Subcode 0
...
013 (7944174.305.000) 07/08 17:43:33 Job was released.
	The job attribute PeriodicRelease expression '(NumJobStarts < 3) && ((CurrentTime - EnteredCurrentStatus) > 10 * 60)' evaluated to TRUE
...
040 (7944174.305.000) 07/08 17:45:13 Started transferring input files
	Transferring to host: <188.185.210.48:9618?addrs=188.185.210.48-9618+[2001-1458-303-1--100-2c]-9618&alias=b9p21p8037.cern.ch&noUDP&sock=slot1_18_8401_03af_41258>
...
040 (7944174.305.000) 07/08 17:45:14 Finished transferring input files
...
001 (7944174.305.000) 07/08 17:45:14 Job executing on host: <188.185.210.48:9618?addrs=188.185.210.48-9618+[2001-1458-303-1--100-2c]-9618&alias=b9p21p8037.cern.ch&noUDP&sock=startd_8349_4c4c>
	SlotName: slot1_18@b9p21p8037.cern.ch
	CondorScratchDir = "/pool/condor/dir_731710"
	Cpus = 1
	Disk = 10008450
	GPUs = 0
	Memory = 3000
...
006 (7944174.305.000) 07/08 17:45:22 Image size of job updated: 200000
	48  -  MemoryUsage of job (MB)
	48924  -  ResidentSetSize of job (KB)
...
006 (7944174.305.000) 07/08 17:45:47 Image size of job updated: 425584
	416  -  MemoryUsage of job (MB)
	425584  -  ResidentSetSize of job (KB)
...
040 (7944174.305.000) 07/08 17:45:47 Started transferring output files
...
040 (7944174.305.000) 07/08 17:45:47 Finished transferring output files
...
012 (7944174.305.000) 07/08 17:45:47 Job was held.
	Job held by ON_EXIT_HOLD due to exit code 1.
	Code 3 Subcode 0
...
013 (7944174.305.000) 07/08 17:58:12 Job was released.
	The job attribute PeriodicRelease expression '(NumJobStarts < 3) && ((CurrentTime - EnteredCurrentStatus) > 10 * 60)' evaluated to TRUE
...
040 (7944174.305.000) 07/08 18:15:48 Started transferring input files
	Transferring to host: <188.185.198.32:9618?addrs=188.185.198.32-9618+[2001-1458-303-25--100-1c]-9618&alias=b9p15p7748.cern.ch&noUDP&sock=slot1_16_3945130_ba64_19372>
...
040 (7944174.305.000) 07/08 18:15:49 Finished transferring input files
...
001 (7944174.305.000) 07/08 18:15:49 Job executing on host: <188.185.198.32:9618?addrs=188.185.198.32-9618+[2001-1458-303-25--100-1c]-9618&alias=b9p15p7748.cern.ch&noUDP&sock=startd_3945092_8d42>
	SlotName: slot1_16@b9p15p7748.cern.ch
	CondorScratchDir = "/pool/condor/dir_3726908"
	Cpus = 1
	Disk = 10021549
	GPUs = 0
	Memory = 3000
...
040 (7944174.305.000) 07/08 18:16:07 Started transferring output files
...
040 (7944174.305.000) 07/08 18:16:07 Finished transferring output files
...
012 (7944174.305.000) 07/08 18:16:07 Job was held.
	Job held by ON_EXIT_HOLD due to exit code 1.
	Code 3 Subcode 0
...
