000 (7944174.306.000) 07/08 17:29:05 Job submitted from host: <188.185.16.120:9618?addrs=188.185.16.120-9618+[2001-1458-d00-65--100-39b]-9618&alias=bigbird27.cern.ch&noUDP&sock=schedd_4465_3274>
...
040 (7944174.306.000) 07/08 17:32:50 Started transferring input files
	Transferring to host: <188.185.205.154:9618?addrs=188.185.205.154-9618+[2001-1458-303-a--100-17]-9618&alias=b9p04p9101.cern.ch&noUDP&sock=slot1_10_2497563_d2d4_19870>
...
040 (7944174.306.000) 07/08 17:32:50 Finished transferring input files
...
001 (7944174.306.000) 07/08 17:32:50 Job executing on host: <188.185.205.154:9618?addrs=188.185.205.154-9618+[2001-1458-303-a--100-17]-9618&alias=b9p04p9101.cern.ch&noUDP&sock=startd_2497525_fe46>
	SlotName: slot1_10@b9p04p9101.cern.ch
	CondorScratchDir = "/pool/condor/dir_409010"
	Cpus = 1
	Disk = 10002037
	GPUs = 0
	Memory = 3000
...
006 (7944174.306.000) 07/08 17:33:04 Image size of job updated: 23612
	24  -  MemoryUsage of job (MB)
	23612  -  ResidentSetSize of job (KB)
...
006 (7944174.306.000) 07/08 17:33:18 Image size of job updated: 209012
	24  -  MemoryUsage of job (MB)
	23672  -  ResidentSetSize of job (KB)
...
040 (7944174.306.000) 07/08 17:33:18 Started transferring output files
...
040 (7944174.306.000) 07/08 17:33:18 Finished transferring output files
...
012 (7944174.306.000) 07/08 17:33:18 Job was held.
	Job held by ON_EXIT_HOLD due to exit code 1.
	Code 3 Subcode 0
...
013 (7944174.306.000) 07/08 17:43:33 Job was released.
	The job attribute PeriodicRelease expression '(NumJobStarts < 3) && ((CurrentTime - EnteredCurrentStatus) > 10 * 60)' evaluated to TRUE
...
040 (7944174.306.000) 07/08 17:45:14 Started transferring input files
	Transferring to host: <188.185.210.63:9618?addrs=188.185.210.63-9618+[2001-1458-303-1--100-3b]-9618&alias=b9p21p3315.cern.ch&noUDP&sock=slot1_16_7684_d2b2_37391>
...
040 (7944174.306.000) 07/08 17:45:14 Finished transferring input files
...
001 (7944174.306.000) 07/08 17:45:14 Job executing on host: <188.185.210.63:9618?addrs=188.185.210.63-9618+[2001-1458-303-1--100-3b]-9618&alias=b9p21p3315.cern.ch&noUDP&sock=startd_6621_08a4>
	SlotName: slot1_16@b9p21p3315.cern.ch
	CondorScratchDir = "/pool/condor/dir_2803457"
	Cpus = 1
	Disk = 10002449
	GPUs = 0
	Memory = 3000
...
006 (7944174.306.000) 07/08 17:45:23 Image size of job updated: 225000
	56  -  MemoryUsage of job (MB)
	56516  -  ResidentSetSize of job (KB)
...
006 (7944174.306.000) 07/08 17:45:38 Image size of job updated: 425004
	416  -  MemoryUsage of job (MB)
	425004  -  ResidentSetSize of job (KB)
...
040 (7944174.306.000) 07/08 17:45:38 Started transferring output files
...
040 (7944174.306.000) 07/08 17:45:38 Finished transferring output files
...
012 (7944174.306.000) 07/08 17:45:38 Job was held.
	Job held by ON_EXIT_HOLD due to exit code 1.
	Code 3 Subcode 0
...
013 (7944174.306.000) 07/08 17:55:47 Job was released.
	The job attribute PeriodicRelease expression '(NumJobStarts < 3) && ((CurrentTime - EnteredCurrentStatus) > 10 * 60)' evaluated to TRUE
...
040 (7944174.306.000) 07/08 18:01:45 Started transferring input files
	Transferring to host: <188.185.198.145:9618?addrs=188.185.198.145-9618+[2001-1458-303-25--100-8d]-9618&alias=b9p15p7587.cern.ch&noUDP&sock=slot1_13_8994_d627_39734>
...
040 (7944174.306.000) 07/08 18:01:46 Finished transferring input files
...
001 (7944174.306.000) 07/08 18:01:46 Job executing on host: <188.185.198.145:9618?addrs=188.185.198.145-9618+[2001-1458-303-25--100-8d]-9618&alias=b9p15p7587.cern.ch&noUDP&sock=startd_8903_4bc3>
	SlotName: slot1_13@b9p15p7587.cern.ch
	CondorScratchDir = "/pool/condor/dir_2782663"
	Cpus = 1
	Disk = 10023526
	GPUs = 0
	Memory = 3000
...
040 (7944174.306.000) 07/08 18:02:06 Started transferring output files
...
040 (7944174.306.000) 07/08 18:02:06 Finished transferring output files
...
012 (7944174.306.000) 07/08 18:02:06 Job was held.
	Job held by ON_EXIT_HOLD due to exit code 1.
	Code 3 Subcode 0
...
