000 (7944174.307.000) 07/08 17:29:05 Job submitted from host: <188.185.16.120:9618?addrs=188.185.16.120-9618+[2001-1458-d00-65--100-39b]-9618&alias=bigbird27.cern.ch&noUDP&sock=schedd_4465_3274>
...
040 (7944174.307.000) 07/08 17:32:50 Started transferring input files
	Transferring to host: <188.185.193.58:9618?addrs=188.185.193.58-9618+[2001-1458-303-20--100-36]-9618&alias=b9p19p9651.cern.ch&noUDP&sock=slot1_19_4990_a804_23977>
...
040 (7944174.307.000) 07/08 17:32:50 Finished transferring input files
...
001 (7944174.307.000) 07/08 17:32:50 Job executing on host: <188.185.193.58:9618?addrs=188.185.193.58-9618+[2001-1458-303-20--100-36]-9618&alias=b9p19p9651.cern.ch&noUDP&sock=startd_4460_c47b>
	SlotName: slot1_19@b9p19p9651.cern.ch
	CondorScratchDir = "/pool/condor/dir_3852056"
	Cpus = 1
	Disk = 10005677
	GPUs = 0
	Memory = 3000
...
006 (7944174.307.000) 07/08 17:33:04 Image size of job updated: 33508
	33  -  MemoryUsage of job (MB)
	33508  -  ResidentSetSize of job (KB)
...
006 (7944174.307.000) 07/08 17:33:26 Image size of job updated: 214636
	34  -  MemoryUsage of job (MB)
	34644  -  ResidentSetSize of job (KB)
...
040 (7944174.307.000) 07/08 17:33:26 Started transferring output files
...
040 (7944174.307.000) 07/08 17:33:26 Finished transferring output files
...
012 (7944174.307.000) 07/08 17:33:26 Job was held.
	Job held by ON_EXIT_HOLD due to exit code 1.
	Code 3 Subcode 0
...
013 (7944174.307.000) 07/08 17:43:33 Job was released.
	The job attribute PeriodicRelease expression '(NumJobStarts < 3) && ((CurrentTime - EnteredCurrentStatus) > 10 * 60)' evaluated to TRUE
...
040 (7944174.307.000) 07/08 17:45:30 Started transferring input files
	Transferring to host: <188.185.196.171:9618?addrs=188.185.196.171-9618+[2001-1458-303-23--100-a7]-9618&alias=b9p16p0160.cern.ch&noUDP&sock=slot1_5_8812_99df_35244>
...
040 (7944174.307.000) 07/08 17:45:31 Finished transferring input files
...
001 (7944174.307.000) 07/08 17:45:31 Job executing on host: <188.185.196.171:9618?addrs=188.185.196.171-9618+[2001-1458-303-23--100-a7]-9618&alias=b9p16p0160.cern.ch&noUDP&sock=startd_8762_94e9>
	SlotName: slot1_5@b9p16p0160.cern.ch
	CondorScratchDir = "/pool/condor/dir_806775"
	Cpus = 1
	Disk = 10017358
	GPUs = 0
	Memory = 3000
...
040 (7944174.307.000) 07/08 17:45:52 Started transferring output files
...
040 (7944174.307.000) 07/08 17:45:52 Finished transferring output files
...
012 (7944174.307.000) 07/08 17:45:52 Job was held.
	Job held by ON_EXIT_HOLD due to exit code 1.
	Code 3 Subcode 0
...
013 (7944174.307.000) 07/08 17:58:12 Job was released.
	The job attribute PeriodicRelease expression '(NumJobStarts < 3) && ((CurrentTime - EnteredCurrentStatus) > 10 * 60)' evaluated to TRUE
...
040 (7944174.307.000) 07/08 18:10:14 Started transferring input files
	Transferring to host: <188.185.195.32:9618?addrs=188.185.195.32-9618+[2001-1458-303-22--100-1c]-9618&alias=b9p17p3598.cern.ch&noUDP&sock=slot1_8_1952488_2d1e_20799>
...
040 (7944174.307.000) 07/08 18:10:14 Finished transferring input files
...
001 (7944174.307.000) 07/08 18:10:15 Job executing on host: <188.185.195.32:9618?addrs=188.185.195.32-9618+[2001-1458-303-22--100-1c]-9618&alias=b9p17p3598.cern.ch&noUDP&sock=startd_1952398_3685>
	SlotName: slot1_8@b9p17p3598.cern.ch
	CondorScratchDir = "/pool/condor/dir_3410800"
	Cpus = 1
	Disk = 10011196
	GPUs = 0
	Memory = 3000
...
006 (7944174.307.000) 07/08 18:10:23 Image size of job updated: 225000
	37  -  MemoryUsage of job (MB)
	37116  -  ResidentSetSize of job (KB)
...
040 (7944174.307.000) 07/08 18:10:31 Started transferring output files
...
040 (7944174.307.000) 07/08 18:10:31 Finished transferring output files
...
012 (7944174.307.000) 07/08 18:10:31 Job was held.
	Job held by ON_EXIT_HOLD due to exit code 1.
	Code 3 Subcode 0
...
