000 (7944174.308.000) 07/08 17:29:05 Job submitted from host: <188.185.16.120:9618?addrs=188.185.16.120-9618+[2001-1458-d00-65--100-39b]-9618&alias=bigbird27.cern.ch&noUDP&sock=schedd_4465_3274>
...
040 (7944174.308.000) 07/08 17:34:19 Started transferring input files
	Transferring to host: <188.185.195.120:9618?addrs=188.185.195.120-9618+[2001-1458-303-22--100-74]-9618&alias=b9p17p7877.cern.ch&noUDP&sock=slot1_5_1686542_2920_23250>
...
040 (7944174.308.000) 07/08 17:34:19 Finished transferring input files
...
001 (7944174.308.000) 07/08 17:34:19 Job executing on host: <188.185.195.120:9618?addrs=188.185.195.120-9618+[2001-1458-303-22--100-74]-9618&alias=b9p17p7877.cern.ch&noUDP&sock=startd_1686485_033e>
	SlotName: slot1_5@b9p17p7877.cern.ch
	CondorScratchDir = "/pool/condor/dir_263035"
	Cpus = 1
	Disk = 10001947
	GPUs = 0
	Memory = 3000
...
006 (7944174.308.000) 07/08 17:34:34 Image size of job updated: 141124
	138  -  MemoryUsage of job (MB)
	141124  -  ResidentSetSize of job (KB)
...
006 (7944174.308.000) 07/08 17:34:38 Image size of job updated: 141160
	138  -  MemoryUsage of job (MB)
	141160  -  ResidentSetSize of job (KB)
...
040 (7944174.308.000) 07/08 17:34:38 Started transferring output files
...
040 (7944174.308.000) 07/08 17:34:39 Finished transferring output files
...
012 (7944174.308.000) 07/08 17:34:39 Job was held.
	Job held by ON_EXIT_HOLD due to exit code 1.
	Code 3 Subcode 0
...
013 (7944174.308.000) 07/08 17:46:03 Job was released.
	The job attribute PeriodicRelease expression '(NumJobStarts < 3) && ((CurrentTime - EnteredCurrentStatus) > 10 * 60)' evaluated to TRUE
...
040 (7944174.308.000) 07/08 17:46:44 Started transferring input files
	Transferring to host: <188.185.195.86:9618?addrs=188.185.195.86-9618+[2001-1458-303-22--100-52]-9618&alias=b9p17p4088.cern.ch&noUDP&sock=slot1_39_8731_877c_41724>
...
040 (7944174.308.000) 07/08 17:46:44 Finished transferring input files
...
001 (7944174.308.000) 07/08 17:46:44 Job executing on host: <188.185.195.86:9618?addrs=188.185.195.86-9618+[2001-1458-303-22--100-52]-9618&alias=b9p17p4088.cern.ch&noUDP&sock=startd_8591_4a37>
	SlotName: slot1_39@b9p17p4088.cern.ch
	CondorScratchDir = "/pool/condor/dir_1421747"
	Cpus = 1
	Disk = 10006720
	GPUs = 0
	Memory = 3000
...
006 (7944174.308.000) 07/08 17:47:21 Image size of job updated: 208456
	147  -  MemoryUsage of job (MB)
	150000  -  ResidentSetSize of job (KB)
...
040 (7944174.308.000) 07/08 17:47:21 Started transferring output files
...
040 (7944174.308.000) 07/08 17:47:21 Finished transferring output files
...
012 (7944174.308.000) 07/08 17:47:21 Job was held.
	Job held by ON_EXIT_HOLD due to exit code 1.
	Code 3 Subcode 0
...
013 (7944174.308.000) 07/08 17:58:12 Job was released.
	The job attribute PeriodicRelease expression '(NumJobStarts < 3) && ((CurrentTime - EnteredCurrentStatus) > 10 * 60)' evaluated to TRUE
...
040 (7944174.308.000) 07/08 18:01:45 Started transferring input files
	Transferring to host: <188.185.194.25:9618?addrs=188.185.194.25-9618+[2001-1458-303-21--100-15]-9618&alias=b9p20p1085.cern.ch&noUDP&sock=slot1_23_4002_855c_23815>
...
040 (7944174.308.000) 07/08 18:01:45 Finished transferring input files
...
001 (7944174.308.000) 07/08 18:01:45 Job executing on host: <188.185.194.25:9618?addrs=188.185.194.25-9618+[2001-1458-303-21--100-15]-9618&alias=b9p20p1085.cern.ch&noUDP&sock=startd_3439_7249>
	SlotName: slot1_23@b9p20p1085.cern.ch
	CondorScratchDir = "/pool/condor/dir_408138"
	Cpus = 1
	Disk = 10029895
	GPUs = 0
	Memory = 3000
...
040 (7944174.308.000) 07/08 18:02:03 Started transferring output files
...
040 (7944174.308.000) 07/08 18:02:03 Finished transferring output files
...
012 (7944174.308.000) 07/08 18:02:03 Job was held.
	Job held by ON_EXIT_HOLD due to exit code 1.
	Code 3 Subcode 0
...
