000 (7944174.031.000) 07/08 17:29:04 Job submitted from host: <188.185.16.120:9618?addrs=188.185.16.120-9618+[2001-1458-d00-65--100-39b]-9618&alias=bigbird27.cern.ch&noUDP&sock=schedd_4465_3274>
...
040 (7944174.031.000) 07/08 17:31:20 Started transferring input files
	Transferring to host: <188.185.212.28:9618?addrs=188.185.212.28-9618+[2001-1458-303-18--100-18]-9618&alias=b9p25p3885.cern.ch&noUDP&sock=slot1_35_8449_d5b1_41851>
...
040 (7944174.031.000) 07/08 17:31:21 Finished transferring input files
...
001 (7944174.031.000) 07/08 17:31:21 Job executing on host: <188.185.212.28:9618?addrs=188.185.212.28-9618+[2001-1458-303-18--100-18]-9618&alias=b9p25p3885.cern.ch&noUDP&sock=startd_8383_9e84>
	SlotName: slot1_35@b9p25p3885.cern.ch
	CondorScratchDir = "/pool/condor/dir_2164875"
	Cpus = 1
	Disk = 10002222
	GPUs = 0
	Memory = 3000
...
006 (7944174.031.000) 07/08 17:31:34 Image size of job updated: 24660
	21  -  MemoryUsage of job (MB)
	20976  -  ResidentSetSize of job (KB)
...
006 (7944174.031.000) 07/08 17:32:43 Image size of job updated: 209696
	21  -  MemoryUsage of job (MB)
	20976  -  ResidentSetSize of job (KB)
...
040 (7944174.031.000) 07/08 17:32:43 Started transferring output files
...
040 (7944174.031.000) 07/08 17:32:43 Finished transferring output files
...
012 (7944174.031.000) 07/08 17:32:45 Job was held.
	Job held by ON_EXIT_HOLD due to exit code 1.
	Code 3 Subcode 0
...
013 (7944174.031.000) 07/08 17:43:32 Job was released.
	The job attribute PeriodicRelease expression '(NumJobStarts < 3) && ((CurrentTime - EnteredCurrentStatus) > 10 * 60)' evaluated to TRUE
...
040 (7944174.031.000) 07/08 17:44:07 Started transferring input files
	Transferring to host: <188.185.196.158:9618?addrs=188.185.196.158-9618+[2001-1458-303-23--100-9a]-9618&alias=b9p16p9477.cern.ch&noUDP&sock=slot1_23_8687_86fa_40233>
...
040 (7944174.031.000) 07/08 17:44:08 Finished transferring input files
...
001 (7944174.031.000) 07/08 17:44:08 Job executing on host: <188.185.196.158:9618?addrs=188.185.196.158-9618+[2001-1458-303-23--100-9a]-9618&alias=b9p16p9477.cern.ch&noUDP&sock=startd_8614_10e5>
	SlotName: slot1_23@b9p16p9477.cern.ch
	CondorScratchDir = "/pool/condor/dir_3494211"
	Cpus = 1
	Disk = 10003169
	GPUs = 0
	Memory = 3000
...
006 (7944174.031.000) 07/08 17:44:17 Image size of job updated: 225000
	45  -  MemoryUsage of job (MB)
	45708  -  ResidentSetSize of job (KB)
...
006 (7944174.031.000) 07/08 17:45:05 Image size of job updated: 424448
	415  -  MemoryUsage of job (MB)
	424448  -  ResidentSetSize of job (KB)
...
040 (7944174.031.000) 07/08 17:45:05 Started transferring output files
...
040 (7944174.031.000) 07/08 17:45:05 Finished transferring output files
...
012 (7944174.031.000) 07/08 17:45:05 Job was held.
	Job held by ON_EXIT_HOLD due to exit code 1.
	Code 3 Subcode 0
...
013 (7944174.031.000) 07/08 17:55:47 Job was released.
	The job attribute PeriodicRelease expression '(NumJobStarts < 3) && ((CurrentTime - EnteredCurrentStatus) > 10 * 60)' evaluated to TRUE
...
040 (7944174.031.000) 07/08 17:57:31 Started transferring input files
	Transferring to host: <188.185.195.44:9618?addrs=188.185.195.44-9618+[2001-1458-303-22--100-28]-9618&alias=b9p17p7881.cern.ch&noUDP&sock=slot1_1_7010_edd6_39600>
...
040 (7944174.031.000) 07/08 17:57:31 Finished transferring input files
...
001 (7944174.031.000) 07/08 17:57:31 Job executing on host: <188.185.195.44:9618?addrs=188.185.195.44-9618+[2001-1458-303-22--100-28]-9618&alias=b9p17p7881.cern.ch&noUDP&sock=startd_6152_56b9>
	SlotName: slot1_1@b9p17p7881.cern.ch
	CondorScratchDir = "/pool/condor/dir_252956"
	Cpus = 1
	Disk = 10003148
	GPUs = 0
	Memory = 3000
...
040 (7944174.031.000) 07/08 17:57:50 Started transferring output files
...
040 (7944174.031.000) 07/08 17:57:55 Finished transferring output files
...
012 (7944174.031.000) 07/08 17:57:55 Job was held.
	Job held by ON_EXIT_HOLD due to exit code 1.
	Code 3 Subcode 0
...
