000 (7944174.310.000) 07/08 17:29:05 Job submitted from host: <188.185.16.120:9618?addrs=188.185.16.120-9618+[2001-1458-d00-65--100-39b]-9618&alias=bigbird27.cern.ch&noUDP&sock=schedd_4465_3274>
...
040 (7944174.310.000) 07/08 17:32:50 Started transferring input files
	Transferring to host: <128.142.248.86:9618?addrs=128.142.248.86-9618+[2001-1458-301-73--100-146]-9618&alias=b9g23p4167.cern.ch&noUDP&sock=slot1_17_3118029_4023_22889>
...
040 (7944174.310.000) 07/08 17:32:50 Finished transferring input files
...
001 (7944174.310.000) 07/08 17:32:50 Job executing on host: <128.142.248.86:9618?addrs=128.142.248.86-9618+[2001-1458-301-73--100-146]-9618&alias=b9g23p4167.cern.ch&noUDP&sock=startd_3117958_6d04>
	SlotName: slot1_17@b9g23p4167.cern.ch
	CondorScratchDir = "/pool/condor/dir_3073676"
	Cpus = 1
	Disk = 10040194
	GPUs = 0
	Memory = 3000
...
006 (7944174.310.000) 07/08 17:33:04 Image size of job updated: 21724
	22  -  MemoryUsage of job (MB)
	21724  -  ResidentSetSize of job (KB)
...
006 (7944174.310.000) 07/08 17:33:13 Image size of job updated: 191876
	22  -  MemoryUsage of job (MB)
	21772  -  ResidentSetSize of job (KB)
...
040 (7944174.310.000) 07/08 17:33:13 Started transferring output files
...
040 (7944174.310.000) 07/08 17:33:13 Finished transferring output files
...
012 (7944174.310.000) 07/08 17:33:13 Job was held.
	Job held by ON_EXIT_HOLD due to exit code 1.
	Code 3 Subcode 0
...
013 (7944174.310.000) 07/08 17:43:33 Job was released.
	The job attribute PeriodicRelease expression '(NumJobStarts < 3) && ((CurrentTime - EnteredCurrentStatus) > 10 * 60)' evaluated to TRUE
...
040 (7944174.310.000) 07/08 17:45:42 Started transferring input files
	Transferring to host: <188.185.210.179:9618?addrs=188.185.210.179-9618+[2001-1458-303-15--100-2f]-9618&alias=b9p22p9817.cern.ch&noUDP&sock=slot1_17_8369_77ad_39941>
...
040 (7944174.310.000) 07/08 17:45:42 Finished transferring input files
...
001 (7944174.310.000) 07/08 17:45:42 Job executing on host: <188.185.210.179:9618?addrs=188.185.210.179-9618+[2001-1458-303-15--100-2f]-9618&alias=b9p22p9817.cern.ch&noUDP&sock=startd_8317_5944>
	SlotName: slot1_17@b9p22p9817.cern.ch
	CondorScratchDir = "/pool/condor/dir_2850312"
	Cpus = 1
	Disk = 10000296
	GPUs = 0
	Memory = 3000
...
006 (7944174.310.000) 07/08 17:45:51 Image size of job updated: 200000
	148  -  MemoryUsage of job (MB)
	150620  -  ResidentSetSize of job (KB)
...
006 (7944174.310.000) 07/08 17:45:56 Image size of job updated: 200000
	149  -  MemoryUsage of job (MB)
	151648  -  ResidentSetSize of job (KB)
...
040 (7944174.310.000) 07/08 17:45:56 Started transferring output files
...
040 (7944174.310.000) 07/08 17:45:56 Finished transferring output files
...
012 (7944174.310.000) 07/08 17:45:56 Job was held.
	Job held by ON_EXIT_HOLD due to exit code 1.
	Code 3 Subcode 0
...
013 (7944174.310.000) 07/08 17:58:12 Job was released.
	The job attribute PeriodicRelease expression '(NumJobStarts < 3) && ((CurrentTime - EnteredCurrentStatus) > 10 * 60)' evaluated to TRUE
...
040 (7944174.310.000) 07/08 18:15:48 Started transferring input files
	Transferring to host: <188.185.215.145:9618?addrs=188.185.215.145-9618+[2001-1458-303-26--100-d]-9618&alias=b9p18p5150.cern.ch&noUDP&sock=slot1_18_6112_34f2_35617>
...
040 (7944174.310.000) 07/08 18:15:49 Finished transferring input files
...
001 (7944174.310.000) 07/08 18:15:49 Job executing on host: <188.185.215.145:9618?addrs=188.185.215.145-9618+[2001-1458-303-26--100-d]-9618&alias=b9p18p5150.cern.ch&noUDP&sock=startd_6064_fa64>
	SlotName: slot1_18@b9p18p5150.cern.ch
	CondorScratchDir = "/pool/condor/dir_2292546"
	Cpus = 1
	Disk = 10006339
	GPUs = 0
	Memory = 3000
...
040 (7944174.310.000) 07/08 18:16:13 Started transferring output files
...
040 (7944174.310.000) 07/08 18:16:13 Finished transferring output files
...
012 (7944174.310.000) 07/08 18:16:13 Job was held.
	Job held by ON_EXIT_HOLD due to exit code 1.
	Code 3 Subcode 0
...
