000 (7944174.311.000) 07/08 17:29:05 Job submitted from host: <188.185.16.120:9618?addrs=188.185.16.120-9618+[2001-1458-d00-65--100-39b]-9618&alias=bigbird27.cern.ch&noUDP&sock=schedd_4465_3274>
...
040 (7944174.311.000) 07/08 17:32:52 Started transferring input files
	Transferring to host: <188.185.198.31:9618?addrs=188.185.198.31-9618+[2001-1458-303-25--100-1b]-9618&alias=b9p15p8867.cern.ch&noUDP&sock=slot1_14_4426_446d_41163>
...
040 (7944174.311.000) 07/08 17:32:53 Finished transferring input files
...
001 (7944174.311.000) 07/08 17:32:53 Job executing on host: <188.185.198.31:9618?addrs=188.185.198.31-9618+[2001-1458-303-25--100-1b]-9618&alias=b9p15p8867.cern.ch&noUDP&sock=startd_3411_3da2>
	SlotName: slot1_14@b9p15p8867.cern.ch
	CondorScratchDir = "/pool/condor/dir_3948256"
	Cpus = 1
	Disk = 10001961
	GPUs = 0
	Memory = 3000
...
006 (7944174.311.000) 07/08 17:33:07 Image size of job updated: 26988
	22  -  MemoryUsage of job (MB)
	21728  -  ResidentSetSize of job (KB)
...
006 (7944174.311.000) 07/08 17:33:28 Image size of job updated: 185552
	23  -  MemoryUsage of job (MB)
	22532  -  ResidentSetSize of job (KB)
...
040 (7944174.311.000) 07/08 17:33:28 Started transferring output files
...
040 (7944174.311.000) 07/08 17:33:28 Finished transferring output files
...
012 (7944174.311.000) 07/08 17:33:28 Job was held.
	Job held by ON_EXIT_HOLD due to exit code 1.
	Code 3 Subcode 0
...
013 (7944174.311.000) 07/08 17:43:33 Job was released.
	The job attribute PeriodicRelease expression '(NumJobStarts < 3) && ((CurrentTime - EnteredCurrentStatus) > 10 * 60)' evaluated to TRUE
...
040 (7944174.311.000) 07/08 17:45:42 Started transferring input files
	Transferring to host: <188.185.195.106:9618?addrs=188.185.195.106-9618+[2001-1458-303-22--100-66]-9618&alias=b9p17p8074.cern.ch&noUDP&sock=slot1_1_8528_7f54_40030>
...
040 (7944174.311.000) 07/08 17:45:42 Finished transferring input files
...
001 (7944174.311.000) 07/08 17:45:42 Job executing on host: <188.185.195.106:9618?addrs=188.185.195.106-9618+[2001-1458-303-22--100-66]-9618&alias=b9p17p8074.cern.ch&noUDP&sock=startd_7277_fec5>
	SlotName: slot1_1@b9p17p8074.cern.ch
	CondorScratchDir = "/pool/condor/dir_2608041"
	Cpus = 1
	Disk = 10000999
	GPUs = 0
	Memory = 3000
...
006 (7944174.311.000) 07/08 17:45:56 Image size of job updated: 200000
	158  -  MemoryUsage of job (MB)
	161288  -  ResidentSetSize of job (KB)
...
006 (7944174.311.000) 07/08 17:46:01 Image size of job updated: 200000
	158  -  MemoryUsage of job (MB)
	161764  -  ResidentSetSize of job (KB)
...
040 (7944174.311.000) 07/08 17:46:01 Started transferring output files
...
040 (7944174.311.000) 07/08 17:46:01 Finished transferring output files
...
012 (7944174.311.000) 07/08 17:46:01 Job was held.
	Job held by ON_EXIT_HOLD due to exit code 1.
	Code 3 Subcode 0
...
013 (7944174.311.000) 07/08 17:58:12 Job was released.
	The job attribute PeriodicRelease expression '(NumJobStarts < 3) && ((CurrentTime - EnteredCurrentStatus) > 10 * 60)' evaluated to TRUE
...
040 (7944174.311.000) 07/08 18:15:49 Started transferring input files
	Transferring to host: <188.185.193.95:9618?addrs=188.185.193.95-9618+[2001-1458-303-20--100-5b]-9618&alias=b9p19p0505.cern.ch&noUDP&sock=slot1_30_6134_b533_24291>
...
040 (7944174.311.000) 07/08 18:15:49 Finished transferring input files
...
001 (7944174.311.000) 07/08 18:15:49 Job executing on host: <188.185.193.95:9618?addrs=188.185.193.95-9618+[2001-1458-303-20--100-5b]-9618&alias=b9p19p0505.cern.ch&noUDP&sock=startd_5793_183a>
	SlotName: slot1_30@b9p19p0505.cern.ch
	CondorScratchDir = "/pool/condor/dir_1335615"
	Cpus = 1
	Disk = 10030798
	GPUs = 0
	Memory = 3000
...
006 (7944174.311.000) 07/08 18:16:23 Image size of job updated: 203172
	171  -  MemoryUsage of job (MB)
	175000  -  ResidentSetSize of job (KB)
...
040 (7944174.311.000) 07/08 18:16:23 Started transferring output files
...
040 (7944174.311.000) 07/08 18:16:23 Finished transferring output files
...
012 (7944174.311.000) 07/08 18:16:23 Job was held.
	Job held by ON_EXIT_HOLD due to exit code 1.
	Code 3 Subcode 0
...
