000 (7944174.312.000) 07/08 17:29:05 Job submitted from host: <188.185.16.120:9618?addrs=188.185.16.120-9618+[2001-1458-d00-65--100-39b]-9618&alias=bigbird27.cern.ch&noUDP&sock=schedd_4465_3274>
...
040 (7944174.312.000) 07/08 17:32:52 Started transferring input files
	Transferring to host: <128.142.192.169:9618?addrs=128.142.192.169-9618+[2001-1458-301-56--100-25]-9618&alias=b9g18p4493.cern.ch&noUDP&sock=slot1_37_3331185_ef7f_59879>
...
040 (7944174.312.000) 07/08 17:32:54 Finished transferring input files
...
001 (7944174.312.000) 07/08 17:32:54 Job executing on host: <128.142.192.169:9618?addrs=128.142.192.169-9618+[2001-1458-301-56--100-25]-9618&alias=b9g18p4493.cern.ch&noUDP&sock=startd_3135_ed7e>
	SlotName: slot1_37@b9g18p4493.cern.ch
	CondorScratchDir = "/pool/condor/dir_2154099"
	Cpus = 1
	Disk = 10012293
	GPUs = 0
	Memory = 3000
...
006 (7944174.312.000) 07/08 17:33:07 Image size of job updated: 32304
	32  -  MemoryUsage of job (MB)
	32304  -  ResidentSetSize of job (KB)
...
006 (7944174.312.000) 07/08 17:33:30 Image size of job updated: 211356
	33  -  MemoryUsage of job (MB)
	33296  -  ResidentSetSize of job (KB)
...
040 (7944174.312.000) 07/08 17:33:30 Started transferring output files
...
040 (7944174.312.000) 07/08 17:33:30 Finished transferring output files
...
012 (7944174.312.000) 07/08 17:33:30 Job was held.
	Job held by ON_EXIT_HOLD due to exit code 1.
	Code 3 Subcode 0
...
013 (7944174.312.000) 07/08 17:43:33 Job was released.
	The job attribute PeriodicRelease expression '(NumJobStarts < 3) && ((CurrentTime - EnteredCurrentStatus) > 10 * 60)' evaluated to TRUE
...
040 (7944174.312.000) 07/08 17:45:39 Started transferring input files
	Transferring to host: <128.142.248.65:9618?addrs=128.142.248.65-9618+[2001-1458-301-73--100-131]-9618&alias=b9g23p4661.cern.ch&noUDP&sock=slot1_19_2965392_ad04_39875>
...
040 (7944174.312.000) 07/08 17:45:40 Finished transferring input files
...
001 (7944174.312.000) 07/08 17:45:40 Job executing on host: <128.142.248.65:9618?addrs=128.142.248.65-9618+[2001-1458-301-73--100-131]-9618&alias=b9g23p4661.cern.ch&noUDP&sock=startd_7867_afa6>
	SlotName: slot1_19@b9g23p4661.cern.ch
	CondorScratchDir = "/pool/condor/dir_4014847"
	Cpus = 1
	Disk = 10000759
	GPUs = 0
	Memory = 3000
...
006 (7944174.312.000) 07/08 17:45:53 Image size of job updated: 225000
	117  -  MemoryUsage of job (MB)
	118976  -  ResidentSetSize of job (KB)
...
006 (7944174.312.000) 07/08 17:45:58 Image size of job updated: 225000
	119  -  MemoryUsage of job (MB)
	121440  -  ResidentSetSize of job (KB)
...
040 (7944174.312.000) 07/08 17:45:58 Started transferring output files
...
040 (7944174.312.000) 07/08 17:45:58 Finished transferring output files
...
012 (7944174.312.000) 07/08 17:45:58 Job was held.
	Job held by ON_EXIT_HOLD due to exit code 1.
	Code 3 Subcode 0
...
013 (7944174.312.000) 07/08 17:58:12 Job was released.
	The job attribute PeriodicRelease expression '(NumJobStarts < 3) && ((CurrentTime - EnteredCurrentStatus) > 10 * 60)' evaluated to TRUE
...
040 (7944174.312.000) 07/08 18:15:49 Started transferring input files
	Transferring to host: <188.185.195.27:9618?addrs=188.185.195.27-9618+[2001-1458-303-22--100-17]-9618&alias=b9p17p4531.cern.ch&noUDP&sock=slot1_3_6128_7af2_21881>
...
040 (7944174.312.000) 07/08 18:15:49 Finished transferring input files
...
001 (7944174.312.000) 07/08 18:15:49 Job executing on host: <188.185.195.27:9618?addrs=188.185.195.27-9618+[2001-1458-303-22--100-17]-9618&alias=b9p17p4531.cern.ch&noUDP&sock=startd_5929_611b>
	SlotName: slot1_3@b9p17p4531.cern.ch
	CondorScratchDir = "/pool/condor/dir_32900"
	Cpus = 1
	Disk = 10034826
	GPUs = 0
	Memory = 3000
...
040 (7944174.312.000) 07/08 18:16:27 Started transferring output files
...
040 (7944174.312.000) 07/08 18:16:27 Finished transferring output files
...
012 (7944174.312.000) 07/08 18:16:27 Job was held.
	Job held by ON_EXIT_HOLD due to exit code 1.
	Code 3 Subcode 0
...
