b9p16p8302.cern.ch
workdir: /srv
args: 313
total 116724
-rw-r--r--. 1 hlarson zh 117553743 Jul  8 18:15 CMSSW.tar.gz
-rw-r--r--. 1 hlarson zh         0 Jul  8 18:15 _condor_stderr
-rw-r--r--. 1 hlarson zh        43 Jul  8 18:15 _condor_stdout
-rw-r--r--. 1 hlarson zh       473 Jul  8 18:15 heavyFlavSFTree_cfg.json
-rw-------. 1 hlarson zh      2591 Jul  8 18:15 hlarson.cc
-rw-r--r--. 1 hlarson zh       885 Jul  8 18:15 keep_and_drop_input.txt
-rw-r--r--. 1 hlarson zh       434 Jul  8 18:15 keep_and_drop_output.txt
-rw-r--r--. 1 hlarson zh   1935074 Jul  8 18:15 metadata.json
-rwxr-xr-x. 1 hlarson zh      5147 Jul  8 18:15 processor.py
-rwxr-xr-x. 1 hlarson zh      1555 Jul  8 18:15 run_postproc_condor.sh
drwxr-x---. 6 hlarson zh        71 Jul  8 18:15 scratch
drwx------. 2 hlarson zh        10 Jul  8 18:15 srv
drwx------. 2 hlarson zh        10 Jul  8 18:15 tmp
drwx------. 3 hlarson zh        25 Jul  8 18:15 var
drwxrwxrwt. 2 hlarson zh        10 Jul  8 18:15 var_tmp
printing pwd
/srv
>>> creating new release CMSSW_12_6_4
>>> preparing sandbox release CMSSW_12_6_4
>>> fixing python paths
[2025-07-08 18:15:59] wrapper ready
total 116728
-rw-r--r--. 1 hlarson zh 117553743 Jul  8 18:15 CMSSW.tar.gz
drwxr-xr-x. 9 hlarson zh       124 Jul  8 18:15 CMSSW_12_6_4
-rw-r--r--. 1 hlarson zh       163 Jul  8 18:15 _condor_stderr
-rw-r--r--. 1 hlarson zh      1141 Jul  8 18:15 _condor_stdout
-rw-r--r--. 1 hlarson zh       473 Jul  8 18:15 heavyFlavSFTree_cfg.json
-rw-------. 1 hlarson zh      2591 Jul  8 18:15 hlarson.cc
-rw-r--r--. 1 hlarson zh       885 Jul  8 18:15 keep_and_drop_input.txt
-rw-r--r--. 1 hlarson zh       434 Jul  8 18:15 keep_and_drop_output.txt
-rw-r--r--. 1 hlarson zh   1935074 Jul  8 18:15 metadata.json
-rwxr-xr-x. 1 hlarson zh      5147 Jul  8 18:15 processor.py
-rwxr-xr-x. 1 hlarson zh      1555 Jul  8 18:15 run_postproc_condor.sh
drwxr-x---. 6 hlarson zh        71 Jul  8 18:15 scratch
drwx------. 2 hlarson zh        10 Jul  8 18:15 srv
drwx------. 3 hlarson zh        34 Jul  8 18:15 tmp
drwx------. 3 hlarson zh        25 Jul  8 18:15 var
drwxrwxrwt. 2 hlarson zh        10 Jul  8 18:15 var_tmp
Loading heavyFlavSFTreeFromConfig from PhysicsTools.NanoHRTTools.producers.HeavyFlavSFTreeProducer 
Loading puWeight_20230 from PhysicsTools.NanoAODTools.postprocessing.modules.common.puWeightProducer 
total 116728
-rw-r--r--. 1 hlarson zh 117553743 Jul  8 18:15 CMSSW.tar.gz
drwxr-xr-x. 9 hlarson zh       124 Jul  8 18:15 CMSSW_12_6_4
-rw-r--r--. 1 hlarson zh      2255 Jul  8 18:16 _condor_stderr
-rw-r--r--. 1 hlarson zh      2343 Jul  8 18:16 _condor_stdout
-rw-r--r--. 1 hlarson zh       473 Jul  8 18:15 heavyFlavSFTree_cfg.json
-rw-------. 1 hlarson zh      2591 Jul  8 18:15 hlarson.cc
-rw-r--r--. 1 hlarson zh       885 Jul  8 18:15 keep_and_drop_input.txt
-rw-r--r--. 1 hlarson zh       434 Jul  8 18:15 keep_and_drop_output.txt
-rw-r--r--. 1 hlarson zh   1935074 Jul  8 18:15 metadata.json
-rwxr-xr-x. 1 hlarson zh      5147 Jul  8 18:15 processor.py
-rwxr-xr-x. 1 hlarson zh      1555 Jul  8 18:15 run_postproc_condor.sh
drwxr-x---. 6 hlarson zh        71 Jul  8 18:15 scratch
drwx------. 2 hlarson zh        10 Jul  8 18:15 srv
drwx------. 3 hlarson zh        34 Jul  8 18:15 tmp
drwx------. 3 hlarson zh        25 Jul  8 18:15 var
drwxrwxrwt. 2 hlarson zh        10 Jul  8 18:15 var_tmp
total 116728
-rw-r--r--. 1 hlarson zh 117553743 Jul  8 18:15 CMSSW.tar.gz
drwxr-xr-x. 9 hlarson zh       124 Jul  8 18:15 CMSSW_12_6_4
-rw-r--r--. 1 hlarson zh      2309 Jul  8 18:16 _condor_stderr
-rw-r--r--. 1 hlarson zh      3343 Jul  8 18:16 _condor_stdout
-rw-r--r--. 1 hlarson zh       473 Jul  8 18:15 heavyFlavSFTree_cfg.json
-rw-------. 1 hlarson zh      2591 Jul  8 18:15 hlarson.cc
-rw-r--r--. 1 hlarson zh       885 Jul  8 18:15 keep_and_drop_input.txt
-rw-r--r--. 1 hlarson zh       434 Jul  8 18:15 keep_and_drop_output.txt
-rw-r--r--. 1 hlarson zh   1935074 Jul  8 18:15 metadata.json
-rwxr-xr-x. 1 hlarson zh      5147 Jul  8 18:15 processor.py
-rwxr-xr-x. 1 hlarson zh      1555 Jul  8 18:15 run_postproc_condor.sh
drwxr-x---. 6 hlarson zh        71 Jul  8 18:15 scratch
drwx------. 2 hlarson zh        10 Jul  8 18:15 srv
drwx------. 3 hlarson zh        34 Jul  8 18:15 tmp
drwx------. 3 hlarson zh        25 Jul  8 18:15 var
drwxrwxrwt. 2 hlarson zh        10 Jul  8 18:15 var_tmp
