000 (7944174.313.000) 07/08 17:29:05 Job submitted from host: <188.185.16.120:9618?addrs=188.185.16.120-9618+[2001-1458-d00-65--100-39b]-9618&alias=bigbird27.cern.ch&noUDP&sock=schedd_4465_3274>
...
040 (7944174.313.000) 07/08 17:34:19 Started transferring input files
	Transferring to host: <188.185.205.211:9618?addrs=188.185.205.211-9618+[2001-1458-303-a--100-50]-9618&alias=b9p04p3844.cern.ch&noUDP&sock=slot1_10_9403_0397_32539>
...
040 (7944174.313.000) 07/08 17:34:19 Finished transferring input files
...
001 (7944174.313.000) 07/08 17:34:19 Job executing on host: <188.185.205.211:9618?addrs=188.185.205.211-9618+[2001-1458-303-a--100-50]-9618&alias=b9p04p3844.cern.ch&noUDP&sock=startd_9351_9631>
	SlotName: slot1_10@b9p04p3844.cern.ch
	CondorScratchDir = "/pool/condor/dir_3302418"
	Cpus = 1
	Disk = 10038868
	GPUs = 0
	Memory = 3000
...
006 (7944174.313.000) 07/08 17:34:33 Image size of job updated: 97728
	96  -  MemoryUsage of job (MB)
	97728  -  ResidentSetSize of job (KB)
...
006 (7944174.313.000) 07/08 17:34:38 Image size of job updated: 174568
	96  -  MemoryUsage of job (MB)
	97772  -  ResidentSetSize of job (KB)
...
040 (7944174.313.000) 07/08 17:34:38 Started transferring output files
...
040 (7944174.313.000) 07/08 17:34:38 Finished transferring output files
...
012 (7944174.313.000) 07/08 17:34:38 Job was held.
	Job held by ON_EXIT_HOLD due to exit code 1.
	Code 3 Subcode 0
...
013 (7944174.313.000) 07/08 17:46:03 Job was released.
	The job attribute PeriodicRelease expression '(NumJobStarts < 3) && ((CurrentTime - EnteredCurrentStatus) > 10 * 60)' evaluated to TRUE
...
040 (7944174.313.000) 07/08 17:46:44 Started transferring input files
	Transferring to host: <188.185.198.29:9618?addrs=188.185.198.29-9618+[2001-1458-303-25--100-19]-9618&alias=b9p15p5743.cern.ch&noUDP&sock=slot1_7_8924_83e4_39013>
...
040 (7944174.313.000) 07/08 17:46:44 Finished transferring input files
...
001 (7944174.313.000) 07/08 17:46:44 Job executing on host: <188.185.198.29:9618?addrs=188.185.198.29-9618+[2001-1458-303-25--100-19]-9618&alias=b9p15p5743.cern.ch&noUDP&sock=startd_8202_77e0>
	SlotName: slot1_7@b9p15p5743.cern.ch
	CondorScratchDir = "/pool/condor/dir_2173155"
	Cpus = 1
	Disk = 10002478
	GPUs = 0
	Memory = 3000
...
006 (7944174.313.000) 07/08 17:47:06 Image size of job updated: 203560
	98  -  MemoryUsage of job (MB)
	100000  -  ResidentSetSize of job (KB)
...
040 (7944174.313.000) 07/08 17:47:06 Started transferring output files
...
040 (7944174.313.000) 07/08 17:47:06 Finished transferring output files
...
012 (7944174.313.000) 07/08 17:47:06 Job was held.
	Job held by ON_EXIT_HOLD due to exit code 1.
	Code 3 Subcode 0
...
013 (7944174.313.000) 07/08 17:58:12 Job was released.
	The job attribute PeriodicRelease expression '(NumJobStarts < 3) && ((CurrentTime - EnteredCurrentStatus) > 10 * 60)' evaluated to TRUE
...
040 (7944174.313.000) 07/08 18:15:50 Started transferring input files
	Transferring to host: <188.185.196.110:9618?addrs=188.185.196.110-9618+[2001-1458-303-23--100-6a]-9618&alias=b9p16p8302.cern.ch&noUDP&sock=slot1_28_3663900_c078_20330>
...
040 (7944174.313.000) 07/08 18:15:51 Finished transferring input files
...
001 (7944174.313.000) 07/08 18:15:51 Job executing on host: <188.185.196.110:9618?addrs=188.185.196.110-9618+[2001-1458-303-23--100-6a]-9618&alias=b9p16p8302.cern.ch&noUDP&sock=startd_3663836_5465>
	SlotName: slot1_28@b9p16p8302.cern.ch
	CondorScratchDir = "/pool/condor/dir_2031124"
	Cpus = 1
	Disk = 10045691
	GPUs = 0
	Memory = 3000
...
006 (7944174.313.000) 07/08 18:16:11 Image size of job updated: 257868
	252  -  MemoryUsage of job (MB)
	257868  -  ResidentSetSize of job (KB)
...
040 (7944174.313.000) 07/08 18:16:11 Started transferring output files
...
040 (7944174.313.000) 07/08 18:16:11 Finished transferring output files
...
012 (7944174.313.000) 07/08 18:16:11 Job was held.
	Job held by ON_EXIT_HOLD due to exit code 1.
	Code 3 Subcode 0
...
