000 (7944174.314.000) 07/08 17:29:05 Job submitted from host: <188.185.16.120:9618?addrs=188.185.16.120-9618+[2001-1458-d00-65--100-39b]-9618&alias=bigbird27.cern.ch&noUDP&sock=schedd_4465_3274>
...
040 (7944174.314.000) 07/08 17:32:53 Started transferring input files
	Transferring to host: <188.185.213.29:9618?addrs=188.185.213.29-9618+[2001-1458-303-1a--100-19]-9618&alias=b9p27p4542.cern.ch&noUDP&sock=slot1_6_8381_ec2e_41634>
...
040 (7944174.314.000) 07/08 17:32:54 Finished transferring input files
...
001 (7944174.314.000) 07/08 17:32:54 Job executing on host: <188.185.213.29:9618?addrs=188.185.213.29-9618+[2001-1458-303-1a--100-19]-9618&alias=b9p27p4542.cern.ch&noUDP&sock=startd_8325_d606>
	SlotName: slot1_6@b9p27p4542.cern.ch
	CondorScratchDir = "/pool/condor/dir_1411111"
	Cpus = 1
	Disk = 10002677
	GPUs = 0
	Memory = 3000
...
006 (7944174.314.000) 07/08 17:33:08 Image size of job updated: 24784
	21  -  MemoryUsage of job (MB)
	20988  -  ResidentSetSize of job (KB)
...
006 (7944174.314.000) 07/08 17:33:24 Image size of job updated: 213832
	21  -  MemoryUsage of job (MB)
	20988  -  ResidentSetSize of job (KB)
...
040 (7944174.314.000) 07/08 17:33:24 Started transferring output files
...
040 (7944174.314.000) 07/08 17:33:24 Finished transferring output files
...
012 (7944174.314.000) 07/08 17:33:24 Job was held.
	Job held by ON_EXIT_HOLD due to exit code 1.
	Code 3 Subcode 0
...
013 (7944174.314.000) 07/08 17:43:33 Job was released.
	The job attribute PeriodicRelease expression '(NumJobStarts < 3) && ((CurrentTime - EnteredCurrentStatus) > 10 * 60)' evaluated to TRUE
...
040 (7944174.314.000) 07/08 17:45:16 Started transferring input files
	Transferring to host: <188.185.215.34:9618?addrs=188.185.215.34-9618+[2001-1458-303-1e--100-1e]-9618&alias=b9p31p6592.cern.ch&noUDP&sock=slot1_11_8402_b80f_38029>
...
040 (7944174.314.000) 07/08 17:45:17 Finished transferring input files
...
001 (7944174.314.000) 07/08 17:45:17 Job executing on host: <188.185.215.34:9618?addrs=188.185.215.34-9618+[2001-1458-303-1e--100-1e]-9618&alias=b9p31p6592.cern.ch&noUDP&sock=startd_8347_ed1b>
	SlotName: slot1_11@b9p31p6592.cern.ch
	CondorScratchDir = "/pool/condor/dir_559330"
	Cpus = 1
	Disk = 10003112
	GPUs = 0
	Memory = 3000
...
006 (7944174.314.000) 07/08 17:45:26 Image size of job updated: 225000
	56  -  MemoryUsage of job (MB)
	57344  -  ResidentSetSize of job (KB)
...
006 (7944174.314.000) 07/08 17:45:46 Image size of job updated: 425580
	416  -  MemoryUsage of job (MB)
	425580  -  ResidentSetSize of job (KB)
...
040 (7944174.314.000) 07/08 17:45:46 Started transferring output files
...
040 (7944174.314.000) 07/08 17:45:46 Finished transferring output files
...
012 (7944174.314.000) 07/08 17:45:46 Job was held.
	Job held by ON_EXIT_HOLD due to exit code 1.
	Code 3 Subcode 0
...
013 (7944174.314.000) 07/08 17:55:47 Job was released.
	The job attribute PeriodicRelease expression '(NumJobStarts < 3) && ((CurrentTime - EnteredCurrentStatus) > 10 * 60)' evaluated to TRUE
...
040 (7944174.314.000) 07/08 18:01:04 Started transferring input files
	Transferring to host: <188.185.193.39:9618?addrs=188.185.193.39-9618+[2001-1458-303-20--100-23]-9618&alias=b9p19p7705.cern.ch&noUDP&sock=slot1_1_6198_cd35_23536>
...
040 (7944174.314.000) 07/08 18:01:05 Finished transferring input files
...
001 (7944174.314.000) 07/08 18:01:05 Job executing on host: <188.185.193.39:9618?addrs=188.185.193.39-9618+[2001-1458-303-20--100-23]-9618&alias=b9p19p7705.cern.ch&noUDP&sock=startd_5657_cf58>
	SlotName: slot1_1@b9p19p7705.cern.ch
	CondorScratchDir = "/pool/condor/dir_3071882"
	Cpus = 1
	Disk = 10029345
	GPUs = 0
	Memory = 3000
...
040 (7944174.314.000) 07/08 18:01:38 Started transferring output files
...
040 (7944174.314.000) 07/08 18:01:38 Finished transferring output files
...
012 (7944174.314.000) 07/08 18:01:38 Job was held.
	Job held by ON_EXIT_HOLD due to exit code 1.
	Code 3 Subcode 0
...
