000 (7944174.316.000) 07/08 17:29:05 Job submitted from host: <188.185.16.120:9618?addrs=188.185.16.120-9618+[2001-1458-d00-65--100-39b]-9618&alias=bigbird27.cern.ch&noUDP&sock=schedd_4465_3274>
...
040 (7944174.316.000) 07/08 17:34:46 Started transferring input files
	Transferring to host: <188.185.193.118:9618?addrs=188.185.193.118-9618+[2001-1458-303-20--100-72]-9618&alias=b9p19p8043.cern.ch&noUDP&sock=slot1_11_3157419_11a4_16626>
...
040 (7944174.316.000) 07/08 17:34:47 Finished transferring input files
...
001 (7944174.316.000) 07/08 17:34:47 Job executing on host: <188.185.193.118:9618?addrs=188.185.193.118-9618+[2001-1458-303-20--100-72]-9618&alias=b9p19p8043.cern.ch&noUDP&sock=startd_4383_f3b0>
	SlotName: slot1_11@b9p19p8043.cern.ch
	CondorScratchDir = "/pool/condor/dir_2754938"
	Cpus = 1
	Disk = 10009508
	GPUs = 0
	Memory = 3000
...
006 (7944174.316.000) 07/08 17:35:00 Image size of job updated: 32632
	32  -  MemoryUsage of job (MB)
	32632  -  ResidentSetSize of job (KB)
...
006 (7944174.316.000) 07/08 17:35:07 Image size of job updated: 213584
	33  -  MemoryUsage of job (MB)
	32940  -  ResidentSetSize of job (KB)
...
040 (7944174.316.000) 07/08 17:35:07 Started transferring output files
...
040 (7944174.316.000) 07/08 17:35:07 Finished transferring output files
...
012 (7944174.316.000) 07/08 17:35:08 Job was held.
	Job held by ON_EXIT_HOLD due to exit code 1.
	Code 3 Subcode 0
...
013 (7944174.316.000) 07/08 17:46:03 Job was released.
	The job attribute PeriodicRelease expression '(NumJobStarts < 3) && ((CurrentTime - EnteredCurrentStatus) > 10 * 60)' evaluated to TRUE
...
040 (7944174.316.000) 07/08 17:46:45 Started transferring input files
	Transferring to host: <188.185.192.187:9618?addrs=188.185.192.187-9618+[2001-1458-303-1f--100-b7]-9618&alias=b9p13p1976.cern.ch&noUDP&sock=slot1_39_4968_27c3_24229>
...
040 (7944174.316.000) 07/08 17:46:46 Finished transferring input files
...
001 (7944174.316.000) 07/08 17:46:46 Job executing on host: <188.185.192.187:9618?addrs=188.185.192.187-9618+[2001-1458-303-1f--100-b7]-9618&alias=b9p13p1976.cern.ch&noUDP&sock=startd_4426_7243>
	SlotName: slot1_39@b9p13p1976.cern.ch
	CondorScratchDir = "/pool/condor/dir_682412"
	Cpus = 1
	Disk = 10003052
	GPUs = 0
	Memory = 3000
...
040 (7944174.316.000) 07/08 17:47:23 Started transferring output files
...
040 (7944174.316.000) 07/08 17:47:23 Finished transferring output files
...
012 (7944174.316.000) 07/08 17:47:23 Job was held.
	Job held by ON_EXIT_HOLD due to exit code 1.
	Code 3 Subcode 0
...
013 (7944174.316.000) 07/08 17:58:12 Job was released.
	The job attribute PeriodicRelease expression '(NumJobStarts < 3) && ((CurrentTime - EnteredCurrentStatus) > 10 * 60)' evaluated to TRUE
...
040 (7944174.316.000) 07/08 18:07:44 Started transferring input files
	Transferring to host: <188.185.214.65:9618?addrs=188.185.214.65-9618+[2001-1458-303-1c--100-3d]-9618&alias=b9p29p0733.cern.ch&noUDP&sock=slot1_14_8421_1b30_47796>
...
040 (7944174.316.000) 07/08 18:07:45 Finished transferring input files
...
001 (7944174.316.000) 07/08 18:07:45 Job executing on host: <188.185.214.65:9618?addrs=188.185.214.65-9618+[2001-1458-303-1c--100-3d]-9618&alias=b9p29p0733.cern.ch&noUDP&sock=startd_8294_9296>
	SlotName: slot1_14@b9p29p0733.cern.ch
	CondorScratchDir = "/pool/condor/dir_3293054"
	Cpus = 1
	Disk = 10006185
	GPUs = 0
	Memory = 3000
...
006 (7944174.316.000) 07/08 18:07:54 Image size of job updated: 225000
	48  -  MemoryUsage of job (MB)
	48424  -  ResidentSetSize of job (KB)
...
006 (7944174.316.000) 07/08 18:08:25 Image size of job updated: 425588
	416  -  MemoryUsage of job (MB)
	425588  -  ResidentSetSize of job (KB)
...
040 (7944174.316.000) 07/08 18:08:25 Started transferring output files
...
040 (7944174.316.000) 07/08 18:08:25 Finished transferring output files
...
012 (7944174.316.000) 07/08 18:08:25 Job was held.
	Job held by ON_EXIT_HOLD due to exit code 1.
	Code 3 Subcode 0
...
