000 (7944174.317.000) 07/08 17:29:05 Job submitted from host: <188.185.16.120:9618?addrs=188.185.16.120-9618+[2001-1458-d00-65--100-39b]-9618&alias=bigbird27.cern.ch&noUDP&sock=schedd_4465_3274>
...
040 (7944174.317.000) 07/08 17:34:20 Started transferring input files
	Transferring to host: <188.185.194.113:9618?addrs=188.185.194.113-9618+[2001-1458-303-21--100-6d]-9618&alias=b9p20p2262.cern.ch&noUDP&sock=slot1_3_9969_cfee_19994>
...
040 (7944174.317.000) 07/08 17:34:20 Finished transferring input files
...
001 (7944174.317.000) 07/08 17:34:20 Job executing on host: <188.185.194.113:9618?addrs=188.185.194.113-9618+[2001-1458-303-21--100-6d]-9618&alias=b9p20p2262.cern.ch&noUDP&sock=startd_8544_0d43>
	SlotName: slot1_3@b9p20p2262.cern.ch
	CondorScratchDir = "/pool/condor/dir_1413831"
	Cpus = 1
	Disk = 10011814
	GPUs = 0
	Memory = 3000
...
006 (7944174.317.000) 07/08 17:34:34 Image size of job updated: 35344
	35  -  MemoryUsage of job (MB)
	35344  -  ResidentSetSize of job (KB)
...
006 (7944174.317.000) 07/08 17:34:40 Image size of job updated: 155092
	38  -  MemoryUsage of job (MB)
	38184  -  ResidentSetSize of job (KB)
...
040 (7944174.317.000) 07/08 17:34:40 Started transferring output files
...
040 (7944174.317.000) 07/08 17:34:40 Finished transferring output files
...
012 (7944174.317.000) 07/08 17:34:40 Job was held.
	Job held by ON_EXIT_HOLD due to exit code 1.
	Code 3 Subcode 0
...
013 (7944174.317.000) 07/08 17:46:03 Job was released.
	The job attribute PeriodicRelease expression '(NumJobStarts < 3) && ((CurrentTime - EnteredCurrentStatus) > 10 * 60)' evaluated to TRUE
...
040 (7944174.317.000) 07/08 17:46:45 Started transferring input files
	Transferring to host: <128.142.161.123:9618?addrs=128.142.161.123-9618+[2001-1458-301-b8--100-39]-9618&alias=b9g03p3242.cern.ch&noUDP&sock=slot1_36_4266_8867_22260>
...
040 (7944174.317.000) 07/08 17:46:45 Finished transferring input files
...
001 (7944174.317.000) 07/08 17:46:45 Job executing on host: <128.142.161.123:9618?addrs=128.142.161.123-9618+[2001-1458-301-b8--100-39]-9618&alias=b9g03p3242.cern.ch&noUDP&sock=startd_3624_574e>
	SlotName: slot1_36@b9g03p3242.cern.ch
	CondorScratchDir = "/pool/condor/dir_2697228"
	Cpus = 1
	Disk = 10001782
	GPUs = 0
	Memory = 3000
...
006 (7944174.317.000) 07/08 17:47:24 Image size of job updated: 192740
	40  -  MemoryUsage of job (MB)
	40000  -  ResidentSetSize of job (KB)
...
040 (7944174.317.000) 07/08 17:47:24 Started transferring output files
...
040 (7944174.317.000) 07/08 17:47:24 Finished transferring output files
...
012 (7944174.317.000) 07/08 17:47:24 Job was held.
	Job held by ON_EXIT_HOLD due to exit code 1.
	Code 3 Subcode 0
...
013 (7944174.317.000) 07/08 17:58:12 Job was released.
	The job attribute PeriodicRelease expression '(NumJobStarts < 3) && ((CurrentTime - EnteredCurrentStatus) > 10 * 60)' evaluated to TRUE
...
040 (7944174.317.000) 07/08 18:07:45 Started transferring input files
	Transferring to host: <188.185.214.88:9618?addrs=188.185.214.88-9618+[2001-1458-303-1c--100-54]-9618&alias=b9p29p9797.cern.ch&noUDP&sock=slot1_19_2752222_2067_25581>
...
040 (7944174.317.000) 07/08 18:07:46 Finished transferring input files
...
001 (7944174.317.000) 07/08 18:07:46 Job executing on host: <188.185.214.88:9618?addrs=188.185.214.88-9618+[2001-1458-303-1c--100-54]-9618&alias=b9p29p9797.cern.ch&noUDP&sock=startd_2752140_b48d>
	SlotName: slot1_19@b9p29p9797.cern.ch
	CondorScratchDir = "/pool/condor/dir_2466815"
	Cpus = 1
	Disk = 10001312
	GPUs = 0
	Memory = 3000
...
006 (7944174.317.000) 07/08 18:07:55 Image size of job updated: 200000
	51  -  MemoryUsage of job (MB)
	51948  -  ResidentSetSize of job (KB)
...
006 (7944174.317.000) 07/08 18:08:17 Image size of job updated: 424640
	415  -  MemoryUsage of job (MB)
	424640  -  ResidentSetSize of job (KB)
...
040 (7944174.317.000) 07/08 18:08:17 Started transferring output files
...
040 (7944174.317.000) 07/08 18:08:17 Finished transferring output files
...
012 (7944174.317.000) 07/08 18:08:17 Job was held.
	Job held by ON_EXIT_HOLD due to exit code 1.
	Code 3 Subcode 0
...
