000 (7944174.318.000) 07/08 17:29:05 Job submitted from host: <188.185.16.120:9618?addrs=188.185.16.120-9618+[2001-1458-d00-65--100-39b]-9618&alias=bigbird27.cern.ch&noUDP&sock=schedd_4465_3274>
...
040 (7944174.318.000) 07/08 17:34:57 Started transferring input files
	Transferring to host: <128.142.33.208:9618?addrs=128.142.33.208-9618+[2001-1458-301-39--100-d]-9618&alias=b9g24p0198.cern.ch&noUDP&sock=slot1_12_6072_05f0_92866>
...
040 (7944174.318.000) 07/08 17:34:58 Finished transferring input files
...
001 (7944174.318.000) 07/08 17:34:58 Job executing on host: <128.142.33.208:9618?addrs=128.142.33.208-9618+[2001-1458-301-39--100-d]-9618&alias=b9g24p0198.cern.ch&noUDP&sock=startd_4962_1906>
	SlotName: slot1_12@b9g24p0198.cern.ch
	CondorScratchDir = "/pool/condor/dir_3029376"
	Cpus = 1
	Disk = 10012425
	GPUs = 0
	Memory = 3000
...
006 (7944174.318.000) 07/08 17:35:06 Image size of job updated: 54132
	53  -  MemoryUsage of job (MB)
	54132  -  ResidentSetSize of job (KB)
...
006 (7944174.318.000) 07/08 17:35:13 Image size of job updated: 54132
	59  -  MemoryUsage of job (MB)
	59768  -  ResidentSetSize of job (KB)
...
040 (7944174.318.000) 07/08 17:35:13 Started transferring output files
...
040 (7944174.318.000) 07/08 17:35:13 Finished transferring output files
...
012 (7944174.318.000) 07/08 17:35:13 Job was held.
	Job held by ON_EXIT_HOLD due to exit code 1.
	Code 3 Subcode 0
...
013 (7944174.318.000) 07/08 17:46:03 Job was released.
	The job attribute PeriodicRelease expression '(NumJobStarts < 3) && ((CurrentTime - EnteredCurrentStatus) > 10 * 60)' evaluated to TRUE
...
040 (7944174.318.000) 07/08 17:46:46 Started transferring input files
	Transferring to host: <188.185.192.145:9618?addrs=188.185.192.145-9618+[2001-1458-303-1f--100-8d]-9618&alias=b9p13p9370.cern.ch&noUDP&sock=slot1_16_9522_dc3c_15841>
...
040 (7944174.318.000) 07/08 17:46:46 Finished transferring input files
...
001 (7944174.318.000) 07/08 17:46:46 Job executing on host: <188.185.192.145:9618?addrs=188.185.192.145-9618+[2001-1458-303-1f--100-8d]-9618&alias=b9p13p9370.cern.ch&noUDP&sock=startd_8363_e69f>
	SlotName: slot1_16@b9p13p9370.cern.ch
	CondorScratchDir = "/pool/condor/dir_2700638"
	Cpus = 1
	Disk = 10002472
	GPUs = 0
	Memory = 3000
...
006 (7944174.318.000) 07/08 17:47:21 Image size of job updated: 187320
	74  -  MemoryUsage of job (MB)
	75000  -  ResidentSetSize of job (KB)
...
040 (7944174.318.000) 07/08 17:47:21 Started transferring output files
...
040 (7944174.318.000) 07/08 17:47:21 Finished transferring output files
...
012 (7944174.318.000) 07/08 17:47:21 Job was held.
	Job held by ON_EXIT_HOLD due to exit code 1.
	Code 3 Subcode 0
...
013 (7944174.318.000) 07/08 17:58:12 Job was released.
	The job attribute PeriodicRelease expression '(NumJobStarts < 3) && ((CurrentTime - EnteredCurrentStatus) > 10 * 60)' evaluated to TRUE
...
040 (7944174.318.000) 07/08 18:07:44 Started transferring input files
	Transferring to host: <188.185.213.180:9618?addrs=188.185.213.180-9618+[2001-1458-303-1b--100-30]-9618&alias=b9p28p7628.cern.ch&noUDP&sock=slot1_13_1582369_dbb4_25731>
...
040 (7944174.318.000) 07/08 18:07:45 Finished transferring input files
...
001 (7944174.318.000) 07/08 18:07:45 Job executing on host: <188.185.213.180:9618?addrs=188.185.213.180-9618+[2001-1458-303-1b--100-30]-9618&alias=b9p28p7628.cern.ch&noUDP&sock=startd_1582285_7aca>
	SlotName: slot1_13@b9p28p7628.cern.ch
	CondorScratchDir = "/pool/condor/dir_2188691"
	Cpus = 1
	Disk = 10002404
	GPUs = 0
	Memory = 3000
...
006 (7944174.318.000) 07/08 18:08:17 Image size of job updated: 426028
	417  -  MemoryUsage of job (MB)
	426028  -  ResidentSetSize of job (KB)
...
040 (7944174.318.000) 07/08 18:08:17 Started transferring output files
...
040 (7944174.318.000) 07/08 18:08:17 Finished transferring output files
...
012 (7944174.318.000) 07/08 18:08:17 Job was held.
	Job held by ON_EXIT_HOLD due to exit code 1.
	Code 3 Subcode 0
...
