000 (7944174.032.000) 07/08 17:29:04 Job submitted from host: <188.185.16.120:9618?addrs=188.185.16.120-9618+[2001-1458-d00-65--100-39b]-9618&alias=bigbird27.cern.ch&noUDP&sock=schedd_4465_3274>
...
040 (7944174.032.000) 07/08 17:31:21 Started transferring input files
	Transferring to host: <188.185.212.36:9618?addrs=188.185.212.36-9618+[2001-1458-303-18--100-20]-9618&alias=b9p25p3594.cern.ch&noUDP&sock=slot1_17_1900316_4855_22485>
...
040 (7944174.032.000) 07/08 17:31:23 Finished transferring input files
...
001 (7944174.032.000) 07/08 17:31:23 Job executing on host: <188.185.212.36:9618?addrs=188.185.212.36-9618+[2001-1458-303-18--100-20]-9618&alias=b9p25p3594.cern.ch&noUDP&sock=startd_1900276_db36>
	SlotName: slot1_17@b9p25p3594.cern.ch
	CondorScratchDir = "/pool/condor/dir_1146163"
	Cpus = 1
	Disk = 10003209
	GPUs = 0
	Memory = 3000
...
006 (7944174.032.000) 07/08 17:31:37 Image size of job updated: 22652
	23  -  MemoryUsage of job (MB)
	22652  -  ResidentSetSize of job (KB)
...
006 (7944174.032.000) 07/08 17:32:50 Image size of job updated: 204408
	23  -  MemoryUsage of job (MB)
	22652  -  ResidentSetSize of job (KB)
...
040 (7944174.032.000) 07/08 17:32:50 Started transferring output files
...
040 (7944174.032.000) 07/08 17:32:50 Finished transferring output files
...
012 (7944174.032.000) 07/08 17:32:50 Job was held.
	Job held by ON_EXIT_HOLD due to exit code 1.
	Code 3 Subcode 0
...
013 (7944174.032.000) 07/08 17:43:32 Job was released.
	The job attribute PeriodicRelease expression '(NumJobStarts < 3) && ((CurrentTime - EnteredCurrentStatus) > 10 * 60)' evaluated to TRUE
...
040 (7944174.032.000) 07/08 17:44:04 Started transferring input files
	Transferring to host: <188.185.195.64:9618?addrs=188.185.195.64-9618+[2001-1458-303-22--100-3c]-9618&alias=b9p17p2560.cern.ch&noUDP&sock=slot1_3_4699_9ed8_22335>
...
040 (7944174.032.000) 07/08 17:44:04 Finished transferring input files
...
001 (7944174.032.000) 07/08 17:44:04 Job executing on host: <188.185.195.64:9618?addrs=188.185.195.64-9618+[2001-1458-303-22--100-3c]-9618&alias=b9p17p2560.cern.ch&noUDP&sock=startd_4130_6a3a>
	SlotName: slot1_3@b9p17p2560.cern.ch
	CondorScratchDir = "/pool/condor/dir_1006563"
	Cpus = 1
	Disk = 10003171
	GPUs = 0
	Memory = 3000
...
006 (7944174.032.000) 07/08 17:44:18 Image size of job updated: 225000
	85  -  MemoryUsage of job (MB)
	86428  -  ResidentSetSize of job (KB)
...
006 (7944174.032.000) 07/08 17:44:24 Image size of job updated: 225000
	86  -  MemoryUsage of job (MB)
	87476  -  ResidentSetSize of job (KB)
...
040 (7944174.032.000) 07/08 17:44:24 Started transferring output files
...
040 (7944174.032.000) 07/08 17:44:24 Finished transferring output files
...
012 (7944174.032.000) 07/08 17:44:24 Job was held.
	Job held by ON_EXIT_HOLD due to exit code 1.
	Code 3 Subcode 0
...
013 (7944174.032.000) 07/08 17:55:47 Job was released.
	The job attribute PeriodicRelease expression '(NumJobStarts < 3) && ((CurrentTime - EnteredCurrentStatus) > 10 * 60)' evaluated to TRUE
...
040 (7944174.032.000) 07/08 17:57:31 Started transferring input files
	Transferring to host: <188.185.195.29:9618?addrs=188.185.195.29-9618+[2001-1458-303-22--100-19]-9618&alias=b9p17p7907.cern.ch&noUDP&sock=slot1_17_5993_5c4d_24058>
...
040 (7944174.032.000) 07/08 17:57:31 Finished transferring input files
...
001 (7944174.032.000) 07/08 17:57:31 Job executing on host: <188.185.195.29:9618?addrs=188.185.195.29-9618+[2001-1458-303-22--100-19]-9618&alias=b9p17p7907.cern.ch&noUDP&sock=startd_4402_fbfd>
	SlotName: slot1_17@b9p17p7907.cern.ch
	CondorScratchDir = "/pool/condor/dir_3662774"
	Cpus = 1
	Disk = 10003231
	GPUs = 0
	Memory = 3000
...
040 (7944174.032.000) 07/08 17:58:00 Started transferring output files
...
040 (7944174.032.000) 07/08 17:58:00 Finished transferring output files
...
012 (7944174.032.000) 07/08 17:58:00 Job was held.
	Job held by ON_EXIT_HOLD due to exit code 1.
	Code 3 Subcode 0
...
