000 (7944174.320.000) 07/08 17:29:05 Job submitted from host: <188.185.16.120:9618?addrs=188.185.16.120-9618+[2001-1458-d00-65--100-39b]-9618&alias=bigbird27.cern.ch&noUDP&sock=schedd_4465_3274>
...
040 (7944174.320.000) 07/08 17:35:12 Started transferring input files
	Transferring to host: <188.185.210.199:9618?addrs=188.185.210.199-9618+[2001-1458-303-15--100-43]-9618&alias=b9p22p1594.cern.ch&noUDP&sock=slot1_28_7849_1498_39735>
...
040 (7944174.320.000) 07/08 17:35:12 Finished transferring input files
...
001 (7944174.320.000) 07/08 17:35:12 Job executing on host: <188.185.210.199:9618?addrs=188.185.210.199-9618+[2001-1458-303-15--100-43]-9618&alias=b9p22p1594.cern.ch&noUDP&sock=startd_6770_3c41>
	SlotName: slot1_28@b9p22p1594.cern.ch
	CondorScratchDir = "/pool/condor/dir_574375"
	Cpus = 1
	Disk = 10011516
	GPUs = 0
	Memory = 3000
...
006 (7944174.320.000) 07/08 17:35:21 Image size of job updated: 154844
	152  -  MemoryUsage of job (MB)
	154844  -  ResidentSetSize of job (KB)
...
006 (7944174.320.000) 07/08 17:35:25 Image size of job updated: 154844
	152  -  MemoryUsage of job (MB)
	155120  -  ResidentSetSize of job (KB)
...
040 (7944174.320.000) 07/08 17:35:25 Started transferring output files
...
040 (7944174.320.000) 07/08 17:35:25 Finished transferring output files
...
012 (7944174.320.000) 07/08 17:35:25 Job was held.
	Job held by ON_EXIT_HOLD due to exit code 1.
	Code 3 Subcode 0
...
013 (7944174.320.000) 07/08 17:46:03 Job was released.
	The job attribute PeriodicRelease expression '(NumJobStarts < 3) && ((CurrentTime - EnteredCurrentStatus) > 10 * 60)' evaluated to TRUE
...
040 (7944174.320.000) 07/08 17:46:46 Started transferring input files
	Transferring to host: <188.185.194.183:9618?addrs=188.185.194.183-9618+[2001-1458-303-21--100-b3]-9618&alias=b9p20p1785.cern.ch&noUDP&sock=slot1_30_4343_c94a_24194>
...
040 (7944174.320.000) 07/08 17:46:46 Finished transferring input files
...
001 (7944174.320.000) 07/08 17:46:46 Job executing on host: <188.185.194.183:9618?addrs=188.185.194.183-9618+[2001-1458-303-21--100-b3]-9618&alias=b9p20p1785.cern.ch&noUDP&sock=startd_3801_bf92>
	SlotName: slot1_30@b9p20p1785.cern.ch
	CondorScratchDir = "/pool/condor/dir_2387530"
	Cpus = 1
	Disk = 10002857
	GPUs = 0
	Memory = 3000
...
006 (7944174.320.000) 07/08 17:47:19 Image size of job updated: 211232
	171  -  MemoryUsage of job (MB)
	175000  -  ResidentSetSize of job (KB)
...
040 (7944174.320.000) 07/08 17:47:19 Started transferring output files
...
040 (7944174.320.000) 07/08 17:47:19 Finished transferring output files
...
012 (7944174.320.000) 07/08 17:47:19 Job was held.
	Job held by ON_EXIT_HOLD due to exit code 1.
	Code 3 Subcode 0
...
013 (7944174.320.000) 07/08 17:58:12 Job was released.
	The job attribute PeriodicRelease expression '(NumJobStarts < 3) && ((CurrentTime - EnteredCurrentStatus) > 10 * 60)' evaluated to TRUE
...
040 (7944174.320.000) 07/08 18:07:44 Started transferring input files
	Transferring to host: <188.185.210.104:9618?addrs=188.185.210.104-9618+[2001-1458-303-1--100-64]-9618&alias=b9p21p5559.cern.ch&noUDP&sock=slot1_9_1402425_081e_26119>
...
040 (7944174.320.000) 07/08 18:07:45 Finished transferring input files
...
001 (7944174.320.000) 07/08 18:07:45 Job executing on host: <188.185.210.104:9618?addrs=188.185.210.104-9618+[2001-1458-303-1--100-64]-9618&alias=b9p21p5559.cern.ch&noUDP&sock=startd_1402370_c11c>
	SlotName: slot1_9@b9p21p5559.cern.ch
	CondorScratchDir = "/pool/condor/dir_3565290"
	Cpus = 1
	Disk = 10002522
	GPUs = 0
	Memory = 3000
...
040 (7944174.320.000) 07/08 18:08:04 Started transferring output files
...
040 (7944174.320.000) 07/08 18:08:04 Finished transferring output files
...
012 (7944174.320.000) 07/08 18:08:04 Job was held.
	Job held by ON_EXIT_HOLD due to exit code 1.
	Code 3 Subcode 0
...
