000 (7944174.321.000) 07/08 17:29:05 Job submitted from host: <188.185.16.120:9618?addrs=188.185.16.120-9618+[2001-1458-d00-65--100-39b]-9618&alias=bigbird27.cern.ch&noUDP&sock=schedd_4465_3274>
...
040 (7944174.321.000) 07/08 17:35:07 Started transferring input files
	Transferring to host: <188.185.209.188:9618?addrs=188.185.209.188-9618+[2001-1458-303-12--100-39]-9618&alias=b9p12p4540.cern.ch&noUDP&sock=slot1_2_9117_804c_35881>
...
040 (7944174.321.000) 07/08 17:35:08 Finished transferring input files
...
001 (7944174.321.000) 07/08 17:35:08 Job executing on host: <188.185.209.188:9618?addrs=188.185.209.188-9618+[2001-1458-303-12--100-39]-9618&alias=b9p12p4540.cern.ch&noUDP&sock=startd_9068_78e4>
	SlotName: slot1_2@b9p12p4540.cern.ch
	CondorScratchDir = "/pool/condor/dir_2508256"
	Cpus = 1
	Disk = 10002489
	GPUs = 0
	Memory = 3000
...
006 (7944174.321.000) 07/08 17:35:21 Image size of job updated: 138868
	136  -  MemoryUsage of job (MB)
	138868  -  ResidentSetSize of job (KB)
...
006 (7944174.321.000) 07/08 17:35:26 Image size of job updated: 193580
	138  -  MemoryUsage of job (MB)
	140520  -  ResidentSetSize of job (KB)
...
040 (7944174.321.000) 07/08 17:35:26 Started transferring output files
...
040 (7944174.321.000) 07/08 17:35:26 Finished transferring output files
...
012 (7944174.321.000) 07/08 17:35:26 Job was held.
	Job held by ON_EXIT_HOLD due to exit code 1.
	Code 3 Subcode 0
...
013 (7944174.321.000) 07/08 17:46:03 Job was released.
	The job attribute PeriodicRelease expression '(NumJobStarts < 3) && ((CurrentTime - EnteredCurrentStatus) > 10 * 60)' evaluated to TRUE
...
040 (7944174.321.000) 07/08 17:46:45 Started transferring input files
	Transferring to host: <188.185.195.89:9618?addrs=188.185.195.89-9618+[2001-1458-303-22--100-55]-9618&alias=b9p17p2598.cern.ch&noUDP&sock=slot1_13_8781_c23e_39196>
...
040 (7944174.321.000) 07/08 17:46:45 Finished transferring input files
...
001 (7944174.321.000) 07/08 17:46:45 Job executing on host: <188.185.195.89:9618?addrs=188.185.195.89-9618+[2001-1458-303-22--100-55]-9618&alias=b9p17p2598.cern.ch&noUDP&sock=startd_8722_251f>
	SlotName: slot1_13@b9p17p2598.cern.ch
	CondorScratchDir = "/pool/condor/dir_1104777"
	Cpus = 1
	Disk = 10004049
	GPUs = 0
	Memory = 3000
...
040 (7944174.321.000) 07/08 17:47:09 Started transferring output files
...
040 (7944174.321.000) 07/08 17:47:09 Finished transferring output files
...
012 (7944174.321.000) 07/08 17:47:09 Job was held.
	Job held by ON_EXIT_HOLD due to exit code 1.
	Code 3 Subcode 0
...
013 (7944174.321.000) 07/08 17:58:12 Job was released.
	The job attribute PeriodicRelease expression '(NumJobStarts < 3) && ((CurrentTime - EnteredCurrentStatus) > 10 * 60)' evaluated to TRUE
...
040 (7944174.321.000) 07/08 18:07:45 Started transferring input files
	Transferring to host: <188.185.214.103:9618?addrs=188.185.214.103-9618+[2001-1458-303-1c--100-63]-9618&alias=b9p29p0062.cern.ch&noUDP&sock=slot1_13_8479_f8f2_47805>
...
040 (7944174.321.000) 07/08 18:07:46 Finished transferring input files
...
001 (7944174.321.000) 07/08 18:07:46 Job executing on host: <188.185.214.103:9618?addrs=188.185.214.103-9618+[2001-1458-303-1c--100-63]-9618&alias=b9p29p0062.cern.ch&noUDP&sock=startd_8332_a32f>
	SlotName: slot1_13@b9p29p0062.cern.ch
	CondorScratchDir = "/pool/condor/dir_2475553"
	Cpus = 1
	Disk = 10142374
	GPUs = 0
	Memory = 3000
...
006 (7944174.321.000) 07/08 18:08:12 Image size of job updated: 425648
	416  -  MemoryUsage of job (MB)
	425648  -  ResidentSetSize of job (KB)
...
040 (7944174.321.000) 07/08 18:08:12 Started transferring output files
...
040 (7944174.321.000) 07/08 18:08:12 Finished transferring output files
...
012 (7944174.321.000) 07/08 18:08:12 Job was held.
	Job held by ON_EXIT_HOLD due to exit code 1.
	Code 3 Subcode 0
...
