000 (7944174.322.000) 07/08 17:29:05 Job submitted from host: <188.185.16.120:9618?addrs=188.185.16.120-9618+[2001-1458-d00-65--100-39b]-9618&alias=bigbird27.cern.ch&noUDP&sock=schedd_4465_3274>
...
040 (7944174.322.000) 07/08 17:32:55 Started transferring input files
	Transferring to host: <188.185.194.8:9618?addrs=188.185.194.8-9618+[2001-1458-303-21--100-4]-9618&alias=b9p20p0596.cern.ch&noUDP&sock=slot1_26_5980_336c_14496>
...
040 (7944174.322.000) 07/08 17:32:55 Finished transferring input files
...
001 (7944174.322.000) 07/08 17:32:55 Job executing on host: <188.185.194.8:9618?addrs=188.185.194.8-9618+[2001-1458-303-21--100-4]-9618&alias=b9p20p0596.cern.ch&noUDP&sock=startd_4532_274d>
	SlotName: slot1_26@b9p20p0596.cern.ch
	CondorScratchDir = "/pool/condor/dir_3725406"
	Cpus = 1
	Disk = 10000071
	GPUs = 0
	Memory = 3000
...
006 (7944174.322.000) 07/08 17:33:09 Image size of job updated: 33348
	33  -  MemoryUsage of job (MB)
	33348  -  ResidentSetSize of job (KB)
...
006 (7944174.322.000) 07/08 17:33:29 Image size of job updated: 196628
	33  -  MemoryUsage of job (MB)
	33348  -  ResidentSetSize of job (KB)
...
040 (7944174.322.000) 07/08 17:33:30 Started transferring output files
...
040 (7944174.322.000) 07/08 17:33:30 Finished transferring output files
...
012 (7944174.322.000) 07/08 17:33:30 Job was held.
	Job held by ON_EXIT_HOLD due to exit code 1.
	Code 3 Subcode 0
...
013 (7944174.322.000) 07/08 17:43:33 Job was released.
	The job attribute PeriodicRelease expression '(NumJobStarts < 3) && ((CurrentTime - EnteredCurrentStatus) > 10 * 60)' evaluated to TRUE
...
040 (7944174.322.000) 07/08 17:45:17 Started transferring input files
	Transferring to host: <188.185.214.67:9618?addrs=188.185.214.67-9618+[2001-1458-303-1c--100-3f]-9618&alias=b9p29p3424.cern.ch&noUDP&sock=slot1_2_4185942_9125_17655>
...
040 (7944174.322.000) 07/08 17:45:18 Finished transferring input files
...
001 (7944174.322.000) 07/08 17:45:18 Job executing on host: <188.185.214.67:9618?addrs=188.185.214.67-9618+[2001-1458-303-1c--100-3f]-9618&alias=b9p29p3424.cern.ch&noUDP&sock=startd_4185669_5d0b>
	SlotName: slot1_2@b9p29p3424.cern.ch
	CondorScratchDir = "/pool/condor/dir_2403324"
	Cpus = 1
	Disk = 10002556
	GPUs = 0
	Memory = 3000
...
006 (7944174.322.000) 07/08 17:45:26 Image size of job updated: 200000
	58  -  MemoryUsage of job (MB)
	58628  -  ResidentSetSize of job (KB)
...
006 (7944174.322.000) 07/08 17:45:44 Image size of job updated: 407424
	398  -  MemoryUsage of job (MB)
	407424  -  ResidentSetSize of job (KB)
...
040 (7944174.322.000) 07/08 17:45:44 Started transferring output files
...
040 (7944174.322.000) 07/08 17:45:44 Finished transferring output files
...
012 (7944174.322.000) 07/08 17:45:44 Job was held.
	Job held by ON_EXIT_HOLD due to exit code 1.
	Code 3 Subcode 0
...
013 (7944174.322.000) 07/08 17:55:47 Job was released.
	The job attribute PeriodicRelease expression '(NumJobStarts < 3) && ((CurrentTime - EnteredCurrentStatus) > 10 * 60)' evaluated to TRUE
...
040 (7944174.322.000) 07/08 18:01:03 Started transferring input files
	Transferring to host: <128.142.161.83:9618?addrs=128.142.161.83-9618+[2001-1458-301-b8--100-11]-9618&alias=b9g03p4706.cern.ch&noUDP&sock=slot1_4_7752_bc34_17562>
...
040 (7944174.322.000) 07/08 18:01:04 Finished transferring input files
...
001 (7944174.322.000) 07/08 18:01:04 Job executing on host: <128.142.161.83:9618?addrs=128.142.161.83-9618+[2001-1458-301-b8--100-11]-9618&alias=b9g03p4706.cern.ch&noUDP&sock=startd_6311_6648>
	SlotName: slot1_4@b9g03p4706.cern.ch
	CondorScratchDir = "/pool/condor/dir_1360549"
	Cpus = 1
	Disk = 10033573
	GPUs = 0
	Memory = 3000
...
040 (7944174.322.000) 07/08 18:01:29 Started transferring output files
...
040 (7944174.322.000) 07/08 18:01:29 Finished transferring output files
...
012 (7944174.322.000) 07/08 18:01:29 Job was held.
	Job held by ON_EXIT_HOLD due to exit code 1.
	Code 3 Subcode 0
...
