000 (7944174.324.000) 07/08 17:29:05 Job submitted from host: <188.185.16.120:9618?addrs=188.185.16.120-9618+[2001-1458-d00-65--100-39b]-9618&alias=bigbird27.cern.ch&noUDP&sock=schedd_4465_3274>
...
040 (7944174.324.000) 07/08 17:34:21 Started transferring input files
	Transferring to host: <188.185.210.45:9618?addrs=188.185.210.45-9618+[2001-1458-303-1--100-29]-9618&alias=b9p21p1686.cern.ch&noUDP&sock=slot1_22_6474_44c0_39956>
...
040 (7944174.324.000) 07/08 17:34:21 Finished transferring input files
...
001 (7944174.324.000) 07/08 17:34:21 Job executing on host: <188.185.210.45:9618?addrs=188.185.210.45-9618+[2001-1458-303-1--100-29]-9618&alias=b9p21p1686.cern.ch&noUDP&sock=startd_6143_2a5f>
	SlotName: slot1_22@b9p21p1686.cern.ch
	CondorScratchDir = "/pool/condor/dir_1769852"
	Cpus = 1
	Disk = 10001360
	GPUs = 0
	Memory = 3000
...
006 (7944174.324.000) 07/08 17:34:30 Image size of job updated: 100020
	98  -  MemoryUsage of job (MB)
	100020  -  ResidentSetSize of job (KB)
...
006 (7944174.324.000) 07/08 17:34:35 Image size of job updated: 100020
	100  -  MemoryUsage of job (MB)
	101484  -  ResidentSetSize of job (KB)
...
040 (7944174.324.000) 07/08 17:34:35 Started transferring output files
...
040 (7944174.324.000) 07/08 17:34:36 Finished transferring output files
...
012 (7944174.324.000) 07/08 17:34:36 Job was held.
	Job held by ON_EXIT_HOLD due to exit code 1.
	Code 3 Subcode 0
...
013 (7944174.324.000) 07/08 17:46:03 Job was released.
	The job attribute PeriodicRelease expression '(NumJobStarts < 3) && ((CurrentTime - EnteredCurrentStatus) > 10 * 60)' evaluated to TRUE
...
040 (7944174.324.000) 07/08 17:46:47 Started transferring input files
	Transferring to host: <188.185.193.96:9618?addrs=188.185.193.96-9618+[2001-1458-303-20--100-5c]-9618&alias=b9p19p8780.cern.ch&noUDP&sock=slot1_4_8740_dedc_24433>
...
040 (7944174.324.000) 07/08 17:46:47 Finished transferring input files
...
001 (7944174.324.000) 07/08 17:46:47 Job executing on host: <188.185.193.96:9618?addrs=188.185.193.96-9618+[2001-1458-303-20--100-5c]-9618&alias=b9p19p8780.cern.ch&noUDP&sock=startd_7643_0a6f>
	SlotName: slot1_4@b9p19p8780.cern.ch
	CondorScratchDir = "/pool/condor/dir_2255595"
	Cpus = 1
	Disk = 10003091
	GPUs = 0
	Memory = 3000
...
006 (7944174.324.000) 07/08 17:47:23 Image size of job updated: 209352
	123  -  MemoryUsage of job (MB)
	125000  -  ResidentSetSize of job (KB)
...
040 (7944174.324.000) 07/08 17:47:23 Started transferring output files
...
040 (7944174.324.000) 07/08 17:47:23 Finished transferring output files
...
012 (7944174.324.000) 07/08 17:47:23 Job was held.
	Job held by ON_EXIT_HOLD due to exit code 1.
	Code 3 Subcode 0
...
013 (7944174.324.000) 07/08 17:58:12 Job was released.
	The job attribute PeriodicRelease expression '(NumJobStarts < 3) && ((CurrentTime - EnteredCurrentStatus) > 10 * 60)' evaluated to TRUE
...
040 (7944174.324.000) 07/08 18:07:45 Started transferring input files
	Transferring to host: <188.185.213.220:9618?addrs=188.185.213.220-9618+[2001-1458-303-1b--100-58]-9618&alias=b9p28p1121.cern.ch&noUDP&sock=slot1_9_8398_e68f_48089>
...
040 (7944174.324.000) 07/08 18:07:46 Finished transferring input files
...
001 (7944174.324.000) 07/08 18:07:46 Job executing on host: <188.185.213.220:9618?addrs=188.185.213.220-9618+[2001-1458-303-1b--100-58]-9618&alias=b9p28p1121.cern.ch&noUDP&sock=startd_8333_52c8>
	SlotName: slot1_9@b9p28p1121.cern.ch
	CondorScratchDir = "/pool/condor/dir_1838315"
	Cpus = 1
	Disk = 10013246
	GPUs = 0
	Memory = 3000
...
040 (7944174.324.000) 07/08 18:08:04 Started transferring output files
...
040 (7944174.324.000) 07/08 18:08:04 Finished transferring output files
...
012 (7944174.324.000) 07/08 18:08:04 Job was held.
	Job held by ON_EXIT_HOLD due to exit code 1.
	Code 3 Subcode 0
...
