000 (7944174.325.000) 07/08 17:29:05 Job submitted from host: <188.185.16.120:9618?addrs=188.185.16.120-9618+[2001-1458-d00-65--100-39b]-9618&alias=bigbird27.cern.ch&noUDP&sock=schedd_4465_3274>
...
040 (7944174.325.000) 07/08 17:34:58 Started transferring input files
	Transferring to host: <188.185.211.223:9618?addrs=188.185.211.223-9618+[2001-1458-303-17--100-5b]-9618&alias=b9p24p0145.cern.ch&noUDP&sock=slot1_19_7841_7198_42929>
...
040 (7944174.325.000) 07/08 17:34:58 Finished transferring input files
...
001 (7944174.325.000) 07/08 17:34:58 Job executing on host: <188.185.211.223:9618?addrs=188.185.211.223-9618+[2001-1458-303-17--100-5b]-9618&alias=b9p24p0145.cern.ch&noUDP&sock=startd_6849_6c3c>
	SlotName: slot1_19@b9p24p0145.cern.ch
	CondorScratchDir = "/pool/condor/dir_2821173"
	Cpus = 1
	Disk = 10009015
	GPUs = 0
	Memory = 3000
...
006 (7944174.325.000) 07/08 17:35:07 Image size of job updated: 154884
	152  -  MemoryUsage of job (MB)
	154884  -  ResidentSetSize of job (KB)
...
040 (7944174.325.000) 07/08 17:35:12 Started transferring output files
...
040 (7944174.325.000) 07/08 17:35:12 Finished transferring output files
...
012 (7944174.325.000) 07/08 17:35:12 Job was held.
	Job held by ON_EXIT_HOLD due to exit code 1.
	Code 3 Subcode 0
...
013 (7944174.325.000) 07/08 17:46:03 Job was released.
	The job attribute PeriodicRelease expression '(NumJobStarts < 3) && ((CurrentTime - EnteredCurrentStatus) > 10 * 60)' evaluated to TRUE
...
040 (7944174.325.000) 07/08 17:46:47 Started transferring input files
	Transferring to host: <188.185.194.60:9618?addrs=188.185.194.60-9618+[2001-1458-303-21--100-38]-9618&alias=b9p20p2494.cern.ch&noUDP&sock=slot1_23_11140_e33e_23692>
...
040 (7944174.325.000) 07/08 17:46:47 Finished transferring input files
...
001 (7944174.325.000) 07/08 17:46:47 Job executing on host: <188.185.194.60:9618?addrs=188.185.194.60-9618+[2001-1458-303-21--100-38]-9618&alias=b9p20p2494.cern.ch&noUDP&sock=startd_9498_6a9d>
	SlotName: slot1_23@b9p20p2494.cern.ch
	CondorScratchDir = "/pool/condor/dir_3521255"
	Cpus = 1
	Disk = 10003144
	GPUs = 0
	Memory = 3000
...
006 (7944174.325.000) 07/08 17:47:20 Image size of job updated: 200640
	171  -  MemoryUsage of job (MB)
	175000  -  ResidentSetSize of job (KB)
...
040 (7944174.325.000) 07/08 17:47:20 Started transferring output files
...
040 (7944174.325.000) 07/08 17:47:20 Finished transferring output files
...
012 (7944174.325.000) 07/08 17:47:20 Job was held.
	Job held by ON_EXIT_HOLD due to exit code 1.
	Code 3 Subcode 0
...
013 (7944174.325.000) 07/08 17:58:12 Job was released.
	The job attribute PeriodicRelease expression '(NumJobStarts < 3) && ((CurrentTime - EnteredCurrentStatus) > 10 * 60)' evaluated to TRUE
...
040 (7944174.325.000) 07/08 18:10:10 Started transferring input files
	Transferring to host: <188.185.192.69:9618?addrs=188.185.192.69-9618+[2001-1458-303-1f--100-41]-9618&alias=b9p13p8505.cern.ch&noUDP&sock=slot1_9_8832_b160_40487>
...
040 (7944174.325.000) 07/08 18:10:11 Finished transferring input files
...
001 (7944174.325.000) 07/08 18:10:11 Job executing on host: <188.185.192.69:9618?addrs=188.185.192.69-9618+[2001-1458-303-1f--100-41]-9618&alias=b9p13p8505.cern.ch&noUDP&sock=startd_8785_5b96>
	SlotName: slot1_9@b9p13p8505.cern.ch
	CondorScratchDir = "/pool/condor/dir_477058"
	Cpus = 1
	Disk = 10067778
	GPUs = 0
	Memory = 3000
...
040 (7944174.325.000) 07/08 18:10:31 Started transferring output files
...
040 (7944174.325.000) 07/08 18:10:31 Finished transferring output files
...
012 (7944174.325.000) 07/08 18:10:31 Job was held.
	Job held by ON_EXIT_HOLD due to exit code 1.
	Code 3 Subcode 0
...
