000 (7944174.327.000) 07/08 17:29:05 Job submitted from host: <188.185.16.120:9618?addrs=188.185.16.120-9618+[2001-1458-d00-65--100-39b]-9618&alias=bigbird27.cern.ch&noUDP&sock=schedd_4465_3274>
...
040 (7944174.327.000) 07/08 17:32:58 Started transferring input files
	Transferring to host: <188.185.211.147:9618?addrs=188.185.211.147-9618+[2001-1458-303-17--100-f]-9618&alias=b9p24p3890.cern.ch&noUDP&sock=slot1_25_7868_77b9_40840>
...
040 (7944174.327.000) 07/08 17:32:58 Finished transferring input files
...
001 (7944174.327.000) 07/08 17:32:58 Job executing on host: <188.185.211.147:9618?addrs=188.185.211.147-9618+[2001-1458-303-17--100-f]-9618&alias=b9p24p3890.cern.ch&noUDP&sock=startd_7151_91d6>
	SlotName: slot1_25@b9p24p3890.cern.ch
	CondorScratchDir = "/pool/condor/dir_237358"
	Cpus = 1
	Disk = 10007178
	GPUs = 0
	Memory = 3000
...
006 (7944174.327.000) 07/08 17:33:07 Image size of job updated: 61308
	60  -  MemoryUsage of job (MB)
	61308  -  ResidentSetSize of job (KB)
...
006 (7944174.327.000) 07/08 17:33:23 Image size of job updated: 424460
	415  -  MemoryUsage of job (MB)
	424460  -  ResidentSetSize of job (KB)
...
040 (7944174.327.000) 07/08 17:33:23 Started transferring output files
...
040 (7944174.327.000) 07/08 17:33:23 Finished transferring output files
...
012 (7944174.327.000) 07/08 17:33:23 Job was held.
	Job held by ON_EXIT_HOLD due to exit code 1.
	Code 3 Subcode 0
...
013 (7944174.327.000) 07/08 17:43:33 Job was released.
	The job attribute PeriodicRelease expression '(NumJobStarts < 3) && ((CurrentTime - EnteredCurrentStatus) > 10 * 60)' evaluated to TRUE
...
040 (7944174.327.000) 07/08 17:45:17 Started transferring input files
	Transferring to host: <188.185.210.28:9618?addrs=188.185.210.28-9618+[2001-1458-303-1--100-18]-9618&alias=b9p21p8200.cern.ch&noUDP&sock=slot1_3_6501_4ae1_38023>
...
040 (7944174.327.000) 07/08 17:45:18 Finished transferring input files
...
001 (7944174.327.000) 07/08 17:45:18 Job executing on host: <188.185.210.28:9618?addrs=188.185.210.28-9618+[2001-1458-303-1--100-18]-9618&alias=b9p21p8200.cern.ch&noUDP&sock=startd_6187_588a>
	SlotName: slot1_3@b9p21p8200.cern.ch
	CondorScratchDir = "/pool/condor/dir_2843788"
	Cpus = 1
	Disk = 10001801
	GPUs = 0
	Memory = 3000
...
040 (7944174.327.000) 07/08 17:45:45 Started transferring output files
...
040 (7944174.327.000) 07/08 17:45:45 Finished transferring output files
...
012 (7944174.327.000) 07/08 17:45:45 Job was held.
	Job held by ON_EXIT_HOLD due to exit code 1.
	Code 3 Subcode 0
...
013 (7944174.327.000) 07/08 17:55:47 Job was released.
	The job attribute PeriodicRelease expression '(NumJobStarts < 3) && ((CurrentTime - EnteredCurrentStatus) > 10 * 60)' evaluated to TRUE
...
040 (7944174.327.000) 07/08 18:01:04 Started transferring input files
	Transferring to host: <188.185.198.100:9618?addrs=188.185.198.100-9618+[2001-1458-303-25--100-60]-9618&alias=b9p15p6229.cern.ch&noUDP&sock=slot1_18_3164_12fa_42653>
...
040 (7944174.327.000) 07/08 18:01:05 Finished transferring input files
...
001 (7944174.327.000) 07/08 18:01:05 Job executing on host: <188.185.198.100:9618?addrs=188.185.198.100-9618+[2001-1458-303-25--100-60]-9618&alias=b9p15p6229.cern.ch&noUDP&sock=startd_2535_60ab>
	SlotName: slot1_18@b9p15p6229.cern.ch
	CondorScratchDir = "/pool/condor/dir_2677673"
	Cpus = 1
	Disk = 10003257
	GPUs = 0
	Memory = 3000
...
040 (7944174.327.000) 07/08 18:01:22 Started transferring output files
...
040 (7944174.327.000) 07/08 18:01:23 Finished transferring output files
...
012 (7944174.327.000) 07/08 18:01:23 Job was held.
	Job held by ON_EXIT_HOLD due to exit code 1.
	Code 3 Subcode 0
...
