000 (7944174.033.000) 07/08 17:29:04 Job submitted from host: <188.185.16.120:9618?addrs=188.185.16.120-9618+[2001-1458-d00-65--100-39b]-9618&alias=bigbird27.cern.ch&noUDP&sock=schedd_4465_3274>
...
040 (7944174.033.000) 07/08 17:31:20 Started transferring input files
	Transferring to host: <188.185.192.83:9618?addrs=188.185.192.83-9618+[2001-1458-303-1f--100-4f]-9618&alias=b9p13p4805.cern.ch&noUDP&sock=slot1_22_8833_65c0_40150>
...
040 (7944174.033.000) 07/08 17:31:20 Finished transferring input files
...
001 (7944174.033.000) 07/08 17:31:20 Job executing on host: <188.185.192.83:9618?addrs=188.185.192.83-9618+[2001-1458-303-1f--100-4f]-9618&alias=b9p13p4805.cern.ch&noUDP&sock=startd_8786_0b2f>
	SlotName: slot1_22@b9p13p4805.cern.ch
	CondorScratchDir = "/pool/condor/dir_2152573"
	Cpus = 1
	Disk = 10003230
	GPUs = 0
	Memory = 3000
...
006 (7944174.033.000) 07/08 17:31:34 Image size of job updated: 22572
	21  -  MemoryUsage of job (MB)
	21492  -  ResidentSetSize of job (KB)
...
006 (7944174.033.000) 07/08 17:32:43 Image size of job updated: 210056
	21  -  MemoryUsage of job (MB)
	21492  -  ResidentSetSize of job (KB)
...
040 (7944174.033.000) 07/08 17:32:43 Started transferring output files
...
040 (7944174.033.000) 07/08 17:32:43 Finished transferring output files
...
012 (7944174.033.000) 07/08 17:32:45 Job was held.
	Job held by ON_EXIT_HOLD due to exit code 1.
	Code 3 Subcode 0
...
013 (7944174.033.000) 07/08 17:43:32 Job was released.
	The job attribute PeriodicRelease expression '(NumJobStarts < 3) && ((CurrentTime - EnteredCurrentStatus) > 10 * 60)' evaluated to TRUE
...
040 (7944174.033.000) 07/08 17:44:05 Started transferring input files
	Transferring to host: <188.185.195.78:9618?addrs=188.185.195.78-9618+[2001-1458-303-22--100-4a]-9618&alias=b9p17p1349.cern.ch&noUDP&sock=slot1_6_4077_5d7f_38686>
...
040 (7944174.033.000) 07/08 17:44:06 Finished transferring input files
...
001 (7944174.033.000) 07/08 17:44:06 Job executing on host: <188.185.195.78:9618?addrs=188.185.195.78-9618+[2001-1458-303-22--100-4a]-9618&alias=b9p17p1349.cern.ch&noUDP&sock=startd_3153_4633>
	SlotName: slot1_6@b9p17p1349.cern.ch
	CondorScratchDir = "/pool/condor/dir_2566264"
	Cpus = 1
	Disk = 10002954
	GPUs = 0
	Memory = 3000
...
006 (7944174.033.000) 07/08 17:44:30 Image size of job updated: 225000
	23  -  MemoryUsage of job (MB)
	23132  -  ResidentSetSize of job (KB)
...
040 (7944174.033.000) 07/08 17:44:30 Started transferring output files
...
040 (7944174.033.000) 07/08 17:44:30 Finished transferring output files
...
012 (7944174.033.000) 07/08 17:44:30 Job was held.
	Job held by ON_EXIT_HOLD due to exit code 1.
	Code 3 Subcode 0
...
013 (7944174.033.000) 07/08 17:55:47 Job was released.
	The job attribute PeriodicRelease expression '(NumJobStarts < 3) && ((CurrentTime - EnteredCurrentStatus) > 10 * 60)' evaluated to TRUE
...
040 (7944174.033.000) 07/08 17:57:31 Started transferring input files
	Transferring to host: <128.142.161.143:9618?addrs=128.142.161.143-9618+[2001-1458-301-b9--100-c]-9618&alias=b9g03p2726.cern.ch&noUDP&sock=slot1_19_7238_935f_14543>
...
040 (7944174.033.000) 07/08 17:57:32 Finished transferring input files
...
001 (7944174.033.000) 07/08 17:57:32 Job executing on host: <128.142.161.143:9618?addrs=128.142.161.143-9618+[2001-1458-301-b9--100-c]-9618&alias=b9g03p2726.cern.ch&noUDP&sock=startd_6092_2f0b>
	SlotName: slot1_19@b9g03p2726.cern.ch
	CondorScratchDir = "/pool/condor/dir_3540791"
	Cpus = 1
	Disk = 10001464
	GPUs = 0
	Memory = 3000
...
006 (7944174.033.000) 07/08 17:57:45 Image size of job updated: 225000
	27  -  MemoryUsage of job (MB)
	27168  -  ResidentSetSize of job (KB)
...
006 (7944174.033.000) 07/08 17:57:56 Image size of job updated: 225000
	27  -  MemoryUsage of job (MB)
	27512  -  ResidentSetSize of job (KB)
...
040 (7944174.033.000) 07/08 17:57:56 Started transferring output files
...
040 (7944174.033.000) 07/08 17:57:56 Finished transferring output files
...
012 (7944174.033.000) 07/08 17:57:56 Job was held.
	Job held by ON_EXIT_HOLD due to exit code 1.
	Code 3 Subcode 0
...
