000 (7944174.330.000) 07/08 17:29:05 Job submitted from host: <188.185.16.120:9618?addrs=188.185.16.120-9618+[2001-1458-d00-65--100-39b]-9618&alias=bigbird27.cern.ch&noUDP&sock=schedd_4465_3274>
...
040 (7944174.330.000) 07/08 17:32:58 Started transferring input files
	Transferring to host: <188.185.215.96:9618?addrs=188.185.215.96-9618+[2001-1458-303-1e--100-5c]-9618&alias=b9p31p5861.cern.ch&noUDP&sock=slot1_17_8144_ef44_40422>
...
040 (7944174.330.000) 07/08 17:32:59 Finished transferring input files
...
001 (7944174.330.000) 07/08 17:32:59 Job executing on host: <188.185.215.96:9618?addrs=188.185.215.96-9618+[2001-1458-303-1e--100-5c]-9618&alias=b9p31p5861.cern.ch&noUDP&sock=startd_7535_f634>
	SlotName: slot1_17@b9p31p5861.cern.ch
	CondorScratchDir = "/pool/condor/dir_146641"
	Cpus = 1
	Disk = 10001865
	GPUs = 0
	Memory = 3000
...
006 (7944174.330.000) 07/08 17:33:08 Image size of job updated: 58156
	57  -  MemoryUsage of job (MB)
	58156  -  ResidentSetSize of job (KB)
...
006 (7944174.330.000) 07/08 17:33:25 Image size of job updated: 424752
	415  -  MemoryUsage of job (MB)
	424752  -  ResidentSetSize of job (KB)
...
040 (7944174.330.000) 07/08 17:33:25 Started transferring output files
...
040 (7944174.330.000) 07/08 17:33:25 Finished transferring output files
...
012 (7944174.330.000) 07/08 17:33:25 Job was held.
	Job held by ON_EXIT_HOLD due to exit code 1.
	Code 3 Subcode 0
...
013 (7944174.330.000) 07/08 17:43:33 Job was released.
	The job attribute PeriodicRelease expression '(NumJobStarts < 3) && ((CurrentTime - EnteredCurrentStatus) > 10 * 60)' evaluated to TRUE
...
040 (7944174.330.000) 07/08 17:45:17 Started transferring input files
	Transferring to host: <188.185.210.68:9618?addrs=188.185.210.68-9618+[2001-1458-303-1--100-40]-9618&alias=b9p21p7125.cern.ch&noUDP&sock=slot1_22_6241_1957_41693>
...
040 (7944174.330.000) 07/08 17:45:18 Finished transferring input files
...
001 (7944174.330.000) 07/08 17:45:18 Job executing on host: <188.185.210.68:9618?addrs=188.185.210.68-9618+[2001-1458-303-1--100-40]-9618&alias=b9p21p7125.cern.ch&noUDP&sock=startd_5620_6e57>
	SlotName: slot1_22@b9p21p7125.cern.ch
	CondorScratchDir = "/pool/condor/dir_96992"
	Cpus = 1
	Disk = 10008557
	GPUs = 0
	Memory = 3000
...
040 (7944174.330.000) 07/08 17:45:34 Started transferring output files
...
040 (7944174.330.000) 07/08 17:45:34 Finished transferring output files
...
012 (7944174.330.000) 07/08 17:45:34 Job was held.
	Job held by ON_EXIT_HOLD due to exit code 1.
	Code 3 Subcode 0
...
013 (7944174.330.000) 07/08 17:55:47 Job was released.
	The job attribute PeriodicRelease expression '(NumJobStarts < 3) && ((CurrentTime - EnteredCurrentStatus) > 10 * 60)' evaluated to TRUE
...
040 (7944174.330.000) 07/08 18:01:06 Started transferring input files
	Transferring to host: <128.142.248.28:9618?addrs=128.142.248.28-9618+[2001-1458-301-73--100-10c]-9618&alias=b9g23p6607.cern.ch&noUDP&sock=slot1_15_6818_a5ce_64272>
...
040 (7944174.330.000) 07/08 18:01:06 Finished transferring input files
...
001 (7944174.330.000) 07/08 18:01:06 Job executing on host: <128.142.248.28:9618?addrs=128.142.248.28-9618+[2001-1458-301-73--100-10c]-9618&alias=b9g23p6607.cern.ch&noUDP&sock=startd_6194_25b4>
	SlotName: slot1_15@b9g23p6607.cern.ch
	CondorScratchDir = "/pool/condor/dir_2708817"
	Cpus = 1
	Disk = 10004520
	GPUs = 0
	Memory = 3000
...
040 (7944174.330.000) 07/08 18:01:38 Started transferring output files
...
040 (7944174.330.000) 07/08 18:01:38 Finished transferring output files
...
012 (7944174.330.000) 07/08 18:01:38 Job was held.
	Job held by ON_EXIT_HOLD due to exit code 1.
	Code 3 Subcode 0
...
