000 (7944174.332.000) 07/08 17:29:05 Job submitted from host: <188.185.16.120:9618?addrs=188.185.16.120-9618+[2001-1458-d00-65--100-39b]-9618&alias=bigbird27.cern.ch&noUDP&sock=schedd_4465_3274>
...
040 (7944174.332.000) 07/08 17:34:22 Started transferring input files
	Transferring to host: <188.185.196.135:9618?addrs=188.185.196.135-9618+[2001-1458-303-23--100-83]-9618&alias=b9p16p6625.cern.ch&noUDP&sock=slot1_16_9028_cae8_40600>
...
040 (7944174.332.000) 07/08 17:34:22 Finished transferring input files
...
001 (7944174.332.000) 07/08 17:34:22 Job executing on host: <188.185.196.135:9618?addrs=188.185.196.135-9618+[2001-1458-303-23--100-83]-9618&alias=b9p16p6625.cern.ch&noUDP&sock=startd_8816_9f06>
	SlotName: slot1_16@b9p16p6625.cern.ch
	CondorScratchDir = "/pool/condor/dir_3042563"
	Cpus = 1
	Disk = 10001506
	GPUs = 0
	Memory = 3000
...
006 (7944174.332.000) 07/08 17:34:36 Image size of job updated: 23808
	24  -  MemoryUsage of job (MB)
	23808  -  ResidentSetSize of job (KB)
...
006 (7944174.332.000) 07/08 17:34:45 Image size of job updated: 211684
	24  -  MemoryUsage of job (MB)
	23884  -  ResidentSetSize of job (KB)
...
040 (7944174.332.000) 07/08 17:34:45 Started transferring output files
...
040 (7944174.332.000) 07/08 17:34:45 Finished transferring output files
...
012 (7944174.332.000) 07/08 17:34:45 Job was held.
	Job held by ON_EXIT_HOLD due to exit code 1.
	Code 3 Subcode 0
...
013 (7944174.332.000) 07/08 17:46:03 Job was released.
	The job attribute PeriodicRelease expression '(NumJobStarts < 3) && ((CurrentTime - EnteredCurrentStatus) > 10 * 60)' evaluated to TRUE
...
040 (7944174.332.000) 07/08 17:46:48 Started transferring input files
	Transferring to host: <188.185.194.34:9618?addrs=188.185.194.34-9618+[2001-1458-303-21--100-1e]-9618&alias=b9p20p0795.cern.ch&noUDP&sock=slot1_14_5866_e0a8_23900>
...
040 (7944174.332.000) 07/08 17:46:49 Finished transferring input files
...
001 (7944174.332.000) 07/08 17:46:49 Job executing on host: <188.185.194.34:9618?addrs=188.185.194.34-9618+[2001-1458-303-21--100-1e]-9618&alias=b9p20p0795.cern.ch&noUDP&sock=startd_5154_cb35>
	SlotName: slot1_14@b9p20p0795.cern.ch
	CondorScratchDir = "/pool/condor/dir_3428924"
	Cpus = 1
	Disk = 10001740
	GPUs = 0
	Memory = 3000
...
040 (7944174.332.000) 07/08 17:47:31 Started transferring output files
...
040 (7944174.332.000) 07/08 17:47:31 Finished transferring output files
...
012 (7944174.332.000) 07/08 17:47:31 Job was held.
	Job held by ON_EXIT_HOLD due to exit code 1.
	Code 3 Subcode 0
...
013 (7944174.332.000) 07/08 17:58:12 Job was released.
	The job attribute PeriodicRelease expression '(NumJobStarts < 3) && ((CurrentTime - EnteredCurrentStatus) > 10 * 60)' evaluated to TRUE
...
040 (7944174.332.000) 07/08 18:07:47 Started transferring input files
	Transferring to host: <188.185.213.148:9618?addrs=188.185.213.148-9618+[2001-1458-303-1b--100-10]-9618&alias=b9p28p0002.cern.ch&noUDP&sock=slot1_22_8480_ad52_49064>
...
040 (7944174.332.000) 07/08 18:07:48 Finished transferring input files
...
001 (7944174.332.000) 07/08 18:07:48 Job executing on host: <188.185.213.148:9618?addrs=188.185.213.148-9618+[2001-1458-303-1b--100-10]-9618&alias=b9p28p0002.cern.ch&noUDP&sock=startd_8427_ccaf>
	SlotName: slot1_22@b9p28p0002.cern.ch
	CondorScratchDir = "/pool/condor/dir_1188889"
	Cpus = 1
	Disk = 10015912
	GPUs = 0
	Memory = 3000
...
006 (7944174.332.000) 07/08 18:07:57 Image size of job updated: 225000
	70  -  MemoryUsage of job (MB)
	70708  -  ResidentSetSize of job (KB)
...
006 (7944174.332.000) 07/08 18:08:17 Image size of job updated: 408064
	399  -  MemoryUsage of job (MB)
	408064  -  ResidentSetSize of job (KB)
...
040 (7944174.332.000) 07/08 18:08:17 Started transferring output files
...
040 (7944174.332.000) 07/08 18:08:17 Finished transferring output files
...
012 (7944174.332.000) 07/08 18:08:17 Job was held.
	Job held by ON_EXIT_HOLD due to exit code 1.
	Code 3 Subcode 0
...
