000 (7944174.333.000) 07/08 17:29:05 Job submitted from host: <188.185.16.120:9618?addrs=188.185.16.120-9618+[2001-1458-d00-65--100-39b]-9618&alias=bigbird27.cern.ch&noUDP&sock=schedd_4465_3274>
...
040 (7944174.333.000) 07/08 17:32:59 Started transferring input files
	Transferring to host: <188.185.215.138:9618?addrs=188.185.215.138-9618+[2001-1458-303-26--100-6]-9618&alias=b9p18p7005.cern.ch&noUDP&sock=slot1_36_9083_8b8a_35875>
...
040 (7944174.333.000) 07/08 17:32:59 Finished transferring input files
...
001 (7944174.333.000) 07/08 17:32:59 Job executing on host: <188.185.215.138:9618?addrs=188.185.215.138-9618+[2001-1458-303-26--100-6]-9618&alias=b9p18p7005.cern.ch&noUDP&sock=startd_8918_95af>
	SlotName: slot1_36@b9p18p7005.cern.ch
	CondorScratchDir = "/pool/condor/dir_2142562"
	Cpus = 1
	Disk = 10074031
	GPUs = 0
	Memory = 3000
...
006 (7944174.333.000) 07/08 17:33:08 Image size of job updated: 62704
	62  -  MemoryUsage of job (MB)
	62704  -  ResidentSetSize of job (KB)
...
006 (7944174.333.000) 07/08 17:33:29 Image size of job updated: 423824
	414  -  MemoryUsage of job (MB)
	423824  -  ResidentSetSize of job (KB)
...
040 (7944174.333.000) 07/08 17:33:30 Started transferring output files
...
040 (7944174.333.000) 07/08 17:33:30 Finished transferring output files
...
012 (7944174.333.000) 07/08 17:33:30 Job was held.
	Job held by ON_EXIT_HOLD due to exit code 1.
	Code 3 Subcode 0
...
013 (7944174.333.000) 07/08 17:43:33 Job was released.
	The job attribute PeriodicRelease expression '(NumJobStarts < 3) && ((CurrentTime - EnteredCurrentStatus) > 10 * 60)' evaluated to TRUE
...
040 (7944174.333.000) 07/08 17:45:18 Started transferring input files
	Transferring to host: <188.185.213.9:9618?addrs=188.185.213.9-9618+[2001-1458-303-1a--100-5]-9618&alias=b9p27p1480.cern.ch&noUDP&sock=slot1_11_2640622_d4ad_23831>
...
040 (7944174.333.000) 07/08 17:45:19 Finished transferring input files
...
001 (7944174.333.000) 07/08 17:45:19 Job executing on host: <188.185.213.9:9618?addrs=188.185.213.9-9618+[2001-1458-303-1a--100-5]-9618&alias=b9p27p1480.cern.ch&noUDP&sock=startd_2640563_29f3>
	SlotName: slot1_11@b9p27p1480.cern.ch
	CondorScratchDir = "/pool/condor/dir_1547121"
	Cpus = 1
	Disk = 10003581
	GPUs = 0
	Memory = 3000
...
040 (7944174.333.000) 07/08 17:45:48 Started transferring output files
...
040 (7944174.333.000) 07/08 17:45:48 Finished transferring output files
...
012 (7944174.333.000) 07/08 17:45:48 Job was held.
	Job held by ON_EXIT_HOLD due to exit code 1.
	Code 3 Subcode 0
...
013 (7944174.333.000) 07/08 17:58:12 Job was released.
	The job attribute PeriodicRelease expression '(NumJobStarts < 3) && ((CurrentTime - EnteredCurrentStatus) > 10 * 60)' evaluated to TRUE
...
040 (7944174.333.000) 07/08 18:07:49 Started transferring input files
	Transferring to host: <188.185.213.223:9618?addrs=188.185.213.223-9618+[2001-1458-303-1b--100-5b]-9618&alias=b9p28p1071.cern.ch&noUDP&sock=slot1_15_6536_f403_49510>
...
040 (7944174.333.000) 07/08 18:07:50 Finished transferring input files
...
001 (7944174.333.000) 07/08 18:07:50 Job executing on host: <188.185.213.223:9618?addrs=188.185.213.223-9618+[2001-1458-303-1b--100-5b]-9618&alias=b9p28p1071.cern.ch&noUDP&sock=startd_6076_3587>
	SlotName: slot1_15@b9p28p1071.cern.ch
	CondorScratchDir = "/pool/condor/dir_1483524"
	Cpus = 1
	Disk = 10004326
	GPUs = 0
	Memory = 3000
...
006 (7944174.333.000) 07/08 18:08:33 Image size of job updated: 426040
	417  -  MemoryUsage of job (MB)
	426040  -  ResidentSetSize of job (KB)
...
040 (7944174.333.000) 07/08 18:08:33 Started transferring output files
...
040 (7944174.333.000) 07/08 18:08:33 Finished transferring output files
...
012 (7944174.333.000) 07/08 18:08:33 Job was held.
	Job held by ON_EXIT_HOLD due to exit code 1.
	Code 3 Subcode 0
...
