000 (7944174.334.000) 07/08 17:29:05 Job submitted from host: <188.185.16.120:9618?addrs=188.185.16.120-9618+[2001-1458-d00-65--100-39b]-9618&alias=bigbird27.cern.ch&noUDP&sock=schedd_4465_3274>
...
040 (7944174.334.000) 07/08 17:34:58 Started transferring input files
	Transferring to host: <128.142.192.173:9618?addrs=128.142.192.173-9618+[2001-1458-301-56--100-29]-9618&alias=b9g18p5800.cern.ch&noUDP&sock=slot1_8_3597_296b_1002>
...
040 (7944174.334.000) 07/08 17:34:59 Finished transferring input files
...
001 (7944174.334.000) 07/08 17:34:59 Job executing on host: <128.142.192.173:9618?addrs=128.142.192.173-9618+[2001-1458-301-56--100-29]-9618&alias=b9g18p5800.cern.ch&noUDP&sock=startd_3330_ae76>
	SlotName: slot1_8@b9g18p5800.cern.ch
	CondorScratchDir = "/pool/condor/dir_3374401"
	Cpus = 1
	Disk = 11718453
	Memory = 3000
...
006 (7944174.334.000) 07/08 17:35:07 Image size of job updated: 227584
	211  -  MemoryUsage of job (MB)
	215528  -  ResidentSetSize of job (KB)
...
006 (7944174.334.000) 07/08 17:35:14 Image size of job updated: 409372
	211  -  MemoryUsage of job (MB)
	215864  -  ResidentSetSize of job (KB)
...
040 (7944174.334.000) 07/08 17:35:14 Started transferring output files
...
040 (7944174.334.000) 07/08 17:35:14 Finished transferring output files
...
012 (7944174.334.000) 07/08 17:35:14 Job was held.
	Job held by ON_EXIT_HOLD due to exit code 1.
	Code 3 Subcode 0
...
013 (7944174.334.000) 07/08 17:46:03 Job was released.
	The job attribute PeriodicRelease expression '(NumJobStarts < 3) && ((CurrentTime - EnteredCurrentStatus) > 10 * 60)' evaluated to TRUE
...
040 (7944174.334.000) 07/08 17:46:48 Started transferring input files
	Transferring to host: <188.185.193.160:9618?addrs=188.185.193.160-9618+[2001-1458-303-20--100-9c]-9618&alias=b9p19p5557.cern.ch&noUDP&sock=slot1_30_2493411_5d2b_21787>
...
040 (7944174.334.000) 07/08 17:46:49 Finished transferring input files
...
001 (7944174.334.000) 07/08 17:46:49 Job executing on host: <188.185.193.160:9618?addrs=188.185.193.160-9618+[2001-1458-303-20--100-9c]-9618&alias=b9p19p5557.cern.ch&noUDP&sock=startd_2493352_a98f>
	SlotName: slot1_30@b9p19p5557.cern.ch
	CondorScratchDir = "/pool/condor/dir_562621"
	Cpus = 1
	Disk = 10003167
	GPUs = 0
	Memory = 3000
...
040 (7944174.334.000) 07/08 17:47:26 Started transferring output files
...
040 (7944174.334.000) 07/08 17:47:26 Finished transferring output files
...
012 (7944174.334.000) 07/08 17:47:26 Job was held.
	Job held by ON_EXIT_HOLD due to exit code 1.
	Code 3 Subcode 0
...
013 (7944174.334.000) 07/08 17:58:12 Job was released.
	The job attribute PeriodicRelease expression '(NumJobStarts < 3) && ((CurrentTime - EnteredCurrentStatus) > 10 * 60)' evaluated to TRUE
...
040 (7944174.334.000) 07/08 18:07:47 Started transferring input files
	Transferring to host: <188.185.214.57:9618?addrs=188.185.214.57-9618+[2001-1458-303-1c--100-35]-9618&alias=b9p29p2773.cern.ch&noUDP&sock=slot1_20_1637338_7dcf_26196>
...
040 (7944174.334.000) 07/08 18:07:48 Finished transferring input files
...
001 (7944174.334.000) 07/08 18:07:48 Job executing on host: <188.185.214.57:9618?addrs=188.185.214.57-9618+[2001-1458-303-1c--100-35]-9618&alias=b9p29p2773.cern.ch&noUDP&sock=startd_1637158_cb23>
	SlotName: slot1_20@b9p29p2773.cern.ch
	CondorScratchDir = "/pool/condor/dir_2710946"
	Cpus = 1
	Disk = 10002952
	GPUs = 0
	Memory = 3000
...
040 (7944174.334.000) 07/08 18:08:04 Started transferring output files
...
040 (7944174.334.000) 07/08 18:08:04 Finished transferring output files
...
012 (7944174.334.000) 07/08 18:08:04 Job was held.
	Job held by ON_EXIT_HOLD due to exit code 1.
	Code 3 Subcode 0
...
