000 (7944174.335.000) 07/08 17:29:05 Job submitted from host: <188.185.16.120:9618?addrs=188.185.16.120-9618+[2001-1458-d00-65--100-39b]-9618&alias=bigbird27.cern.ch&noUDP&sock=schedd_4465_3274>
...
040 (7944174.335.000) 07/08 17:32:58 Started transferring input files
	Transferring to host: <188.185.212.44:9618?addrs=188.185.212.44-9618+[2001-1458-303-18--100-28]-9618&alias=b9p25p2071.cern.ch&noUDP&sock=slot1_7_2682926_d365_39244>
...
040 (7944174.335.000) 07/08 17:32:59 Finished transferring input files
...
001 (7944174.335.000) 07/08 17:32:59 Job executing on host: <188.185.212.44:9618?addrs=188.185.212.44-9618+[2001-1458-303-18--100-28]-9618&alias=b9p25p2071.cern.ch&noUDP&sock=startd_8347_ed1b>
	SlotName: slot1_7@b9p25p2071.cern.ch
	CondorScratchDir = "/pool/condor/dir_3879803"
	Cpus = 1
	Disk = 10002672
	GPUs = 0
	Memory = 3000
...
006 (7944174.335.000) 07/08 17:33:07 Image size of job updated: 56988
	56  -  MemoryUsage of job (MB)
	56988  -  ResidentSetSize of job (KB)
...
006 (7944174.335.000) 07/08 17:33:20 Image size of job updated: 408708
	400  -  MemoryUsage of job (MB)
	408708  -  ResidentSetSize of job (KB)
...
040 (7944174.335.000) 07/08 17:33:20 Started transferring output files
...
040 (7944174.335.000) 07/08 17:33:20 Finished transferring output files
...
012 (7944174.335.000) 07/08 17:33:20 Job was held.
	Job held by ON_EXIT_HOLD due to exit code 1.
	Code 3 Subcode 0
...
013 (7944174.335.000) 07/08 17:43:33 Job was released.
	The job attribute PeriodicRelease expression '(NumJobStarts < 3) && ((CurrentTime - EnteredCurrentStatus) > 10 * 60)' evaluated to TRUE
...
040 (7944174.335.000) 07/08 17:45:43 Started transferring input files
	Transferring to host: <188.185.195.125:9618?addrs=188.185.195.125-9618+[2001-1458-303-22--100-79]-9618&alias=b9p17p2448.cern.ch&noUDP&sock=slot1_7_6368_94fc_39145>
...
040 (7944174.335.000) 07/08 17:45:43 Finished transferring input files
...
001 (7944174.335.000) 07/08 17:45:43 Job executing on host: <188.185.195.125:9618?addrs=188.185.195.125-9618+[2001-1458-303-22--100-79]-9618&alias=b9p17p2448.cern.ch&noUDP&sock=startd_5404_45e2>
	SlotName: slot1_7@b9p17p2448.cern.ch
	CondorScratchDir = "/pool/condor/dir_2334269"
	Cpus = 1
	Disk = 10000656
	GPUs = 0
	Memory = 3000
...
040 (7944174.335.000) 07/08 17:45:58 Started transferring output files
...
040 (7944174.335.000) 07/08 17:45:58 Finished transferring output files
...
012 (7944174.335.000) 07/08 17:45:58 Job was held.
	Job held by ON_EXIT_HOLD due to exit code 1.
	Code 3 Subcode 0
...
013 (7944174.335.000) 07/08 17:58:12 Job was released.
	The job attribute PeriodicRelease expression '(NumJobStarts < 3) && ((CurrentTime - EnteredCurrentStatus) > 10 * 60)' evaluated to TRUE
...
040 (7944174.335.000) 07/08 18:07:47 Started transferring input files
	Transferring to host: <188.185.210.201:9618?addrs=188.185.210.201-9618+[2001-1458-303-15--100-45]-9618&alias=b9p22p5174.cern.ch&noUDP&sock=slot1_21_1159848_9736_26242>
...
040 (7944174.335.000) 07/08 18:07:48 Finished transferring input files
...
001 (7944174.335.000) 07/08 18:07:48 Job executing on host: <188.185.210.201:9618?addrs=188.185.210.201-9618+[2001-1458-303-15--100-45]-9618&alias=b9p22p5174.cern.ch&noUDP&sock=startd_1159764_37aa>
	SlotName: slot1_21@b9p22p5174.cern.ch
	CondorScratchDir = "/pool/condor/dir_2740354"
	Cpus = 1
	Disk = 10112450
	GPUs = 0
	Memory = 3000
...
006 (7944174.335.000) 07/08 18:08:09 Image size of job updated: 426556
	417  -  MemoryUsage of job (MB)
	426556  -  ResidentSetSize of job (KB)
...
040 (7944174.335.000) 07/08 18:08:09 Started transferring output files
...
040 (7944174.335.000) 07/08 18:08:09 Finished transferring output files
...
012 (7944174.335.000) 07/08 18:08:09 Job was held.
	Job held by ON_EXIT_HOLD due to exit code 1.
	Code 3 Subcode 0
...
