000 (7944174.337.000) 07/08 17:29:05 Job submitted from host: <188.185.16.120:9618?addrs=188.185.16.120-9618+[2001-1458-d00-65--100-39b]-9618&alias=bigbird27.cern.ch&noUDP&sock=schedd_4465_3274>
...
040 (7944174.337.000) 07/08 17:33:00 Started transferring input files
	Transferring to host: <128.142.161.78:9618?addrs=128.142.161.78-9618+[2001-1458-301-b8--100-c]-9618&alias=b9g03p7992.cern.ch&noUDP&sock=slot1_15_10642_006a_14085>
...
040 (7944174.337.000) 07/08 17:33:01 Finished transferring input files
...
001 (7944174.337.000) 07/08 17:33:01 Job executing on host: <128.142.161.78:9618?addrs=128.142.161.78-9618+[2001-1458-301-b8--100-c]-9618&alias=b9g03p7992.cern.ch&noUDP&sock=startd_9368_3f4d>
	SlotName: slot1_15@b9g03p7992.cern.ch
	CondorScratchDir = "/pool/condor/dir_3951135"
	Cpus = 1
	Disk = 10000760
	GPUs = 0
	Memory = 3000
...
006 (7944174.337.000) 07/08 17:33:14 Image size of job updated: 23060
	20  -  MemoryUsage of job (MB)
	20412  -  ResidentSetSize of job (KB)
...
006 (7944174.337.000) 07/08 17:33:40 Image size of job updated: 204352
	21  -  MemoryUsage of job (MB)
	21168  -  ResidentSetSize of job (KB)
...
040 (7944174.337.000) 07/08 17:33:40 Started transferring output files
...
040 (7944174.337.000) 07/08 17:33:40 Finished transferring output files
...
012 (7944174.337.000) 07/08 17:33:40 Job was held.
	Job held by ON_EXIT_HOLD due to exit code 1.
	Code 3 Subcode 0
...
013 (7944174.337.000) 07/08 17:46:03 Job was released.
	The job attribute PeriodicRelease expression '(NumJobStarts < 3) && ((CurrentTime - EnteredCurrentStatus) > 10 * 60)' evaluated to TRUE
...
040 (7944174.337.000) 07/08 17:46:49 Started transferring input files
	Transferring to host: <188.185.192.171:9618?addrs=188.185.192.171-9618+[2001-1458-303-1f--100-a7]-9618&alias=b9p13p8753.cern.ch&noUDP&sock=slot1_1_6852_9a90_40391>
...
040 (7944174.337.000) 07/08 17:46:50 Finished transferring input files
...
001 (7944174.337.000) 07/08 17:46:50 Job executing on host: <188.185.192.171:9618?addrs=188.185.192.171-9618+[2001-1458-303-1f--100-a7]-9618&alias=b9p13p8753.cern.ch&noUDP&sock=startd_5990_3862>
	SlotName: slot1_1@b9p13p8753.cern.ch
	CondorScratchDir = "/pool/condor/dir_1681823"
	Cpus = 1
	Disk = 10002721
	GPUs = 0
	Memory = 3000
...
006 (7944174.337.000) 07/08 17:47:04 Image size of job updated: 225000
	27  -  MemoryUsage of job (MB)
	27312  -  ResidentSetSize of job (KB)
...
006 (7944174.337.000) 07/08 17:47:25 Image size of job updated: 225000
	27  -  MemoryUsage of job (MB)
	27344  -  ResidentSetSize of job (KB)
...
040 (7944174.337.000) 07/08 17:47:25 Started transferring output files
...
040 (7944174.337.000) 07/08 17:47:25 Finished transferring output files
...
012 (7944174.337.000) 07/08 17:47:25 Job was held.
	Job held by ON_EXIT_HOLD due to exit code 1.
	Code 3 Subcode 0
...
013 (7944174.337.000) 07/08 17:58:12 Job was released.
	The job attribute PeriodicRelease expression '(NumJobStarts < 3) && ((CurrentTime - EnteredCurrentStatus) > 10 * 60)' evaluated to TRUE
...
040 (7944174.337.000) 07/08 18:07:49 Started transferring input files
	Transferring to host: <128.142.161.100:9618?addrs=128.142.161.100-9618+[2001-1458-301-b8--100-22]-9618&alias=b9g03p2461.cern.ch&noUDP&sock=slot1_15_11185_9820_27219>
...
040 (7944174.337.000) 07/08 18:07:50 Finished transferring input files
...
001 (7944174.337.000) 07/08 18:07:50 Job executing on host: <128.142.161.100:9618?addrs=128.142.161.100-9618+[2001-1458-301-b8--100-22]-9618&alias=b9g03p2461.cern.ch&noUDP&sock=startd_9904_e610>
	SlotName: slot1_15@b9g03p2461.cern.ch
	CondorScratchDir = "/pool/condor/dir_614830"
	Cpus = 1
	Disk = 10004711
	GPUs = 0
	Memory = 3000
...
040 (7944174.337.000) 07/08 18:08:33 Started transferring output files
...
040 (7944174.337.000) 07/08 18:08:33 Finished transferring output files
...
012 (7944174.337.000) 07/08 18:08:33 Job was held.
	Job held by ON_EXIT_HOLD due to exit code 1.
	Code 3 Subcode 0
...
