000 (7944174.339.000) 07/08 17:29:05 Job submitted from host: <188.185.16.120:9618?addrs=188.185.16.120-9618+[2001-1458-d00-65--100-39b]-9618&alias=bigbird27.cern.ch&noUDP&sock=schedd_4465_3274>
...
040 (7944174.339.000) 07/08 17:33:00 Started transferring input files
	Transferring to host: <188.185.193.69:9618?addrs=188.185.193.69-9618+[2001-1458-303-20--100-41]-9618&alias=b9p19p6242.cern.ch&noUDP&sock=slot1_11_8626_8c18_23556>
...
040 (7944174.339.000) 07/08 17:33:00 Finished transferring input files
...
001 (7944174.339.000) 07/08 17:33:00 Job executing on host: <188.185.193.69:9618?addrs=188.185.193.69-9618+[2001-1458-303-20--100-41]-9618&alias=b9p19p6242.cern.ch&noUDP&sock=startd_7476_7e1e>
	SlotName: slot1_11@b9p19p6242.cern.ch
	CondorScratchDir = "/pool/condor/dir_4158577"
	Cpus = 1
	Disk = 10002236
	GPUs = 0
	Memory = 3000
...
006 (7944174.339.000) 07/08 17:33:14 Image size of job updated: 27668
	23  -  MemoryUsage of job (MB)
	23284  -  ResidentSetSize of job (KB)
...
006 (7944174.339.000) 07/08 17:33:25 Image size of job updated: 167608
	23  -  MemoryUsage of job (MB)
	23284  -  ResidentSetSize of job (KB)
...
040 (7944174.339.000) 07/08 17:33:25 Started transferring output files
...
040 (7944174.339.000) 07/08 17:33:25 Finished transferring output files
...
012 (7944174.339.000) 07/08 17:33:25 Job was held.
	Job held by ON_EXIT_HOLD due to exit code 1.
	Code 3 Subcode 0
...
013 (7944174.339.000) 07/08 17:43:33 Job was released.
	The job attribute PeriodicRelease expression '(NumJobStarts < 3) && ((CurrentTime - EnteredCurrentStatus) > 10 * 60)' evaluated to TRUE
...
040 (7944174.339.000) 07/08 17:45:40 Started transferring input files
	Transferring to host: <188.185.210.68:9618?addrs=188.185.210.68-9618+[2001-1458-303-1--100-40]-9618&alias=b9p21p7125.cern.ch&noUDP&sock=slot1_22_6241_1957_41694>
...
040 (7944174.339.000) 07/08 17:45:41 Finished transferring input files
...
001 (7944174.339.000) 07/08 17:45:41 Job executing on host: <188.185.210.68:9618?addrs=188.185.210.68-9618+[2001-1458-303-1--100-40]-9618&alias=b9p21p7125.cern.ch&noUDP&sock=startd_5620_6e57>
	SlotName: slot1_22@b9p21p7125.cern.ch
	CondorScratchDir = "/pool/condor/dir_98280"
	Cpus = 1
	Disk = 10008113
	GPUs = 0
	Memory = 3000
...
006 (7944174.339.000) 07/08 17:45:49 Image size of job updated: 175000
	35  -  MemoryUsage of job (MB)
	35280  -  ResidentSetSize of job (KB)
...
006 (7944174.339.000) 07/08 17:45:56 Image size of job updated: 175000
	36  -  MemoryUsage of job (MB)
	36452  -  ResidentSetSize of job (KB)
...
040 (7944174.339.000) 07/08 17:45:56 Started transferring output files
...
040 (7944174.339.000) 07/08 17:45:56 Finished transferring output files
...
012 (7944174.339.000) 07/08 17:45:57 Job was held.
	Job held by ON_EXIT_HOLD due to exit code 1.
	Code 3 Subcode 0
...
013 (7944174.339.000) 07/08 17:58:12 Job was released.
	The job attribute PeriodicRelease expression '(NumJobStarts < 3) && ((CurrentTime - EnteredCurrentStatus) > 10 * 60)' evaluated to TRUE
...
040 (7944174.339.000) 07/08 18:07:50 Started transferring input files
	Transferring to host: <128.142.161.145:9618?addrs=128.142.161.145-9618+[2001-1458-301-b9--100-e]-9618&alias=b9g03p7833.cern.ch&noUDP&sock=slot1_15_712096_cd16_10966>
...
040 (7944174.339.000) 07/08 18:07:51 Finished transferring input files
...
001 (7944174.339.000) 07/08 18:07:51 Job executing on host: <128.142.161.145:9618?addrs=128.142.161.145-9618+[2001-1458-301-b9--100-e]-9618&alias=b9g03p7833.cern.ch&noUDP&sock=startd_4150_221f>
	SlotName: slot1_15@b9g03p7833.cern.ch
	CondorScratchDir = "/pool/condor/dir_1814725"
	Cpus = 1
	Disk = 10004072
	GPUs = 0
	Memory = 3000
...
006 (7944174.339.000) 07/08 18:08:26 Image size of job updated: 185496
	37  -  MemoryUsage of job (MB)
	37500  -  ResidentSetSize of job (KB)
...
040 (7944174.339.000) 07/08 18:08:26 Started transferring output files
...
040 (7944174.339.000) 07/08 18:08:26 Finished transferring output files
...
012 (7944174.339.000) 07/08 18:08:26 Job was held.
	Job held by ON_EXIT_HOLD due to exit code 1.
	Code 3 Subcode 0
...
