000 (7944174.034.000) 07/08 17:29:04 Job submitted from host: <188.185.16.120:9618?addrs=188.185.16.120-9618+[2001-1458-d00-65--100-39b]-9618&alias=bigbird27.cern.ch&noUDP&sock=schedd_4465_3274>
...
040 (7944174.034.000) 07/08 17:31:21 Started transferring input files
	Transferring to host: <188.185.194.132:9618?addrs=188.185.194.132-9618+[2001-1458-303-21--100-80]-9618&alias=b9p20p1262.cern.ch&noUDP&sock=slot1_14_4737_651a_23490>
...
040 (7944174.034.000) 07/08 17:31:21 Finished transferring input files
...
001 (7944174.034.000) 07/08 17:31:21 Job executing on host: <188.185.194.132:9618?addrs=188.185.194.132-9618+[2001-1458-303-21--100-80]-9618&alias=b9p20p1262.cern.ch&noUDP&sock=startd_4011_ca75>
	SlotName: slot1_14@b9p20p1262.cern.ch
	CondorScratchDir = "/pool/condor/dir_276146"
	Cpus = 1
	Disk = 10001403
	GPUs = 0
	Memory = 3000
...
006 (7944174.034.000) 07/08 17:31:35 Image size of job updated: 30556
	30  -  MemoryUsage of job (MB)
	30556  -  ResidentSetSize of job (KB)
...
006 (7944174.034.000) 07/08 17:32:43 Image size of job updated: 211696
	32  -  MemoryUsage of job (MB)
	31872  -  ResidentSetSize of job (KB)
...
040 (7944174.034.000) 07/08 17:32:43 Started transferring output files
...
040 (7944174.034.000) 07/08 17:32:43 Finished transferring output files
...
012 (7944174.034.000) 07/08 17:32:45 Job was held.
	Job held by ON_EXIT_HOLD due to exit code 1.
	Code 3 Subcode 0
...
013 (7944174.034.000) 07/08 17:43:32 Job was released.
	The job attribute PeriodicRelease expression '(NumJobStarts < 3) && ((CurrentTime - EnteredCurrentStatus) > 10 * 60)' evaluated to TRUE
...
040 (7944174.034.000) 07/08 17:44:05 Started transferring input files
	Transferring to host: <128.142.248.240:9618?addrs=128.142.248.240-9618+[2001-1458-301-73--100-ef]-9618&alias=b9g23p3798.cern.ch&noUDP&sock=slot1_7_6929_db73_46688>
...
040 (7944174.034.000) 07/08 17:44:06 Finished transferring input files
...
001 (7944174.034.000) 07/08 17:44:06 Job executing on host: <128.142.248.240:9618?addrs=128.142.248.240-9618+[2001-1458-301-73--100-ef]-9618&alias=b9g23p3798.cern.ch&noUDP&sock=startd_6200_4345>
	SlotName: slot1_7@b9g23p3798.cern.ch
	CondorScratchDir = "/pool/condor/dir_448980"
	Cpus = 1
	Disk = 10003366
	GPUs = 0
	Memory = 3000
...
006 (7944174.034.000) 07/08 17:44:20 Image size of job updated: 225000
	38  -  MemoryUsage of job (MB)
	38716  -  ResidentSetSize of job (KB)
...
006 (7944174.034.000) 07/08 17:44:27 Image size of job updated: 225000
	45  -  MemoryUsage of job (MB)
	45140  -  ResidentSetSize of job (KB)
...
040 (7944174.034.000) 07/08 17:44:27 Started transferring output files
...
040 (7944174.034.000) 07/08 17:44:27 Finished transferring output files
...
012 (7944174.034.000) 07/08 17:44:28 Job was held.
	Job held by ON_EXIT_HOLD due to exit code 1.
	Code 3 Subcode 0
...
013 (7944174.034.000) 07/08 17:55:47 Job was released.
	The job attribute PeriodicRelease expression '(NumJobStarts < 3) && ((CurrentTime - EnteredCurrentStatus) > 10 * 60)' evaluated to TRUE
...
040 (7944174.034.000) 07/08 17:57:32 Started transferring input files
	Transferring to host: <188.185.194.137:9618?addrs=188.185.194.137-9618+[2001-1458-303-21--100-85]-9618&alias=b9p20p1306.cern.ch&noUDP&sock=slot1_37_2377982_30f5_22170>
...
040 (7944174.034.000) 07/08 17:57:32 Finished transferring input files
...
001 (7944174.034.000) 07/08 17:57:32 Job executing on host: <188.185.194.137:9618?addrs=188.185.194.137-9618+[2001-1458-303-21--100-85]-9618&alias=b9p20p1306.cern.ch&noUDP&sock=startd_2377938_4211>
	SlotName: slot1_37@b9p20p1306.cern.ch
	CondorScratchDir = "/pool/condor/dir_1854971"
	Cpus = 1
	Disk = 10002469
	GPUs = 0
	Memory = 3000
...
040 (7944174.034.000) 07/08 17:58:04 Started transferring output files
...
040 (7944174.034.000) 07/08 17:58:04 Finished transferring output files
...
012 (7944174.034.000) 07/08 17:58:04 Job was held.
	Job held by ON_EXIT_HOLD due to exit code 1.
	Code 3 Subcode 0
...
