000 (7944174.342.000) 07/08 17:29:05 Job submitted from host: <188.185.16.120:9618?addrs=188.185.16.120-9618+[2001-1458-d00-65--100-39b]-9618&alias=bigbird27.cern.ch&noUDP&sock=schedd_4465_3274>
...
040 (7944174.342.000) 07/08 17:33:02 Started transferring input files
	Transferring to host: <188.185.209.98:9618?addrs=188.185.209.98-9618+[2001-1458-303-11--100-5f]-9618&alias=b9p11p6140.cern.ch&noUDP&sock=slot1_11_9059_a289_33673>
...
040 (7944174.342.000) 07/08 17:33:03 Finished transferring input files
...
001 (7944174.342.000) 07/08 17:33:03 Job executing on host: <188.185.209.98:9618?addrs=188.185.209.98-9618+[2001-1458-303-11--100-5f]-9618&alias=b9p11p6140.cern.ch&noUDP&sock=startd_9009_00cd>
	SlotName: slot1_11@b9p11p6140.cern.ch
	CondorScratchDir = "/pool/condor/dir_2115884"
	Cpus = 1
	Disk = 10014144
	GPUs = 0
	Memory = 3000
...
006 (7944174.342.000) 07/08 17:33:16 Image size of job updated: 27528
	27  -  MemoryUsage of job (MB)
	27528  -  ResidentSetSize of job (KB)
...
006 (7944174.342.000) 07/08 17:33:30 Image size of job updated: 211388
	27  -  MemoryUsage of job (MB)
	27528  -  ResidentSetSize of job (KB)
...
040 (7944174.342.000) 07/08 17:33:30 Started transferring output files
...
040 (7944174.342.000) 07/08 17:33:30 Finished transferring output files
...
012 (7944174.342.000) 07/08 17:33:30 Job was held.
	Job held by ON_EXIT_HOLD due to exit code 1.
	Code 3 Subcode 0
...
013 (7944174.342.000) 07/08 17:43:33 Job was released.
	The job attribute PeriodicRelease expression '(NumJobStarts < 3) && ((CurrentTime - EnteredCurrentStatus) > 10 * 60)' evaluated to TRUE
...
040 (7944174.342.000) 07/08 17:45:20 Started transferring input files
	Transferring to host: <188.185.192.147:9618?addrs=188.185.192.147-9618+[2001-1458-303-1f--100-8f]-9618&alias=b9p13p9939.cern.ch&noUDP&sock=slot1_1_243439_8c44_20917>
...
040 (7944174.342.000) 07/08 17:45:20 Finished transferring input files
...
001 (7944174.342.000) 07/08 17:45:20 Job executing on host: <188.185.192.147:9618?addrs=188.185.192.147-9618+[2001-1458-303-1f--100-8f]-9618&alias=b9p13p9939.cern.ch&noUDP&sock=startd_5312_2b2c>
	SlotName: slot1_1@b9p13p9939.cern.ch
	CondorScratchDir = "/pool/condor/dir_639370"
	Cpus = 1
	Disk = 10002117
	GPUs = 0
	Memory = 3000
...
040 (7944174.342.000) 07/08 17:45:50 Started transferring output files
...
040 (7944174.342.000) 07/08 17:45:50 Finished transferring output files
...
012 (7944174.342.000) 07/08 17:45:50 Job was held.
	Job held by ON_EXIT_HOLD due to exit code 1.
	Code 3 Subcode 0
...
013 (7944174.342.000) 07/08 17:58:12 Job was released.
	The job attribute PeriodicRelease expression '(NumJobStarts < 3) && ((CurrentTime - EnteredCurrentStatus) > 10 * 60)' evaluated to TRUE
...
040 (7944174.342.000) 07/08 18:15:11 Started transferring input files
	Transferring to host: <188.185.213.220:9618?addrs=188.185.213.220-9618+[2001-1458-303-1b--100-58]-9618&alias=b9p28p1121.cern.ch&noUDP&sock=slot1_9_8398_e68f_48094>
...
040 (7944174.342.000) 07/08 18:15:11 Finished transferring input files
...
001 (7944174.342.000) 07/08 18:15:12 Job executing on host: <188.185.213.220:9618?addrs=188.185.213.220-9618+[2001-1458-303-1b--100-58]-9618&alias=b9p28p1121.cern.ch&noUDP&sock=startd_8333_52c8>
	SlotName: slot1_9@b9p28p1121.cern.ch
	CondorScratchDir = "/pool/condor/dir_1866000"
	Cpus = 1
	Disk = 10013122
	GPUs = 0
	Memory = 3000
...
006 (7944174.342.000) 07/08 18:15:20 Image size of job updated: 225000
	107  -  MemoryUsage of job (MB)
	109400  -  ResidentSetSize of job (KB)
...
006 (7944174.342.000) 07/08 18:15:25 Image size of job updated: 225000
	110  -  MemoryUsage of job (MB)
	111776  -  ResidentSetSize of job (KB)
...
040 (7944174.342.000) 07/08 18:15:25 Started transferring output files
...
040 (7944174.342.000) 07/08 18:15:25 Finished transferring output files
...
012 (7944174.342.000) 07/08 18:15:25 Job was held.
	Job held by ON_EXIT_HOLD due to exit code 1.
	Code 3 Subcode 0
...
