000 (7944174.343.000) 07/08 17:29:05 Job submitted from host: <188.185.16.120:9618?addrs=188.185.16.120-9618+[2001-1458-d00-65--100-39b]-9618&alias=bigbird27.cern.ch&noUDP&sock=schedd_4465_3274>
...
040 (7944174.343.000) 07/08 17:34:59 Started transferring input files
	Transferring to host: <188.185.210.198:9618?addrs=188.185.210.198-9618+[2001-1458-303-15--100-42]-9618&alias=b9p22p0443.cern.ch&noUDP&sock=slot1_1_7940_32bc_42127>
...
040 (7944174.343.000) 07/08 17:34:59 Finished transferring input files
...
001 (7944174.343.000) 07/08 17:34:59 Job executing on host: <188.185.210.198:9618?addrs=188.185.210.198-9618+[2001-1458-303-15--100-42]-9618&alias=b9p22p0443.cern.ch&noUDP&sock=startd_7418_b5a0>
	SlotName: slot1_1@b9p22p0443.cern.ch
	CondorScratchDir = "/pool/condor/dir_2313159"
	Cpus = 1
	Disk = 10044801
	GPUs = 0
	Memory = 3000
...
006 (7944174.343.000) 07/08 17:35:08 Image size of job updated: 43756
	43  -  MemoryUsage of job (MB)
	43756  -  ResidentSetSize of job (KB)
...
006 (7944174.343.000) 07/08 17:35:14 Image size of job updated: 43756
	44  -  MemoryUsage of job (MB)
	44524  -  ResidentSetSize of job (KB)
...
040 (7944174.343.000) 07/08 17:35:14 Started transferring output files
...
040 (7944174.343.000) 07/08 17:35:14 Finished transferring output files
...
012 (7944174.343.000) 07/08 17:35:15 Job was held.
	Job held by ON_EXIT_HOLD due to exit code 1.
	Code 3 Subcode 0
...
013 (7944174.343.000) 07/08 17:46:03 Job was released.
	The job attribute PeriodicRelease expression '(NumJobStarts < 3) && ((CurrentTime - EnteredCurrentStatus) > 10 * 60)' evaluated to TRUE
...
040 (7944174.343.000) 07/08 17:46:50 Started transferring input files
	Transferring to host: <128.142.248.217:9618?addrs=128.142.248.217-9618+[2001-1458-301-73--100-d8]-9618&alias=b9g23p8981.cern.ch&noUDP&sock=slot1_18_2286025_2a7a_59766>
...
040 (7944174.343.000) 07/08 17:46:51 Finished transferring input files
...
001 (7944174.343.000) 07/08 17:46:51 Job executing on host: <128.142.248.217:9618?addrs=128.142.248.217-9618+[2001-1458-301-73--100-d8]-9618&alias=b9g23p8981.cern.ch&noUDP&sock=startd_6784_d694>
	SlotName: slot1_18@b9g23p8981.cern.ch
	CondorScratchDir = "/pool/condor/dir_1841789"
	Cpus = 1
	Disk = 10005080
	GPUs = 0
	Memory = 3000
...
006 (7944174.343.000) 07/08 17:47:25 Image size of job updated: 190152
	44  -  MemoryUsage of job (MB)
	45000  -  ResidentSetSize of job (KB)
...
040 (7944174.343.000) 07/08 17:47:25 Started transferring output files
...
040 (7944174.343.000) 07/08 17:47:25 Finished transferring output files
...
012 (7944174.343.000) 07/08 17:47:25 Job was held.
	Job held by ON_EXIT_HOLD due to exit code 1.
	Code 3 Subcode 0
...
013 (7944174.343.000) 07/08 17:58:12 Job was released.
	The job attribute PeriodicRelease expression '(NumJobStarts < 3) && ((CurrentTime - EnteredCurrentStatus) > 10 * 60)' evaluated to TRUE
...
040 (7944174.343.000) 07/08 18:07:51 Started transferring input files
	Transferring to host: <188.185.210.184:9618?addrs=188.185.210.184-9618+[2001-1458-303-15--100-34]-9618&alias=b9p22p5620.cern.ch&noUDP&sock=slot1_10_7851_7d58_48000>
...
040 (7944174.343.000) 07/08 18:07:52 Finished transferring input files
...
001 (7944174.343.000) 07/08 18:07:52 Job executing on host: <188.185.210.184:9618?addrs=188.185.210.184-9618+[2001-1458-303-15--100-34]-9618&alias=b9p22p5620.cern.ch&noUDP&sock=startd_7292_48b1>
	SlotName: slot1_10@b9p22p5620.cern.ch
	CondorScratchDir = "/pool/condor/dir_3809119"
	Cpus = 1
	Disk = 10021155
	GPUs = 0
	Memory = 3000
...
006 (7944174.343.000) 07/08 18:08:00 Image size of job updated: 200000
	48  -  MemoryUsage of job (MB)
	48640  -  ResidentSetSize of job (KB)
...
006 (7944174.343.000) 07/08 18:08:25 Image size of job updated: 424860
	415  -  MemoryUsage of job (MB)
	424860  -  ResidentSetSize of job (KB)
...
040 (7944174.343.000) 07/08 18:08:25 Started transferring output files
...
040 (7944174.343.000) 07/08 18:08:25 Finished transferring output files
...
012 (7944174.343.000) 07/08 18:08:25 Job was held.
	Job held by ON_EXIT_HOLD due to exit code 1.
	Code 3 Subcode 0
...
