000 (7944174.344.000) 07/08 17:29:05 Job submitted from host: <188.185.16.120:9618?addrs=188.185.16.120-9618+[2001-1458-d00-65--100-39b]-9618&alias=bigbird27.cern.ch&noUDP&sock=schedd_4465_3274>
...
040 (7944174.344.000) 07/08 17:33:02 Started transferring input files
	Transferring to host: <188.185.214.93:9618?addrs=188.185.214.93-9618+[2001-1458-303-1c--100-59]-9618&alias=b9p29p1911.cern.ch&noUDP&sock=slot1_23_2151909_4fac_24081>
...
040 (7944174.344.000) 07/08 17:33:03 Finished transferring input files
...
001 (7944174.344.000) 07/08 17:33:03 Job executing on host: <188.185.214.93:9618?addrs=188.185.214.93-9618+[2001-1458-303-1c--100-59]-9618&alias=b9p29p1911.cern.ch&noUDP&sock=startd_2151771_8201>
	SlotName: slot1_23@b9p29p1911.cern.ch
	CondorScratchDir = "/pool/condor/dir_3833787"
	Cpus = 1
	Disk = 10018228
	GPUs = 0
	Memory = 3000
...
006 (7944174.344.000) 07/08 17:33:11 Image size of job updated: 54676
	54  -  MemoryUsage of job (MB)
	54676  -  ResidentSetSize of job (KB)
...
006 (7944174.344.000) 07/08 17:33:29 Image size of job updated: 408868
	400  -  MemoryUsage of job (MB)
	408868  -  ResidentSetSize of job (KB)
...
040 (7944174.344.000) 07/08 17:33:30 Started transferring output files
...
040 (7944174.344.000) 07/08 17:33:30 Finished transferring output files
...
012 (7944174.344.000) 07/08 17:33:30 Job was held.
	Job held by ON_EXIT_HOLD due to exit code 1.
	Code 3 Subcode 0
...
013 (7944174.344.000) 07/08 17:43:33 Job was released.
	The job attribute PeriodicRelease expression '(NumJobStarts < 3) && ((CurrentTime - EnteredCurrentStatus) > 10 * 60)' evaluated to TRUE
...
040 (7944174.344.000) 07/08 17:45:20 Started transferring input files
	Transferring to host: <188.185.207.140:9618?addrs=188.185.207.140-9618+[2001-1458-303-e--100-9]-9618&alias=b9p08p7307.cern.ch&noUDP&sock=slot1_14_9014_eda8_33474>
...
040 (7944174.344.000) 07/08 17:45:21 Finished transferring input files
...
001 (7944174.344.000) 07/08 17:45:21 Job executing on host: <188.185.207.140:9618?addrs=188.185.207.140-9618+[2001-1458-303-e--100-9]-9618&alias=b9p08p7307.cern.ch&noUDP&sock=startd_8928_71a1>
	SlotName: slot1_14@b9p08p7307.cern.ch
	CondorScratchDir = "/pool/condor/dir_3714829"
	Cpus = 1
	Disk = 10000247
	GPUs = 0
	Memory = 3000
...
040 (7944174.344.000) 07/08 17:45:54 Started transferring output files
...
040 (7944174.344.000) 07/08 17:45:54 Finished transferring output files
...
012 (7944174.344.000) 07/08 17:45:54 Job was held.
	Job held by ON_EXIT_HOLD due to exit code 1.
	Code 3 Subcode 0
...
013 (7944174.344.000) 07/08 17:58:12 Job was released.
	The job attribute PeriodicRelease expression '(NumJobStarts < 3) && ((CurrentTime - EnteredCurrentStatus) > 10 * 60)' evaluated to TRUE
...
040 (7944174.344.000) 07/08 18:07:51 Started transferring input files
	Transferring to host: <188.185.214.83:9618?addrs=188.185.214.83-9618+[2001-1458-303-1c--100-4f]-9618&alias=b9p29p0726.cern.ch&noUDP&sock=slot1_11_8409_a6af_47515>
...
040 (7944174.344.000) 07/08 18:07:52 Finished transferring input files
...
001 (7944174.344.000) 07/08 18:07:52 Job executing on host: <188.185.214.83:9618?addrs=188.185.214.83-9618+[2001-1458-303-1c--100-4f]-9618&alias=b9p29p0726.cern.ch&noUDP&sock=startd_8358_78a6>
	SlotName: slot1_11@b9p29p0726.cern.ch
	CondorScratchDir = "/pool/condor/dir_2199067"
	Cpus = 1
	Disk = 10001402
	GPUs = 0
	Memory = 3000
...
006 (7944174.344.000) 07/08 18:08:59 Image size of job updated: 425592
	416  -  MemoryUsage of job (MB)
	425592  -  ResidentSetSize of job (KB)
...
040 (7944174.344.000) 07/08 18:08:59 Started transferring output files
...
040 (7944174.344.000) 07/08 18:08:59 Finished transferring output files
...
012 (7944174.344.000) 07/08 18:09:00 Job was held.
	Job held by ON_EXIT_HOLD due to exit code 1.
	Code 3 Subcode 0
...
