000 (7944174.345.000) 07/08 17:29:05 Job submitted from host: <188.185.16.120:9618?addrs=188.185.16.120-9618+[2001-1458-d00-65--100-39b]-9618&alias=bigbird27.cern.ch&noUDP&sock=schedd_4465_3274>
...
040 (7944174.345.000) 07/08 17:34:24 Started transferring input files
	Transferring to host: <188.185.192.84:9618?addrs=188.185.192.84-9618+[2001-1458-303-1f--100-50]-9618&alias=b9p13p2781.cern.ch&noUDP&sock=slot1_8_8717_aa3c_42027>
...
040 (7944174.345.000) 07/08 17:34:25 Finished transferring input files
...
001 (7944174.345.000) 07/08 17:34:25 Job executing on host: <188.185.192.84:9618?addrs=188.185.192.84-9618+[2001-1458-303-1f--100-50]-9618&alias=b9p13p2781.cern.ch&noUDP&sock=startd_7809_e727>
	SlotName: slot1_8@b9p13p2781.cern.ch
	CondorScratchDir = "/pool/condor/dir_740827"
	Cpus = 1
	Disk = 10000670
	GPUs = 0
	Memory = 3000
...
006 (7944174.345.000) 07/08 17:34:38 Image size of job updated: 48056
	47  -  MemoryUsage of job (MB)
	48056  -  ResidentSetSize of job (KB)
...
006 (7944174.345.000) 07/08 17:34:44 Image size of job updated: 165208
	49  -  MemoryUsage of job (MB)
	49652  -  ResidentSetSize of job (KB)
...
040 (7944174.345.000) 07/08 17:34:44 Started transferring output files
...
040 (7944174.345.000) 07/08 17:34:44 Finished transferring output files
...
012 (7944174.345.000) 07/08 17:34:44 Job was held.
	Job held by ON_EXIT_HOLD due to exit code 1.
	Code 3 Subcode 0
...
013 (7944174.345.000) 07/08 17:46:03 Job was released.
	The job attribute PeriodicRelease expression '(NumJobStarts < 3) && ((CurrentTime - EnteredCurrentStatus) > 10 * 60)' evaluated to TRUE
...
040 (7944174.345.000) 07/08 17:46:51 Started transferring input files
	Transferring to host: <188.185.193.109:9618?addrs=188.185.193.109-9618+[2001-1458-303-20--100-69]-9618&alias=b9p19p8661.cern.ch&noUDP&sock=slot1_40_6120_d7f2_24080>
...
040 (7944174.345.000) 07/08 17:46:52 Finished transferring input files
...
001 (7944174.345.000) 07/08 17:46:52 Job executing on host: <188.185.193.109:9618?addrs=188.185.193.109-9618+[2001-1458-303-20--100-69]-9618&alias=b9p19p8661.cern.ch&noUDP&sock=startd_5743_cc7d>
	SlotName: slot1_40@b9p19p8661.cern.ch
	CondorScratchDir = "/pool/condor/dir_2815267"
	Cpus = 1
	Disk = 10003253
	GPUs = 0
	Memory = 3000
...
006 (7944174.345.000) 07/08 17:47:39 Image size of job updated: 203904
	49  -  MemoryUsage of job (MB)
	50000  -  ResidentSetSize of job (KB)
...
040 (7944174.345.000) 07/08 17:47:39 Started transferring output files
...
040 (7944174.345.000) 07/08 17:47:39 Finished transferring output files
...
012 (7944174.345.000) 07/08 17:47:39 Job was held.
	Job held by ON_EXIT_HOLD due to exit code 1.
	Code 3 Subcode 0
...
013 (7944174.345.000) 07/08 17:58:12 Job was released.
	The job attribute PeriodicRelease expression '(NumJobStarts < 3) && ((CurrentTime - EnteredCurrentStatus) > 10 * 60)' evaluated to TRUE
...
040 (7944174.345.000) 07/08 18:15:11 Started transferring input files
	Transferring to host: <188.185.214.57:9618?addrs=188.185.214.57-9618+[2001-1458-303-1c--100-35]-9618&alias=b9p29p2773.cern.ch&noUDP&sock=slot1_20_1637338_7dcf_26209>
...
040 (7944174.345.000) 07/08 18:15:11 Finished transferring input files
...
001 (7944174.345.000) 07/08 18:15:12 Job executing on host: <188.185.214.57:9618?addrs=188.185.214.57-9618+[2001-1458-303-1c--100-35]-9618&alias=b9p29p2773.cern.ch&noUDP&sock=startd_1637158_cb23>
	SlotName: slot1_20@b9p29p2773.cern.ch
	CondorScratchDir = "/pool/condor/dir_2736410"
	Cpus = 1
	Disk = 10003175
	GPUs = 0
	Memory = 3000
...
006 (7944174.345.000) 07/08 18:15:20 Image size of job updated: 225000
	106  -  MemoryUsage of job (MB)
	108508  -  ResidentSetSize of job (KB)
...
006 (7944174.345.000) 07/08 18:15:25 Image size of job updated: 225000
	107  -  MemoryUsage of job (MB)
	108856  -  ResidentSetSize of job (KB)
...
040 (7944174.345.000) 07/08 18:15:25 Started transferring output files
...
040 (7944174.345.000) 07/08 18:15:25 Finished transferring output files
...
012 (7944174.345.000) 07/08 18:15:25 Job was held.
	Job held by ON_EXIT_HOLD due to exit code 1.
	Code 3 Subcode 0
...
