000 (7944174.347.000) 07/08 17:29:05 Job submitted from host: <188.185.16.120:9618?addrs=188.185.16.120-9618+[2001-1458-d00-65--100-39b]-9618&alias=bigbird27.cern.ch&noUDP&sock=schedd_4465_3274>
...
040 (7944174.347.000) 07/08 17:35:16 Started transferring input files
	Transferring to host: <128.142.33.208:9618?addrs=128.142.33.208-9618+[2001-1458-301-39--100-d]-9618&alias=b9g24p0198.cern.ch&noUDP&sock=slot1_12_6072_05f0_92868>
...
040 (7944174.347.000) 07/08 17:35:17 Finished transferring input files
...
001 (7944174.347.000) 07/08 17:35:17 Job executing on host: <128.142.33.208:9618?addrs=128.142.33.208-9618+[2001-1458-301-39--100-d]-9618&alias=b9g24p0198.cern.ch&noUDP&sock=startd_4962_1906>
	SlotName: slot1_12@b9g24p0198.cern.ch
	CondorScratchDir = "/pool/condor/dir_3032350"
	Cpus = 1
	Disk = 10012815
	GPUs = 0
	Memory = 3000
...
006 (7944174.347.000) 07/08 17:35:25 Image size of job updated: 91592
	90  -  MemoryUsage of job (MB)
	91592  -  ResidentSetSize of job (KB)
...
006 (7944174.347.000) 07/08 17:35:31 Image size of job updated: 91592
	92  -  MemoryUsage of job (MB)
	93468  -  ResidentSetSize of job (KB)
...
040 (7944174.347.000) 07/08 17:35:31 Started transferring output files
...
040 (7944174.347.000) 07/08 17:35:31 Finished transferring output files
...
012 (7944174.347.000) 07/08 17:35:31 Job was held.
	Job held by ON_EXIT_HOLD due to exit code 1.
	Code 3 Subcode 0
...
013 (7944174.347.000) 07/08 17:46:03 Job was released.
	The job attribute PeriodicRelease expression '(NumJobStarts < 3) && ((CurrentTime - EnteredCurrentStatus) > 10 * 60)' evaluated to TRUE
...
040 (7944174.347.000) 07/08 17:46:51 Started transferring input files
	Transferring to host: <128.142.161.116:9618?addrs=128.142.161.116-9618+[2001-1458-301-b8--100-32]-9618&alias=b9g03p2624.cern.ch&noUDP&sock=slot1_6_6663_6fa8_15564>
...
040 (7944174.347.000) 07/08 17:46:52 Finished transferring input files
...
001 (7944174.347.000) 07/08 17:46:52 Job executing on host: <128.142.161.116:9618?addrs=128.142.161.116-9618+[2001-1458-301-b8--100-32]-9618&alias=b9g03p2624.cern.ch&noUDP&sock=startd_5075_9b3a>
	SlotName: slot1_6@b9g03p2624.cern.ch
	CondorScratchDir = "/pool/condor/dir_2664630"
	Cpus = 1
	Disk = 10003860
	GPUs = 0
	Memory = 3000
...
006 (7944174.347.000) 07/08 17:47:27 Image size of job updated: 189248
	98  -  MemoryUsage of job (MB)
	100000  -  ResidentSetSize of job (KB)
...
040 (7944174.347.000) 07/08 17:47:27 Started transferring output files
...
040 (7944174.347.000) 07/08 17:47:27 Finished transferring output files
...
012 (7944174.347.000) 07/08 17:47:27 Job was held.
	Job held by ON_EXIT_HOLD due to exit code 1.
	Code 3 Subcode 0
...
013 (7944174.347.000) 07/08 17:58:12 Job was released.
	The job attribute PeriodicRelease expression '(NumJobStarts < 3) && ((CurrentTime - EnteredCurrentStatus) > 10 * 60)' evaluated to TRUE
...
040 (7944174.347.000) 07/08 18:07:52 Started transferring input files
	Transferring to host: <188.185.214.9:9618?addrs=188.185.214.9-9618+[2001-1458-303-1c--100-5]-9618&alias=b9p29p0597.cern.ch&noUDP&sock=slot1_11_8371_e06d_48046>
...
040 (7944174.347.000) 07/08 18:07:53 Finished transferring input files
...
001 (7944174.347.000) 07/08 18:07:53 Job executing on host: <188.185.214.9:9618?addrs=188.185.214.9-9618+[2001-1458-303-1c--100-5]-9618&alias=b9p29p0597.cern.ch&noUDP&sock=startd_8315_fa13>
	SlotName: slot1_11@b9p29p0597.cern.ch
	CondorScratchDir = "/pool/condor/dir_3749381"
	Cpus = 1
	Disk = 10006520
	GPUs = 0
	Memory = 3000
...
006 (7944174.347.000) 07/08 18:08:23 Image size of job updated: 425980
	416  -  MemoryUsage of job (MB)
	425980  -  ResidentSetSize of job (KB)
...
040 (7944174.347.000) 07/08 18:08:23 Started transferring output files
...
040 (7944174.347.000) 07/08 18:08:23 Finished transferring output files
...
012 (7944174.347.000) 07/08 18:08:23 Job was held.
	Job held by ON_EXIT_HOLD due to exit code 1.
	Code 3 Subcode 0
...
