000 (7944174.349.000) 07/08 17:29:05 Job submitted from host: <188.185.16.120:9618?addrs=188.185.16.120-9618+[2001-1458-d00-65--100-39b]-9618&alias=bigbird27.cern.ch&noUDP&sock=schedd_4465_3274>
...
040 (7944174.349.000) 07/08 17:33:04 Started transferring input files
	Transferring to host: <188.185.192.66:9618?addrs=188.185.192.66-9618+[2001-1458-303-1f--100-3e]-9618&alias=b9p13p6504.cern.ch&noUDP&sock=slot1_17_8819_8880_38133>
...
040 (7944174.349.000) 07/08 17:33:04 Finished transferring input files
...
001 (7944174.349.000) 07/08 17:33:04 Job executing on host: <188.185.192.66:9618?addrs=188.185.192.66-9618+[2001-1458-303-1f--100-3e]-9618&alias=b9p13p6504.cern.ch&noUDP&sock=startd_8763_4481>
	SlotName: slot1_17@b9p13p6504.cern.ch
	CondorScratchDir = "/pool/condor/dir_1051243"
	Cpus = 1
	Disk = 10005315
	GPUs = 0
	Memory = 3000
...
006 (7944174.349.000) 07/08 17:33:13 Image size of job updated: 59188
	58  -  MemoryUsage of job (MB)
	59188  -  ResidentSetSize of job (KB)
...
006 (7944174.349.000) 07/08 17:33:33 Image size of job updated: 422940
	414  -  MemoryUsage of job (MB)
	422940  -  ResidentSetSize of job (KB)
...
040 (7944174.349.000) 07/08 17:33:33 Started transferring output files
...
040 (7944174.349.000) 07/08 17:33:33 Finished transferring output files
...
012 (7944174.349.000) 07/08 17:33:33 Job was held.
	Job held by ON_EXIT_HOLD due to exit code 1.
	Code 3 Subcode 0
...
013 (7944174.349.000) 07/08 17:46:03 Job was released.
	The job attribute PeriodicRelease expression '(NumJobStarts < 3) && ((CurrentTime - EnteredCurrentStatus) > 10 * 60)' evaluated to TRUE
...
040 (7944174.349.000) 07/08 17:47:45 Started transferring input files
	Transferring to host: <188.185.193.95:9618?addrs=188.185.193.95-9618+[2001-1458-303-20--100-5b]-9618&alias=b9p19p0505.cern.ch&noUDP&sock=slot1_32_6134_b533_24263>
...
040 (7944174.349.000) 07/08 17:47:45 Finished transferring input files
...
001 (7944174.349.000) 07/08 17:47:45 Job executing on host: <188.185.193.95:9618?addrs=188.185.193.95-9618+[2001-1458-303-20--100-5b]-9618&alias=b9p19p0505.cern.ch&noUDP&sock=startd_5793_183a>
	SlotName: slot1_32@b9p19p0505.cern.ch
	CondorScratchDir = "/pool/condor/dir_1289710"
	Cpus = 1
	Disk = 10002828
	GPUs = 0
	Memory = 3000
...
040 (7944174.349.000) 07/08 17:48:07 Started transferring output files
...
040 (7944174.349.000) 07/08 17:48:07 Finished transferring output files
...
012 (7944174.349.000) 07/08 17:48:07 Job was held.
	Job held by ON_EXIT_HOLD due to exit code 1.
	Code 3 Subcode 0
...
013 (7944174.349.000) 07/08 17:58:12 Job was released.
	The job attribute PeriodicRelease expression '(NumJobStarts < 3) && ((CurrentTime - EnteredCurrentStatus) > 10 * 60)' evaluated to TRUE
...
040 (7944174.349.000) 07/08 18:07:53 Started transferring input files
	Transferring to host: <128.142.192.161:9618?addrs=128.142.192.161-9618+[2001-1458-301-56--100-1d]-9618&alias=b9g18p0292.cern.ch&noUDP&sock=slot1_15_3554_dd4a_104283>
...
040 (7944174.349.000) 07/08 18:07:54 Finished transferring input files
...
001 (7944174.349.000) 07/08 18:07:54 Job executing on host: <128.142.192.161:9618?addrs=128.142.192.161-9618+[2001-1458-301-56--100-1d]-9618&alias=b9g18p0292.cern.ch&noUDP&sock=startd_3513_344b>
	SlotName: slot1_15@b9g18p0292.cern.ch
	CondorScratchDir = "/pool/condor/dir_1077111"
	Cpus = 1
	Disk = 10074700
	GPUs = 0
	Memory = 3000
...
006 (7944174.349.000) 07/08 18:08:32 Image size of job updated: 425760
	416  -  MemoryUsage of job (MB)
	425760  -  ResidentSetSize of job (KB)
...
040 (7944174.349.000) 07/08 18:08:32 Started transferring output files
...
040 (7944174.349.000) 07/08 18:08:32 Finished transferring output files
...
012 (7944174.349.000) 07/08 18:08:32 Job was held.
	Job held by ON_EXIT_HOLD due to exit code 1.
	Code 3 Subcode 0
...
