000 (7944174.035.000) 07/08 17:29:04 Job submitted from host: <188.185.16.120:9618?addrs=188.185.16.120-9618+[2001-1458-d00-65--100-39b]-9618&alias=bigbird27.cern.ch&noUDP&sock=schedd_4465_3274>
...
040 (7944174.035.000) 07/08 17:31:22 Started transferring input files
	Transferring to host: <188.185.196.117:9618?addrs=188.185.196.117-9618+[2001-1458-303-23--100-71]-9618&alias=b9p16p9121.cern.ch&noUDP&sock=slot1_21_8494_8a92_40392>
...
040 (7944174.035.000) 07/08 17:31:22 Finished transferring input files
...
001 (7944174.035.000) 07/08 17:31:22 Job executing on host: <188.185.196.117:9618?addrs=188.185.196.117-9618+[2001-1458-303-23--100-71]-9618&alias=b9p16p9121.cern.ch&noUDP&sock=startd_7419_6538>
	SlotName: slot1_21@b9p16p9121.cern.ch
	CondorScratchDir = "/pool/condor/dir_4035355"
	Cpus = 1
	Disk = 10003094
	GPUs = 0
	Memory = 3000
...
006 (7944174.035.000) 07/08 17:31:31 Image size of job updated: 54192
	53  -  MemoryUsage of job (MB)
	54192  -  ResidentSetSize of job (KB)
...
006 (7944174.035.000) 07/08 17:32:43 Image size of job updated: 423232
	414  -  MemoryUsage of job (MB)
	423232  -  ResidentSetSize of job (KB)
...
040 (7944174.035.000) 07/08 17:32:43 Started transferring output files
...
040 (7944174.035.000) 07/08 17:32:43 Finished transferring output files
...
012 (7944174.035.000) 07/08 17:32:44 Job was held.
	Job held by ON_EXIT_HOLD due to exit code 1.
	Code 3 Subcode 0
...
013 (7944174.035.000) 07/08 17:43:32 Job was released.
	The job attribute PeriodicRelease expression '(NumJobStarts < 3) && ((CurrentTime - EnteredCurrentStatus) > 10 * 60)' evaluated to TRUE
...
040 (7944174.035.000) 07/08 17:44:05 Started transferring input files
	Transferring to host: <188.185.210.92:9618?addrs=188.185.210.92-9618+[2001-1458-303-1--100-58]-9618&alias=b9p21p4629.cern.ch&noUDP&sock=slot1_20_3335_8f21_39170>
...
040 (7944174.035.000) 07/08 17:44:06 Finished transferring input files
...
001 (7944174.035.000) 07/08 17:44:06 Job executing on host: <188.185.210.92:9618?addrs=188.185.210.92-9618+[2001-1458-303-1--100-58]-9618&alias=b9p21p4629.cern.ch&noUDP&sock=startd_3264_6936>
	SlotName: slot1_20@b9p21p4629.cern.ch
	CondorScratchDir = "/pool/condor/dir_3022619"
	Cpus = 1
	Disk = 10002622
	GPUs = 0
	Memory = 3000
...
040 (7944174.035.000) 07/08 17:44:21 Started transferring output files
...
040 (7944174.035.000) 07/08 17:44:21 Finished transferring output files
...
012 (7944174.035.000) 07/08 17:44:21 Job was held.
	Job held by ON_EXIT_HOLD due to exit code 1.
	Code 3 Subcode 0
...
013 (7944174.035.000) 07/08 17:55:47 Job was released.
	The job attribute PeriodicRelease expression '(NumJobStarts < 3) && ((CurrentTime - EnteredCurrentStatus) > 10 * 60)' evaluated to TRUE
...
040 (7944174.035.000) 07/08 17:57:32 Started transferring input files
	Transferring to host: <188.185.192.94:9618?addrs=188.185.192.94-9618+[2001-1458-303-1f--100-5a]-9618&alias=b9p13p0998.cern.ch&noUDP&sock=slot1_25_8174_1285_38149>
...
040 (7944174.035.000) 07/08 17:57:32 Finished transferring input files
...
001 (7944174.035.000) 07/08 17:57:32 Job executing on host: <188.185.192.94:9618?addrs=188.185.192.94-9618+[2001-1458-303-1f--100-5a]-9618&alias=b9p13p0998.cern.ch&noUDP&sock=startd_6900_6791>
	SlotName: slot1_25@b9p13p0998.cern.ch
	CondorScratchDir = "/pool/condor/dir_109478"
	Cpus = 1
	Disk = 10003226
	GPUs = 0
	Memory = 3000
...
040 (7944174.035.000) 07/08 17:57:59 Started transferring output files
...
040 (7944174.035.000) 07/08 17:57:59 Finished transferring output files
...
012 (7944174.035.000) 07/08 17:58:00 Job was held.
	Job held by ON_EXIT_HOLD due to exit code 1.
	Code 3 Subcode 0
...
