000 (7944174.350.000) 07/08 17:29:05 Job submitted from host: <188.185.16.120:9618?addrs=188.185.16.120-9618+[2001-1458-d00-65--100-39b]-9618&alias=bigbird27.cern.ch&noUDP&sock=schedd_4465_3274>
...
040 (7944174.350.000) 07/08 17:34:25 Started transferring input files
	Transferring to host: <188.185.215.174:9618?addrs=188.185.215.174-9618+[2001-1458-303-26--100-2a]-9618&alias=b9p18p5029.cern.ch&noUDP&sock=slot1_11_299184_f17f_18447>
...
040 (7944174.350.000) 07/08 17:34:25 Finished transferring input files
...
001 (7944174.350.000) 07/08 17:34:25 Job executing on host: <188.185.215.174:9618?addrs=188.185.215.174-9618+[2001-1458-303-26--100-2a]-9618&alias=b9p18p5029.cern.ch&noUDP&sock=startd_299102_ac17>
	SlotName: slot1_11@b9p18p5029.cern.ch
	CondorScratchDir = "/pool/condor/dir_80413"
	Cpus = 1
	Disk = 10025467
	GPUs = 0
	Memory = 3000
...
006 (7944174.350.000) 07/08 17:34:34 Image size of job updated: 53080
	52  -  MemoryUsage of job (MB)
	53080  -  ResidentSetSize of job (KB)
...
006 (7944174.350.000) 07/08 17:34:40 Image size of job updated: 53080
	58  -  MemoryUsage of job (MB)
	59044  -  ResidentSetSize of job (KB)
...
040 (7944174.350.000) 07/08 17:34:40 Started transferring output files
...
040 (7944174.350.000) 07/08 17:34:40 Finished transferring output files
...
012 (7944174.350.000) 07/08 17:34:41 Job was held.
	Job held by ON_EXIT_HOLD due to exit code 1.
	Code 3 Subcode 0
...
013 (7944174.350.000) 07/08 17:46:03 Job was released.
	The job attribute PeriodicRelease expression '(NumJobStarts < 3) && ((CurrentTime - EnteredCurrentStatus) > 10 * 60)' evaluated to TRUE
...
040 (7944174.350.000) 07/08 17:46:52 Started transferring input files
	Transferring to host: <188.185.193.126:9618?addrs=188.185.193.126-9618+[2001-1458-303-20--100-7a]-9618&alias=b9p19p3336.cern.ch&noUDP&sock=slot1_29_2722438_9aac_19516>
...
040 (7944174.350.000) 07/08 17:46:52 Finished transferring input files
...
001 (7944174.350.000) 07/08 17:46:52 Job executing on host: <188.185.193.126:9618?addrs=188.185.193.126-9618+[2001-1458-303-20--100-7a]-9618&alias=b9p19p3336.cern.ch&noUDP&sock=startd_2722384_9075>
	SlotName: slot1_29@b9p19p3336.cern.ch
	CondorScratchDir = "/pool/condor/dir_3792144"
	Cpus = 1
	Disk = 10003180
	GPUs = 0
	Memory = 3000
...
006 (7944174.350.000) 07/08 17:47:29 Image size of job updated: 203144
	74  -  MemoryUsage of job (MB)
	75000  -  ResidentSetSize of job (KB)
...
040 (7944174.350.000) 07/08 17:47:29 Started transferring output files
...
040 (7944174.350.000) 07/08 17:47:29 Finished transferring output files
...
012 (7944174.350.000) 07/08 17:47:29 Job was held.
	Job held by ON_EXIT_HOLD due to exit code 1.
	Code 3 Subcode 0
...
013 (7944174.350.000) 07/08 17:58:12 Job was released.
	The job attribute PeriodicRelease expression '(NumJobStarts < 3) && ((CurrentTime - EnteredCurrentStatus) > 10 * 60)' evaluated to TRUE
...
040 (7944174.350.000) 07/08 18:07:53 Started transferring input files
	Transferring to host: <128.142.192.145:9618?addrs=128.142.192.145-9618+[2001-1458-301-56--100-d]-9618&alias=b9g18p1820.cern.ch&noUDP&sock=slot1_8_6720_990a_88821>
...
040 (7944174.350.000) 07/08 18:07:54 Finished transferring input files
...
001 (7944174.350.000) 07/08 18:07:54 Job executing on host: <128.142.192.145:9618?addrs=128.142.192.145-9618+[2001-1458-301-56--100-d]-9618&alias=b9g18p1820.cern.ch&noUDP&sock=startd_6460_99e5>
	SlotName: slot1_8@b9g18p1820.cern.ch
	CondorScratchDir = "/pool/condor/dir_3436376"
	Cpus = 1
	Disk = 10003389
	GPUs = 0
	Memory = 3000
...
006 (7944174.350.000) 07/08 18:08:22 Image size of job updated: 426044
	417  -  MemoryUsage of job (MB)
	426044  -  ResidentSetSize of job (KB)
...
040 (7944174.350.000) 07/08 18:08:23 Started transferring output files
...
040 (7944174.350.000) 07/08 18:08:23 Finished transferring output files
...
012 (7944174.350.000) 07/08 18:08:23 Job was held.
	Job held by ON_EXIT_HOLD due to exit code 1.
	Code 3 Subcode 0
...
