000 (7944174.352.000) 07/08 17:29:05 Job submitted from host: <188.185.16.120:9618?addrs=188.185.16.120-9618+[2001-1458-d00-65--100-39b]-9618&alias=bigbird27.cern.ch&noUDP&sock=schedd_4465_3274>
...
040 (7944174.352.000) 07/08 17:33:05 Started transferring input files
	Transferring to host: <188.185.214.48:9618?addrs=188.185.214.48-9618+[2001-1458-303-1c--100-2c]-9618&alias=b9p29p4214.cern.ch&noUDP&sock=slot1_15_8423_83f0_47921>
...
040 (7944174.352.000) 07/08 17:33:06 Finished transferring input files
...
001 (7944174.352.000) 07/08 17:33:06 Job executing on host: <188.185.214.48:9618?addrs=188.185.214.48-9618+[2001-1458-303-1c--100-2c]-9618&alias=b9p29p4214.cern.ch&noUDP&sock=startd_8351_ab7c>
	SlotName: slot1_15@b9p29p4214.cern.ch
	CondorScratchDir = "/pool/condor/dir_2163082"
	Cpus = 1
	Disk = 10001308
	GPUs = 0
	Memory = 3000
...
006 (7944174.352.000) 07/08 17:33:15 Image size of job updated: 50064
	49  -  MemoryUsage of job (MB)
	50064  -  ResidentSetSize of job (KB)
...
006 (7944174.352.000) 07/08 17:33:44 Image size of job updated: 407484
	398  -  MemoryUsage of job (MB)
	407484  -  ResidentSetSize of job (KB)
...
040 (7944174.352.000) 07/08 17:33:44 Started transferring output files
...
040 (7944174.352.000) 07/08 17:33:44 Finished transferring output files
...
012 (7944174.352.000) 07/08 17:33:44 Job was held.
	Job held by ON_EXIT_HOLD due to exit code 1.
	Code 3 Subcode 0
...
013 (7944174.352.000) 07/08 17:46:03 Job was released.
	The job attribute PeriodicRelease expression '(NumJobStarts < 3) && ((CurrentTime - EnteredCurrentStatus) > 10 * 60)' evaluated to TRUE
...
040 (7944174.352.000) 07/08 17:46:53 Started transferring input files
	Transferring to host: <188.185.193.151:9618?addrs=188.185.193.151-9618+[2001-1458-303-20--100-93]-9618&alias=b9p19p4041.cern.ch&noUDP&sock=slot1_51_4345_320a_24523>
...
040 (7944174.352.000) 07/08 17:46:54 Finished transferring input files
...
001 (7944174.352.000) 07/08 17:46:54 Job executing on host: <188.185.193.151:9618?addrs=188.185.193.151-9618+[2001-1458-303-20--100-93]-9618&alias=b9p19p4041.cern.ch&noUDP&sock=startd_3827_9508>
	SlotName: slot1_51@b9p19p4041.cern.ch
	CondorScratchDir = "/pool/condor/dir_1857354"
	Cpus = 1
	Disk = 10001424
	GPUs = 0
	Memory = 3000
...
040 (7944174.352.000) 07/08 17:47:49 Started transferring output files
...
040 (7944174.352.000) 07/08 17:47:49 Finished transferring output files
...
012 (7944174.352.000) 07/08 17:47:49 Job was held.
	Job held by ON_EXIT_HOLD due to exit code 1.
	Code 3 Subcode 0
...
013 (7944174.352.000) 07/08 17:58:12 Job was released.
	The job attribute PeriodicRelease expression '(NumJobStarts < 3) && ((CurrentTime - EnteredCurrentStatus) > 10 * 60)' evaluated to TRUE
...
040 (7944174.352.000) 07/08 18:07:52 Started transferring input files
	Transferring to host: <128.142.132.103:9618?addrs=128.142.132.103-9618+[2001-1458-301-5a--100-5b]-9618&alias=b9g12p0948.cern.ch&noUDP&sock=slot1_4_2835_438c_93309>
...
040 (7944174.352.000) 07/08 18:07:53 Finished transferring input files
...
001 (7944174.352.000) 07/08 18:07:53 Job executing on host: <128.142.132.103:9618?addrs=128.142.132.103-9618+[2001-1458-301-5a--100-5b]-9618&alias=b9g12p0948.cern.ch&noUDP&sock=startd_2448_b3ee>
	SlotName: slot1_4@b9g12p0948.cern.ch
	CondorScratchDir = "/pool/condor/dir_1782620"
	Cpus = 1
	Disk = 10001962
	GPUs = 0
	Memory = 3000
...
006 (7944174.352.000) 07/08 18:08:15 Image size of job updated: 426280
	417  -  MemoryUsage of job (MB)
	426280  -  ResidentSetSize of job (KB)
...
040 (7944174.352.000) 07/08 18:08:15 Started transferring output files
...
040 (7944174.352.000) 07/08 18:08:15 Finished transferring output files
...
012 (7944174.352.000) 07/08 18:08:15 Job was held.
	Job held by ON_EXIT_HOLD due to exit code 1.
	Code 3 Subcode 0
...
