000 (7944174.353.000) 07/08 17:29:05 Job submitted from host: <188.185.16.120:9618?addrs=188.185.16.120-9618+[2001-1458-d00-65--100-39b]-9618&alias=bigbird27.cern.ch&noUDP&sock=schedd_4465_3274>
...
040 (7944174.353.000) 07/08 17:34:25 Started transferring input files
	Transferring to host: <188.185.215.162:9618?addrs=188.185.215.162-9618+[2001-1458-303-26--100-1e]-9618&alias=b9p18p7274.cern.ch&noUDP&sock=slot1_1_3064_9d76_35180>
...
040 (7944174.353.000) 07/08 17:34:25 Finished transferring input files
...
001 (7944174.353.000) 07/08 17:34:25 Job executing on host: <188.185.215.162:9618?addrs=188.185.215.162-9618+[2001-1458-303-26--100-1e]-9618&alias=b9p18p7274.cern.ch&noUDP&sock=startd_2575_d075>
	SlotName: slot1_1@b9p18p7274.cern.ch
	CondorScratchDir = "/pool/condor/dir_227853"
	Cpus = 1
	Disk = 10000603
	GPUs = 0
	Memory = 3000
...
006 (7944174.353.000) 07/08 17:34:34 Image size of job updated: 100748
	99  -  MemoryUsage of job (MB)
	100748  -  ResidentSetSize of job (KB)
...
006 (7944174.353.000) 07/08 17:34:41 Image size of job updated: 100748
	99  -  MemoryUsage of job (MB)
	101128  -  ResidentSetSize of job (KB)
...
040 (7944174.353.000) 07/08 17:34:41 Started transferring output files
...
040 (7944174.353.000) 07/08 17:34:41 Finished transferring output files
...
012 (7944174.353.000) 07/08 17:34:41 Job was held.
	Job held by ON_EXIT_HOLD due to exit code 1.
	Code 3 Subcode 0
...
013 (7944174.353.000) 07/08 17:46:03 Job was released.
	The job attribute PeriodicRelease expression '(NumJobStarts < 3) && ((CurrentTime - EnteredCurrentStatus) > 10 * 60)' evaluated to TRUE
...
040 (7944174.353.000) 07/08 17:46:53 Started transferring input files
	Transferring to host: <188.185.198.74:9618?addrs=188.185.198.74-9618+[2001-1458-303-25--100-46]-9618&alias=b9p15p6018.cern.ch&noUDP&sock=slot1_44_3109_5258_34535>
...
040 (7944174.353.000) 07/08 17:46:54 Finished transferring input files
...
001 (7944174.353.000) 07/08 17:46:54 Job executing on host: <188.185.198.74:9618?addrs=188.185.198.74-9618+[2001-1458-303-25--100-46]-9618&alias=b9p15p6018.cern.ch&noUDP&sock=startd_2649_9277>
	SlotName: slot1_44@b9p15p6018.cern.ch
	CondorScratchDir = "/pool/condor/dir_817303"
	Cpus = 1
	Disk = 10002693
	GPUs = 0
	Memory = 3000
...
006 (7944174.353.000) 07/08 17:47:21 Image size of job updated: 409344
	400  -  MemoryUsage of job (MB)
	409344  -  ResidentSetSize of job (KB)
...
040 (7944174.353.000) 07/08 17:47:21 Started transferring output files
...
040 (7944174.353.000) 07/08 17:47:21 Finished transferring output files
...
012 (7944174.353.000) 07/08 17:47:21 Job was held.
	Job held by ON_EXIT_HOLD due to exit code 1.
	Code 3 Subcode 0
...
013 (7944174.353.000) 07/08 17:58:12 Job was released.
	The job attribute PeriodicRelease expression '(NumJobStarts < 3) && ((CurrentTime - EnteredCurrentStatus) > 10 * 60)' evaluated to TRUE
...
040 (7944174.353.000) 07/08 18:07:53 Started transferring input files
	Transferring to host: <128.142.161.97:9618?addrs=128.142.161.97-9618+[2001-1458-301-b8--100-1f]-9618&alias=b9g03p7944.cern.ch&noUDP&sock=slot1_10_2794958_8131_11656>
...
040 (7944174.353.000) 07/08 18:07:54 Finished transferring input files
...
001 (7944174.353.000) 07/08 18:07:54 Job executing on host: <128.142.161.97:9618?addrs=128.142.161.97-9618+[2001-1458-301-b8--100-1f]-9618&alias=b9g03p7944.cern.ch&noUDP&sock=startd_5161_985f>
	SlotName: slot1_10@b9g03p7944.cern.ch
	CondorScratchDir = "/pool/condor/dir_686336"
	Cpus = 1
	Disk = 10013403
	GPUs = 0
	Memory = 3000
...
040 (7944174.353.000) 07/08 18:08:19 Started transferring output files
...
040 (7944174.353.000) 07/08 18:08:19 Finished transferring output files
...
012 (7944174.353.000) 07/08 18:08:19 Job was held.
	Job held by ON_EXIT_HOLD due to exit code 1.
	Code 3 Subcode 0
...
