000 (7944174.354.000) 07/08 17:29:05 Job submitted from host: <188.185.16.120:9618?addrs=188.185.16.120-9618+[2001-1458-d00-65--100-39b]-9618&alias=bigbird27.cern.ch&noUDP&sock=schedd_4465_3274>
...
040 (7944174.354.000) 07/08 17:33:05 Started transferring input files
	Transferring to host: <188.185.214.82:9618?addrs=188.185.214.82-9618+[2001-1458-303-1c--100-4e]-9618&alias=b9p29p5269.cern.ch&noUDP&sock=slot1_3_3192365_aff2_26120>
...
040 (7944174.354.000) 07/08 17:33:06 Finished transferring input files
...
001 (7944174.354.000) 07/08 17:33:06 Job executing on host: <188.185.214.82:9618?addrs=188.185.214.82-9618+[2001-1458-303-1c--100-4e]-9618&alias=b9p29p5269.cern.ch&noUDP&sock=startd_3192239_036f>
	SlotName: slot1_3@b9p29p5269.cern.ch
	CondorScratchDir = "/pool/condor/dir_3486099"
	Cpus = 1
	Disk = 10002862
	GPUs = 0
	Memory = 3000
...
006 (7944174.354.000) 07/08 17:33:14 Image size of job updated: 62120
	61  -  MemoryUsage of job (MB)
	62120  -  ResidentSetSize of job (KB)
...
006 (7944174.354.000) 07/08 17:33:32 Image size of job updated: 407728
	399  -  MemoryUsage of job (MB)
	407728  -  ResidentSetSize of job (KB)
...
040 (7944174.354.000) 07/08 17:33:32 Started transferring output files
...
040 (7944174.354.000) 07/08 17:33:32 Finished transferring output files
...
012 (7944174.354.000) 07/08 17:33:32 Job was held.
	Job held by ON_EXIT_HOLD due to exit code 1.
	Code 3 Subcode 0
...
013 (7944174.354.000) 07/08 17:43:33 Job was released.
	The job attribute PeriodicRelease expression '(NumJobStarts < 3) && ((CurrentTime - EnteredCurrentStatus) > 10 * 60)' evaluated to TRUE
...
040 (7944174.354.000) 07/08 17:45:18 Started transferring input files
	Transferring to host: <188.185.211.46:9618?addrs=188.185.211.46-9618+[2001-1458-303-16--100-2a]-9618&alias=b9p23p1023.cern.ch&noUDP&sock=slot1_18_4171746_3364_19737>
...
040 (7944174.354.000) 07/08 17:45:18 Finished transferring input files
...
001 (7944174.354.000) 07/08 17:45:18 Job executing on host: <188.185.211.46:9618?addrs=188.185.211.46-9618+[2001-1458-303-16--100-2a]-9618&alias=b9p23p1023.cern.ch&noUDP&sock=startd_7046_8c64>
	SlotName: slot1_18@b9p23p1023.cern.ch
	CondorScratchDir = "/pool/condor/dir_153639"
	Cpus = 1
	Disk = 10001312
	GPUs = 0
	Memory = 3000
...
040 (7944174.354.000) 07/08 17:45:35 Started transferring output files
...
040 (7944174.354.000) 07/08 17:45:35 Finished transferring output files
...
012 (7944174.354.000) 07/08 17:45:35 Job was held.
	Job held by ON_EXIT_HOLD due to exit code 1.
	Code 3 Subcode 0
...
013 (7944174.354.000) 07/08 17:55:47 Job was released.
	The job attribute PeriodicRelease expression '(NumJobStarts < 3) && ((CurrentTime - EnteredCurrentStatus) > 10 * 60)' evaluated to TRUE
...
040 (7944174.354.000) 07/08 18:01:02 Started transferring input files
	Transferring to host: <188.185.196.179:9618?addrs=188.185.196.179-9618+[2001-1458-303-23--100-af]-9618&alias=b9p16p0754.cern.ch&noUDP&sock=slot1_11_6935_15b3_35459>
...
040 (7944174.354.000) 07/08 18:01:03 Finished transferring input files
...
001 (7944174.354.000) 07/08 18:01:03 Job executing on host: <188.185.196.179:9618?addrs=188.185.196.179-9618+[2001-1458-303-23--100-af]-9618&alias=b9p16p0754.cern.ch&noUDP&sock=startd_6260_6af4>
	SlotName: slot1_11@b9p16p0754.cern.ch
	CondorScratchDir = "/pool/condor/dir_2194909"
	Cpus = 1
	Disk = 10001290
	GPUs = 0
	Memory = 3000
...
040 (7944174.354.000) 07/08 18:01:35 Started transferring output files
...
040 (7944174.354.000) 07/08 18:01:35 Finished transferring output files
...
012 (7944174.354.000) 07/08 18:01:35 Job was held.
	Job held by ON_EXIT_HOLD due to exit code 1.
	Code 3 Subcode 0
...
