000 (7944174.355.000) 07/08 17:29:05 Job submitted from host: <188.185.16.120:9618?addrs=188.185.16.120-9618+[2001-1458-d00-65--100-39b]-9618&alias=bigbird27.cern.ch&noUDP&sock=schedd_4465_3274>
...
040 (7944174.355.000) 07/08 17:33:06 Started transferring input files
	Transferring to host: <188.185.214.100:9618?addrs=188.185.214.100-9618+[2001-1458-303-1c--100-60]-9618&alias=b9p29p3255.cern.ch&noUDP&sock=slot1_7_8336_374c_49388>
...
040 (7944174.355.000) 07/08 17:33:07 Finished transferring input files
...
001 (7944174.355.000) 07/08 17:33:07 Job executing on host: <188.185.214.100:9618?addrs=188.185.214.100-9618+[2001-1458-303-1c--100-60]-9618&alias=b9p29p3255.cern.ch&noUDP&sock=startd_7843_3960>
	SlotName: slot1_7@b9p29p3255.cern.ch
	CondorScratchDir = "/pool/condor/dir_3454900"
	Cpus = 1
	Disk = 10006848
	GPUs = 0
	Memory = 3000
...
006 (7944174.355.000) 07/08 17:33:16 Image size of job updated: 55560
	55  -  MemoryUsage of job (MB)
	55560  -  ResidentSetSize of job (KB)
...
006 (7944174.355.000) 07/08 17:33:38 Image size of job updated: 425980
	416  -  MemoryUsage of job (MB)
	425980  -  ResidentSetSize of job (KB)
...
040 (7944174.355.000) 07/08 17:33:38 Started transferring output files
...
040 (7944174.355.000) 07/08 17:33:38 Finished transferring output files
...
012 (7944174.355.000) 07/08 17:33:38 Job was held.
	Job held by ON_EXIT_HOLD due to exit code 1.
	Code 3 Subcode 0
...
013 (7944174.355.000) 07/08 17:46:03 Job was released.
	The job attribute PeriodicRelease expression '(NumJobStarts < 3) && ((CurrentTime - EnteredCurrentStatus) > 10 * 60)' evaluated to TRUE
...
040 (7944174.355.000) 07/08 17:46:53 Started transferring input files
	Transferring to host: <188.185.193.40:9618?addrs=188.185.193.40-9618+[2001-1458-303-20--100-24]-9618&alias=b9p19p3580.cern.ch&noUDP&sock=slot1_6_6138_86b3_22656>
...
040 (7944174.355.000) 07/08 17:46:54 Finished transferring input files
...
001 (7944174.355.000) 07/08 17:46:54 Job executing on host: <188.185.193.40:9618?addrs=188.185.193.40-9618+[2001-1458-303-20--100-24]-9618&alias=b9p19p3580.cern.ch&noUDP&sock=startd_6091_7f73>
	SlotName: slot1_6@b9p19p3580.cern.ch
	CondorScratchDir = "/pool/condor/dir_1980368"
	Cpus = 1
	Disk = 10003169
	GPUs = 0
	Memory = 3000
...
040 (7944174.355.000) 07/08 17:47:37 Started transferring output files
...
040 (7944174.355.000) 07/08 17:47:37 Finished transferring output files
...
012 (7944174.355.000) 07/08 17:47:37 Job was held.
	Job held by ON_EXIT_HOLD due to exit code 1.
	Code 3 Subcode 0
...
013 (7944174.355.000) 07/08 17:58:12 Job was released.
	The job attribute PeriodicRelease expression '(NumJobStarts < 3) && ((CurrentTime - EnteredCurrentStatus) > 10 * 60)' evaluated to TRUE
...
040 (7944174.355.000) 07/08 18:07:55 Started transferring input files
	Transferring to host: <128.142.161.107:9618?addrs=128.142.161.107-9618+[2001-1458-301-b8--100-29]-9618&alias=b9g03p5993.cern.ch&noUDP&sock=slot1_18_5713_1341_17387>
...
040 (7944174.355.000) 07/08 18:07:55 Finished transferring input files
...
001 (7944174.355.000) 07/08 18:07:55 Job executing on host: <128.142.161.107:9618?addrs=128.142.161.107-9618+[2001-1458-301-b8--100-29]-9618&alias=b9g03p5993.cern.ch&noUDP&sock=startd_4554_3e62>
	SlotName: slot1_18@b9g03p5993.cern.ch
	CondorScratchDir = "/pool/condor/dir_428229"
	Cpus = 1
	Disk = 10032513
	GPUs = 0
	Memory = 3000
...
040 (7944174.355.000) 07/08 18:09:45 Started transferring output files
...
040 (7944174.355.000) 07/08 18:09:45 Finished transferring output files
...
012 (7944174.355.000) 07/08 18:09:45 Job was held.
	Job held by ON_EXIT_HOLD due to exit code 1.
	Code 3 Subcode 0
...
