000 (7944174.357.000) 07/08 17:29:05 Job submitted from host: <188.185.16.120:9618?addrs=188.185.16.120-9618+[2001-1458-d00-65--100-39b]-9618&alias=bigbird27.cern.ch&noUDP&sock=schedd_4465_3274>
...
040 (7944174.357.000) 07/08 17:33:06 Started transferring input files
	Transferring to host: <188.185.210.213:9618?addrs=188.185.210.213-9618+[2001-1458-303-15--100-51]-9618&alias=b9p22p5430.cern.ch&noUDP&sock=slot1_5_8280_c24a_46922>
...
040 (7944174.357.000) 07/08 17:33:07 Finished transferring input files
...
001 (7944174.357.000) 07/08 17:33:07 Job executing on host: <188.185.210.213:9618?addrs=188.185.210.213-9618+[2001-1458-303-15--100-51]-9618&alias=b9p22p5430.cern.ch&noUDP&sock=startd_7775_94ef>
	SlotName: slot1_5@b9p22p5430.cern.ch
	CondorScratchDir = "/pool/condor/dir_3154616"
	Cpus = 1
	Disk = 10000819
	GPUs = 0
	Memory = 3000
...
006 (7944174.357.000) 07/08 17:33:16 Image size of job updated: 56852
	56  -  MemoryUsage of job (MB)
	56852  -  ResidentSetSize of job (KB)
...
006 (7944174.357.000) 07/08 17:33:36 Image size of job updated: 408100
	399  -  MemoryUsage of job (MB)
	408100  -  ResidentSetSize of job (KB)
...
040 (7944174.357.000) 07/08 17:33:36 Started transferring output files
...
040 (7944174.357.000) 07/08 17:33:36 Finished transferring output files
...
012 (7944174.357.000) 07/08 17:33:36 Job was held.
	Job held by ON_EXIT_HOLD due to exit code 1.
	Code 3 Subcode 0
...
013 (7944174.357.000) 07/08 17:46:03 Job was released.
	The job attribute PeriodicRelease expression '(NumJobStarts < 3) && ((CurrentTime - EnteredCurrentStatus) > 10 * 60)' evaluated to TRUE
...
040 (7944174.357.000) 07/08 17:46:53 Started transferring input files
	Transferring to host: <188.185.192.123:9618?addrs=188.185.192.123-9618+[2001-1458-303-1f--100-77]-9618&alias=b9p13p6073.cern.ch&noUDP&sock=slot1_23_6070_9d30_24460>
...
040 (7944174.357.000) 07/08 17:46:54 Finished transferring input files
...
001 (7944174.357.000) 07/08 17:46:54 Job executing on host: <188.185.192.123:9618?addrs=188.185.192.123-9618+[2001-1458-303-1f--100-77]-9618&alias=b9p13p6073.cern.ch&noUDP&sock=startd_5509_4b54>
	SlotName: slot1_23@b9p13p6073.cern.ch
	CondorScratchDir = "/pool/condor/dir_3821694"
	Cpus = 1
	Disk = 10000282
	GPUs = 0
	Memory = 3000
...
040 (7944174.357.000) 07/08 17:47:17 Started transferring output files
...
040 (7944174.357.000) 07/08 17:47:17 Finished transferring output files
...
012 (7944174.357.000) 07/08 17:47:17 Job was held.
	Job held by ON_EXIT_HOLD due to exit code 1.
	Code 3 Subcode 0
...
013 (7944174.357.000) 07/08 17:58:12 Job was released.
	The job attribute PeriodicRelease expression '(NumJobStarts < 3) && ((CurrentTime - EnteredCurrentStatus) > 10 * 60)' evaluated to TRUE
...
040 (7944174.357.000) 07/08 18:10:11 Started transferring input files
	Transferring to host: <188.185.193.39:9618?addrs=188.185.193.39-9618+[2001-1458-303-20--100-23]-9618&alias=b9p19p7705.cern.ch&noUDP&sock=slot1_1_6198_cd35_23545>
...
040 (7944174.357.000) 07/08 18:10:11 Finished transferring input files
...
001 (7944174.357.000) 07/08 18:10:11 Job executing on host: <188.185.193.39:9618?addrs=188.185.193.39-9618+[2001-1458-303-20--100-23]-9618&alias=b9p19p7705.cern.ch&noUDP&sock=startd_5657_cf58>
	SlotName: slot1_1@b9p19p7705.cern.ch
	CondorScratchDir = "/pool/condor/dir_3111401"
	Cpus = 1
	Disk = 10041645
	GPUs = 0
	Memory = 3000
...
040 (7944174.357.000) 07/08 18:10:31 Started transferring output files
...
040 (7944174.357.000) 07/08 18:10:31 Finished transferring output files
...
012 (7944174.357.000) 07/08 18:10:31 Job was held.
	Job held by ON_EXIT_HOLD due to exit code 1.
	Code 3 Subcode 0
...
