000 (7944174.358.000) 07/08 17:29:05 Job submitted from host: <188.185.16.120:9618?addrs=188.185.16.120-9618+[2001-1458-d00-65--100-39b]-9618&alias=bigbird27.cern.ch&noUDP&sock=schedd_4465_3274>
...
040 (7944174.358.000) 07/08 17:33:07 Started transferring input files
	Transferring to host: <188.185.207.27:9618?addrs=188.185.207.27-9618+[2001-1458-303-d--100-18]-9618&alias=b9p07p3688.cern.ch&noUDP&sock=slot1_11_8154_fb05_34117>
...
040 (7944174.358.000) 07/08 17:33:08 Finished transferring input files
...
001 (7944174.358.000) 07/08 17:33:08 Job executing on host: <188.185.207.27:9618?addrs=188.185.207.27-9618+[2001-1458-303-d--100-18]-9618&alias=b9p07p3688.cern.ch&noUDP&sock=startd_7365_5b1b>
	SlotName: slot1_11@b9p07p3688.cern.ch
	CondorScratchDir = "/pool/condor/dir_2856870"
	Cpus = 1
	Disk = 10020053
	GPUs = 0
	Memory = 3000
...
006 (7944174.358.000) 07/08 17:33:21 Image size of job updated: 33524
	25  -  MemoryUsage of job (MB)
	24776  -  ResidentSetSize of job (KB)
...
006 (7944174.358.000) 07/08 17:33:37 Image size of job updated: 190376
	25  -  MemoryUsage of job (MB)
	24776  -  ResidentSetSize of job (KB)
...
040 (7944174.358.000) 07/08 17:33:37 Started transferring output files
...
040 (7944174.358.000) 07/08 17:33:37 Finished transferring output files
...
012 (7944174.358.000) 07/08 17:33:37 Job was held.
	Job held by ON_EXIT_HOLD due to exit code 1.
	Code 3 Subcode 0
...
013 (7944174.358.000) 07/08 17:46:03 Job was released.
	The job attribute PeriodicRelease expression '(NumJobStarts < 3) && ((CurrentTime - EnteredCurrentStatus) > 10 * 60)' evaluated to TRUE
...
040 (7944174.358.000) 07/08 17:46:54 Started transferring input files
	Transferring to host: <188.185.194.32:9618?addrs=188.185.194.32-9618+[2001-1458-303-21--100-1c]-9618&alias=b9p20p7306.cern.ch&noUDP&sock=slot1_25_4342_14ea_22421>
...
040 (7944174.358.000) 07/08 17:46:55 Finished transferring input files
...
001 (7944174.358.000) 07/08 17:46:55 Job executing on host: <188.185.194.32:9618?addrs=188.185.194.32-9618+[2001-1458-303-21--100-1c]-9618&alias=b9p20p7306.cern.ch&noUDP&sock=startd_3817_b915>
	SlotName: slot1_25@b9p20p7306.cern.ch
	CondorScratchDir = "/pool/condor/dir_558182"
	Cpus = 1
	Disk = 10003547
	GPUs = 0
	Memory = 3000
...
006 (7944174.358.000) 07/08 17:47:09 Image size of job updated: 200000
	31  -  MemoryUsage of job (MB)
	30960  -  ResidentSetSize of job (KB)
...
006 (7944174.358.000) 07/08 17:47:34 Image size of job updated: 200000
	31  -  MemoryUsage of job (MB)
	31508  -  ResidentSetSize of job (KB)
...
040 (7944174.358.000) 07/08 17:47:34 Started transferring output files
...
040 (7944174.358.000) 07/08 17:47:34 Finished transferring output files
...
012 (7944174.358.000) 07/08 17:47:34 Job was held.
	Job held by ON_EXIT_HOLD due to exit code 1.
	Code 3 Subcode 0
...
013 (7944174.358.000) 07/08 17:58:12 Job was released.
	The job attribute PeriodicRelease expression '(NumJobStarts < 3) && ((CurrentTime - EnteredCurrentStatus) > 10 * 60)' evaluated to TRUE
...
040 (7944174.358.000) 07/08 18:15:12 Started transferring input files
	Transferring to host: <188.185.210.104:9618?addrs=188.185.210.104-9618+[2001-1458-303-1--100-64]-9618&alias=b9p21p5559.cern.ch&noUDP&sock=slot1_9_1402425_081e_26124>
...
040 (7944174.358.000) 07/08 18:15:13 Finished transferring input files
...
001 (7944174.358.000) 07/08 18:15:13 Job executing on host: <188.185.210.104:9618?addrs=188.185.210.104-9618+[2001-1458-303-1--100-64]-9618&alias=b9p21p5559.cern.ch&noUDP&sock=startd_1402370_c11c>
	SlotName: slot1_9@b9p21p5559.cern.ch
	CondorScratchDir = "/pool/condor/dir_3574588"
	Cpus = 1
	Disk = 10002149
	GPUs = 0
	Memory = 3000
...
006 (7944174.358.000) 07/08 18:15:22 Image size of job updated: 200000
	105  -  MemoryUsage of job (MB)
	107292  -  ResidentSetSize of job (KB)
...
006 (7944174.358.000) 07/08 18:15:28 Image size of job updated: 200000
	107  -  MemoryUsage of job (MB)
	109360  -  ResidentSetSize of job (KB)
...
040 (7944174.358.000) 07/08 18:15:28 Started transferring output files
...
040 (7944174.358.000) 07/08 18:15:28 Finished transferring output files
...
012 (7944174.358.000) 07/08 18:15:28 Job was held.
	Job held by ON_EXIT_HOLD due to exit code 1.
	Code 3 Subcode 0
...
