000 (7944174.036.000) 07/08 17:29:04 Job submitted from host: <188.185.16.120:9618?addrs=188.185.16.120-9618+[2001-1458-d00-65--100-39b]-9618&alias=bigbird27.cern.ch&noUDP&sock=schedd_4465_3274>
...
040 (7944174.036.000) 07/08 17:31:22 Started transferring input files
	Transferring to host: <188.185.195.92:9618?addrs=188.185.195.92-9618+[2001-1458-303-22--100-58]-9618&alias=b9p17p3583.cern.ch&noUDP&sock=slot1_7_2226755_16cf_22573>
...
040 (7944174.036.000) 07/08 17:31:23 Finished transferring input files
...
001 (7944174.036.000) 07/08 17:31:23 Job executing on host: <188.185.195.92:9618?addrs=188.185.195.92-9618+[2001-1458-303-22--100-58]-9618&alias=b9p17p3583.cern.ch&noUDP&sock=startd_2226717_3ae7>
	SlotName: slot1_7@b9p17p3583.cern.ch
	CondorScratchDir = "/pool/condor/dir_406386"
	Cpus = 1
	Disk = 10003098
	GPUs = 0
	Memory = 3000
...
006 (7944174.036.000) 07/08 17:31:38 Image size of job updated: 23816
	24  -  MemoryUsage of job (MB)
	23816  -  ResidentSetSize of job (KB)
...
006 (7944174.036.000) 07/08 17:32:43 Image size of job updated: 207016
	24  -  MemoryUsage of job (MB)
	23816  -  ResidentSetSize of job (KB)
...
040 (7944174.036.000) 07/08 17:32:43 Started transferring output files
...
040 (7944174.036.000) 07/08 17:32:43 Finished transferring output files
...
012 (7944174.036.000) 07/08 17:32:45 Job was held.
	Job held by ON_EXIT_HOLD due to exit code 1.
	Code 3 Subcode 0
...
013 (7944174.036.000) 07/08 17:43:32 Job was released.
	The job attribute PeriodicRelease expression '(NumJobStarts < 3) && ((CurrentTime - EnteredCurrentStatus) > 10 * 60)' evaluated to TRUE
...
040 (7944174.036.000) 07/08 17:44:07 Started transferring input files
	Transferring to host: <188.185.213.70:9618?addrs=188.185.213.70-9618+[2001-1458-303-1a--100-42]-9618&alias=b9p27p1866.cern.ch&noUDP&sock=slot1_25_7249_5380_38181>
...
040 (7944174.036.000) 07/08 17:44:08 Finished transferring input files
...
001 (7944174.036.000) 07/08 17:44:08 Job executing on host: <188.185.213.70:9618?addrs=188.185.213.70-9618+[2001-1458-303-1a--100-42]-9618&alias=b9p27p1866.cern.ch&noUDP&sock=startd_6458_3ab4>
	SlotName: slot1_25@b9p27p1866.cern.ch
	CondorScratchDir = "/pool/condor/dir_2475804"
	Cpus = 1
	Disk = 10001723
	GPUs = 0
	Memory = 3000
...
040 (7944174.036.000) 07/08 17:44:40 Started transferring output files
...
040 (7944174.036.000) 07/08 17:44:40 Finished transferring output files
...
012 (7944174.036.000) 07/08 17:44:40 Job was held.
	Job held by ON_EXIT_HOLD due to exit code 1.
	Code 3 Subcode 0
...
013 (7944174.036.000) 07/08 17:55:47 Job was released.
	The job attribute PeriodicRelease expression '(NumJobStarts < 3) && ((CurrentTime - EnteredCurrentStatus) > 10 * 60)' evaluated to TRUE
...
040 (7944174.036.000) 07/08 18:01:02 Started transferring input files
	Transferring to host: <188.185.195.27:9618?addrs=188.185.195.27-9618+[2001-1458-303-22--100-17]-9618&alias=b9p17p4531.cern.ch&noUDP&sock=slot1_3_6128_7af2_21871>
...
040 (7944174.036.000) 07/08 18:01:02 Finished transferring input files
...
001 (7944174.036.000) 07/08 18:01:02 Job executing on host: <188.185.195.27:9618?addrs=188.185.195.27-9618+[2001-1458-303-22--100-17]-9618&alias=b9p17p4531.cern.ch&noUDP&sock=startd_5929_611b>
	SlotName: slot1_3@b9p17p4531.cern.ch
	CondorScratchDir = "/pool/condor/dir_4171987"
	Cpus = 1
	Disk = 10028697
	GPUs = 0
	Memory = 3000
...
006 (7944174.036.000) 07/08 18:01:17 Image size of job updated: 225000
	29  -  MemoryUsage of job (MB)
	28776  -  ResidentSetSize of job (KB)
...
006 (7944174.036.000) 07/08 18:01:42 Image size of job updated: 225000
	29  -  MemoryUsage of job (MB)
	29128  -  ResidentSetSize of job (KB)
...
040 (7944174.036.000) 07/08 18:01:42 Started transferring output files
...
040 (7944174.036.000) 07/08 18:01:42 Finished transferring output files
...
012 (7944174.036.000) 07/08 18:01:42 Job was held.
	Job held by ON_EXIT_HOLD due to exit code 1.
	Code 3 Subcode 0
...
