000 (7944174.360.000) 07/08 17:29:05 Job submitted from host: <188.185.16.120:9618?addrs=188.185.16.120-9618+[2001-1458-d00-65--100-39b]-9618&alias=bigbird27.cern.ch&noUDP&sock=schedd_4465_3274>
...
040 (7944174.360.000) 07/08 17:34:47 Started transferring input files
	Transferring to host: <188.185.213.136:9618?addrs=188.185.213.136-9618+[2001-1458-303-1b--100-4]-9618&alias=b9p28p6769.cern.ch&noUDP&sock=slot1_11_2586374_350f_26425>
...
040 (7944174.360.000) 07/08 17:34:48 Finished transferring input files
...
001 (7944174.360.000) 07/08 17:34:48 Job executing on host: <188.185.213.136:9618?addrs=188.185.213.136-9618+[2001-1458-303-1b--100-4]-9618&alias=b9p28p6769.cern.ch&noUDP&sock=startd_7856_241b>
	SlotName: slot1_11@b9p28p6769.cern.ch
	CondorScratchDir = "/pool/condor/dir_2467631"
	Cpus = 1
	Disk = 10029712
	GPUs = 0
	Memory = 3000
...
006 (7944174.360.000) 07/08 17:34:57 Image size of job updated: 36308
	36  -  MemoryUsage of job (MB)
	36308  -  ResidentSetSize of job (KB)
...
040 (7944174.360.000) 07/08 17:35:19 Started transferring output files
...
040 (7944174.360.000) 07/08 17:35:19 Finished transferring output files
...
012 (7944174.360.000) 07/08 17:35:19 Job was held.
	Job held by ON_EXIT_HOLD due to exit code 1.
	Code 3 Subcode 0
...
013 (7944174.360.000) 07/08 17:46:03 Job was released.
	The job attribute PeriodicRelease expression '(NumJobStarts < 3) && ((CurrentTime - EnteredCurrentStatus) > 10 * 60)' evaluated to TRUE
...
040 (7944174.360.000) 07/08 17:47:46 Started transferring input files
	Transferring to host: <188.185.194.89:9618?addrs=188.185.194.89-9618+[2001-1458-303-21--100-55]-9618&alias=b9p20p9686.cern.ch&noUDP&sock=slot1_44_4328_37a9_23491>
...
040 (7944174.360.000) 07/08 17:47:46 Finished transferring input files
...
001 (7944174.360.000) 07/08 17:47:46 Job executing on host: <188.185.194.89:9618?addrs=188.185.194.89-9618+[2001-1458-303-21--100-55]-9618&alias=b9p20p9686.cern.ch&noUDP&sock=startd_3737_d982>
	SlotName: slot1_44@b9p20p9686.cern.ch
	CondorScratchDir = "/pool/condor/dir_116266"
	Cpus = 1
	Disk = 10128738
	GPUs = 0
	Memory = 3000
...
006 (7944174.360.000) 07/08 17:48:00 Image size of job updated: 116000
	114  -  MemoryUsage of job (MB)
	116000  -  ResidentSetSize of job (KB)
...
006 (7944174.360.000) 07/08 17:48:07 Image size of job updated: 209860
	116  -  MemoryUsage of job (MB)
	117852  -  ResidentSetSize of job (KB)
...
040 (7944174.360.000) 07/08 17:48:07 Started transferring output files
...
040 (7944174.360.000) 07/08 17:48:07 Finished transferring output files
...
012 (7944174.360.000) 07/08 17:48:07 Job was held.
	Job held by ON_EXIT_HOLD due to exit code 1.
	Code 3 Subcode 0
...
013 (7944174.360.000) 07/08 17:58:12 Job was released.
	The job attribute PeriodicRelease expression '(NumJobStarts < 3) && ((CurrentTime - EnteredCurrentStatus) > 10 * 60)' evaluated to TRUE
...
040 (7944174.360.000) 07/08 18:07:55 Started transferring input files
	Transferring to host: <188.185.214.22:9618?addrs=188.185.214.22-9618+[2001-1458-303-1c--100-12]-9618&alias=b9p29p3973.cern.ch&noUDP&sock=slot1_13_8397_322f_48909>
...
040 (7944174.360.000) 07/08 18:07:56 Finished transferring input files
...
001 (7944174.360.000) 07/08 18:07:56 Job executing on host: <188.185.214.22:9618?addrs=188.185.214.22-9618+[2001-1458-303-1c--100-12]-9618&alias=b9p29p3973.cern.ch&noUDP&sock=startd_8342_7f22>
	SlotName: slot1_13@b9p29p3973.cern.ch
	CondorScratchDir = "/pool/condor/dir_2138949"
	Cpus = 1
	Disk = 10109491
	GPUs = 0
	Memory = 3000
...
006 (7944174.360.000) 07/08 18:08:26 Image size of job updated: 425104
	416  -  MemoryUsage of job (MB)
	425104  -  ResidentSetSize of job (KB)
...
040 (7944174.360.000) 07/08 18:08:26 Started transferring output files
...
040 (7944174.360.000) 07/08 18:08:26 Finished transferring output files
...
012 (7944174.360.000) 07/08 18:08:26 Job was held.
	Job held by ON_EXIT_HOLD due to exit code 1.
	Code 3 Subcode 0
...
