000 (7944174.361.000) 07/08 17:29:05 Job submitted from host: <188.185.16.120:9618?addrs=188.185.16.120-9618+[2001-1458-d00-65--100-39b]-9618&alias=bigbird27.cern.ch&noUDP&sock=schedd_4465_3274>
...
040 (7944174.361.000) 07/08 17:35:00 Started transferring input files
	Transferring to host: <188.185.211.216:9618?addrs=188.185.211.216-9618+[2001-1458-303-17--100-54]-9618&alias=b9p24p1879.cern.ch&noUDP&sock=slot1_9_8406_898f_39939>
...
040 (7944174.361.000) 07/08 17:35:00 Finished transferring input files
...
001 (7944174.361.000) 07/08 17:35:00 Job executing on host: <188.185.211.216:9618?addrs=188.185.211.216-9618+[2001-1458-303-17--100-54]-9618&alias=b9p24p1879.cern.ch&noUDP&sock=startd_8239_d8e1>
	SlotName: slot1_9@b9p24p1879.cern.ch
	CondorScratchDir = "/pool/condor/dir_483137"
	Cpus = 1
	Disk = 10008820
	GPUs = 0
	Memory = 3000
...
006 (7944174.361.000) 07/08 17:35:10 Image size of job updated: 35188
	35  -  MemoryUsage of job (MB)
	35188  -  ResidentSetSize of job (KB)
...
006 (7944174.361.000) 07/08 17:35:19 Image size of job updated: 35188
	36  -  MemoryUsage of job (MB)
	36164  -  ResidentSetSize of job (KB)
...
040 (7944174.361.000) 07/08 17:35:19 Started transferring output files
...
040 (7944174.361.000) 07/08 17:35:19 Finished transferring output files
...
012 (7944174.361.000) 07/08 17:35:19 Job was held.
	Job held by ON_EXIT_HOLD due to exit code 1.
	Code 3 Subcode 0
...
013 (7944174.361.000) 07/08 17:46:03 Job was released.
	The job attribute PeriodicRelease expression '(NumJobStarts < 3) && ((CurrentTime - EnteredCurrentStatus) > 10 * 60)' evaluated to TRUE
...
040 (7944174.361.000) 07/08 17:46:55 Started transferring input files
	Transferring to host: <188.185.194.98:9618?addrs=188.185.194.98-9618+[2001-1458-303-21--100-5e]-9618&alias=b9p20p1491.cern.ch&noUDP&sock=slot1_18_5576_8bdc_24153>
...
040 (7944174.361.000) 07/08 17:46:55 Finished transferring input files
...
001 (7944174.361.000) 07/08 17:46:56 Job executing on host: <188.185.194.98:9618?addrs=188.185.194.98-9618+[2001-1458-303-21--100-5e]-9618&alias=b9p20p1491.cern.ch&noUDP&sock=startd_5032_1ca7>
	SlotName: slot1_18@b9p20p1491.cern.ch
	CondorScratchDir = "/pool/condor/dir_1587447"
	Cpus = 1
	Disk = 10002449
	GPUs = 0
	Memory = 3000
...
006 (7944174.361.000) 07/08 17:47:23 Image size of job updated: 203376
	37  -  MemoryUsage of job (MB)
	37500  -  ResidentSetSize of job (KB)
...
040 (7944174.361.000) 07/08 17:47:23 Started transferring output files
...
040 (7944174.361.000) 07/08 17:47:23 Finished transferring output files
...
012 (7944174.361.000) 07/08 17:47:23 Job was held.
	Job held by ON_EXIT_HOLD due to exit code 1.
	Code 3 Subcode 0
...
013 (7944174.361.000) 07/08 17:58:12 Job was released.
	The job attribute PeriodicRelease expression '(NumJobStarts < 3) && ((CurrentTime - EnteredCurrentStatus) > 10 * 60)' evaluated to TRUE
...
040 (7944174.361.000) 07/08 18:07:56 Started transferring input files
	Transferring to host: <188.185.210.154:9618?addrs=188.185.210.154-9618+[2001-1458-303-15--100-16]-9618&alias=b9p22p0702.cern.ch&noUDP&sock=slot1_9_7983_7ede_49578>
...
040 (7944174.361.000) 07/08 18:07:57 Finished transferring input files
...
001 (7944174.361.000) 07/08 18:07:57 Job executing on host: <188.185.210.154:9618?addrs=188.185.210.154-9618+[2001-1458-303-15--100-16]-9618&alias=b9p22p0702.cern.ch&noUDP&sock=startd_7431_a05b>
	SlotName: slot1_9@b9p22p0702.cern.ch
	CondorScratchDir = "/pool/condor/dir_766150"
	Cpus = 1
	Disk = 10021719
	GPUs = 0
	Memory = 3000
...
006 (7944174.361.000) 07/08 18:08:05 Image size of job updated: 225000
	66  -  MemoryUsage of job (MB)
	67296  -  ResidentSetSize of job (KB)
...
006 (7944174.361.000) 07/08 18:08:24 Image size of job updated: 425932
	416  -  MemoryUsage of job (MB)
	425932  -  ResidentSetSize of job (KB)
...
040 (7944174.361.000) 07/08 18:08:24 Started transferring output files
...
040 (7944174.361.000) 07/08 18:08:24 Finished transferring output files
...
012 (7944174.361.000) 07/08 18:08:25 Job was held.
	Job held by ON_EXIT_HOLD due to exit code 1.
	Code 3 Subcode 0
...
