000 (7944174.362.000) 07/08 17:29:05 Job submitted from host: <188.185.16.120:9618?addrs=188.185.16.120-9618+[2001-1458-d00-65--100-39b]-9618&alias=bigbird27.cern.ch&noUDP&sock=schedd_4465_3274>
...
040 (7944174.362.000) 07/08 17:33:08 Started transferring input files
	Transferring to host: <188.185.210.173:9618?addrs=188.185.210.173-9618+[2001-1458-303-15--100-29]-9618&alias=b9p22p6887.cern.ch&noUDP&sock=slot1_6_7609_fa8e_49810>
...
040 (7944174.362.000) 07/08 17:33:09 Finished transferring input files
...
001 (7944174.362.000) 07/08 17:33:09 Job executing on host: <188.185.210.173:9618?addrs=188.185.210.173-9618+[2001-1458-303-15--100-29]-9618&alias=b9p22p6887.cern.ch&noUDP&sock=startd_6445_4ff9>
	SlotName: slot1_6@b9p22p6887.cern.ch
	CondorScratchDir = "/pool/condor/dir_2361595"
	Cpus = 1
	Disk = 10027696
	GPUs = 0
	Memory = 3000
...
006 (7944174.362.000) 07/08 17:33:18 Image size of job updated: 47640
	47  -  MemoryUsage of job (MB)
	47640  -  ResidentSetSize of job (KB)
...
006 (7944174.362.000) 07/08 17:33:42 Image size of job updated: 424284
	415  -  MemoryUsage of job (MB)
	424284  -  ResidentSetSize of job (KB)
...
040 (7944174.362.000) 07/08 17:33:42 Started transferring output files
...
040 (7944174.362.000) 07/08 17:33:42 Finished transferring output files
...
012 (7944174.362.000) 07/08 17:33:42 Job was held.
	Job held by ON_EXIT_HOLD due to exit code 1.
	Code 3 Subcode 0
...
013 (7944174.362.000) 07/08 17:46:03 Job was released.
	The job attribute PeriodicRelease expression '(NumJobStarts < 3) && ((CurrentTime - EnteredCurrentStatus) > 10 * 60)' evaluated to TRUE
...
040 (7944174.362.000) 07/08 17:46:56 Started transferring input files
	Transferring to host: <188.185.193.62:9618?addrs=188.185.193.62-9618+[2001-1458-303-20--100-3a]-9618&alias=b9p19p6922.cern.ch&noUDP&sock=slot1_8_2371690_e875_21619>
...
040 (7944174.362.000) 07/08 17:46:57 Finished transferring input files
...
001 (7944174.362.000) 07/08 17:46:57 Job executing on host: <188.185.193.62:9618?addrs=188.185.193.62-9618+[2001-1458-303-20--100-3a]-9618&alias=b9p19p6922.cern.ch&noUDP&sock=startd_3537_aa91>
	SlotName: slot1_8@b9p19p6922.cern.ch
	CondorScratchDir = "/pool/condor/dir_47522"
	Cpus = 1
	Disk = 10003286
	GPUs = 0
	Memory = 3000
...
040 (7944174.362.000) 07/08 17:47:30 Started transferring output files
...
040 (7944174.362.000) 07/08 17:47:30 Finished transferring output files
...
012 (7944174.362.000) 07/08 17:47:30 Job was held.
	Job held by ON_EXIT_HOLD due to exit code 1.
	Code 3 Subcode 0
...
013 (7944174.362.000) 07/08 17:58:12 Job was released.
	The job attribute PeriodicRelease expression '(NumJobStarts < 3) && ((CurrentTime - EnteredCurrentStatus) > 10 * 60)' evaluated to TRUE
...
040 (7944174.362.000) 07/08 18:07:55 Started transferring input files
	Transferring to host: <188.185.210.232:9618?addrs=188.185.210.232-9618+[2001-1458-303-15--100-64]-9618&alias=b9p22p3068.cern.ch&noUDP&sock=slot1_21_6474_44c0_48735>
...
040 (7944174.362.000) 07/08 18:07:56 Finished transferring input files
...
001 (7944174.362.000) 07/08 18:07:56 Job executing on host: <188.185.210.232:9618?addrs=188.185.210.232-9618+[2001-1458-303-15--100-64]-9618&alias=b9p22p3068.cern.ch&noUDP&sock=startd_6098_4c9c>
	SlotName: slot1_21@b9p22p3068.cern.ch
	CondorScratchDir = "/pool/condor/dir_535450"
	Cpus = 1
	Disk = 10001066
	GPUs = 0
	Memory = 3000
...
006 (7944174.362.000) 07/08 18:08:17 Image size of job updated: 426264
	417  -  MemoryUsage of job (MB)
	426264  -  ResidentSetSize of job (KB)
...
040 (7944174.362.000) 07/08 18:08:17 Started transferring output files
...
040 (7944174.362.000) 07/08 18:08:17 Finished transferring output files
...
012 (7944174.362.000) 07/08 18:08:17 Job was held.
	Job held by ON_EXIT_HOLD due to exit code 1.
	Code 3 Subcode 0
...
