000 (7944174.363.000) 07/08 17:29:05 Job submitted from host: <188.185.16.120:9618?addrs=188.185.16.120-9618+[2001-1458-d00-65--100-39b]-9618&alias=bigbird27.cern.ch&noUDP&sock=schedd_4465_3274>
...
040 (7944174.363.000) 07/08 17:33:08 Started transferring input files
	Transferring to host: <188.185.210.104:9618?addrs=188.185.210.104-9618+[2001-1458-303-1--100-64]-9618&alias=b9p21p5559.cern.ch&noUDP&sock=slot1_11_1402425_081e_26087>
...
040 (7944174.363.000) 07/08 17:33:09 Finished transferring input files
...
001 (7944174.363.000) 07/08 17:33:09 Job executing on host: <188.185.210.104:9618?addrs=188.185.210.104-9618+[2001-1458-303-1--100-64]-9618&alias=b9p21p5559.cern.ch&noUDP&sock=startd_1402370_c11c>
	SlotName: slot1_11@b9p21p5559.cern.ch
	CondorScratchDir = "/pool/condor/dir_3481347"
	Cpus = 1
	Disk = 10027761
	GPUs = 0
	Memory = 3000
...
006 (7944174.363.000) 07/08 17:33:18 Image size of job updated: 47380
	47  -  MemoryUsage of job (MB)
	47380  -  ResidentSetSize of job (KB)
...
006 (7944174.363.000) 07/08 17:33:41 Image size of job updated: 408164
	399  -  MemoryUsage of job (MB)
	408164  -  ResidentSetSize of job (KB)
...
040 (7944174.363.000) 07/08 17:33:41 Started transferring output files
...
040 (7944174.363.000) 07/08 17:33:41 Finished transferring output files
...
012 (7944174.363.000) 07/08 17:33:41 Job was held.
	Job held by ON_EXIT_HOLD due to exit code 1.
	Code 3 Subcode 0
...
013 (7944174.363.000) 07/08 17:46:03 Job was released.
	The job attribute PeriodicRelease expression '(NumJobStarts < 3) && ((CurrentTime - EnteredCurrentStatus) > 10 * 60)' evaluated to TRUE
...
040 (7944174.363.000) 07/08 17:46:56 Started transferring input files
	Transferring to host: <188.185.196.44:9618?addrs=188.185.196.44-9618+[2001-1458-303-23--100-28]-9618&alias=b9p16p6930.cern.ch&noUDP&sock=slot1_17_6924_5593_39547>
...
040 (7944174.363.000) 07/08 17:46:57 Finished transferring input files
...
001 (7944174.363.000) 07/08 17:46:57 Job executing on host: <188.185.196.44:9618?addrs=188.185.196.44-9618+[2001-1458-303-23--100-28]-9618&alias=b9p16p6930.cern.ch&noUDP&sock=startd_6406_8fc8>
	SlotName: slot1_17@b9p16p6930.cern.ch
	CondorScratchDir = "/pool/condor/dir_1804238"
	Cpus = 1
	Disk = 10003078
	GPUs = 0
	Memory = 3000
...
040 (7944174.363.000) 07/08 17:47:35 Started transferring output files
...
040 (7944174.363.000) 07/08 17:47:35 Finished transferring output files
...
012 (7944174.363.000) 07/08 17:47:35 Job was held.
	Job held by ON_EXIT_HOLD due to exit code 1.
	Code 3 Subcode 0
...
013 (7944174.363.000) 07/08 17:58:12 Job was released.
	The job attribute PeriodicRelease expression '(NumJobStarts < 3) && ((CurrentTime - EnteredCurrentStatus) > 10 * 60)' evaluated to TRUE
...
040 (7944174.363.000) 07/08 18:07:56 Started transferring input files
	Transferring to host: <128.142.161.117:9618?addrs=128.142.161.117-9618+[2001-1458-301-b8--100-33]-9618&alias=b9g03p0247.cern.ch&noUDP&sock=slot1_7_3764868_d782_10603>
...
040 (7944174.363.000) 07/08 18:07:57 Finished transferring input files
...
001 (7944174.363.000) 07/08 18:07:57 Job executing on host: <128.142.161.117:9618?addrs=128.142.161.117-9618+[2001-1458-301-b8--100-33]-9618&alias=b9g03p0247.cern.ch&noUDP&sock=startd_3954_b18f>
	SlotName: slot1_7@b9g03p0247.cern.ch
	CondorScratchDir = "/pool/condor/dir_1031775"
	Cpus = 1
	Disk = 10003119
	GPUs = 0
	Memory = 3000
...
040 (7944174.363.000) 07/08 18:09:00 Started transferring output files
...
040 (7944174.363.000) 07/08 18:09:00 Finished transferring output files
...
012 (7944174.363.000) 07/08 18:09:00 Job was held.
	Job held by ON_EXIT_HOLD due to exit code 1.
	Code 3 Subcode 0
...
