000 (7944174.364.000) 07/08 17:29:05 Job submitted from host: <188.185.16.120:9618?addrs=188.185.16.120-9618+[2001-1458-d00-65--100-39b]-9618&alias=bigbird27.cern.ch&noUDP&sock=schedd_4465_3274>
...
040 (7944174.364.000) 07/08 17:33:08 Started transferring input files
	Transferring to host: <188.185.210.226:9618?addrs=188.185.210.226-9618+[2001-1458-303-15--100-5e]-9618&alias=b9p22p4931.cern.ch&noUDP&sock=slot1_27_8418_fe0f_40696>
...
040 (7944174.364.000) 07/08 17:33:09 Finished transferring input files
...
001 (7944174.364.000) 07/08 17:33:09 Job executing on host: <188.185.210.226:9618?addrs=188.185.210.226-9618+[2001-1458-303-15--100-5e]-9618&alias=b9p22p4931.cern.ch&noUDP&sock=startd_8292_3366>
	SlotName: slot1_27@b9p22p4931.cern.ch
	CondorScratchDir = "/pool/condor/dir_599037"
	Cpus = 1
	Disk = 10002181
	GPUs = 0
	Memory = 3000
...
006 (7944174.364.000) 07/08 17:33:17 Image size of job updated: 58168
	57  -  MemoryUsage of job (MB)
	58168  -  ResidentSetSize of job (KB)
...
006 (7944174.364.000) 07/08 17:33:39 Image size of job updated: 408572
	399  -  MemoryUsage of job (MB)
	408572  -  ResidentSetSize of job (KB)
...
040 (7944174.364.000) 07/08 17:33:39 Started transferring output files
...
040 (7944174.364.000) 07/08 17:33:39 Finished transferring output files
...
012 (7944174.364.000) 07/08 17:33:39 Job was held.
	Job held by ON_EXIT_HOLD due to exit code 1.
	Code 3 Subcode 0
...
013 (7944174.364.000) 07/08 17:46:03 Job was released.
	The job attribute PeriodicRelease expression '(NumJobStarts < 3) && ((CurrentTime - EnteredCurrentStatus) > 10 * 60)' evaluated to TRUE
...
040 (7944174.364.000) 07/08 17:46:56 Started transferring input files
	Transferring to host: <188.185.193.161:9618?addrs=188.185.193.161-9618+[2001-1458-303-20--100-9d]-9618&alias=b9p19p1320.cern.ch&noUDP&sock=slot1_23_4179_3bc3_24338>
...
040 (7944174.364.000) 07/08 17:46:57 Finished transferring input files
...
001 (7944174.364.000) 07/08 17:46:57 Job executing on host: <188.185.193.161:9618?addrs=188.185.193.161-9618+[2001-1458-303-20--100-9d]-9618&alias=b9p19p1320.cern.ch&noUDP&sock=startd_3547_8683>
	SlotName: slot1_23@b9p19p1320.cern.ch
	CondorScratchDir = "/pool/condor/dir_806208"
	Cpus = 1
	Disk = 10002456
	GPUs = 0
	Memory = 3000
...
040 (7944174.364.000) 07/08 17:47:32 Started transferring output files
...
040 (7944174.364.000) 07/08 17:47:32 Finished transferring output files
...
012 (7944174.364.000) 07/08 17:47:32 Job was held.
	Job held by ON_EXIT_HOLD due to exit code 1.
	Code 3 Subcode 0
...
013 (7944174.364.000) 07/08 17:58:12 Job was released.
	The job attribute PeriodicRelease expression '(NumJobStarts < 3) && ((CurrentTime - EnteredCurrentStatus) > 10 * 60)' evaluated to TRUE
...
040 (7944174.364.000) 07/08 18:07:57 Started transferring input files
	Transferring to host: <188.185.210.148:9618?addrs=188.185.210.148-9618+[2001-1458-303-15--100-10]-9618&alias=b9p22p2244.cern.ch&noUDP&sock=slot1_9_8413_782f_47785>
...
040 (7944174.364.000) 07/08 18:07:58 Finished transferring input files
...
001 (7944174.364.000) 07/08 18:07:58 Job executing on host: <188.185.210.148:9618?addrs=188.185.210.148-9618+[2001-1458-303-15--100-10]-9618&alias=b9p22p2244.cern.ch&noUDP&sock=startd_8348_9cb3>
	SlotName: slot1_9@b9p22p2244.cern.ch
	CondorScratchDir = "/pool/condor/dir_1010805"
	Cpus = 1
	Disk = 10001451
	GPUs = 0
	Memory = 3000
...
040 (7944174.364.000) 07/08 18:08:31 Started transferring output files
...
040 (7944174.364.000) 07/08 18:08:31 Finished transferring output files
...
012 (7944174.364.000) 07/08 18:08:31 Job was held.
	Job held by ON_EXIT_HOLD due to exit code 1.
	Code 3 Subcode 0
...
