000 (7944174.365.000) 07/08 17:29:05 Job submitted from host: <188.185.16.120:9618?addrs=188.185.16.120-9618+[2001-1458-d00-65--100-39b]-9618&alias=bigbird27.cern.ch&noUDP&sock=schedd_4465_3274>
...
040 (7944174.365.000) 07/08 17:33:08 Started transferring input files
	Transferring to host: <188.185.214.53:9618?addrs=188.185.214.53-9618+[2001-1458-303-1c--100-31]-9618&alias=b9p29p4388.cern.ch&noUDP&sock=slot1_14_7664_bb31_50281>
...
040 (7944174.365.000) 07/08 17:33:09 Finished transferring input files
...
001 (7944174.365.000) 07/08 17:33:09 Job executing on host: <188.185.214.53:9618?addrs=188.185.214.53-9618+[2001-1458-303-1c--100-31]-9618&alias=b9p29p4388.cern.ch&noUDP&sock=startd_6527_8ebd>
	SlotName: slot1_14@b9p29p4388.cern.ch
	CondorScratchDir = "/pool/condor/dir_759473"
	Cpus = 1
	Disk = 10016374
	GPUs = 0
	Memory = 3000
...
006 (7944174.365.000) 07/08 17:33:22 Image size of job updated: 26708
	27  -  MemoryUsage of job (MB)
	26708  -  ResidentSetSize of job (KB)
...
006 (7944174.365.000) 07/08 17:33:36 Image size of job updated: 209300
	29  -  MemoryUsage of job (MB)
	29260  -  ResidentSetSize of job (KB)
...
040 (7944174.365.000) 07/08 17:33:36 Started transferring output files
...
040 (7944174.365.000) 07/08 17:33:36 Finished transferring output files
...
012 (7944174.365.000) 07/08 17:33:36 Job was held.
	Job held by ON_EXIT_HOLD due to exit code 1.
	Code 3 Subcode 0
...
013 (7944174.365.000) 07/08 17:46:03 Job was released.
	The job attribute PeriodicRelease expression '(NumJobStarts < 3) && ((CurrentTime - EnteredCurrentStatus) > 10 * 60)' evaluated to TRUE
...
040 (7944174.365.000) 07/08 17:46:57 Started transferring input files
	Transferring to host: <188.185.195.26:9618?addrs=188.185.195.26-9618+[2001-1458-303-22--100-16]-9618&alias=b9p17p1611.cern.ch&noUDP&sock=slot1_21_6103_dd91_39771>
...
040 (7944174.365.000) 07/08 17:46:58 Finished transferring input files
...
001 (7944174.365.000) 07/08 17:46:58 Job executing on host: <188.185.195.26:9618?addrs=188.185.195.26-9618+[2001-1458-303-22--100-16]-9618&alias=b9p17p1611.cern.ch&noUDP&sock=startd_5474_4983>
	SlotName: slot1_21@b9p17p1611.cern.ch
	CondorScratchDir = "/pool/condor/dir_2562469"
	Cpus = 1
	Disk = 10004428
	GPUs = 0
	Memory = 3000
...
006 (7944174.365.000) 07/08 17:47:07 Image size of job updated: 225000
	38  -  MemoryUsage of job (MB)
	38140  -  ResidentSetSize of job (KB)
...
006 (7944174.365.000) 07/08 17:47:36 Image size of job updated: 425260
	416  -  MemoryUsage of job (MB)
	425260  -  ResidentSetSize of job (KB)
...
040 (7944174.365.000) 07/08 17:47:36 Started transferring output files
...
040 (7944174.365.000) 07/08 17:47:36 Finished transferring output files
...
012 (7944174.365.000) 07/08 17:47:36 Job was held.
	Job held by ON_EXIT_HOLD due to exit code 1.
	Code 3 Subcode 0
...
013 (7944174.365.000) 07/08 17:58:12 Job was released.
	The job attribute PeriodicRelease expression '(NumJobStarts < 3) && ((CurrentTime - EnteredCurrentStatus) > 10 * 60)' evaluated to TRUE
...
040 (7944174.365.000) 07/08 18:08:47 Started transferring input files
	Transferring to host: <128.142.192.200:9618?addrs=128.142.192.200-9618+[2001-1458-301-56--100-44]-9618&alias=b9g18p0307.cern.ch&noUDP&sock=slot1_13_3741_9f71_106169>
...
040 (7944174.365.000) 07/08 18:08:49 Finished transferring input files
...
001 (7944174.365.000) 07/08 18:08:49 Job executing on host: <128.142.192.200:9618?addrs=128.142.192.200-9618+[2001-1458-301-56--100-44]-9618&alias=b9g18p0307.cern.ch&noUDP&sock=startd_3045_31f8>
	SlotName: slot1_13@b9g18p0307.cern.ch
	CondorScratchDir = "/pool/condor/dir_4134145"
	Cpus = 1
	Disk = 10105863
	GPUs = 0
	Memory = 3000
...
040 (7944174.365.000) 07/08 18:10:19 Started transferring output files
...
040 (7944174.365.000) 07/08 18:10:19 Finished transferring output files
...
012 (7944174.365.000) 07/08 18:10:19 Job was held.
	Job held by ON_EXIT_HOLD due to exit code 1.
	Code 3 Subcode 0
...
