000 (7944174.369.000) 07/08 17:29:05 Job submitted from host: <188.185.16.120:9618?addrs=188.185.16.120-9618+[2001-1458-d00-65--100-39b]-9618&alias=bigbird27.cern.ch&noUDP&sock=schedd_4465_3274>
...
040 (7944174.369.000) 07/08 17:33:10 Started transferring input files
	Transferring to host: <188.185.210.221:9618?addrs=188.185.210.221-9618+[2001-1458-303-15--100-59]-9618&alias=b9p22p0818.cern.ch&noUDP&sock=slot1_15_7902_6c7a_48403>
...
040 (7944174.369.000) 07/08 17:33:11 Finished transferring input files
...
001 (7944174.369.000) 07/08 17:33:11 Job executing on host: <188.185.210.221:9618?addrs=188.185.210.221-9618+[2001-1458-303-15--100-59]-9618&alias=b9p22p0818.cern.ch&noUDP&sock=startd_7462_e3ca>
	SlotName: slot1_15@b9p22p0818.cern.ch
	CondorScratchDir = "/pool/condor/dir_3153342"
	Cpus = 1
	Disk = 10002120
	GPUs = 0
	Memory = 3000
...
006 (7944174.369.000) 07/08 17:33:19 Image size of job updated: 64600
	64  -  MemoryUsage of job (MB)
	64600  -  ResidentSetSize of job (KB)
...
006 (7944174.369.000) 07/08 17:33:38 Image size of job updated: 425232
	416  -  MemoryUsage of job (MB)
	425232  -  ResidentSetSize of job (KB)
...
040 (7944174.369.000) 07/08 17:33:38 Started transferring output files
...
040 (7944174.369.000) 07/08 17:33:38 Finished transferring output files
...
012 (7944174.369.000) 07/08 17:33:38 Job was held.
	Job held by ON_EXIT_HOLD due to exit code 1.
	Code 3 Subcode 0
...
013 (7944174.369.000) 07/08 17:46:03 Job was released.
	The job attribute PeriodicRelease expression '(NumJobStarts < 3) && ((CurrentTime - EnteredCurrentStatus) > 10 * 60)' evaluated to TRUE
...
040 (7944174.369.000) 07/08 17:47:47 Started transferring input files
	Transferring to host: <128.142.248.240:9618?addrs=128.142.248.240-9618+[2001-1458-301-73--100-ef]-9618&alias=b9g23p3798.cern.ch&noUDP&sock=slot1_9_6929_db73_46692>
...
040 (7944174.369.000) 07/08 17:47:48 Finished transferring input files
...
001 (7944174.369.000) 07/08 17:47:48 Job executing on host: <128.142.248.240:9618?addrs=128.142.248.240-9618+[2001-1458-301-73--100-ef]-9618&alias=b9g23p3798.cern.ch&noUDP&sock=startd_6200_4345>
	SlotName: slot1_9@b9g23p3798.cern.ch
	CondorScratchDir = "/pool/condor/dir_452844"
	Cpus = 1
	Disk = 10014810
	GPUs = 0
	Memory = 3000
...
040 (7944174.369.000) 07/08 17:48:10 Started transferring output files
...
040 (7944174.369.000) 07/08 17:48:10 Finished transferring output files
...
012 (7944174.369.000) 07/08 17:48:10 Job was held.
	Job held by ON_EXIT_HOLD due to exit code 1.
	Code 3 Subcode 0
...
013 (7944174.369.000) 07/08 17:58:12 Job was released.
	The job attribute PeriodicRelease expression '(NumJobStarts < 3) && ((CurrentTime - EnteredCurrentStatus) > 10 * 60)' evaluated to TRUE
...
040 (7944174.369.000) 07/08 18:15:12 Started transferring input files
	Transferring to host: <188.185.198.132:9618?addrs=188.185.198.132-9618+[2001-1458-303-25--100-80]-9618&alias=b9p15p3661.cern.ch&noUDP&sock=slot1_15_1236437_7840_31392>
...
040 (7944174.369.000) 07/08 18:15:13 Finished transferring input files
...
001 (7944174.369.000) 07/08 18:15:13 Job executing on host: <188.185.198.132:9618?addrs=188.185.198.132-9618+[2001-1458-303-25--100-80]-9618&alias=b9p15p3661.cern.ch&noUDP&sock=startd_1236392_a6dc>
	SlotName: slot1_15@b9p15p3661.cern.ch
	CondorScratchDir = "/pool/condor/dir_14318"
	Cpus = 1
	Disk = 10027486
	GPUs = 0
	Memory = 3000
...
040 (7944174.369.000) 07/08 18:15:33 Started transferring output files
...
040 (7944174.369.000) 07/08 18:15:33 Finished transferring output files
...
012 (7944174.369.000) 07/08 18:15:33 Job was held.
	Job held by ON_EXIT_HOLD due to exit code 1.
	Code 3 Subcode 0
...
