000 (7944174.370.000) 07/08 17:29:05 Job submitted from host: <188.185.16.120:9618?addrs=188.185.16.120-9618+[2001-1458-d00-65--100-39b]-9618&alias=bigbird27.cern.ch&noUDP&sock=schedd_4465_3274>
...
040 (7944174.370.000) 07/08 17:33:10 Started transferring input files
	Transferring to host: <188.185.214.57:9618?addrs=188.185.214.57-9618+[2001-1458-303-1c--100-35]-9618&alias=b9p29p2773.cern.ch&noUDP&sock=slot1_21_1637338_7dcf_26167>
...
040 (7944174.370.000) 07/08 17:33:11 Finished transferring input files
...
001 (7944174.370.000) 07/08 17:33:11 Job executing on host: <188.185.214.57:9618?addrs=188.185.214.57-9618+[2001-1458-303-1c--100-35]-9618&alias=b9p29p2773.cern.ch&noUDP&sock=startd_1637158_cb23>
	SlotName: slot1_21@b9p29p2773.cern.ch
	CondorScratchDir = "/pool/condor/dir_2630870"
	Cpus = 1
	Disk = 10003083
	GPUs = 0
	Memory = 3000
...
006 (7944174.370.000) 07/08 17:33:19 Image size of job updated: 67440
	66  -  MemoryUsage of job (MB)
	67440  -  ResidentSetSize of job (KB)
...
006 (7944174.370.000) 07/08 17:33:38 Image size of job updated: 425544
	416  -  MemoryUsage of job (MB)
	425544  -  ResidentSetSize of job (KB)
...
040 (7944174.370.000) 07/08 17:33:38 Started transferring output files
...
040 (7944174.370.000) 07/08 17:33:38 Finished transferring output files
...
012 (7944174.370.000) 07/08 17:33:38 Job was held.
	Job held by ON_EXIT_HOLD due to exit code 1.
	Code 3 Subcode 0
...
013 (7944174.370.000) 07/08 17:46:03 Job was released.
	The job attribute PeriodicRelease expression '(NumJobStarts < 3) && ((CurrentTime - EnteredCurrentStatus) > 10 * 60)' evaluated to TRUE
...
040 (7944174.370.000) 07/08 17:47:00 Started transferring input files
	Transferring to host: <188.185.192.111:9618?addrs=188.185.192.111-9618+[2001-1458-303-1f--100-6b]-9618&alias=b9p13p6936.cern.ch&noUDP&sock=slot1_26_8831_fd00_41427>
...
040 (7944174.370.000) 07/08 17:47:00 Finished transferring input files
...
001 (7944174.370.000) 07/08 17:47:00 Job executing on host: <188.185.192.111:9618?addrs=188.185.192.111-9618+[2001-1458-303-1f--100-6b]-9618&alias=b9p13p6936.cern.ch&noUDP&sock=startd_8782_4cce>
	SlotName: slot1_26@b9p13p6936.cern.ch
	CondorScratchDir = "/pool/condor/dir_3535219"
	Cpus = 1
	Disk = 10004031
	GPUs = 0
	Memory = 3000
...
040 (7944174.370.000) 07/08 17:47:31 Started transferring output files
...
040 (7944174.370.000) 07/08 17:47:31 Finished transferring output files
...
012 (7944174.370.000) 07/08 17:47:31 Job was held.
	Job held by ON_EXIT_HOLD due to exit code 1.
	Code 3 Subcode 0
...
013 (7944174.370.000) 07/08 17:58:12 Job was released.
	The job attribute PeriodicRelease expression '(NumJobStarts < 3) && ((CurrentTime - EnteredCurrentStatus) > 10 * 60)' evaluated to TRUE
...
040 (7944174.370.000) 07/08 18:15:13 Started transferring input files
	Transferring to host: <128.142.161.83:9618?addrs=128.142.161.83-9618+[2001-1458-301-b8--100-11]-9618&alias=b9g03p4706.cern.ch&noUDP&sock=slot1_11_7752_bc34_17576>
...
040 (7944174.370.000) 07/08 18:15:14 Finished transferring input files
...
001 (7944174.370.000) 07/08 18:15:14 Job executing on host: <128.142.161.83:9618?addrs=128.142.161.83-9618+[2001-1458-301-b8--100-11]-9618&alias=b9g03p4706.cern.ch&noUDP&sock=startd_6311_6648>
	SlotName: slot1_11@b9g03p4706.cern.ch
	CondorScratchDir = "/pool/condor/dir_1384181"
	Cpus = 1
	Disk = 10070844
	GPUs = 0
	Memory = 3000
...
040 (7944174.370.000) 07/08 18:15:36 Started transferring output files
...
040 (7944174.370.000) 07/08 18:15:36 Finished transferring output files
...
012 (7944174.370.000) 07/08 18:15:36 Job was held.
	Job held by ON_EXIT_HOLD due to exit code 1.
	Code 3 Subcode 0
...
