000 (7944174.371.000) 07/08 17:29:05 Job submitted from host: <188.185.16.120:9618?addrs=188.185.16.120-9618+[2001-1458-d00-65--100-39b]-9618&alias=bigbird27.cern.ch&noUDP&sock=schedd_4465_3274>
...
040 (7944174.371.000) 07/08 17:33:10 Started transferring input files
	Transferring to host: <188.185.210.232:9618?addrs=188.185.210.232-9618+[2001-1458-303-15--100-64]-9618&alias=b9p22p3068.cern.ch&noUDP&sock=slot1_18_6474_44c0_48705>
...
040 (7944174.371.000) 07/08 17:33:11 Finished transferring input files
...
001 (7944174.371.000) 07/08 17:33:11 Job executing on host: <188.185.210.232:9618?addrs=188.185.210.232-9618+[2001-1458-303-15--100-64]-9618&alias=b9p22p3068.cern.ch&noUDP&sock=startd_6098_4c9c>
	SlotName: slot1_18@b9p22p3068.cern.ch
	CondorScratchDir = "/pool/condor/dir_446180"
	Cpus = 1
	Disk = 10002693
	GPUs = 0
	Memory = 3000
...
006 (7944174.371.000) 07/08 17:33:19 Image size of job updated: 56992
	56  -  MemoryUsage of job (MB)
	56992  -  ResidentSetSize of job (KB)
...
006 (7944174.371.000) 07/08 17:33:34 Image size of job updated: 426624
	417  -  MemoryUsage of job (MB)
	426624  -  ResidentSetSize of job (KB)
...
040 (7944174.371.000) 07/08 17:33:34 Started transferring output files
...
040 (7944174.371.000) 07/08 17:33:34 Finished transferring output files
...
012 (7944174.371.000) 07/08 17:33:34 Job was held.
	Job held by ON_EXIT_HOLD due to exit code 1.
	Code 3 Subcode 0
...
013 (7944174.371.000) 07/08 17:46:03 Job was released.
	The job attribute PeriodicRelease expression '(NumJobStarts < 3) && ((CurrentTime - EnteredCurrentStatus) > 10 * 60)' evaluated to TRUE
...
040 (7944174.371.000) 07/08 17:46:58 Started transferring input files
	Transferring to host: <188.185.194.175:9618?addrs=188.185.194.175-9618+[2001-1458-303-21--100-ab]-9618&alias=b9p20p2191.cern.ch&noUDP&sock=slot1_2_4411_b2cc_24668>
...
040 (7944174.371.000) 07/08 17:46:58 Finished transferring input files
...
001 (7944174.371.000) 07/08 17:46:58 Job executing on host: <188.185.194.175:9618?addrs=188.185.194.175-9618+[2001-1458-303-21--100-ab]-9618&alias=b9p20p2191.cern.ch&noUDP&sock=startd_3757_9167>
	SlotName: slot1_2@b9p20p2191.cern.ch
	CondorScratchDir = "/pool/condor/dir_987720"
	Cpus = 1
	Disk = 10002229
	GPUs = 0
	Memory = 3000
...
040 (7944174.371.000) 07/08 17:47:27 Started transferring output files
...
040 (7944174.371.000) 07/08 17:47:27 Finished transferring output files
...
012 (7944174.371.000) 07/08 17:47:27 Job was held.
	Job held by ON_EXIT_HOLD due to exit code 1.
	Code 3 Subcode 0
...
013 (7944174.371.000) 07/08 17:58:12 Job was released.
	The job attribute PeriodicRelease expression '(NumJobStarts < 3) && ((CurrentTime - EnteredCurrentStatus) > 10 * 60)' evaluated to TRUE
...
040 (7944174.371.000) 07/08 18:07:59 Started transferring input files
	Transferring to host: <188.185.214.29:9618?addrs=188.185.214.29-9618+[2001-1458-303-1c--100-19]-9618&alias=b9p29p6384.cern.ch&noUDP&sock=slot1_7_8386_720e_40229>
...
040 (7944174.371.000) 07/08 18:07:59 Finished transferring input files
...
001 (7944174.371.000) 07/08 18:07:59 Job executing on host: <188.185.214.29:9618?addrs=188.185.214.29-9618+[2001-1458-303-1c--100-19]-9618&alias=b9p29p6384.cern.ch&noUDP&sock=startd_8322_c73d>
	SlotName: slot1_7@b9p29p6384.cern.ch
	CondorScratchDir = "/pool/condor/dir_1082537"
	Cpus = 1
	Disk = 10002959
	GPUs = 0
	Memory = 3000
...
040 (7944174.371.000) 07/08 18:08:18 Started transferring output files
...
040 (7944174.371.000) 07/08 18:08:18 Finished transferring output files
...
012 (7944174.371.000) 07/08 18:08:18 Job was held.
	Job held by ON_EXIT_HOLD due to exit code 1.
	Code 3 Subcode 0
...
