000 (7944174.373.000) 07/08 17:29:05 Job submitted from host: <188.185.16.120:9618?addrs=188.185.16.120-9618+[2001-1458-d00-65--100-39b]-9618&alias=bigbird27.cern.ch&noUDP&sock=schedd_4465_3274>
...
040 (7944174.373.000) 07/08 17:33:11 Started transferring input files
	Transferring to host: <188.185.210.101:9618?addrs=188.185.210.101-9618+[2001-1458-303-1--100-61]-9618&alias=b9p21p0502.cern.ch&noUDP&sock=slot1_11_8872_e062_50348>
...
040 (7944174.373.000) 07/08 17:33:12 Finished transferring input files
...
001 (7944174.373.000) 07/08 17:33:12 Job executing on host: <188.185.210.101:9618?addrs=188.185.210.101-9618+[2001-1458-303-1--100-61]-9618&alias=b9p21p0502.cern.ch&noUDP&sock=startd_7738_33ee>
	SlotName: slot1_11@b9p21p0502.cern.ch
	CondorScratchDir = "/pool/condor/dir_416282"
	Cpus = 1
	Disk = 10022462
	GPUs = 0
	Memory = 3000
...
006 (7944174.373.000) 07/08 17:33:26 Image size of job updated: 26368
	26  -  MemoryUsage of job (MB)
	26368  -  ResidentSetSize of job (KB)
...
006 (7944174.373.000) 07/08 17:33:48 Image size of job updated: 209864
	26  -  MemoryUsage of job (MB)
	26624  -  ResidentSetSize of job (KB)
...
040 (7944174.373.000) 07/08 17:33:48 Started transferring output files
...
040 (7944174.373.000) 07/08 17:33:48 Finished transferring output files
...
012 (7944174.373.000) 07/08 17:33:48 Job was held.
	Job held by ON_EXIT_HOLD due to exit code 1.
	Code 3 Subcode 0
...
013 (7944174.373.000) 07/08 17:46:03 Job was released.
	The job attribute PeriodicRelease expression '(NumJobStarts < 3) && ((CurrentTime - EnteredCurrentStatus) > 10 * 60)' evaluated to TRUE
...
040 (7944174.373.000) 07/08 17:46:58 Started transferring input files
	Transferring to host: <188.185.194.115:9618?addrs=188.185.194.115-9618+[2001-1458-303-21--100-6f]-9618&alias=b9p20p3147.cern.ch&noUDP&sock=slot1_4_5847_7d87_24597>
...
040 (7944174.373.000) 07/08 17:46:59 Finished transferring input files
...
001 (7944174.373.000) 07/08 17:46:59 Job executing on host: <188.185.194.115:9618?addrs=188.185.194.115-9618+[2001-1458-303-21--100-6f]-9618&alias=b9p20p3147.cern.ch&noUDP&sock=startd_5314_8a5c>
	SlotName: slot1_4@b9p20p3147.cern.ch
	CondorScratchDir = "/pool/condor/dir_2671485"
	Cpus = 1
	Disk = 10000259
	GPUs = 0
	Memory = 3000
...
006 (7944174.373.000) 07/08 17:47:12 Image size of job updated: 225000
	93  -  MemoryUsage of job (MB)
	94932  -  ResidentSetSize of job (KB)
...
006 (7944174.373.000) 07/08 17:47:17 Image size of job updated: 225000
	94  -  MemoryUsage of job (MB)
	95812  -  ResidentSetSize of job (KB)
...
040 (7944174.373.000) 07/08 17:47:17 Started transferring output files
...
040 (7944174.373.000) 07/08 17:47:17 Finished transferring output files
...
012 (7944174.373.000) 07/08 17:47:17 Job was held.
	Job held by ON_EXIT_HOLD due to exit code 1.
	Code 3 Subcode 0
...
013 (7944174.373.000) 07/08 17:58:12 Job was released.
	The job attribute PeriodicRelease expression '(NumJobStarts < 3) && ((CurrentTime - EnteredCurrentStatus) > 10 * 60)' evaluated to TRUE
...
040 (7944174.373.000) 07/08 18:07:59 Started transferring input files
	Transferring to host: <188.185.213.141:9618?addrs=188.185.213.141-9618+[2001-1458-303-1b--100-9]-9618&alias=b9p28p0413.cern.ch&noUDP&sock=slot1_9_1590473_dbfd_23149>
...
040 (7944174.373.000) 07/08 18:08:00 Finished transferring input files
...
001 (7944174.373.000) 07/08 18:08:00 Job executing on host: <188.185.213.141:9618?addrs=188.185.213.141-9618+[2001-1458-303-1b--100-9]-9618&alias=b9p28p0413.cern.ch&noUDP&sock=startd_8385_fdb4>
	SlotName: slot1_9@b9p28p0413.cern.ch
	CondorScratchDir = "/pool/condor/dir_3222813"
	Cpus = 1
	Disk = 10018941
	GPUs = 0
	Memory = 3000
...
006 (7944174.373.000) 07/08 18:08:25 Image size of job updated: 408044
	399  -  MemoryUsage of job (MB)
	408044  -  ResidentSetSize of job (KB)
...
040 (7944174.373.000) 07/08 18:08:25 Started transferring output files
...
040 (7944174.373.000) 07/08 18:08:25 Finished transferring output files
...
012 (7944174.373.000) 07/08 18:08:25 Job was held.
	Job held by ON_EXIT_HOLD due to exit code 1.
	Code 3 Subcode 0
...
