000 (7944174.374.000) 07/08 17:29:05 Job submitted from host: <188.185.16.120:9618?addrs=188.185.16.120-9618+[2001-1458-d00-65--100-39b]-9618&alias=bigbird27.cern.ch&noUDP&sock=schedd_4465_3274>
...
040 (7944174.374.000) 07/08 17:33:12 Started transferring input files
	Transferring to host: <188.185.198.18:9618?addrs=188.185.198.18-9618+[2001-1458-303-25--100-e]-9618&alias=b9p15p0252.cern.ch&noUDP&sock=slot1_3_6661_06e8_37349>
...
040 (7944174.374.000) 07/08 17:33:12 Finished transferring input files
...
001 (7944174.374.000) 07/08 17:33:12 Job executing on host: <188.185.198.18:9618?addrs=188.185.198.18-9618+[2001-1458-303-25--100-e]-9618&alias=b9p15p0252.cern.ch&noUDP&sock=startd_5964_62eb>
	SlotName: slot1_3@b9p15p0252.cern.ch
	CondorScratchDir = "/pool/condor/dir_3438998"
	Cpus = 1
	Disk = 10002839
	GPUs = 0
	Memory = 3000
...
006 (7944174.374.000) 07/08 17:33:21 Image size of job updated: 56284
	55  -  MemoryUsage of job (MB)
	56284  -  ResidentSetSize of job (KB)
...
006 (7944174.374.000) 07/08 17:33:42 Image size of job updated: 422400
	413  -  MemoryUsage of job (MB)
	422400  -  ResidentSetSize of job (KB)
...
040 (7944174.374.000) 07/08 17:33:42 Started transferring output files
...
040 (7944174.374.000) 07/08 17:33:42 Finished transferring output files
...
012 (7944174.374.000) 07/08 17:33:42 Job was held.
	Job held by ON_EXIT_HOLD due to exit code 1.
	Code 3 Subcode 0
...
013 (7944174.374.000) 07/08 17:46:03 Job was released.
	The job attribute PeriodicRelease expression '(NumJobStarts < 3) && ((CurrentTime - EnteredCurrentStatus) > 10 * 60)' evaluated to TRUE
...
040 (7944174.374.000) 07/08 17:46:58 Started transferring input files
	Transferring to host: <188.185.198.166:9618?addrs=188.185.198.166-9618+[2001-1458-303-25--100-a2]-9618&alias=b9p15p7738.cern.ch&noUDP&sock=slot1_31_8900_9ae3_38599>
...
040 (7944174.374.000) 07/08 17:46:58 Finished transferring input files
...
001 (7944174.374.000) 07/08 17:46:58 Job executing on host: <188.185.198.166:9618?addrs=188.185.198.166-9618+[2001-1458-303-25--100-a2]-9618&alias=b9p15p7738.cern.ch&noUDP&sock=startd_7854_c4ea>
	SlotName: slot1_31@b9p15p7738.cern.ch
	CondorScratchDir = "/pool/condor/dir_438465"
	Cpus = 1
	Disk = 10003276
	GPUs = 0
	Memory = 3000
...
040 (7944174.374.000) 07/08 17:47:18 Started transferring output files
...
040 (7944174.374.000) 07/08 17:47:18 Finished transferring output files
...
012 (7944174.374.000) 07/08 17:47:18 Job was held.
	Job held by ON_EXIT_HOLD due to exit code 1.
	Code 3 Subcode 0
...
013 (7944174.374.000) 07/08 17:58:12 Job was released.
	The job attribute PeriodicRelease expression '(NumJobStarts < 3) && ((CurrentTime - EnteredCurrentStatus) > 10 * 60)' evaluated to TRUE
...
040 (7944174.374.000) 07/08 18:08:00 Started transferring input files
	Transferring to host: <188.185.211.151:9618?addrs=188.185.211.151-9618+[2001-1458-303-17--100-13]-9618&alias=b9p24p7898.cern.ch&noUDP&sock=slot1_23_6445_d5df_40157>
...
040 (7944174.374.000) 07/08 18:08:00 Finished transferring input files
...
001 (7944174.374.000) 07/08 18:08:00 Job executing on host: <188.185.211.151:9618?addrs=188.185.211.151-9618+[2001-1458-303-17--100-13]-9618&alias=b9p24p7898.cern.ch&noUDP&sock=startd_6121_134a>
	SlotName: slot1_23@b9p24p7898.cern.ch
	CondorScratchDir = "/pool/condor/dir_3040311"
	Cpus = 1
	Disk = 10047121
	GPUs = 0
	Memory = 3000
...
006 (7944174.374.000) 07/08 18:08:24 Image size of job updated: 425384
	416  -  MemoryUsage of job (MB)
	425384  -  ResidentSetSize of job (KB)
...
040 (7944174.374.000) 07/08 18:08:24 Started transferring output files
...
040 (7944174.374.000) 07/08 18:08:24 Finished transferring output files
...
012 (7944174.374.000) 07/08 18:08:24 Job was held.
	Job held by ON_EXIT_HOLD due to exit code 1.
	Code 3 Subcode 0
...
