000 (7944174.375.000) 07/08 17:29:05 Job submitted from host: <188.185.16.120:9618?addrs=188.185.16.120-9618+[2001-1458-d00-65--100-39b]-9618&alias=bigbird27.cern.ch&noUDP&sock=schedd_4465_3274>
...
040 (7944174.375.000) 07/08 17:33:12 Started transferring input files
	Transferring to host: <188.185.193.108:9618?addrs=188.185.193.108-9618+[2001-1458-303-20--100-68]-9618&alias=b9p19p2829.cern.ch&noUDP&sock=slot1_16_6811_b72e_14930>
...
040 (7944174.375.000) 07/08 17:33:13 Finished transferring input files
...
001 (7944174.375.000) 07/08 17:33:13 Job executing on host: <188.185.193.108:9618?addrs=188.185.193.108-9618+[2001-1458-303-20--100-68]-9618&alias=b9p19p2829.cern.ch&noUDP&sock=startd_5408_0443>
	SlotName: slot1_16@b9p19p2829.cern.ch
	CondorScratchDir = "/pool/condor/dir_3371825"
	Cpus = 1
	Disk = 10028548
	GPUs = 0
	Memory = 3000
...
006 (7944174.375.000) 07/08 17:33:27 Image size of job updated: 21148
	21  -  MemoryUsage of job (MB)
	21148  -  ResidentSetSize of job (KB)
...
006 (7944174.375.000) 07/08 17:34:05 Image size of job updated: 203252
	21  -  MemoryUsage of job (MB)
	21148  -  ResidentSetSize of job (KB)
...
040 (7944174.375.000) 07/08 17:34:05 Started transferring output files
...
040 (7944174.375.000) 07/08 17:34:05 Finished transferring output files
...
012 (7944174.375.000) 07/08 17:34:05 Job was held.
	Job held by ON_EXIT_HOLD due to exit code 1.
	Code 3 Subcode 0
...
013 (7944174.375.000) 07/08 17:46:03 Job was released.
	The job attribute PeriodicRelease expression '(NumJobStarts < 3) && ((CurrentTime - EnteredCurrentStatus) > 10 * 60)' evaluated to TRUE
...
040 (7944174.375.000) 07/08 17:47:01 Started transferring input files
	Transferring to host: <188.185.196.115:9618?addrs=188.185.196.115-9618+[2001-1458-303-23--100-6f]-9618&alias=b9p16p9327.cern.ch&noUDP&sock=slot1_22_8401_03af_36500>
...
040 (7944174.375.000) 07/08 17:47:01 Finished transferring input files
...
001 (7944174.375.000) 07/08 17:47:01 Job executing on host: <188.185.196.115:9618?addrs=188.185.196.115-9618+[2001-1458-303-23--100-6f]-9618&alias=b9p16p9327.cern.ch&noUDP&sock=startd_7152_416e>
	SlotName: slot1_22@b9p16p9327.cern.ch
	CondorScratchDir = "/pool/condor/dir_3162597"
	Cpus = 1
	Disk = 10003809
	GPUs = 0
	Memory = 3000
...
006 (7944174.375.000) 07/08 17:47:10 Image size of job updated: 225000
	61  -  MemoryUsage of job (MB)
	62328  -  ResidentSetSize of job (KB)
...
006 (7944174.375.000) 07/08 17:47:30 Image size of job updated: 424672
	415  -  MemoryUsage of job (MB)
	424672  -  ResidentSetSize of job (KB)
...
040 (7944174.375.000) 07/08 17:47:30 Started transferring output files
...
040 (7944174.375.000) 07/08 17:47:30 Finished transferring output files
...
012 (7944174.375.000) 07/08 17:47:30 Job was held.
	Job held by ON_EXIT_HOLD due to exit code 1.
	Code 3 Subcode 0
...
013 (7944174.375.000) 07/08 17:58:12 Job was released.
	The job attribute PeriodicRelease expression '(NumJobStarts < 3) && ((CurrentTime - EnteredCurrentStatus) > 10 * 60)' evaluated to TRUE
...
040 (7944174.375.000) 07/08 18:08:00 Started transferring input files
	Transferring to host: <188.185.211.96:9618?addrs=188.185.211.96-9618+[2001-1458-303-16--100-5c]-9618&alias=b9p23p1882.cern.ch&noUDP&sock=slot1_12_1747255_f625_24186>
...
040 (7944174.375.000) 07/08 18:08:00 Finished transferring input files
...
001 (7944174.375.000) 07/08 18:08:00 Job executing on host: <188.185.211.96:9618?addrs=188.185.211.96-9618+[2001-1458-303-16--100-5c]-9618&alias=b9p23p1882.cern.ch&noUDP&sock=startd_1747217_1cfa>
	SlotName: slot1_12@b9p23p1882.cern.ch
	CondorScratchDir = "/pool/condor/dir_445761"
	Cpus = 1
	Disk = 10004866
	GPUs = 0
	Memory = 3000
...
040 (7944174.375.000) 07/08 18:08:26 Started transferring output files
...
040 (7944174.375.000) 07/08 18:08:26 Finished transferring output files
...
012 (7944174.375.000) 07/08 18:08:26 Job was held.
	Job held by ON_EXIT_HOLD due to exit code 1.
	Code 3 Subcode 0
...
