000 (7944174.376.000) 07/08 17:29:05 Job submitted from host: <188.185.16.120:9618?addrs=188.185.16.120-9618+[2001-1458-d00-65--100-39b]-9618&alias=bigbird27.cern.ch&noUDP&sock=schedd_4465_3274>
...
040 (7944174.376.000) 07/08 17:33:12 Started transferring input files
	Transferring to host: <188.185.193.65:9618?addrs=188.185.193.65-9618+[2001-1458-303-20--100-3d]-9618&alias=b9p19p8978.cern.ch&noUDP&sock=slot1_11_5470_dc18_23491>
...
040 (7944174.376.000) 07/08 17:33:12 Finished transferring input files
...
001 (7944174.376.000) 07/08 17:33:12 Job executing on host: <188.185.193.65:9618?addrs=188.185.193.65-9618+[2001-1458-303-20--100-3d]-9618&alias=b9p19p8978.cern.ch&noUDP&sock=startd_4882_3972>
	SlotName: slot1_11@b9p19p8978.cern.ch
	CondorScratchDir = "/pool/condor/dir_676943"
	Cpus = 1
	Disk = 10002029
	GPUs = 0
	Memory = 3000
...
006 (7944174.376.000) 07/08 17:33:26 Image size of job updated: 31244
	31  -  MemoryUsage of job (MB)
	31244  -  ResidentSetSize of job (KB)
...
006 (7944174.376.000) 07/08 17:33:45 Image size of job updated: 195092
	32  -  MemoryUsage of job (MB)
	32004  -  ResidentSetSize of job (KB)
...
040 (7944174.376.000) 07/08 17:33:45 Started transferring output files
...
040 (7944174.376.000) 07/08 17:33:45 Finished transferring output files
...
012 (7944174.376.000) 07/08 17:33:46 Job was held.
	Job held by ON_EXIT_HOLD due to exit code 1.
	Code 3 Subcode 0
...
013 (7944174.376.000) 07/08 17:46:03 Job was released.
	The job attribute PeriodicRelease expression '(NumJobStarts < 3) && ((CurrentTime - EnteredCurrentStatus) > 10 * 60)' evaluated to TRUE
...
040 (7944174.376.000) 07/08 17:47:53 Started transferring input files
	Transferring to host: <188.185.194.21:9618?addrs=188.185.194.21-9618+[2001-1458-303-21--100-11]-9618&alias=b9p20p4734.cern.ch&noUDP&sock=slot1_12_6142_5833_24157>
...
040 (7944174.376.000) 07/08 17:47:54 Finished transferring input files
...
001 (7944174.376.000) 07/08 17:47:54 Job executing on host: <188.185.194.21:9618?addrs=188.185.194.21-9618+[2001-1458-303-21--100-11]-9618&alias=b9p20p4734.cern.ch&noUDP&sock=startd_5824_5ba9>
	SlotName: slot1_12@b9p20p4734.cern.ch
	CondorScratchDir = "/pool/condor/dir_323212"
	Cpus = 1
	Disk = 10000854
	GPUs = 0
	Memory = 3000
...
006 (7944174.376.000) 07/08 17:48:07 Image size of job updated: 200000
	36  -  MemoryUsage of job (MB)
	36560  -  ResidentSetSize of job (KB)
...
006 (7944174.376.000) 07/08 17:48:13 Image size of job updated: 200000
	42  -  MemoryUsage of job (MB)
	42200  -  ResidentSetSize of job (KB)
...
040 (7944174.376.000) 07/08 17:48:13 Started transferring output files
...
040 (7944174.376.000) 07/08 17:48:13 Finished transferring output files
...
012 (7944174.376.000) 07/08 17:48:13 Job was held.
	Job held by ON_EXIT_HOLD due to exit code 1.
	Code 3 Subcode 0
...
013 (7944174.376.000) 07/08 18:01:00 Job was released.
	The job attribute PeriodicRelease expression '(NumJobStarts < 3) && ((CurrentTime - EnteredCurrentStatus) > 10 * 60)' evaluated to TRUE
...
040 (7944174.376.000) 07/08 18:08:00 Started transferring input files
	Transferring to host: <188.185.193.144:9618?addrs=188.185.193.144-9618+[2001-1458-303-20--100-8c]-9618&alias=b9p19p7803.cern.ch&noUDP&sock=slot1_31_4069_ba7f_23610>
...
040 (7944174.376.000) 07/08 18:08:00 Finished transferring input files
...
001 (7944174.376.000) 07/08 18:08:00 Job executing on host: <188.185.193.144:9618?addrs=188.185.193.144-9618+[2001-1458-303-20--100-8c]-9618&alias=b9p19p7803.cern.ch&noUDP&sock=startd_3389_268d>
	SlotName: slot1_31@b9p19p7803.cern.ch
	CondorScratchDir = "/pool/condor/dir_2097625"
	Cpus = 1
	Disk = 10008618
	GPUs = 0
	Memory = 3000
...
006 (7944174.376.000) 07/08 18:08:38 Image size of job updated: 206476
	42  -  MemoryUsage of job (MB)
	42500  -  ResidentSetSize of job (KB)
...
040 (7944174.376.000) 07/08 18:08:38 Started transferring output files
...
040 (7944174.376.000) 07/08 18:08:38 Finished transferring output files
...
012 (7944174.376.000) 07/08 18:08:38 Job was held.
	Job held by ON_EXIT_HOLD due to exit code 1.
	Code 3 Subcode 0
...
