000 (7944174.377.000) 07/08 17:29:05 Job submitted from host: <188.185.16.120:9618?addrs=188.185.16.120-9618+[2001-1458-d00-65--100-39b]-9618&alias=bigbird27.cern.ch&noUDP&sock=schedd_4465_3274>
...
040 (7944174.377.000) 07/08 17:33:13 Started transferring input files
	Transferring to host: <188.185.196.102:9618?addrs=188.185.196.102-9618+[2001-1458-303-23--100-62]-9618&alias=b9p16p4471.cern.ch&noUDP&sock=slot1_13_6901_20f2_38754>
...
040 (7944174.377.000) 07/08 17:33:13 Finished transferring input files
...
001 (7944174.377.000) 07/08 17:33:13 Job executing on host: <188.185.196.102:9618?addrs=188.185.196.102-9618+[2001-1458-303-23--100-62]-9618&alias=b9p16p4471.cern.ch&noUDP&sock=startd_6170_af6e>
	SlotName: slot1_13@b9p16p4471.cern.ch
	CondorScratchDir = "/pool/condor/dir_3160358"
	Cpus = 1
	Disk = 10000935
	GPUs = 0
	Memory = 3000
...
006 (7944174.377.000) 07/08 17:33:22 Image size of job updated: 59944
	59  -  MemoryUsage of job (MB)
	59944  -  ResidentSetSize of job (KB)
...
006 (7944174.377.000) 07/08 17:33:46 Image size of job updated: 425248
	416  -  MemoryUsage of job (MB)
	425248  -  ResidentSetSize of job (KB)
...
040 (7944174.377.000) 07/08 17:33:46 Started transferring output files
...
040 (7944174.377.000) 07/08 17:33:46 Finished transferring output files
...
012 (7944174.377.000) 07/08 17:33:46 Job was held.
	Job held by ON_EXIT_HOLD due to exit code 1.
	Code 3 Subcode 0
...
013 (7944174.377.000) 07/08 17:46:03 Job was released.
	The job attribute PeriodicRelease expression '(NumJobStarts < 3) && ((CurrentTime - EnteredCurrentStatus) > 10 * 60)' evaluated to TRUE
...
040 (7944174.377.000) 07/08 17:47:09 Started transferring input files
	Transferring to host: <188.185.196.54:9618?addrs=188.185.196.54-9618+[2001-1458-303-23--100-32]-9618&alias=b9p16p3303.cern.ch&noUDP&sock=slot1_39_3628_010d_39359>
...
040 (7944174.377.000) 07/08 17:47:09 Finished transferring input files
...
001 (7944174.377.000) 07/08 17:47:09 Job executing on host: <188.185.196.54:9618?addrs=188.185.196.54-9618+[2001-1458-303-23--100-32]-9618&alias=b9p16p3303.cern.ch&noUDP&sock=startd_2938_cd56>
	SlotName: slot1_39@b9p16p3303.cern.ch
	CondorScratchDir = "/pool/condor/dir_1918681"
	Cpus = 1
	Disk = 10003324
	GPUs = 0
	Memory = 3000
...
040 (7944174.377.000) 07/08 17:49:16 Started transferring output files
...
040 (7944174.377.000) 07/08 17:49:16 Finished transferring output files
...
012 (7944174.377.000) 07/08 17:49:16 Job was held.
	Job held by ON_EXIT_HOLD due to exit code 1.
	Code 3 Subcode 0
...
013 (7944174.377.000) 07/08 18:01:00 Job was released.
	The job attribute PeriodicRelease expression '(NumJobStarts < 3) && ((CurrentTime - EnteredCurrentStatus) > 10 * 60)' evaluated to TRUE
...
040 (7944174.377.000) 07/08 18:15:13 Started transferring input files
	Transferring to host: <188.185.213.226:9618?addrs=188.185.213.226-9618+[2001-1458-303-1b--100-5e]-9618&alias=b9p28p8143.cern.ch&noUDP&sock=slot1_1_8467_8471_47748>
...
040 (7944174.377.000) 07/08 18:15:14 Finished transferring input files
...
001 (7944174.377.000) 07/08 18:15:14 Job executing on host: <188.185.213.226:9618?addrs=188.185.213.226-9618+[2001-1458-303-1b--100-5e]-9618&alias=b9p28p8143.cern.ch&noUDP&sock=startd_8416_4124>
	SlotName: slot1_1@b9p28p8143.cern.ch
	CondorScratchDir = "/pool/condor/dir_1153915"
	Cpus = 1
	Disk = 10230598
	GPUs = 0
	Memory = 3000
...
040 (7944174.377.000) 07/08 18:15:28 Started transferring output files
...
040 (7944174.377.000) 07/08 18:15:28 Finished transferring output files
...
012 (7944174.377.000) 07/08 18:15:28 Job was held.
	Job held by ON_EXIT_HOLD due to exit code 1.
	Code 3 Subcode 0
...
