000 (7944174.378.000) 07/08 17:29:05 Job submitted from host: <188.185.16.120:9618?addrs=188.185.16.120-9618+[2001-1458-d00-65--100-39b]-9618&alias=bigbird27.cern.ch&noUDP&sock=schedd_4465_3274>
...
040 (7944174.378.000) 07/08 17:33:13 Started transferring input files
	Transferring to host: <188.185.211.221:9618?addrs=188.185.211.221-9618+[2001-1458-303-17--100-59]-9618&alias=b9p24p8539.cern.ch&noUDP&sock=slot1_9_7835_3758_40594>
...
040 (7944174.378.000) 07/08 17:33:13 Finished transferring input files
...
001 (7944174.378.000) 07/08 17:33:13 Job executing on host: <188.185.211.221:9618?addrs=188.185.211.221-9618+[2001-1458-303-17--100-59]-9618&alias=b9p24p8539.cern.ch&noUDP&sock=startd_7004_bd6a>
	SlotName: slot1_9@b9p24p8539.cern.ch
	CondorScratchDir = "/pool/condor/dir_3757255"
	Cpus = 1
	Disk = 10001647
	GPUs = 0
	Memory = 3000
...
006 (7944174.378.000) 07/08 17:33:22 Image size of job updated: 62732
	62  -  MemoryUsage of job (MB)
	62732  -  ResidentSetSize of job (KB)
...
006 (7944174.378.000) 07/08 17:33:40 Image size of job updated: 406892
	398  -  MemoryUsage of job (MB)
	406892  -  ResidentSetSize of job (KB)
...
040 (7944174.378.000) 07/08 17:33:40 Started transferring output files
...
040 (7944174.378.000) 07/08 17:33:40 Finished transferring output files
...
012 (7944174.378.000) 07/08 17:33:40 Job was held.
	Job held by ON_EXIT_HOLD due to exit code 1.
	Code 3 Subcode 0
...
013 (7944174.378.000) 07/08 17:46:03 Job was released.
	The job attribute PeriodicRelease expression '(NumJobStarts < 3) && ((CurrentTime - EnteredCurrentStatus) > 10 * 60)' evaluated to TRUE
...
040 (7944174.378.000) 07/08 17:47:00 Started transferring input files
	Transferring to host: <188.185.194.72:9618?addrs=188.185.194.72-9618+[2001-1458-303-21--100-44]-9618&alias=b9p20p6493.cern.ch&noUDP&sock=slot1_8_6066_cbb0_24910>
...
040 (7944174.378.000) 07/08 17:47:00 Finished transferring input files
...
001 (7944174.378.000) 07/08 17:47:00 Job executing on host: <188.185.194.72:9618?addrs=188.185.194.72-9618+[2001-1458-303-21--100-44]-9618&alias=b9p20p6493.cern.ch&noUDP&sock=startd_5381_7f35>
	SlotName: slot1_8@b9p20p6493.cern.ch
	CondorScratchDir = "/pool/condor/dir_1456566"
	Cpus = 1
	Disk = 10001061
	GPUs = 0
	Memory = 3000
...
040 (7944174.378.000) 07/08 17:47:35 Started transferring output files
...
040 (7944174.378.000) 07/08 17:47:35 Finished transferring output files
...
012 (7944174.378.000) 07/08 17:47:35 Job was held.
	Job held by ON_EXIT_HOLD due to exit code 1.
	Code 3 Subcode 0
...
013 (7944174.378.000) 07/08 17:58:12 Job was released.
	The job attribute PeriodicRelease expression '(NumJobStarts < 3) && ((CurrentTime - EnteredCurrentStatus) > 10 * 60)' evaluated to TRUE
...
040 (7944174.378.000) 07/08 18:15:14 Started transferring input files
	Transferring to host: <128.142.248.33:9618?addrs=128.142.248.33-9618+[2001-1458-301-73--100-111]-9618&alias=b9g23p1094.cern.ch&noUDP&sock=slot1_19_4172063_8e51_81352>
...
040 (7944174.378.000) 07/08 18:15:15 Finished transferring input files
...
001 (7944174.378.000) 07/08 18:15:15 Job executing on host: <128.142.248.33:9618?addrs=128.142.248.33-9618+[2001-1458-301-73--100-111]-9618&alias=b9g23p1094.cern.ch&noUDP&sock=startd_3318_7353>
	SlotName: slot1_19@b9g23p1094.cern.ch
	CondorScratchDir = "/pool/condor/dir_1126226"
	Cpus = 1
	Disk = 10014173
	GPUs = 0
	Memory = 3000
...
040 (7944174.378.000) 07/08 18:15:36 Started transferring output files
...
040 (7944174.378.000) 07/08 18:15:36 Finished transferring output files
...
012 (7944174.378.000) 07/08 18:15:37 Job was held.
	Job held by ON_EXIT_HOLD due to exit code 1.
	Code 3 Subcode 0
...
