000 (7944174.379.000) 07/08 17:29:05 Job submitted from host: <188.185.16.120:9618?addrs=188.185.16.120-9618+[2001-1458-d00-65--100-39b]-9618&alias=bigbird27.cern.ch&noUDP&sock=schedd_4465_3274>
...
040 (7944174.379.000) 07/08 17:35:13 Started transferring input files
	Transferring to host: <188.185.206.214:9618?addrs=188.185.206.214-9618+[2001-1458-303-c--100-53]-9618&alias=b9p06p3950.cern.ch&noUDP&sock=slot1_25_5886_f828_33572>
...
040 (7944174.379.000) 07/08 17:35:13 Finished transferring input files
...
001 (7944174.379.000) 07/08 17:35:13 Job executing on host: <188.185.206.214:9618?addrs=188.185.206.214-9618+[2001-1458-303-c--100-53]-9618&alias=b9p06p3950.cern.ch&noUDP&sock=startd_4906_afb8>
	SlotName: slot1_25@b9p06p3950.cern.ch
	CondorScratchDir = "/pool/condor/dir_2336317"
	Cpus = 1
	Disk = 10069931
	GPUs = 0
	Memory = 3000
...
006 (7944174.379.000) 07/08 17:35:27 Image size of job updated: 167804
	164  -  MemoryUsage of job (MB)
	167804  -  ResidentSetSize of job (KB)
...
006 (7944174.379.000) 07/08 17:35:30 Image size of job updated: 213612
	165  -  MemoryUsage of job (MB)
	168372  -  ResidentSetSize of job (KB)
...
040 (7944174.379.000) 07/08 17:35:30 Started transferring output files
...
040 (7944174.379.000) 07/08 17:35:30 Finished transferring output files
...
012 (7944174.379.000) 07/08 17:35:30 Job was held.
	Job held by ON_EXIT_HOLD due to exit code 1.
	Code 3 Subcode 0
...
013 (7944174.379.000) 07/08 17:46:03 Job was released.
	The job attribute PeriodicRelease expression '(NumJobStarts < 3) && ((CurrentTime - EnteredCurrentStatus) > 10 * 60)' evaluated to TRUE
...
040 (7944174.379.000) 07/08 17:47:02 Started transferring input files
	Transferring to host: <188.185.196.152:9618?addrs=188.185.196.152-9618+[2001-1458-303-23--100-94]-9618&alias=b9p16p5942.cern.ch&noUDP&sock=slot1_7_6484_5081_39478>
...
040 (7944174.379.000) 07/08 17:47:02 Finished transferring input files
...
001 (7944174.379.000) 07/08 17:47:02 Job executing on host: <188.185.196.152:9618?addrs=188.185.196.152-9618+[2001-1458-303-23--100-94]-9618&alias=b9p16p5942.cern.ch&noUDP&sock=startd_5788_aa40>
	SlotName: slot1_7@b9p16p5942.cern.ch
	CondorScratchDir = "/pool/condor/dir_3287552"
	Cpus = 1
	Disk = 10002775
	GPUs = 0
	Memory = 3000
...
040 (7944174.379.000) 07/08 17:47:36 Started transferring output files
...
040 (7944174.379.000) 07/08 17:47:36 Finished transferring output files
...
012 (7944174.379.000) 07/08 17:47:36 Job was held.
	Job held by ON_EXIT_HOLD due to exit code 1.
	Code 3 Subcode 0
...
013 (7944174.379.000) 07/08 17:58:12 Job was released.
	The job attribute PeriodicRelease expression '(NumJobStarts < 3) && ((CurrentTime - EnteredCurrentStatus) > 10 * 60)' evaluated to TRUE
...
040 (7944174.379.000) 07/08 18:19:57 Started transferring input files
	Transferring to host: <188.185.192.22:9618?addrs=188.185.192.22-9618+[2001-1458-303-1f--100-12]-9618&alias=b9p13p8436.cern.ch&noUDP&sock=slot1_6_8812_99df_41499>
...
040 (7944174.379.000) 07/08 18:19:57 Finished transferring input files
...
001 (7944174.379.000) 07/08 18:19:57 Job executing on host: <188.185.192.22:9618?addrs=188.185.192.22-9618+[2001-1458-303-1f--100-12]-9618&alias=b9p13p8436.cern.ch&noUDP&sock=startd_8764_f419>
	SlotName: slot1_6@b9p13p8436.cern.ch
	CondorScratchDir = "/pool/condor/dir_2681619"
	Cpus = 1
	Disk = 11604271
	Memory = 3000
...
006 (7944174.379.000) 07/08 18:20:06 Image size of job updated: 289976
	284  -  MemoryUsage of job (MB)
	289976  -  ResidentSetSize of job (KB)
...
006 (7944174.379.000) 07/08 18:20:11 Image size of job updated: 406524
	284  -  MemoryUsage of job (MB)
	289976  -  ResidentSetSize of job (KB)
...
040 (7944174.379.000) 07/08 18:20:11 Started transferring output files
...
040 (7944174.379.000) 07/08 18:20:11 Finished transferring output files
...
012 (7944174.379.000) 07/08 18:20:11 Job was held.
	Job held by ON_EXIT_HOLD due to exit code 1.
	Code 3 Subcode 0
...
