000 (7944174.038.000) 07/08 17:29:04 Job submitted from host: <188.185.16.120:9618?addrs=188.185.16.120-9618+[2001-1458-d00-65--100-39b]-9618&alias=bigbird27.cern.ch&noUDP&sock=schedd_4465_3274>
...
040 (7944174.038.000) 07/08 17:31:23 Started transferring input files
	Transferring to host: <188.185.193.124:9618?addrs=188.185.193.124-9618+[2001-1458-303-20--100-78]-9618&alias=b9p19p8329.cern.ch&noUDP&sock=slot1_45_2029266_3911_23218>
...
040 (7944174.038.000) 07/08 17:31:23 Finished transferring input files
...
001 (7944174.038.000) 07/08 17:31:23 Job executing on host: <188.185.193.124:9618?addrs=188.185.193.124-9618+[2001-1458-303-20--100-78]-9618&alias=b9p19p8329.cern.ch&noUDP&sock=startd_2029207_cc5b>
	SlotName: slot1_45@b9p19p8329.cern.ch
	CondorScratchDir = "/pool/condor/dir_2447341"
	Cpus = 1
	Disk = 10003126
	GPUs = 0
	Memory = 3000
...
006 (7944174.038.000) 07/08 17:31:37 Image size of job updated: 29248
	25  -  MemoryUsage of job (MB)
	25520  -  ResidentSetSize of job (KB)
...
006 (7944174.038.000) 07/08 17:32:43 Image size of job updated: 210612
	25  -  MemoryUsage of job (MB)
	25520  -  ResidentSetSize of job (KB)
...
040 (7944174.038.000) 07/08 17:32:43 Started transferring output files
...
040 (7944174.038.000) 07/08 17:32:43 Finished transferring output files
...
012 (7944174.038.000) 07/08 17:32:45 Job was held.
	Job held by ON_EXIT_HOLD due to exit code 1.
	Code 3 Subcode 0
...
013 (7944174.038.000) 07/08 17:43:32 Job was released.
	The job attribute PeriodicRelease expression '(NumJobStarts < 3) && ((CurrentTime - EnteredCurrentStatus) > 10 * 60)' evaluated to TRUE
...
040 (7944174.038.000) 07/08 17:44:06 Started transferring input files
	Transferring to host: <188.185.193.128:9618?addrs=188.185.193.128-9618+[2001-1458-303-20--100-7c]-9618&alias=b9p19p5066.cern.ch&noUDP&sock=slot1_3_7067_1738_15887>
...
040 (7944174.038.000) 07/08 17:44:06 Finished transferring input files
...
001 (7944174.038.000) 07/08 17:44:06 Job executing on host: <188.185.193.128:9618?addrs=188.185.193.128-9618+[2001-1458-303-20--100-7c]-9618&alias=b9p19p5066.cern.ch&noUDP&sock=startd_6522_20c4>
	SlotName: slot1_3@b9p19p5066.cern.ch
	CondorScratchDir = "/pool/condor/dir_2842425"
	Cpus = 1
	Disk = 10003204
	GPUs = 0
	Memory = 3000
...
006 (7944174.038.000) 07/08 17:44:20 Image size of job updated: 225000
	86  -  MemoryUsage of job (MB)
	87912  -  ResidentSetSize of job (KB)
...
006 (7944174.038.000) 07/08 17:44:26 Image size of job updated: 225000
	87  -  MemoryUsage of job (MB)
	88920  -  ResidentSetSize of job (KB)
...
040 (7944174.038.000) 07/08 17:44:26 Started transferring output files
...
040 (7944174.038.000) 07/08 17:44:26 Finished transferring output files
...
012 (7944174.038.000) 07/08 17:44:26 Job was held.
	Job held by ON_EXIT_HOLD due to exit code 1.
	Code 3 Subcode 0
...
013 (7944174.038.000) 07/08 17:55:47 Job was released.
	The job attribute PeriodicRelease expression '(NumJobStarts < 3) && ((CurrentTime - EnteredCurrentStatus) > 10 * 60)' evaluated to TRUE
...
040 (7944174.038.000) 07/08 17:57:33 Started transferring input files
	Transferring to host: <188.185.196.48:9618?addrs=188.185.196.48-9618+[2001-1458-303-23--100-2c]-9618&alias=b9p16p7526.cern.ch&noUDP&sock=slot1_12_7243_1940_39743>
...
040 (7944174.038.000) 07/08 17:57:33 Finished transferring input files
...
001 (7944174.038.000) 07/08 17:57:33 Job executing on host: <188.185.196.48:9618?addrs=188.185.196.48-9618+[2001-1458-303-23--100-2c]-9618&alias=b9p16p7526.cern.ch&noUDP&sock=startd_6784_d694>
	SlotName: slot1_12@b9p16p7526.cern.ch
	CondorScratchDir = "/pool/condor/dir_2443562"
	Cpus = 1
	Disk = 10003142
	GPUs = 0
	Memory = 3000
...
040 (7944174.038.000) 07/08 17:58:04 Started transferring output files
...
040 (7944174.038.000) 07/08 17:58:04 Finished transferring output files
...
012 (7944174.038.000) 07/08 17:58:04 Job was held.
	Job held by ON_EXIT_HOLD due to exit code 1.
	Code 3 Subcode 0
...
