000 (7944174.380.000) 07/08 17:29:05 Job submitted from host: <188.185.16.120:9618?addrs=188.185.16.120-9618+[2001-1458-d00-65--100-39b]-9618&alias=bigbird27.cern.ch&noUDP&sock=schedd_4465_3274>
...
040 (7944174.380.000) 07/08 17:33:13 Started transferring input files
	Transferring to host: <188.185.196.60:9618?addrs=188.185.196.60-9618+[2001-1458-303-23--100-38]-9618&alias=b9p16p4437.cern.ch&noUDP&sock=slot1_20_6096_eef1_40940>
...
040 (7944174.380.000) 07/08 17:33:14 Finished transferring input files
...
001 (7944174.380.000) 07/08 17:33:14 Job executing on host: <188.185.196.60:9618?addrs=188.185.196.60-9618+[2001-1458-303-23--100-38]-9618&alias=b9p16p4437.cern.ch&noUDP&sock=startd_5462_0e60>
	SlotName: slot1_20@b9p16p4437.cern.ch
	CondorScratchDir = "/pool/condor/dir_2756011"
	Cpus = 1
	Disk = 10021467
	GPUs = 0
	Memory = 3000
...
006 (7944174.380.000) 07/08 17:33:22 Image size of job updated: 57132
	56  -  MemoryUsage of job (MB)
	57132  -  ResidentSetSize of job (KB)
...
006 (7944174.380.000) 07/08 17:33:40 Image size of job updated: 409236
	400  -  MemoryUsage of job (MB)
	409236  -  ResidentSetSize of job (KB)
...
040 (7944174.380.000) 07/08 17:33:40 Started transferring output files
...
040 (7944174.380.000) 07/08 17:33:40 Finished transferring output files
...
012 (7944174.380.000) 07/08 17:33:40 Job was held.
	Job held by ON_EXIT_HOLD due to exit code 1.
	Code 3 Subcode 0
...
013 (7944174.380.000) 07/08 17:46:03 Job was released.
	The job attribute PeriodicRelease expression '(NumJobStarts < 3) && ((CurrentTime - EnteredCurrentStatus) > 10 * 60)' evaluated to TRUE
...
040 (7944174.380.000) 07/08 17:47:00 Started transferring input files
	Transferring to host: <128.142.248.59:9618?addrs=128.142.248.59-9618+[2001-1458-301-73--100-12b]-9618&alias=b9g23p7544.cern.ch&noUDP&sock=slot1_21_3787723_41c4_71796>
...
040 (7944174.380.000) 07/08 17:47:00 Finished transferring input files
...
001 (7944174.380.000) 07/08 17:47:00 Job executing on host: <128.142.248.59:9618?addrs=128.142.248.59-9618+[2001-1458-301-73--100-12b]-9618&alias=b9g23p7544.cern.ch&noUDP&sock=startd_6283_31a2>
	SlotName: slot1_21@b9g23p7544.cern.ch
	CondorScratchDir = "/pool/condor/dir_2209905"
	Cpus = 1
	Disk = 10001543
	GPUs = 0
	Memory = 3000
...
040 (7944174.380.000) 07/08 17:47:28 Started transferring output files
...
040 (7944174.380.000) 07/08 17:47:28 Finished transferring output files
...
012 (7944174.380.000) 07/08 17:47:28 Job was held.
	Job held by ON_EXIT_HOLD due to exit code 1.
	Code 3 Subcode 0
...
013 (7944174.380.000) 07/08 17:58:12 Job was released.
	The job attribute PeriodicRelease expression '(NumJobStarts < 3) && ((CurrentTime - EnteredCurrentStatus) > 10 * 60)' evaluated to TRUE
...
040 (7944174.380.000) 07/08 18:15:14 Started transferring input files
	Transferring to host: <188.185.213.196:9618?addrs=188.185.213.196-9618+[2001-1458-303-1b--100-40]-9618&alias=b9p28p7375.cern.ch&noUDP&sock=slot1_20_300951_f467_26451>
...
040 (7944174.380.000) 07/08 18:15:15 Finished transferring input files
...
001 (7944174.380.000) 07/08 18:15:15 Job executing on host: <188.185.213.196:9618?addrs=188.185.213.196-9618+[2001-1458-303-1b--100-40]-9618&alias=b9p28p7375.cern.ch&noUDP&sock=startd_300886_590c>
	SlotName: slot1_20@b9p28p7375.cern.ch
	CondorScratchDir = "/pool/condor/dir_3530299"
	Cpus = 1
	Disk = 10000391
	GPUs = 0
	Memory = 3000
...
040 (7944174.380.000) 07/08 18:15:29 Started transferring output files
...
040 (7944174.380.000) 07/08 18:15:29 Finished transferring output files
...
012 (7944174.380.000) 07/08 18:15:29 Job was held.
	Job held by ON_EXIT_HOLD due to exit code 1.
	Code 3 Subcode 0
...
