000 (7944174.381.000) 07/08 17:29:05 Job submitted from host: <188.185.16.120:9618?addrs=188.185.16.120-9618+[2001-1458-d00-65--100-39b]-9618&alias=bigbird27.cern.ch&noUDP&sock=schedd_4465_3274>
...
040 (7944174.381.000) 07/08 17:33:14 Started transferring input files
	Transferring to host: <188.185.209.157:9618?addrs=188.185.209.157-9618+[2001-1458-303-12--100-1a]-9618&alias=b9p12p8632.cern.ch&noUDP&sock=slot1_17_8224_4d48_31794>
...
040 (7944174.381.000) 07/08 17:33:15 Finished transferring input files
...
001 (7944174.381.000) 07/08 17:33:15 Job executing on host: <188.185.209.157:9618?addrs=188.185.209.157-9618+[2001-1458-303-12--100-1a]-9618&alias=b9p12p8632.cern.ch&noUDP&sock=startd_7106_b413>
	SlotName: slot1_17@b9p12p8632.cern.ch
	CondorScratchDir = "/pool/condor/dir_3784918"
	Cpus = 1
	Disk = 10000301
	GPUs = 0
	Memory = 3000
...
006 (7944174.381.000) 07/08 17:33:28 Image size of job updated: 25380
	23  -  MemoryUsage of job (MB)
	23520  -  ResidentSetSize of job (KB)
...
006 (7944174.381.000) 07/08 17:33:44 Image size of job updated: 181444
	24  -  MemoryUsage of job (MB)
	23576  -  ResidentSetSize of job (KB)
...
040 (7944174.381.000) 07/08 17:33:44 Started transferring output files
...
040 (7944174.381.000) 07/08 17:33:44 Finished transferring output files
...
012 (7944174.381.000) 07/08 17:33:45 Job was held.
	Job held by ON_EXIT_HOLD due to exit code 1.
	Code 3 Subcode 0
...
013 (7944174.381.000) 07/08 17:46:03 Job was released.
	The job attribute PeriodicRelease expression '(NumJobStarts < 3) && ((CurrentTime - EnteredCurrentStatus) > 10 * 60)' evaluated to TRUE
...
040 (7944174.381.000) 07/08 17:47:00 Started transferring input files
	Transferring to host: <188.185.192.124:9618?addrs=188.185.192.124-9618+[2001-1458-303-1f--100-78]-9618&alias=b9p13p1594.cern.ch&noUDP&sock=slot1_7_11433_552a_24626>
...
040 (7944174.381.000) 07/08 17:47:00 Finished transferring input files
...
001 (7944174.381.000) 07/08 17:47:00 Job executing on host: <188.185.192.124:9618?addrs=188.185.192.124-9618+[2001-1458-303-1f--100-78]-9618&alias=b9p13p1594.cern.ch&noUDP&sock=startd_9932_1ab7>
	SlotName: slot1_7@b9p13p1594.cern.ch
	CondorScratchDir = "/pool/condor/dir_3228053"
	Cpus = 1
	Disk = 10014815
	GPUs = 0
	Memory = 3000
...
006 (7944174.381.000) 07/08 17:47:14 Image size of job updated: 200000
	28  -  MemoryUsage of job (MB)
	27912  -  ResidentSetSize of job (KB)
...
006 (7944174.381.000) 07/08 17:47:31 Image size of job updated: 200000
	28  -  MemoryUsage of job (MB)
	28536  -  ResidentSetSize of job (KB)
...
040 (7944174.381.000) 07/08 17:47:31 Started transferring output files
...
040 (7944174.381.000) 07/08 17:47:31 Finished transferring output files
...
012 (7944174.381.000) 07/08 17:47:31 Job was held.
	Job held by ON_EXIT_HOLD due to exit code 1.
	Code 3 Subcode 0
...
013 (7944174.381.000) 07/08 17:58:12 Job was released.
	The job attribute PeriodicRelease expression '(NumJobStarts < 3) && ((CurrentTime - EnteredCurrentStatus) > 10 * 60)' evaluated to TRUE
...
040 (7944174.381.000) 07/08 18:15:15 Started transferring input files
	Transferring to host: <188.185.210.201:9618?addrs=188.185.210.201-9618+[2001-1458-303-15--100-45]-9618&alias=b9p22p5174.cern.ch&noUDP&sock=slot1_21_1159848_9736_26254>
...
040 (7944174.381.000) 07/08 18:15:15 Finished transferring input files
...
001 (7944174.381.000) 07/08 18:15:15 Job executing on host: <188.185.210.201:9618?addrs=188.185.210.201-9618+[2001-1458-303-15--100-45]-9618&alias=b9p22p5174.cern.ch&noUDP&sock=startd_1159764_37aa>
	SlotName: slot1_21@b9p22p5174.cern.ch
	CondorScratchDir = "/pool/condor/dir_2752567"
	Cpus = 1
	Disk = 10134129
	GPUs = 0
	Memory = 3000
...
006 (7944174.381.000) 07/08 18:15:24 Image size of job updated: 200000
	93  -  MemoryUsage of job (MB)
	94904  -  ResidentSetSize of job (KB)
...
006 (7944174.381.000) 07/08 18:15:30 Image size of job updated: 200000
	94  -  MemoryUsage of job (MB)
	95576  -  ResidentSetSize of job (KB)
...
040 (7944174.381.000) 07/08 18:15:30 Started transferring output files
...
040 (7944174.381.000) 07/08 18:15:30 Finished transferring output files
...
012 (7944174.381.000) 07/08 18:15:30 Job was held.
	Job held by ON_EXIT_HOLD due to exit code 1.
	Code 3 Subcode 0
...
