000 (7944174.383.000) 07/08 17:29:05 Job submitted from host: <188.185.16.120:9618?addrs=188.185.16.120-9618+[2001-1458-d00-65--100-39b]-9618&alias=bigbird27.cern.ch&noUDP&sock=schedd_4465_3274>
...
040 (7944174.383.000) 07/08 17:33:15 Started transferring input files
	Transferring to host: <188.185.193.105:9618?addrs=188.185.193.105-9618+[2001-1458-303-20--100-65]-9618&alias=b9p19p4239.cern.ch&noUDP&sock=slot1_5_6915_fe32_24193>
...
040 (7944174.383.000) 07/08 17:33:15 Finished transferring input files
...
001 (7944174.383.000) 07/08 17:33:15 Job executing on host: <188.185.193.105:9618?addrs=188.185.193.105-9618+[2001-1458-303-20--100-65]-9618&alias=b9p19p4239.cern.ch&noUDP&sock=startd_5408_0443>
	SlotName: slot1_5@b9p19p4239.cern.ch
	CondorScratchDir = "/pool/condor/dir_208159"
	Cpus = 1
	Disk = 10003467
	GPUs = 0
	Memory = 3000
...
006 (7944174.383.000) 07/08 17:33:29 Image size of job updated: 28064
	28  -  MemoryUsage of job (MB)
	28064  -  ResidentSetSize of job (KB)
...
006 (7944174.383.000) 07/08 17:33:51 Image size of job updated: 209080
	28  -  MemoryUsage of job (MB)
	28064  -  ResidentSetSize of job (KB)
...
040 (7944174.383.000) 07/08 17:33:51 Started transferring output files
...
040 (7944174.383.000) 07/08 17:33:51 Finished transferring output files
...
012 (7944174.383.000) 07/08 17:33:51 Job was held.
	Job held by ON_EXIT_HOLD due to exit code 1.
	Code 3 Subcode 0
...
013 (7944174.383.000) 07/08 17:46:03 Job was released.
	The job attribute PeriodicRelease expression '(NumJobStarts < 3) && ((CurrentTime - EnteredCurrentStatus) > 10 * 60)' evaluated to TRUE
...
040 (7944174.383.000) 07/08 17:47:01 Started transferring input files
	Transferring to host: <188.185.192.104:9618?addrs=188.185.192.104-9618+[2001-1458-303-1f--100-64]-9618&alias=b9p13p1802.cern.ch&noUDP&sock=slot1_29_9028_cae8_40477>
...
040 (7944174.383.000) 07/08 17:47:01 Finished transferring input files
...
001 (7944174.383.000) 07/08 17:47:01 Job executing on host: <188.185.192.104:9618?addrs=188.185.192.104-9618+[2001-1458-303-1f--100-64]-9618&alias=b9p13p1802.cern.ch&noUDP&sock=startd_8880_8516>
	SlotName: slot1_29@b9p13p1802.cern.ch
	CondorScratchDir = "/pool/condor/dir_3464379"
	Cpus = 1
	Disk = 10001191
	GPUs = 0
	Memory = 3000
...
040 (7944174.383.000) 07/08 17:47:20 Started transferring output files
...
040 (7944174.383.000) 07/08 17:47:20 Finished transferring output files
...
012 (7944174.383.000) 07/08 17:47:20 Job was held.
	Job held by ON_EXIT_HOLD due to exit code 1.
	Code 3 Subcode 0
...
013 (7944174.383.000) 07/08 17:58:12 Job was released.
	The job attribute PeriodicRelease expression '(NumJobStarts < 3) && ((CurrentTime - EnteredCurrentStatus) > 10 * 60)' evaluated to TRUE
...
040 (7944174.383.000) 07/08 18:08:02 Started transferring input files
	Transferring to host: <188.185.193.99:9618?addrs=188.185.193.99-9618+[2001-1458-303-20--100-5f]-9618&alias=b9p19p2598.cern.ch&noUDP&sock=slot1_9_8686_d29a_14958>
...
040 (7944174.383.000) 07/08 18:08:02 Finished transferring input files
...
001 (7944174.383.000) 07/08 18:08:02 Job executing on host: <188.185.193.99:9618?addrs=188.185.193.99-9618+[2001-1458-303-20--100-5f]-9618&alias=b9p19p2598.cern.ch&noUDP&sock=startd_7488_b941>
	SlotName: slot1_9@b9p19p2598.cern.ch
	CondorScratchDir = "/pool/condor/dir_2295710"
	Cpus = 1
	Disk = 10000736
	GPUs = 0
	Memory = 3000
...
040 (7944174.383.000) 07/08 18:08:28 Started transferring output files
...
040 (7944174.383.000) 07/08 18:08:28 Finished transferring output files
...
012 (7944174.383.000) 07/08 18:08:28 Job was held.
	Job held by ON_EXIT_HOLD due to exit code 1.
	Code 3 Subcode 0
...
