000 (7944174.384.000) 07/08 17:29:05 Job submitted from host: <188.185.16.120:9618?addrs=188.185.16.120-9618+[2001-1458-d00-65--100-39b]-9618&alias=bigbird27.cern.ch&noUDP&sock=schedd_4465_3274>
...
040 (7944174.384.000) 07/08 17:33:14 Started transferring input files
	Transferring to host: <188.185.192.89:9618?addrs=188.185.192.89-9618&alias=b9p13p4128.cern.ch&noUDP&sock=slot1_14_1567943_6fa9_27897>
...
040 (7944174.384.000) 07/08 17:33:14 Finished transferring input files
...
001 (7944174.384.000) 07/08 17:33:14 Job executing on host: <188.185.192.89:9618?addrs=188.185.192.89-9618&alias=b9p13p4128.cern.ch&noUDP&sock=startd_1567896_d28e>
	SlotName: slot1_14@b9p13p4128.cern.ch
	CondorScratchDir = "/pool/condor/dir_1477151"
	Cpus = 1
	Disk = 10003986
	GPUs = 0
	Memory = 3000
...
006 (7944174.384.000) 07/08 17:33:28 Image size of job updated: 28012
	23  -  MemoryUsage of job (MB)
	22900  -  ResidentSetSize of job (KB)
...
006 (7944174.384.000) 07/08 17:33:39 Image size of job updated: 166548
	23  -  MemoryUsage of job (MB)
	23488  -  ResidentSetSize of job (KB)
...
040 (7944174.384.000) 07/08 17:33:39 Started transferring output files
...
040 (7944174.384.000) 07/08 17:33:39 Finished transferring output files
...
012 (7944174.384.000) 07/08 17:33:39 Job was held.
	Job held by ON_EXIT_HOLD due to exit code 1.
	Code 3 Subcode 0
...
013 (7944174.384.000) 07/08 17:46:03 Job was released.
	The job attribute PeriodicRelease expression '(NumJobStarts < 3) && ((CurrentTime - EnteredCurrentStatus) > 10 * 60)' evaluated to TRUE
...
040 (7944174.384.000) 07/08 17:47:01 Started transferring input files
	Transferring to host: <188.185.195.95:9618?addrs=188.185.195.95-9618+[2001-1458-303-22--100-5b]-9618&alias=b9p17p1975.cern.ch&noUDP&sock=slot1_24_2999415_f50b_20676>
...
040 (7944174.384.000) 07/08 17:47:01 Finished transferring input files
...
001 (7944174.384.000) 07/08 17:47:02 Job executing on host: <188.185.195.95:9618?addrs=188.185.195.95-9618+[2001-1458-303-22--100-5b]-9618&alias=b9p17p1975.cern.ch&noUDP&sock=startd_2999369_3c54>
	SlotName: slot1_24@b9p17p1975.cern.ch
	CondorScratchDir = "/pool/condor/dir_2133813"
	Cpus = 1
	Disk = 10002883
	GPUs = 0
	Memory = 3000
...
006 (7944174.384.000) 07/08 17:47:10 Image size of job updated: 175000
	46  -  MemoryUsage of job (MB)
	46404  -  ResidentSetSize of job (KB)
...
006 (7944174.384.000) 07/08 17:47:26 Image size of job updated: 425084
	416  -  MemoryUsage of job (MB)
	425084  -  ResidentSetSize of job (KB)
...
040 (7944174.384.000) 07/08 17:47:26 Started transferring output files
...
040 (7944174.384.000) 07/08 17:47:26 Finished transferring output files
...
012 (7944174.384.000) 07/08 17:47:26 Job was held.
	Job held by ON_EXIT_HOLD due to exit code 1.
	Code 3 Subcode 0
...
013 (7944174.384.000) 07/08 17:58:12 Job was released.
	The job attribute PeriodicRelease expression '(NumJobStarts < 3) && ((CurrentTime - EnteredCurrentStatus) > 10 * 60)' evaluated to TRUE
...
040 (7944174.384.000) 07/08 18:08:05 Started transferring input files
	Transferring to host: <188.185.198.44:9618?addrs=188.185.198.44-9618+[2001-1458-303-25--100-28]-9618&alias=b9p15p6545.cern.ch&noUDP&sock=slot1_5_7901_b81a_38799>
...
040 (7944174.384.000) 07/08 18:08:06 Finished transferring input files
...
001 (7944174.384.000) 07/08 18:08:06 Job executing on host: <188.185.198.44:9618?addrs=188.185.198.44-9618+[2001-1458-303-25--100-28]-9618&alias=b9p15p6545.cern.ch&noUDP&sock=startd_7287_dab7>
	SlotName: slot1_5@b9p15p6545.cern.ch
	CondorScratchDir = "/pool/condor/dir_3685999"
	Cpus = 1
	Disk = 10038694
	GPUs = 0
	Memory = 3000
...
040 (7944174.384.000) 07/08 18:08:34 Started transferring output files
...
040 (7944174.384.000) 07/08 18:08:34 Finished transferring output files
...
012 (7944174.384.000) 07/08 18:08:34 Job was held.
	Job held by ON_EXIT_HOLD due to exit code 1.
	Code 3 Subcode 0
...
