000 (7944174.386.000) 07/08 17:29:05 Job submitted from host: <188.185.16.120:9618?addrs=188.185.16.120-9618+[2001-1458-d00-65--100-39b]-9618&alias=bigbird27.cern.ch&noUDP&sock=schedd_4465_3274>
...
040 (7944174.386.000) 07/08 17:33:16 Started transferring input files
	Transferring to host: <188.185.210.30:9618?addrs=188.185.210.30-9618+[2001-1458-303-1--100-1a]-9618&alias=b9p21p1067.cern.ch&noUDP&sock=slot1_20_3739384_0ef6_21571>
...
040 (7944174.386.000) 07/08 17:33:16 Finished transferring input files
...
001 (7944174.386.000) 07/08 17:33:16 Job executing on host: <188.185.210.30:9618?addrs=188.185.210.30-9618+[2001-1458-303-1--100-1a]-9618&alias=b9p21p1067.cern.ch&noUDP&sock=startd_3739307_2883>
	SlotName: slot1_20@b9p21p1067.cern.ch
	CondorScratchDir = "/pool/condor/dir_2409402"
	Cpus = 1
	Disk = 10045832
	GPUs = 0
	Memory = 3000
...
006 (7944174.386.000) 07/08 17:33:25 Image size of job updated: 60888
	60  -  MemoryUsage of job (MB)
	60888  -  ResidentSetSize of job (KB)
...
006 (7944174.386.000) 07/08 17:33:41 Image size of job updated: 425140
	416  -  MemoryUsage of job (MB)
	425140  -  ResidentSetSize of job (KB)
...
040 (7944174.386.000) 07/08 17:33:41 Started transferring output files
...
040 (7944174.386.000) 07/08 17:33:41 Finished transferring output files
...
012 (7944174.386.000) 07/08 17:33:41 Job was held.
	Job held by ON_EXIT_HOLD due to exit code 1.
	Code 3 Subcode 0
...
013 (7944174.386.000) 07/08 17:46:03 Job was released.
	The job attribute PeriodicRelease expression '(NumJobStarts < 3) && ((CurrentTime - EnteredCurrentStatus) > 10 * 60)' evaluated to TRUE
...
040 (7944174.386.000) 07/08 17:47:04 Started transferring input files
	Transferring to host: <188.185.198.99:9618?addrs=188.185.198.99-9618+[2001-1458-303-25--100-5f]-9618&alias=b9p15p8074.cern.ch&noUDP&sock=slot1_10_7918_b27b_39071>
...
040 (7944174.386.000) 07/08 17:47:04 Finished transferring input files
...
001 (7944174.386.000) 07/08 17:47:04 Job executing on host: <188.185.198.99:9618?addrs=188.185.198.99-9618+[2001-1458-303-25--100-5f]-9618&alias=b9p15p8074.cern.ch&noUDP&sock=startd_7107_63ab>
	SlotName: slot1_10@b9p15p8074.cern.ch
	CondorScratchDir = "/pool/condor/dir_1808253"
	Cpus = 1
	Disk = 10003643
	GPUs = 0
	Memory = 3000
...
040 (7944174.386.000) 07/08 17:47:38 Started transferring output files
...
040 (7944174.386.000) 07/08 17:47:38 Finished transferring output files
...
012 (7944174.386.000) 07/08 17:47:38 Job was held.
	Job held by ON_EXIT_HOLD due to exit code 1.
	Code 3 Subcode 0
...
013 (7944174.386.000) 07/08 17:58:12 Job was released.
	The job attribute PeriodicRelease expression '(NumJobStarts < 3) && ((CurrentTime - EnteredCurrentStatus) > 10 * 60)' evaluated to TRUE
...
040 (7944174.386.000) 07/08 18:15:15 Started transferring input files
	Transferring to host: <188.185.210.62:9618?addrs=188.185.210.62-9618+[2001-1458-303-1--100-3a]-9618&alias=b9p21p9921.cern.ch&noUDP&sock=slot1_2_8479_f8f2_49769>
...
040 (7944174.386.000) 07/08 18:15:16 Finished transferring input files
...
001 (7944174.386.000) 07/08 18:15:16 Job executing on host: <188.185.210.62:9618?addrs=188.185.210.62-9618+[2001-1458-303-1--100-3a]-9618&alias=b9p21p9921.cern.ch&noUDP&sock=startd_8397_38d7>
	SlotName: slot1_2@b9p21p9921.cern.ch
	CondorScratchDir = "/pool/condor/dir_3514085"
	Cpus = 1
	Disk = 10000838
	GPUs = 0
	Memory = 3000
...
040 (7944174.386.000) 07/08 18:15:31 Started transferring output files
...
040 (7944174.386.000) 07/08 18:15:31 Finished transferring output files
...
012 (7944174.386.000) 07/08 18:15:31 Job was held.
	Job held by ON_EXIT_HOLD due to exit code 1.
	Code 3 Subcode 0
...
