mkdir: cannot create directory 'tmp': File exists
WARNING: In non-interactive mode release checks e.g. deprecated releases, production architectures are disabled.
/cvmfs/cms.cern.ch/el8_amd64_gcc10/external/py3-numpy/1.22.4-62e28bace1c65ef46c4a0988f2d65108/lib/python3.9/site-packages/numpy/core/getlimits.py:499: UserWarning: The value of the smallest subnormal for <class 'numpy.float64'> type is zero.
  setattr(self, word, getattr(machar, word).flat[0])
/cvmfs/cms.cern.ch/el8_amd64_gcc10/external/py3-numpy/1.22.4-62e28bace1c65ef46c4a0988f2d65108/lib/python3.9/site-packages/numpy/core/getlimits.py:89: UserWarning: The value of the smallest subnormal for <class 'numpy.float64'> type is zero.
  return self._float_to_str(self.smallest_subnormal)
/cvmfs/cms.cern.ch/el8_amd64_gcc10/external/py3-numpy/1.22.4-62e28bace1c65ef46c4a0988f2d65108/lib/python3.9/site-packages/numpy/core/getlimits.py:499: UserWarning: The value of the smallest subnormal for <class 'numpy.float32'> type is zero.
  setattr(self, word, getattr(machar, word).flat[0])
/cvmfs/cms.cern.ch/el8_amd64_gcc10/external/py3-numpy/1.22.4-62e28bace1c65ef46c4a0988f2d65108/lib/python3.9/site-packages/numpy/core/getlimits.py:89: UserWarning: The value of the smallest subnormal for <class 'numpy.float32'> type is zero.
  return self._float_to_str(self.smallest_subnormal)
[2025-07-08 18:20:10,441] INFO: Running muon channel for ak8 jets with JME systematics {'jec': False, 'jes': None, 'jes_source': '', 'jes_uncertainty_file_prefix': '', 'jer': 'nominal', 'jmr': None, 'met_unclustered': 'down', 'smearMET': False, 'applyHEMUnc': False}, other options {'sfbdt_threshold': -99, 'run_tagger': False, 'tagger_versions': ['V02b', 'V02c', 'V02d'], 'run_mass_regression': False, 'mass_regression_versions': ['V01a', 'V01b', 'V01c'], 'WRITE_CACHE_FILE': False, 'jetType': 'ak8', 'year': 20230}
Traceback (most recent call last):
  File "/srv/processor.py", line 148, in <module>
    main(args)
  File "/srv/processor.py", line 64, in main
    modules.append(getattr(obj, name)())
  File "/srv/tmp/CMSSW_12_6_4/src/PhysicsTools/NanoAODTools/python/postprocessing/modules/common/puWeightProducer.py", line 212, in <lambda>
    pufile_data2023,
NameError: name 'pufile_data2023' is not defined
rm: cannot remove '*.root': No such file or directory
