000 (7944174.389.000) 07/08 17:29:05 Job submitted from host: <188.185.16.120:9618?addrs=188.185.16.120-9618+[2001-1458-d00-65--100-39b]-9618&alias=bigbird27.cern.ch&noUDP&sock=schedd_4465_3274>
...
040 (7944174.389.000) 07/08 17:35:01 Started transferring input files
	Transferring to host: <128.142.161.113:9618?addrs=128.142.161.113-9618+[2001-1458-301-b8--100-2f]-9618&alias=b9g03p5497.cern.ch&noUDP&sock=slot1_13_6968_5614_16930>
...
040 (7944174.389.000) 07/08 17:35:01 Finished transferring input files
...
001 (7944174.389.000) 07/08 17:35:01 Job executing on host: <128.142.161.113:9618?addrs=128.142.161.113-9618+[2001-1458-301-b8--100-2f]-9618&alias=b9g03p5497.cern.ch&noUDP&sock=startd_5637_1773>
	SlotName: slot1_13@b9g03p5497.cern.ch
	CondorScratchDir = "/pool/condor/dir_109373"
	Cpus = 1
	Disk = 10001152
	GPUs = 0
	Memory = 3000
...
006 (7944174.389.000) 07/08 17:35:15 Image size of job updated: 65124
	64  -  MemoryUsage of job (MB)
	65124  -  ResidentSetSize of job (KB)
...
006 (7944174.389.000) 07/08 17:35:21 Image size of job updated: 159408
	73  -  MemoryUsage of job (MB)
	74176  -  ResidentSetSize of job (KB)
...
040 (7944174.389.000) 07/08 17:35:21 Started transferring output files
...
040 (7944174.389.000) 07/08 17:35:21 Finished transferring output files
...
012 (7944174.389.000) 07/08 17:35:21 Job was held.
	Job held by ON_EXIT_HOLD due to exit code 1.
	Code 3 Subcode 0
...
013 (7944174.389.000) 07/08 17:46:03 Job was released.
	The job attribute PeriodicRelease expression '(NumJobStarts < 3) && ((CurrentTime - EnteredCurrentStatus) > 10 * 60)' evaluated to TRUE
...
040 (7944174.389.000) 07/08 17:47:03 Started transferring input files
	Transferring to host: <188.185.193.86:9618?addrs=188.185.193.86-9618+[2001-1458-303-20--100-52]-9618&alias=b9p19p8854.cern.ch&noUDP&sock=slot1_46_6157_e9d3_22224>
...
040 (7944174.389.000) 07/08 17:47:04 Finished transferring input files
...
001 (7944174.389.000) 07/08 17:47:04 Job executing on host: <188.185.193.86:9618?addrs=188.185.193.86-9618+[2001-1458-303-20--100-52]-9618&alias=b9p19p8854.cern.ch&noUDP&sock=startd_5889_f151>
	SlotName: slot1_46@b9p19p8854.cern.ch
	CondorScratchDir = "/pool/condor/dir_1802829"
	Cpus = 1
	Disk = 10002841
	GPUs = 0
	Memory = 3000
...
006 (7944174.389.000) 07/08 17:47:56 Image size of job updated: 203656
	74  -  MemoryUsage of job (MB)
	75000  -  ResidentSetSize of job (KB)
...
040 (7944174.389.000) 07/08 17:47:56 Started transferring output files
...
040 (7944174.389.000) 07/08 17:47:56 Finished transferring output files
...
012 (7944174.389.000) 07/08 17:47:56 Job was held.
	Job held by ON_EXIT_HOLD due to exit code 1.
	Code 3 Subcode 0
...
013 (7944174.389.000) 07/08 17:58:12 Job was released.
	The job attribute PeriodicRelease expression '(NumJobStarts < 3) && ((CurrentTime - EnteredCurrentStatus) > 10 * 60)' evaluated to TRUE
...
040 (7944174.389.000) 07/08 18:08:04 Started transferring input files
	Transferring to host: <188.185.193.82:9618?addrs=188.185.193.82-9618+[2001-1458-303-20--100-4e]-9618&alias=b9p19p0921.cern.ch&noUDP&sock=slot1_10_8605_c037_24868>
...
040 (7944174.389.000) 07/08 18:08:05 Finished transferring input files
...
001 (7944174.389.000) 07/08 18:08:05 Job executing on host: <188.185.193.82:9618?addrs=188.185.193.82-9618+[2001-1458-303-20--100-4e]-9618&alias=b9p19p0921.cern.ch&noUDP&sock=startd_7549_9088>
	SlotName: slot1_10@b9p19p0921.cern.ch
	CondorScratchDir = "/pool/condor/dir_3003895"
	Cpus = 1
	Disk = 10023175
	GPUs = 0
	Memory = 3000
...
040 (7944174.389.000) 07/08 18:08:25 Started transferring output files
...
040 (7944174.389.000) 07/08 18:08:25 Finished transferring output files
...
012 (7944174.389.000) 07/08 18:08:25 Job was held.
	Job held by ON_EXIT_HOLD due to exit code 1.
	Code 3 Subcode 0
...
