000 (7944174.390.000) 07/08 17:29:05 Job submitted from host: <188.185.16.120:9618?addrs=188.185.16.120-9618+[2001-1458-d00-65--100-39b]-9618&alias=bigbird27.cern.ch&noUDP&sock=schedd_4465_3274>
...
040 (7944174.390.000) 07/08 17:33:17 Started transferring input files
	Transferring to host: <188.185.213.83:9618?addrs=188.185.213.83-9618+[2001-1458-303-1a--100-4f]-9618&alias=b9p27p4214.cern.ch&noUDP&sock=slot1_28_7927_09db_38314>
...
040 (7944174.390.000) 07/08 17:33:18 Finished transferring input files
...
001 (7944174.390.000) 07/08 17:33:18 Job executing on host: <188.185.213.83:9618?addrs=188.185.213.83-9618+[2001-1458-303-1a--100-4f]-9618&alias=b9p27p4214.cern.ch&noUDP&sock=startd_7132_8989>
	SlotName: slot1_28@b9p27p4214.cern.ch
	CondorScratchDir = "/pool/condor/dir_3669493"
	Cpus = 1
	Disk = 10021321
	GPUs = 0
	Memory = 3000
...
006 (7944174.390.000) 07/08 17:33:31 Image size of job updated: 25792
	26  -  MemoryUsage of job (MB)
	25792  -  ResidentSetSize of job (KB)
...
006 (7944174.390.000) 07/08 17:33:52 Image size of job updated: 193428
	26  -  MemoryUsage of job (MB)
	25792  -  ResidentSetSize of job (KB)
...
040 (7944174.390.000) 07/08 17:33:52 Started transferring output files
...
040 (7944174.390.000) 07/08 17:33:52 Finished transferring output files
...
012 (7944174.390.000) 07/08 17:33:52 Job was held.
	Job held by ON_EXIT_HOLD due to exit code 1.
	Code 3 Subcode 0
...
013 (7944174.390.000) 07/08 17:46:03 Job was released.
	The job attribute PeriodicRelease expression '(NumJobStarts < 3) && ((CurrentTime - EnteredCurrentStatus) > 10 * 60)' evaluated to TRUE
...
040 (7944174.390.000) 07/08 17:47:57 Started transferring input files
	Transferring to host: <188.185.194.20:9618?addrs=188.185.194.20-9618+[2001-1458-303-21--100-10]-9618&alias=b9p20p9508.cern.ch&noUDP&sock=slot1_24_2145968_56da_17854>
...
040 (7944174.390.000) 07/08 17:47:58 Finished transferring input files
...
001 (7944174.390.000) 07/08 17:47:58 Job executing on host: <188.185.194.20:9618?addrs=188.185.194.20-9618+[2001-1458-303-21--100-10]-9618&alias=b9p20p9508.cern.ch&noUDP&sock=startd_2145930_1153>
	SlotName: slot1_24@b9p20p9508.cern.ch
	CondorScratchDir = "/pool/condor/dir_87795"
	Cpus = 1
	Disk = 10001205
	GPUs = 0
	Memory = 3000
...
006 (7944174.390.000) 07/08 17:48:12 Image size of job updated: 200000
	131  -  MemoryUsage of job (MB)
	133960  -  ResidentSetSize of job (KB)
...
006 (7944174.390.000) 07/08 17:48:18 Image size of job updated: 200000
	133  -  MemoryUsage of job (MB)
	135676  -  ResidentSetSize of job (KB)
...
040 (7944174.390.000) 07/08 17:48:18 Started transferring output files
...
040 (7944174.390.000) 07/08 17:48:18 Finished transferring output files
...
012 (7944174.390.000) 07/08 17:48:18 Job was held.
	Job held by ON_EXIT_HOLD due to exit code 1.
	Code 3 Subcode 0
...
013 (7944174.390.000) 07/08 18:01:00 Job was released.
	The job attribute PeriodicRelease expression '(NumJobStarts < 3) && ((CurrentTime - EnteredCurrentStatus) > 10 * 60)' evaluated to TRUE
...
040 (7944174.390.000) 07/08 18:15:16 Started transferring input files
	Transferring to host: <188.185.213.149:9618?addrs=188.185.213.149-9618+[2001-1458-303-1b--100-11]-9618&alias=b9p28p9569.cern.ch&noUDP&sock=slot1_21_6915_fe32_47841>
...
040 (7944174.390.000) 07/08 18:15:17 Finished transferring input files
...
001 (7944174.390.000) 07/08 18:15:17 Job executing on host: <188.185.213.149:9618?addrs=188.185.213.149-9618+[2001-1458-303-1b--100-11]-9618&alias=b9p28p9569.cern.ch&noUDP&sock=startd_6498_aa7e>
	SlotName: slot1_21@b9p28p9569.cern.ch
	CondorScratchDir = "/pool/condor/dir_442737"
	Cpus = 1
	Disk = 10068920
	GPUs = 0
	Memory = 3000
...
040 (7944174.390.000) 07/08 18:15:31 Started transferring output files
...
040 (7944174.390.000) 07/08 18:15:31 Finished transferring output files
...
012 (7944174.390.000) 07/08 18:15:31 Job was held.
	Job held by ON_EXIT_HOLD due to exit code 1.
	Code 3 Subcode 0
...
