000 (7944174.392.000) 07/08 17:29:05 Job submitted from host: <188.185.16.120:9618?addrs=188.185.16.120-9618+[2001-1458-d00-65--100-39b]-9618&alias=bigbird27.cern.ch&noUDP&sock=schedd_4465_3274>
...
040 (7944174.392.000) 07/08 17:33:19 Started transferring input files
	Transferring to host: <128.142.161.102:9618?addrs=128.142.161.102-9618+[2001-1458-301-b8--100-24]-9618&alias=b9g03p0525.cern.ch&noUDP&sock=slot1_14_2281762_7f2c_10862>
...
040 (7944174.392.000) 07/08 17:33:20 Finished transferring input files
...
001 (7944174.392.000) 07/08 17:33:20 Job executing on host: <128.142.161.102:9618?addrs=128.142.161.102-9618+[2001-1458-301-b8--100-24]-9618&alias=b9g03p0525.cern.ch&noUDP&sock=startd_4414_3720>
	SlotName: slot1_14@b9g03p0525.cern.ch
	CondorScratchDir = "/pool/condor/dir_3708140"
	Cpus = 1
	Disk = 10002892
	GPUs = 0
	Memory = 3000
...
006 (7944174.392.000) 07/08 17:33:35 Image size of job updated: 29768
	30  -  MemoryUsage of job (MB)
	29768  -  ResidentSetSize of job (KB)
...
006 (7944174.392.000) 07/08 17:34:05 Image size of job updated: 187620
	30  -  MemoryUsage of job (MB)
	29932  -  ResidentSetSize of job (KB)
...
040 (7944174.392.000) 07/08 17:34:05 Started transferring output files
...
040 (7944174.392.000) 07/08 17:34:05 Finished transferring output files
...
012 (7944174.392.000) 07/08 17:34:05 Job was held.
	Job held by ON_EXIT_HOLD due to exit code 1.
	Code 3 Subcode 0
...
013 (7944174.392.000) 07/08 17:46:03 Job was released.
	The job attribute PeriodicRelease expression '(NumJobStarts < 3) && ((CurrentTime - EnteredCurrentStatus) > 10 * 60)' evaluated to TRUE
...
040 (7944174.392.000) 07/08 17:47:04 Started transferring input files
	Transferring to host: <188.185.215.159:9618?addrs=188.185.215.159-9618+[2001-1458-303-26--100-1b]-9618&alias=b9p18p6316.cern.ch&noUDP&sock=slot1_7_1534849_b827_19845>
...
040 (7944174.392.000) 07/08 17:47:04 Finished transferring input files
...
001 (7944174.392.000) 07/08 17:47:04 Job executing on host: <188.185.215.159:9618?addrs=188.185.215.159-9618+[2001-1458-303-26--100-1b]-9618&alias=b9p18p6316.cern.ch&noUDP&sock=startd_1534769_74b3>
	SlotName: slot1_7@b9p18p6316.cern.ch
	CondorScratchDir = "/pool/condor/dir_1164758"
	Cpus = 1
	Disk = 10002041
	GPUs = 0
	Memory = 3000
...
006 (7944174.392.000) 07/08 17:47:18 Image size of job updated: 200000
	85  -  MemoryUsage of job (MB)
	87012  -  ResidentSetSize of job (KB)
...
006 (7944174.392.000) 07/08 17:47:23 Image size of job updated: 200000
	86  -  MemoryUsage of job (MB)
	87292  -  ResidentSetSize of job (KB)
...
040 (7944174.392.000) 07/08 17:47:23 Started transferring output files
...
040 (7944174.392.000) 07/08 17:47:23 Finished transferring output files
...
012 (7944174.392.000) 07/08 17:47:24 Job was held.
	Job held by ON_EXIT_HOLD due to exit code 1.
	Code 3 Subcode 0
...
013 (7944174.392.000) 07/08 17:58:13 Job was released.
	The job attribute PeriodicRelease expression '(NumJobStarts < 3) && ((CurrentTime - EnteredCurrentStatus) > 10 * 60)' evaluated to TRUE
...
040 (7944174.392.000) 07/08 18:15:17 Started transferring input files
	Transferring to host: <188.185.195.44:9618?addrs=188.185.195.44-9618+[2001-1458-303-22--100-28]-9618&alias=b9p17p7881.cern.ch&noUDP&sock=slot1_1_7010_edd6_39619>
...
040 (7944174.392.000) 07/08 18:15:18 Finished transferring input files
...
001 (7944174.392.000) 07/08 18:15:18 Job executing on host: <188.185.195.44:9618?addrs=188.185.195.44-9618+[2001-1458-303-22--100-28]-9618&alias=b9p17p7881.cern.ch&noUDP&sock=startd_6152_56b9>
	SlotName: slot1_1@b9p17p7881.cern.ch
	CondorScratchDir = "/pool/condor/dir_275352"
	Cpus = 1
	Disk = 10138650
	GPUs = 0
	Memory = 3000
...
040 (7944174.392.000) 07/08 18:15:36 Started transferring output files
...
040 (7944174.392.000) 07/08 18:15:36 Finished transferring output files
...
012 (7944174.392.000) 07/08 18:15:36 Job was held.
	Job held by ON_EXIT_HOLD due to exit code 1.
	Code 3 Subcode 0
...
