000 (7944174.393.000) 07/08 17:29:05 Job submitted from host: <188.185.16.120:9618?addrs=188.185.16.120-9618+[2001-1458-d00-65--100-39b]-9618&alias=bigbird27.cern.ch&noUDP&sock=schedd_4465_3274>
...
040 (7944174.393.000) 07/08 17:33:18 Started transferring input files
	Transferring to host: <188.185.214.203:9618?addrs=188.185.214.203-9618+[2001-1458-303-1d--100-47]-9618&alias=b9p30p9705.cern.ch&noUDP&sock=slot1_16_2790387_d257_22761>
...
040 (7944174.393.000) 07/08 17:33:19 Finished transferring input files
...
001 (7944174.393.000) 07/08 17:33:19 Job executing on host: <188.185.214.203:9618?addrs=188.185.214.203-9618+[2001-1458-303-1d--100-47]-9618&alias=b9p30p9705.cern.ch&noUDP&sock=startd_8327_3536>
	SlotName: slot1_16@b9p30p9705.cern.ch
	CondorScratchDir = "/pool/condor/dir_1930161"
	Cpus = 1
	Disk = 10007775
	GPUs = 0
	Memory = 3000
...
006 (7944174.393.000) 07/08 17:33:28 Image size of job updated: 58940
	58  -  MemoryUsage of job (MB)
	58940  -  ResidentSetSize of job (KB)
...
006 (7944174.393.000) 07/08 17:33:46 Image size of job updated: 425724
	416  -  MemoryUsage of job (MB)
	425724  -  ResidentSetSize of job (KB)
...
040 (7944174.393.000) 07/08 17:33:46 Started transferring output files
...
040 (7944174.393.000) 07/08 17:33:46 Finished transferring output files
...
012 (7944174.393.000) 07/08 17:33:47 Job was held.
	Job held by ON_EXIT_HOLD due to exit code 1.
	Code 3 Subcode 0
...
013 (7944174.393.000) 07/08 17:46:03 Job was released.
	The job attribute PeriodicRelease expression '(NumJobStarts < 3) && ((CurrentTime - EnteredCurrentStatus) > 10 * 60)' evaluated to TRUE
...
040 (7944174.393.000) 07/08 17:47:05 Started transferring input files
	Transferring to host: <188.185.215.145:9618?addrs=188.185.215.145-9618+[2001-1458-303-26--100-d]-9618&alias=b9p18p5150.cern.ch&noUDP&sock=slot1_13_6112_34f2_35591>
...
040 (7944174.393.000) 07/08 17:47:06 Finished transferring input files
...
001 (7944174.393.000) 07/08 17:47:06 Job executing on host: <188.185.215.145:9618?addrs=188.185.215.145-9618+[2001-1458-303-26--100-d]-9618&alias=b9p18p5150.cern.ch&noUDP&sock=startd_6064_fa64>
	SlotName: slot1_13@b9p18p5150.cern.ch
	CondorScratchDir = "/pool/condor/dir_2124308"
	Cpus = 1
	Disk = 10004169
	GPUs = 0
	Memory = 3000
...
040 (7944174.393.000) 07/08 17:47:40 Started transferring output files
...
040 (7944174.393.000) 07/08 17:47:40 Finished transferring output files
...
012 (7944174.393.000) 07/08 17:47:40 Job was held.
	Job held by ON_EXIT_HOLD due to exit code 1.
	Code 3 Subcode 0
...
013 (7944174.393.000) 07/08 17:58:13 Job was released.
	The job attribute PeriodicRelease expression '(NumJobStarts < 3) && ((CurrentTime - EnteredCurrentStatus) > 10 * 60)' evaluated to TRUE
...
040 (7944174.393.000) 07/08 18:19:58 Started transferring input files
	Transferring to host: <188.185.214.57:9618?addrs=188.185.214.57-9618+[2001-1458-303-1c--100-35]-9618&alias=b9p29p2773.cern.ch&noUDP&sock=slot1_20_1637338_7dcf_26213>
...
040 (7944174.393.000) 07/08 18:19:59 Finished transferring input files
...
001 (7944174.393.000) 07/08 18:19:59 Job executing on host: <188.185.214.57:9618?addrs=188.185.214.57-9618+[2001-1458-303-1c--100-35]-9618&alias=b9p29p2773.cern.ch&noUDP&sock=startd_1637158_cb23>
	SlotName: slot1_20@b9p29p2773.cern.ch
	CondorScratchDir = "/pool/condor/dir_2750478"
	Cpus = 1
	Disk = 10015289
	GPUs = 0
	Memory = 3000
...
040 (7944174.393.000) 07/08 18:20:11 Started transferring output files
...
040 (7944174.393.000) 07/08 18:20:11 Finished transferring output files
...
012 (7944174.393.000) 07/08 18:20:11 Job was held.
	Job held by ON_EXIT_HOLD due to exit code 1.
	Code 3 Subcode 0
...
