000 (7944174.395.000) 07/08 17:29:05 Job submitted from host: <188.185.16.120:9618?addrs=188.185.16.120-9618+[2001-1458-d00-65--100-39b]-9618&alias=bigbird27.cern.ch&noUDP&sock=schedd_4465_3274>
...
040 (7944174.395.000) 07/08 17:34:28 Started transferring input files
	Transferring to host: <188.185.209.188:9618?addrs=188.185.209.188-9618+[2001-1458-303-12--100-39]-9618&alias=b9p12p4540.cern.ch&noUDP&sock=slot1_2_9117_804c_35880>
...
040 (7944174.395.000) 07/08 17:34:28 Finished transferring input files
...
001 (7944174.395.000) 07/08 17:34:29 Job executing on host: <188.185.209.188:9618?addrs=188.185.209.188-9618+[2001-1458-303-12--100-39]-9618&alias=b9p12p4540.cern.ch&noUDP&sock=startd_9068_78e4>
	SlotName: slot1_2@b9p12p4540.cern.ch
	CondorScratchDir = "/pool/condor/dir_2504858"
	Cpus = 1
	Disk = 10003372
	GPUs = 0
	Memory = 3000
...
006 (7944174.395.000) 07/08 17:34:42 Image size of job updated: 90764
	89  -  MemoryUsage of job (MB)
	90764  -  ResidentSetSize of job (KB)
...
006 (7944174.395.000) 07/08 17:34:47 Image size of job updated: 168608
	89  -  MemoryUsage of job (MB)
	90764  -  ResidentSetSize of job (KB)
...
040 (7944174.395.000) 07/08 17:34:47 Started transferring output files
...
040 (7944174.395.000) 07/08 17:34:47 Finished transferring output files
...
012 (7944174.395.000) 07/08 17:34:47 Job was held.
	Job held by ON_EXIT_HOLD due to exit code 1.
	Code 3 Subcode 0
...
013 (7944174.395.000) 07/08 17:46:03 Job was released.
	The job attribute PeriodicRelease expression '(NumJobStarts < 3) && ((CurrentTime - EnteredCurrentStatus) > 10 * 60)' evaluated to TRUE
...
040 (7944174.395.000) 07/08 17:47:05 Started transferring input files
	Transferring to host: <188.185.196.188:9618?addrs=188.185.196.188-9618+[2001-1458-303-23--100-b8]-9618&alias=b9p16p8247.cern.ch&noUDP&sock=slot1_15_3115749_c8c6_22942>
...
040 (7944174.395.000) 07/08 17:47:06 Finished transferring input files
...
001 (7944174.395.000) 07/08 17:47:06 Job executing on host: <188.185.196.188:9618?addrs=188.185.196.188-9618+[2001-1458-303-23--100-b8]-9618&alias=b9p16p8247.cern.ch&noUDP&sock=startd_3115709_cc85>
	SlotName: slot1_15@b9p16p8247.cern.ch
	CondorScratchDir = "/pool/condor/dir_3963180"
	Cpus = 1
	Disk = 10002868
	GPUs = 0
	Memory = 3000
...
006 (7944174.395.000) 07/08 17:47:14 Image size of job updated: 175000
	122  -  MemoryUsage of job (MB)
	124364  -  ResidentSetSize of job (KB)
...
006 (7944174.395.000) 07/08 17:47:19 Image size of job updated: 175000
	124  -  MemoryUsage of job (MB)
	126096  -  ResidentSetSize of job (KB)
...
040 (7944174.395.000) 07/08 17:47:19 Started transferring output files
...
040 (7944174.395.000) 07/08 17:47:19 Finished transferring output files
...
012 (7944174.395.000) 07/08 17:47:19 Job was held.
	Job held by ON_EXIT_HOLD due to exit code 1.
	Code 3 Subcode 0
...
013 (7944174.395.000) 07/08 17:58:13 Job was released.
	The job attribute PeriodicRelease expression '(NumJobStarts < 3) && ((CurrentTime - EnteredCurrentStatus) > 10 * 60)' evaluated to TRUE
...
040 (7944174.395.000) 07/08 18:08:06 Started transferring input files
	Transferring to host: <188.185.211.171:9618?addrs=188.185.211.171-9618+[2001-1458-303-17--100-27]-9618&alias=b9p24p0247.cern.ch&noUDP&sock=slot1_19_7857_b799_41430>
...
040 (7944174.395.000) 07/08 18:08:07 Finished transferring input files
...
001 (7944174.395.000) 07/08 18:08:07 Job executing on host: <188.185.211.171:9618?addrs=188.185.211.171-9618+[2001-1458-303-17--100-27]-9618&alias=b9p24p0247.cern.ch&noUDP&sock=startd_6828_04bf>
	SlotName: slot1_19@b9p24p0247.cern.ch
	CondorScratchDir = "/pool/condor/dir_4093297"
	Cpus = 1
	Disk = 10049925
	GPUs = 0
	Memory = 3000
...
040 (7944174.395.000) 07/08 18:08:20 Started transferring output files
...
040 (7944174.395.000) 07/08 18:08:20 Finished transferring output files
...
012 (7944174.395.000) 07/08 18:08:20 Job was held.
	Job held by ON_EXIT_HOLD due to exit code 1.
	Code 3 Subcode 0
...
