000 (7944174.398.000) 07/08 17:29:05 Job submitted from host: <188.185.16.120:9618?addrs=188.185.16.120-9618+[2001-1458-d00-65--100-39b]-9618&alias=bigbird27.cern.ch&noUDP&sock=schedd_4465_3274>
...
040 (7944174.398.000) 07/08 17:33:19 Started transferring input files
	Transferring to host: <188.185.194.184:9618?addrs=188.185.194.184-9618+[2001-1458-303-21--100-b4]-9618&alias=b9p20p7797.cern.ch&noUDP&sock=slot1_5_11418_c389_24074>
...
040 (7944174.398.000) 07/08 17:33:19 Finished transferring input files
...
001 (7944174.398.000) 07/08 17:33:19 Job executing on host: <188.185.194.184:9618?addrs=188.185.194.184-9618+[2001-1458-303-21--100-b4]-9618&alias=b9p20p7797.cern.ch&noUDP&sock=startd_9968_cc20>
	SlotName: slot1_5@b9p20p7797.cern.ch
	CondorScratchDir = "/pool/condor/dir_3247710"
	Cpus = 1
	Disk = 10009466
	GPUs = 0
	Memory = 3000
...
006 (7944174.398.000) 07/08 17:33:33 Image size of job updated: 33720
	33  -  MemoryUsage of job (MB)
	33720  -  ResidentSetSize of job (KB)
...
006 (7944174.398.000) 07/08 17:33:54 Image size of job updated: 187444
	34  -  MemoryUsage of job (MB)
	33876  -  ResidentSetSize of job (KB)
...
040 (7944174.398.000) 07/08 17:33:54 Started transferring output files
...
040 (7944174.398.000) 07/08 17:33:54 Finished transferring output files
...
012 (7944174.398.000) 07/08 17:33:55 Job was held.
	Job held by ON_EXIT_HOLD due to exit code 1.
	Code 3 Subcode 0
...
013 (7944174.398.000) 07/08 17:46:03 Job was released.
	The job attribute PeriodicRelease expression '(NumJobStarts < 3) && ((CurrentTime - EnteredCurrentStatus) > 10 * 60)' evaluated to TRUE
...
040 (7944174.398.000) 07/08 17:47:08 Started transferring input files
	Transferring to host: <128.142.248.82:9618?addrs=128.142.248.82-9618+[2001-1458-301-73--100-142]-9618&alias=b9g23p0904.cern.ch&noUDP&sock=slot1_32_2508385_e6cc_70029>
...
040 (7944174.398.000) 07/08 17:47:09 Finished transferring input files
...
001 (7944174.398.000) 07/08 17:47:09 Job executing on host: <128.142.248.82:9618?addrs=128.142.248.82-9618+[2001-1458-301-73--100-142]-9618&alias=b9g23p0904.cern.ch&noUDP&sock=startd_3169_3fb7>
	SlotName: slot1_32@b9g23p0904.cern.ch
	CondorScratchDir = "/pool/condor/dir_3245083"
	Cpus = 1
	Disk = 10003580
	GPUs = 0
	Memory = 3000
...
006 (7944174.398.000) 07/08 17:47:17 Image size of job updated: 200000
	53  -  MemoryUsage of job (MB)
	54248  -  ResidentSetSize of job (KB)
...
006 (7944174.398.000) 07/08 17:47:42 Image size of job updated: 424176
	415  -  MemoryUsage of job (MB)
	424176  -  ResidentSetSize of job (KB)
...
040 (7944174.398.000) 07/08 17:47:43 Started transferring output files
...
040 (7944174.398.000) 07/08 17:47:43 Finished transferring output files
...
012 (7944174.398.000) 07/08 17:47:43 Job was held.
	Job held by ON_EXIT_HOLD due to exit code 1.
	Code 3 Subcode 0
...
013 (7944174.398.000) 07/08 17:58:13 Job was released.
	The job attribute PeriodicRelease expression '(NumJobStarts < 3) && ((CurrentTime - EnteredCurrentStatus) > 10 * 60)' evaluated to TRUE
...
040 (7944174.398.000) 07/08 18:15:18 Started transferring input files
	Transferring to host: <188.185.213.180:9618?addrs=188.185.213.180-9618+[2001-1458-303-1b--100-30]-9618&alias=b9p28p7628.cern.ch&noUDP&sock=slot1_13_1582369_dbb4_25734>
...
040 (7944174.398.000) 07/08 18:15:19 Finished transferring input files
...
001 (7944174.398.000) 07/08 18:15:19 Job executing on host: <188.185.213.180:9618?addrs=188.185.213.180-9618+[2001-1458-303-1b--100-30]-9618&alias=b9p28p7628.cern.ch&noUDP&sock=startd_1582285_7aca>
	SlotName: slot1_13@b9p28p7628.cern.ch
	CondorScratchDir = "/pool/condor/dir_2216000"
	Cpus = 1
	Disk = 10000599
	GPUs = 0
	Memory = 3000
...
040 (7944174.398.000) 07/08 18:15:34 Started transferring output files
...
040 (7944174.398.000) 07/08 18:15:34 Finished transferring output files
...
012 (7944174.398.000) 07/08 18:15:34 Job was held.
	Job held by ON_EXIT_HOLD due to exit code 1.
	Code 3 Subcode 0
...
