000 (7944174.399.000) 07/08 17:29:05 Job submitted from host: <188.185.16.120:9618?addrs=188.185.16.120-9618+[2001-1458-d00-65--100-39b]-9618&alias=bigbird27.cern.ch&noUDP&sock=schedd_4465_3274>
...
040 (7944174.399.000) 07/08 17:33:20 Started transferring input files
	Transferring to host: <188.185.207.156:9618?addrs=188.185.207.156-9618+[2001-1458-303-e--100-19]-9618&alias=b9p08p8118.cern.ch&noUDP&sock=slot1_18_2218526_03a1_10099>
...
040 (7944174.399.000) 07/08 17:33:21 Finished transferring input files
...
001 (7944174.399.000) 07/08 17:33:21 Job executing on host: <188.185.207.156:9618?addrs=188.185.207.156-9618+[2001-1458-303-e--100-19]-9618&alias=b9p08p8118.cern.ch&noUDP&sock=startd_1840244_e5c5>
	SlotName: slot1_18@b9p08p8118.cern.ch
	CondorScratchDir = "/pool/condor/dir_1985320"
	Cpus = 1
	Disk = 10014240
	GPUs = 0
	Memory = 3000
...
006 (7944174.399.000) 07/08 17:33:30 Image size of job updated: 65156
	64  -  MemoryUsage of job (MB)
	65156  -  ResidentSetSize of job (KB)
...
006 (7944174.399.000) 07/08 17:33:46 Image size of job updated: 408332
	399  -  MemoryUsage of job (MB)
	408332  -  ResidentSetSize of job (KB)
...
040 (7944174.399.000) 07/08 17:33:46 Started transferring output files
...
040 (7944174.399.000) 07/08 17:33:46 Finished transferring output files
...
012 (7944174.399.000) 07/08 17:33:46 Job was held.
	Job held by ON_EXIT_HOLD due to exit code 1.
	Code 3 Subcode 0
...
013 (7944174.399.000) 07/08 17:46:03 Job was released.
	The job attribute PeriodicRelease expression '(NumJobStarts < 3) && ((CurrentTime - EnteredCurrentStatus) > 10 * 60)' evaluated to TRUE
...
040 (7944174.399.000) 07/08 17:47:07 Started transferring input files
	Transferring to host: <188.185.194.21:9618?addrs=188.185.194.21-9618+[2001-1458-303-21--100-11]-9618&alias=b9p20p4734.cern.ch&noUDP&sock=slot1_12_6142_5833_24156>
...
040 (7944174.399.000) 07/08 17:47:07 Finished transferring input files
...
001 (7944174.399.000) 07/08 17:47:07 Job executing on host: <188.185.194.21:9618?addrs=188.185.194.21-9618+[2001-1458-303-21--100-11]-9618&alias=b9p20p4734.cern.ch&noUDP&sock=startd_5824_5ba9>
	SlotName: slot1_12@b9p20p4734.cern.ch
	CondorScratchDir = "/pool/condor/dir_322362"
	Cpus = 1
	Disk = 10003281
	GPUs = 0
	Memory = 3000
...
040 (7944174.399.000) 07/08 17:47:43 Started transferring output files
...
040 (7944174.399.000) 07/08 17:47:43 Finished transferring output files
...
012 (7944174.399.000) 07/08 17:47:43 Job was held.
	Job held by ON_EXIT_HOLD due to exit code 1.
	Code 3 Subcode 0
...
013 (7944174.399.000) 07/08 17:58:13 Job was released.
	The job attribute PeriodicRelease expression '(NumJobStarts < 3) && ((CurrentTime - EnteredCurrentStatus) > 10 * 60)' evaluated to TRUE
...
040 (7944174.399.000) 07/08 18:15:18 Started transferring input files
	Transferring to host: <188.185.213.148:9618?addrs=188.185.213.148-9618+[2001-1458-303-1b--100-10]-9618&alias=b9p28p0002.cern.ch&noUDP&sock=slot1_22_8480_ad52_49071>
...
040 (7944174.399.000) 07/08 18:15:19 Finished transferring input files
...
001 (7944174.399.000) 07/08 18:15:19 Job executing on host: <188.185.213.148:9618?addrs=188.185.213.148-9618+[2001-1458-303-1b--100-10]-9618&alias=b9p28p0002.cern.ch&noUDP&sock=startd_8427_ccaf>
	SlotName: slot1_22@b9p28p0002.cern.ch
	CondorScratchDir = "/pool/condor/dir_1202348"
	Cpus = 1
	Disk = 10015502
	GPUs = 0
	Memory = 3000
...
040 (7944174.399.000) 07/08 18:15:34 Started transferring output files
...
040 (7944174.399.000) 07/08 18:15:34 Finished transferring output files
...
012 (7944174.399.000) 07/08 18:15:34 Job was held.
	Job held by ON_EXIT_HOLD due to exit code 1.
	Code 3 Subcode 0
...
