000 (7944174.040.000) 07/08 17:29:04 Job submitted from host: <188.185.16.120:9618?addrs=188.185.16.120-9618+[2001-1458-d00-65--100-39b]-9618&alias=bigbird27.cern.ch&noUDP&sock=schedd_4465_3274>
...
040 (7944174.040.000) 07/08 17:31:23 Started transferring input files
	Transferring to host: <188.185.192.167:9618?addrs=188.185.192.167-9618+[2001-1458-303-1f--100-a3]-9618&alias=b9p13p8585.cern.ch&noUDP&sock=slot1_2_8969_38c6_42674>
...
040 (7944174.040.000) 07/08 17:31:23 Finished transferring input files
...
001 (7944174.040.000) 07/08 17:31:23 Job executing on host: <188.185.192.167:9618?addrs=188.185.192.167-9618+[2001-1458-303-1f--100-a3]-9618&alias=b9p13p8585.cern.ch&noUDP&sock=startd_8322_c73d>
	SlotName: slot1_2@b9p13p8585.cern.ch
	CondorScratchDir = "/pool/condor/dir_1218518"
	Cpus = 1
	Disk = 10002268
	GPUs = 0
	Memory = 3000
...
006 (7944174.040.000) 07/08 17:31:37 Image size of job updated: 26796
	23  -  MemoryUsage of job (MB)
	23100  -  ResidentSetSize of job (KB)
...
006 (7944174.040.000) 07/08 17:32:43 Image size of job updated: 208204
	23  -  MemoryUsage of job (MB)
	23100  -  ResidentSetSize of job (KB)
...
040 (7944174.040.000) 07/08 17:32:43 Started transferring output files
...
040 (7944174.040.000) 07/08 17:32:43 Finished transferring output files
...
012 (7944174.040.000) 07/08 17:32:45 Job was held.
	Job held by ON_EXIT_HOLD due to exit code 1.
	Code 3 Subcode 0
...
013 (7944174.040.000) 07/08 17:43:32 Job was released.
	The job attribute PeriodicRelease expression '(NumJobStarts < 3) && ((CurrentTime - EnteredCurrentStatus) > 10 * 60)' evaluated to TRUE
...
040 (7944174.040.000) 07/08 17:44:07 Started transferring input files
	Transferring to host: <188.185.213.23:9618?addrs=188.185.213.23-9618+[2001-1458-303-1a--100-13]-9618&alias=b9p27p8195.cern.ch&noUDP&sock=slot1_7_8428_09d0_40290>
...
040 (7944174.040.000) 07/08 17:44:08 Finished transferring input files
...
001 (7944174.040.000) 07/08 17:44:08 Job executing on host: <188.185.213.23:9618?addrs=188.185.213.23-9618+[2001-1458-303-1a--100-13]-9618&alias=b9p27p8195.cern.ch&noUDP&sock=startd_8377_80f2>
	SlotName: slot1_7@b9p27p8195.cern.ch
	CondorScratchDir = "/pool/condor/dir_2417762"
	Cpus = 1
	Disk = 10002173
	GPUs = 0
	Memory = 3000
...
006 (7944174.040.000) 07/08 17:44:17 Image size of job updated: 225000
	168  -  MemoryUsage of job (MB)
	171868  -  ResidentSetSize of job (KB)
...
006 (7944174.040.000) 07/08 17:44:21 Image size of job updated: 225000
	169  -  MemoryUsage of job (MB)
	172376  -  ResidentSetSize of job (KB)
...
040 (7944174.040.000) 07/08 17:44:21 Started transferring output files
...
040 (7944174.040.000) 07/08 17:44:21 Finished transferring output files
...
012 (7944174.040.000) 07/08 17:44:21 Job was held.
	Job held by ON_EXIT_HOLD due to exit code 1.
	Code 3 Subcode 0
...
013 (7944174.040.000) 07/08 17:55:47 Job was released.
	The job attribute PeriodicRelease expression '(NumJobStarts < 3) && ((CurrentTime - EnteredCurrentStatus) > 10 * 60)' evaluated to TRUE
...
040 (7944174.040.000) 07/08 17:57:33 Started transferring input files
	Transferring to host: <188.185.192.46:9618?addrs=188.185.192.46-9618+[2001-1458-303-1f--100-2a]-9618&alias=b9p13p2208.cern.ch&noUDP&sock=slot1_26_8829_9440_40650>
...
040 (7944174.040.000) 07/08 17:57:33 Finished transferring input files
...
001 (7944174.040.000) 07/08 17:57:33 Job executing on host: <188.185.192.46:9618?addrs=188.185.192.46-9618+[2001-1458-303-1f--100-2a]-9618&alias=b9p13p2208.cern.ch&noUDP&sock=startd_8781_9d35>
	SlotName: slot1_26@b9p13p2208.cern.ch
	CondorScratchDir = "/pool/condor/dir_3622350"
	Cpus = 1
	Disk = 10005133
	GPUs = 0
	Memory = 3000
...
040 (7944174.040.000) 07/08 17:58:03 Started transferring output files
...
040 (7944174.040.000) 07/08 17:58:03 Finished transferring output files
...
012 (7944174.040.000) 07/08 17:58:03 Job was held.
	Job held by ON_EXIT_HOLD due to exit code 1.
	Code 3 Subcode 0
...
