000 (7944174.401.000) 07/08 17:29:05 Job submitted from host: <188.185.16.120:9618?addrs=188.185.16.120-9618+[2001-1458-d00-65--100-39b]-9618&alias=bigbird27.cern.ch&noUDP&sock=schedd_4465_3274>
...
040 (7944174.401.000) 07/08 17:33:20 Started transferring input files
	Transferring to host: <188.185.192.134:9618?addrs=188.185.192.134-9618+[2001-1458-303-1f--100-82]-9618&alias=b9p13p5632.cern.ch&noUDP&sock=slot1_21_3480487_b376_16759>
...
040 (7944174.401.000) 07/08 17:33:21 Finished transferring input files
...
001 (7944174.401.000) 07/08 17:33:21 Job executing on host: <188.185.192.134:9618?addrs=188.185.192.134-9618+[2001-1458-303-1f--100-82]-9618&alias=b9p13p5632.cern.ch&noUDP&sock=startd_3480449_19e4>
	SlotName: slot1_21@b9p13p5632.cern.ch
	CondorScratchDir = "/pool/condor/dir_2915394"
	Cpus = 1
	Disk = 10002622
	GPUs = 0
	Memory = 3000
...
006 (7944174.401.000) 07/08 17:33:34 Image size of job updated: 23984
	24  -  MemoryUsage of job (MB)
	23984  -  ResidentSetSize of job (KB)
...
006 (7944174.401.000) 07/08 17:33:54 Image size of job updated: 196332
	24  -  MemoryUsage of job (MB)
	23984  -  ResidentSetSize of job (KB)
...
040 (7944174.401.000) 07/08 17:33:54 Started transferring output files
...
040 (7944174.401.000) 07/08 17:33:54 Finished transferring output files
...
012 (7944174.401.000) 07/08 17:33:54 Job was held.
	Job held by ON_EXIT_HOLD due to exit code 1.
	Code 3 Subcode 0
...
013 (7944174.401.000) 07/08 17:46:03 Job was released.
	The job attribute PeriodicRelease expression '(NumJobStarts < 3) && ((CurrentTime - EnteredCurrentStatus) > 10 * 60)' evaluated to TRUE
...
040 (7944174.401.000) 07/08 17:47:08 Started transferring input files
	Transferring to host: <188.185.193.176:9618?addrs=188.185.193.176-9618+[2001-1458-303-20--100-ac]-9618&alias=b9p19p1238.cern.ch&noUDP&sock=slot1_8_11122_347d_14968>
...
040 (7944174.401.000) 07/08 17:47:08 Finished transferring input files
...
001 (7944174.401.000) 07/08 17:47:08 Job executing on host: <188.185.193.176:9618?addrs=188.185.193.176-9618+[2001-1458-303-20--100-ac]-9618&alias=b9p19p1238.cern.ch&noUDP&sock=startd_9863_c6ae>
	SlotName: slot1_8@b9p19p1238.cern.ch
	CondorScratchDir = "/pool/condor/dir_629271"
	Cpus = 1
	Disk = 10001889
	GPUs = 0
	Memory = 3000
...
040 (7944174.401.000) 07/08 17:47:42 Started transferring output files
...
040 (7944174.401.000) 07/08 17:47:42 Finished transferring output files
...
012 (7944174.401.000) 07/08 17:47:42 Job was held.
	Job held by ON_EXIT_HOLD due to exit code 1.
	Code 3 Subcode 0
...
013 (7944174.401.000) 07/08 17:58:13 Job was released.
	The job attribute PeriodicRelease expression '(NumJobStarts < 3) && ((CurrentTime - EnteredCurrentStatus) > 10 * 60)' evaluated to TRUE
...
040 (7944174.401.000) 07/08 18:15:19 Started transferring input files
	Transferring to host: <188.185.214.29:9618?addrs=188.185.214.29-9618+[2001-1458-303-1c--100-19]-9618&alias=b9p29p6384.cern.ch&noUDP&sock=slot1_7_8386_720e_40240>
...
040 (7944174.401.000) 07/08 18:15:19 Finished transferring input files
...
001 (7944174.401.000) 07/08 18:15:19 Job executing on host: <188.185.214.29:9618?addrs=188.185.214.29-9618+[2001-1458-303-1c--100-19]-9618&alias=b9p29p6384.cern.ch&noUDP&sock=startd_8322_c73d>
	SlotName: slot1_7@b9p29p6384.cern.ch
	CondorScratchDir = "/pool/condor/dir_1110301"
	Cpus = 1
	Disk = 10047076
	GPUs = 0
	Memory = 3000
...
006 (7944174.401.000) 07/08 18:15:29 Image size of job updated: 200000
	195  -  MemoryUsage of job (MB)
	199324  -  ResidentSetSize of job (KB)
...
006 (7944174.401.000) 07/08 18:15:31 Image size of job updated: 200000
	196  -  MemoryUsage of job (MB)
	200088  -  ResidentSetSize of job (KB)
...
040 (7944174.401.000) 07/08 18:15:31 Started transferring output files
...
040 (7944174.401.000) 07/08 18:15:31 Finished transferring output files
...
012 (7944174.401.000) 07/08 18:15:31 Job was held.
	Job held by ON_EXIT_HOLD due to exit code 1.
	Code 3 Subcode 0
...
