000 (7944174.402.000) 07/08 17:29:05 Job submitted from host: <188.185.16.120:9618?addrs=188.185.16.120-9618+[2001-1458-d00-65--100-39b]-9618&alias=bigbird27.cern.ch&noUDP&sock=schedd_4465_3274>
...
040 (7944174.402.000) 07/08 17:33:59 Started transferring input files
	Transferring to host: <188.185.192.78:9618?addrs=188.185.192.78-9618+[2001-1458-303-1f--100-4a]-9618&alias=b9p13p5199.cern.ch&noUDP&sock=slot1_11_8737_c1bc_38931>
...
040 (7944174.402.000) 07/08 17:34:00 Finished transferring input files
...
001 (7944174.402.000) 07/08 17:34:00 Job executing on host: <188.185.192.78:9618?addrs=188.185.192.78-9618+[2001-1458-303-1f--100-4a]-9618&alias=b9p13p5199.cern.ch&noUDP&sock=startd_8371_6361>
	SlotName: slot1_11@b9p13p5199.cern.ch
	CondorScratchDir = "/pool/condor/dir_3723759"
	Cpus = 1
	Disk = 10016093
	GPUs = 0
	Memory = 3000
...
006 (7944174.402.000) 07/08 17:34:13 Image size of job updated: 27640
	23  -  MemoryUsage of job (MB)
	23264  -  ResidentSetSize of job (KB)
...
006 (7944174.402.000) 07/08 17:34:21 Image size of job updated: 211824
	23  -  MemoryUsage of job (MB)
	23264  -  ResidentSetSize of job (KB)
...
040 (7944174.402.000) 07/08 17:34:21 Started transferring output files
...
040 (7944174.402.000) 07/08 17:34:21 Finished transferring output files
...
012 (7944174.402.000) 07/08 17:34:21 Job was held.
	Job held by ON_EXIT_HOLD due to exit code 1.
	Code 3 Subcode 0
...
013 (7944174.402.000) 07/08 17:46:03 Job was released.
	The job attribute PeriodicRelease expression '(NumJobStarts < 3) && ((CurrentTime - EnteredCurrentStatus) > 10 * 60)' evaluated to TRUE
...
040 (7944174.402.000) 07/08 17:47:08 Started transferring input files
	Transferring to host: <188.185.194.150:9618?addrs=188.185.194.150-9618+[2001-1458-303-21--100-92]-9618&alias=b9p20p5264.cern.ch&noUDP&sock=slot1_13_3282071_adf1_17789>
...
040 (7944174.402.000) 07/08 17:47:08 Finished transferring input files
...
001 (7944174.402.000) 07/08 17:47:08 Job executing on host: <188.185.194.150:9618?addrs=188.185.194.150-9618+[2001-1458-303-21--100-92]-9618&alias=b9p20p5264.cern.ch&noUDP&sock=startd_3281997_8922>
	SlotName: slot1_13@b9p20p5264.cern.ch
	CondorScratchDir = "/pool/condor/dir_401953"
	Cpus = 1
	Disk = 10003188
	GPUs = 0
	Memory = 3000
...
006 (7944174.402.000) 07/08 17:47:22 Image size of job updated: 225000
	32  -  MemoryUsage of job (MB)
	32140  -  ResidentSetSize of job (KB)
...
006 (7944174.402.000) 07/08 17:47:46 Image size of job updated: 225000
	33  -  MemoryUsage of job (MB)
	32952  -  ResidentSetSize of job (KB)
...
040 (7944174.402.000) 07/08 17:47:46 Started transferring output files
...
040 (7944174.402.000) 07/08 17:47:46 Finished transferring output files
...
012 (7944174.402.000) 07/08 17:47:46 Job was held.
	Job held by ON_EXIT_HOLD due to exit code 1.
	Code 3 Subcode 0
...
013 (7944174.402.000) 07/08 17:58:13 Job was released.
	The job attribute PeriodicRelease expression '(NumJobStarts < 3) && ((CurrentTime - EnteredCurrentStatus) > 10 * 60)' evaluated to TRUE
...
040 (7944174.402.000) 07/08 18:15:19 Started transferring input files
	Transferring to host: <188.185.214.53:9618?addrs=188.185.214.53-9618+[2001-1458-303-1c--100-31]-9618&alias=b9p29p4388.cern.ch&noUDP&sock=slot1_5_7664_bb31_50314>
...
040 (7944174.402.000) 07/08 18:15:20 Finished transferring input files
...
001 (7944174.402.000) 07/08 18:15:20 Job executing on host: <188.185.214.53:9618?addrs=188.185.214.53-9618+[2001-1458-303-1c--100-31]-9618&alias=b9p29p4388.cern.ch&noUDP&sock=startd_6527_8ebd>
	SlotName: slot1_5@b9p29p4388.cern.ch
	CondorScratchDir = "/pool/condor/dir_876451"
	Cpus = 1
	Disk = 10002798
	GPUs = 0
	Memory = 3000
...
006 (7944174.402.000) 07/08 18:15:33 Image size of job updated: 225000
	64  -  MemoryUsage of job (MB)
	64536  -  ResidentSetSize of job (KB)
...
006 (7944174.402.000) 07/08 18:15:39 Image size of job updated: 225000
	73  -  MemoryUsage of job (MB)
	74044  -  ResidentSetSize of job (KB)
...
040 (7944174.402.000) 07/08 18:15:39 Started transferring output files
...
040 (7944174.402.000) 07/08 18:15:39 Finished transferring output files
...
012 (7944174.402.000) 07/08 18:15:39 Job was held.
	Job held by ON_EXIT_HOLD due to exit code 1.
	Code 3 Subcode 0
...
