000 (7944174.403.000) 07/08 17:29:05 Job submitted from host: <188.185.16.120:9618?addrs=188.185.16.120-9618+[2001-1458-d00-65--100-39b]-9618&alias=bigbird27.cern.ch&noUDP&sock=schedd_4465_3274>
...
040 (7944174.403.000) 07/08 17:33:21 Started transferring input files
	Transferring to host: <188.185.213.158:9618?addrs=188.185.213.158-9618+[2001-1458-303-1b--100-1a]-9618&alias=b9p28p5030.cern.ch&noUDP&sock=slot1_23_8407_3def_39008>
...
040 (7944174.403.000) 07/08 17:33:21 Finished transferring input files
...
001 (7944174.403.000) 07/08 17:33:21 Job executing on host: <188.185.213.158:9618?addrs=188.185.213.158-9618+[2001-1458-303-1b--100-1a]-9618&alias=b9p28p5030.cern.ch&noUDP&sock=startd_8354_ba45>
	SlotName: slot1_23@b9p28p5030.cern.ch
	CondorScratchDir = "/pool/condor/dir_1144107"
	Cpus = 1
	Disk = 10002659
	GPUs = 0
	Memory = 3000
...
006 (7944174.403.000) 07/08 17:33:30 Image size of job updated: 58372
	58  -  MemoryUsage of job (MB)
	58372  -  ResidentSetSize of job (KB)
...
006 (7944174.403.000) 07/08 17:33:46 Image size of job updated: 407860
	399  -  MemoryUsage of job (MB)
	407860  -  ResidentSetSize of job (KB)
...
040 (7944174.403.000) 07/08 17:33:46 Started transferring output files
...
040 (7944174.403.000) 07/08 17:33:46 Finished transferring output files
...
012 (7944174.403.000) 07/08 17:33:46 Job was held.
	Job held by ON_EXIT_HOLD due to exit code 1.
	Code 3 Subcode 0
...
013 (7944174.403.000) 07/08 17:46:03 Job was released.
	The job attribute PeriodicRelease expression '(NumJobStarts < 3) && ((CurrentTime - EnteredCurrentStatus) > 10 * 60)' evaluated to TRUE
...
040 (7944174.403.000) 07/08 17:47:09 Started transferring input files
	Transferring to host: <188.185.195.160:9618?addrs=188.185.195.160-9618+[2001-1458-303-22--100-9c]-9618&alias=b9p17p5851.cern.ch&noUDP&sock=slot1_20_8810_311f_39882>
...
040 (7944174.403.000) 07/08 17:47:09 Finished transferring input files
...
001 (7944174.403.000) 07/08 17:47:09 Job executing on host: <188.185.195.160:9618?addrs=188.185.195.160-9618+[2001-1458-303-22--100-9c]-9618&alias=b9p17p5851.cern.ch&noUDP&sock=startd_8631_ba01>
	SlotName: slot1_20@b9p17p5851.cern.ch
	CondorScratchDir = "/pool/condor/dir_275565"
	Cpus = 1
	Disk = 10003437
	GPUs = 0
	Memory = 3000
...
006 (7944174.403.000) 07/08 17:47:37 Image size of job updated: 426452
	417  -  MemoryUsage of job (MB)
	426452  -  ResidentSetSize of job (KB)
...
040 (7944174.403.000) 07/08 17:47:37 Started transferring output files
...
040 (7944174.403.000) 07/08 17:47:37 Finished transferring output files
...
012 (7944174.403.000) 07/08 17:47:37 Job was held.
	Job held by ON_EXIT_HOLD due to exit code 1.
	Code 3 Subcode 0
...
013 (7944174.403.000) 07/08 17:58:13 Job was released.
	The job attribute PeriodicRelease expression '(NumJobStarts < 3) && ((CurrentTime - EnteredCurrentStatus) > 10 * 60)' evaluated to TRUE
...
040 (7944174.403.000) 07/08 18:15:20 Started transferring input files
	Transferring to host: <188.185.213.175:9618?addrs=188.185.213.175-9618+[2001-1458-303-1b--100-2b]-9618&alias=b9p28p0795.cern.ch&noUDP&sock=slot1_9_2561074_118a_47477>
...
040 (7944174.403.000) 07/08 18:15:21 Finished transferring input files
...
001 (7944174.403.000) 07/08 18:15:21 Job executing on host: <188.185.213.175:9618?addrs=188.185.213.175-9618+[2001-1458-303-1b--100-2b]-9618&alias=b9p28p0795.cern.ch&noUDP&sock=startd_6445_4ff9>
	SlotName: slot1_9@b9p28p0795.cern.ch
	CondorScratchDir = "/pool/condor/dir_979353"
	Cpus = 1
	Disk = 10011016
	GPUs = 0
	Memory = 3000
...
040 (7944174.403.000) 07/08 18:15:34 Started transferring output files
...
040 (7944174.403.000) 07/08 18:15:34 Finished transferring output files
...
012 (7944174.403.000) 07/08 18:15:35 Job was held.
	Job held by ON_EXIT_HOLD due to exit code 1.
	Code 3 Subcode 0
...
