000 (7944174.404.000) 07/08 17:29:05 Job submitted from host: <188.185.16.120:9618?addrs=188.185.16.120-9618+[2001-1458-d00-65--100-39b]-9618&alias=bigbird27.cern.ch&noUDP&sock=schedd_4465_3274>
...
040 (7944174.404.000) 07/08 17:35:02 Started transferring input files
	Transferring to host: <128.142.196.38:9618?addrs=128.142.196.38-9618+[2001-1458-301-3c--100-24]-9618&alias=b9g32p1957.cern.ch&noUDP&sock=slot1_19_4996_e244_63248>
...
040 (7944174.404.000) 07/08 17:35:02 Finished transferring input files
...
001 (7944174.404.000) 07/08 17:35:02 Job executing on host: <128.142.196.38:9618?addrs=128.142.196.38-9618+[2001-1458-301-3c--100-24]-9618&alias=b9g32p1957.cern.ch&noUDP&sock=startd_4247_aacf>
	SlotName: slot1_19@b9g32p1957.cern.ch
	CondorScratchDir = "/pool/condor/dir_449666"
	Cpus = 1
	Disk = 10067667
	GPUs = 0
	Memory = 3000
...
006 (7944174.404.000) 07/08 17:35:11 Image size of job updated: 42048
	42  -  MemoryUsage of job (MB)
	42048  -  ResidentSetSize of job (KB)
...
006 (7944174.404.000) 07/08 17:35:17 Image size of job updated: 42048
	42  -  MemoryUsage of job (MB)
	42816  -  ResidentSetSize of job (KB)
...
040 (7944174.404.000) 07/08 17:35:17 Started transferring output files
...
040 (7944174.404.000) 07/08 17:35:17 Finished transferring output files
...
012 (7944174.404.000) 07/08 17:35:17 Job was held.
	Job held by ON_EXIT_HOLD due to exit code 1.
	Code 3 Subcode 0
...
013 (7944174.404.000) 07/08 17:46:03 Job was released.
	The job attribute PeriodicRelease expression '(NumJobStarts < 3) && ((CurrentTime - EnteredCurrentStatus) > 10 * 60)' evaluated to TRUE
...
040 (7944174.404.000) 07/08 17:47:09 Started transferring input files
	Transferring to host: <188.185.195.43:9618?addrs=188.185.195.43-9618+[2001-1458-303-22--100-27]-9618&alias=b9p17p6437.cern.ch&noUDP&sock=slot1_12_4038_e2dd_24485>
...
040 (7944174.404.000) 07/08 17:47:09 Finished transferring input files
...
001 (7944174.404.000) 07/08 17:47:09 Job executing on host: <188.185.195.43:9618?addrs=188.185.195.43-9618+[2001-1458-303-22--100-27]-9618&alias=b9p17p6437.cern.ch&noUDP&sock=startd_3496_8b2f>
	SlotName: slot1_12@b9p17p6437.cern.ch
	CondorScratchDir = "/pool/condor/dir_3807505"
	Cpus = 1
	Disk = 10002456
	GPUs = 0
	Memory = 3000
...
006 (7944174.404.000) 07/08 17:47:44 Image size of job updated: 182940
	44  -  MemoryUsage of job (MB)
	45000  -  ResidentSetSize of job (KB)
...
040 (7944174.404.000) 07/08 17:47:44 Started transferring output files
...
040 (7944174.404.000) 07/08 17:47:45 Finished transferring output files
...
012 (7944174.404.000) 07/08 17:47:45 Job was held.
	Job held by ON_EXIT_HOLD due to exit code 1.
	Code 3 Subcode 0
...
013 (7944174.404.000) 07/08 17:58:13 Job was released.
	The job attribute PeriodicRelease expression '(NumJobStarts < 3) && ((CurrentTime - EnteredCurrentStatus) > 10 * 60)' evaluated to TRUE
...
040 (7944174.404.000) 07/08 18:08:10 Started transferring input files
	Transferring to host: <188.185.213.197:9618?addrs=188.185.213.197-9618+[2001-1458-303-1b--100-41]-9618&alias=b9p28p2682.cern.ch&noUDP&sock=slot1_9_8373_492e_40422>
...
040 (7944174.404.000) 07/08 18:08:11 Finished transferring input files
...
001 (7944174.404.000) 07/08 18:08:11 Job executing on host: <188.185.213.197:9618?addrs=188.185.213.197-9618+[2001-1458-303-1b--100-41]-9618&alias=b9p28p2682.cern.ch&noUDP&sock=startd_8321_17a5>
	SlotName: slot1_9@b9p28p2682.cern.ch
	CondorScratchDir = "/pool/condor/dir_3527466"
	Cpus = 1
	Disk = 10009937
	GPUs = 0
	Memory = 3000
...
006 (7944174.404.000) 07/08 18:08:19 Image size of job updated: 200000
	55  -  MemoryUsage of job (MB)
	55964  -  ResidentSetSize of job (KB)
...
006 (7944174.404.000) 07/08 18:08:38 Image size of job updated: 407144
	398  -  MemoryUsage of job (MB)
	407144  -  ResidentSetSize of job (KB)
...
040 (7944174.404.000) 07/08 18:08:38 Started transferring output files
...
040 (7944174.404.000) 07/08 18:08:38 Finished transferring output files
...
012 (7944174.404.000) 07/08 18:08:38 Job was held.
	Job held by ON_EXIT_HOLD due to exit code 1.
	Code 3 Subcode 0
...
