000 (7944174.405.000) 07/08 17:29:05 Job submitted from host: <188.185.16.120:9618?addrs=188.185.16.120-9618+[2001-1458-d00-65--100-39b]-9618&alias=bigbird27.cern.ch&noUDP&sock=schedd_4465_3274>
...
040 (7944174.405.000) 07/08 17:33:21 Started transferring input files
	Transferring to host: <188.185.192.78:9618?addrs=188.185.192.78-9618+[2001-1458-303-1f--100-4a]-9618&alias=b9p13p5199.cern.ch&noUDP&sock=slot1_6_8737_c1bc_38929>
...
040 (7944174.405.000) 07/08 17:33:21 Finished transferring input files
...
001 (7944174.405.000) 07/08 17:33:21 Job executing on host: <188.185.192.78:9618?addrs=188.185.192.78-9618+[2001-1458-303-1f--100-4a]-9618&alias=b9p13p5199.cern.ch&noUDP&sock=startd_8371_6361>
	SlotName: slot1_6@b9p13p5199.cern.ch
	CondorScratchDir = "/pool/condor/dir_3722281"
	Cpus = 1
	Disk = 10005972
	GPUs = 0
	Memory = 3000
...
006 (7944174.405.000) 07/08 17:33:35 Image size of job updated: 26132
	26  -  MemoryUsage of job (MB)
	26132  -  ResidentSetSize of job (KB)
...
006 (7944174.405.000) 07/08 17:33:56 Image size of job updated: 190932
	26  -  MemoryUsage of job (MB)
	26272  -  ResidentSetSize of job (KB)
...
040 (7944174.405.000) 07/08 17:33:56 Started transferring output files
...
040 (7944174.405.000) 07/08 17:33:56 Finished transferring output files
...
012 (7944174.405.000) 07/08 17:33:56 Job was held.
	Job held by ON_EXIT_HOLD due to exit code 1.
	Code 3 Subcode 0
...
013 (7944174.405.000) 07/08 17:46:03 Job was released.
	The job attribute PeriodicRelease expression '(NumJobStarts < 3) && ((CurrentTime - EnteredCurrentStatus) > 10 * 60)' evaluated to TRUE
...
040 (7944174.405.000) 07/08 17:47:09 Started transferring input files
	Transferring to host: <188.185.196.162:9618?addrs=188.185.196.162-9618+[2001-1458-303-23--100-9e]-9618&alias=b9p16p1742.cern.ch&noUDP&sock=slot1_5_8772_6ade_39024>
...
040 (7944174.405.000) 07/08 17:47:09 Finished transferring input files
...
001 (7944174.405.000) 07/08 17:47:09 Job executing on host: <188.185.196.162:9618?addrs=188.185.196.162-9618+[2001-1458-303-23--100-9e]-9618&alias=b9p16p1742.cern.ch&noUDP&sock=startd_8718_66be>
	SlotName: slot1_5@b9p16p1742.cern.ch
	CondorScratchDir = "/pool/condor/dir_2574442"
	Cpus = 1
	Disk = 10003234
	GPUs = 0
	Memory = 3000
...
006 (7944174.405.000) 07/08 17:47:18 Image size of job updated: 200000
	66  -  MemoryUsage of job (MB)
	67012  -  ResidentSetSize of job (KB)
...
006 (7944174.405.000) 07/08 17:47:39 Image size of job updated: 422140
	413  -  MemoryUsage of job (MB)
	422140  -  ResidentSetSize of job (KB)
...
040 (7944174.405.000) 07/08 17:47:39 Started transferring output files
...
040 (7944174.405.000) 07/08 17:47:39 Finished transferring output files
...
012 (7944174.405.000) 07/08 17:47:39 Job was held.
	Job held by ON_EXIT_HOLD due to exit code 1.
	Code 3 Subcode 0
...
013 (7944174.405.000) 07/08 17:58:13 Job was released.
	The job attribute PeriodicRelease expression '(NumJobStarts < 3) && ((CurrentTime - EnteredCurrentStatus) > 10 * 60)' evaluated to TRUE
...
040 (7944174.405.000) 07/08 18:19:59 Started transferring input files
	Transferring to host: <188.185.210.221:9618?addrs=188.185.210.221-9618+[2001-1458-303-15--100-59]-9618&alias=b9p22p0818.cern.ch&noUDP&sock=slot1_11_7902_6c7a_48448>
...
040 (7944174.405.000) 07/08 18:20:00 Finished transferring input files
...
001 (7944174.405.000) 07/08 18:20:00 Job executing on host: <188.185.210.221:9618?addrs=188.185.210.221-9618+[2001-1458-303-15--100-59]-9618&alias=b9p22p0818.cern.ch&noUDP&sock=startd_7462_e3ca>
	SlotName: slot1_11@b9p22p0818.cern.ch
	CondorScratchDir = "/pool/condor/dir_3268411"
	Cpus = 1
	Disk = 10035088
	GPUs = 0
	Memory = 3000
...
040 (7944174.405.000) 07/08 18:20:14 Started transferring output files
...
040 (7944174.405.000) 07/08 18:20:14 Finished transferring output files
...
012 (7944174.405.000) 07/08 18:20:14 Job was held.
	Job held by ON_EXIT_HOLD due to exit code 1.
	Code 3 Subcode 0
...
