000 (7944174.406.000) 07/08 17:29:05 Job submitted from host: <188.185.16.120:9618?addrs=188.185.16.120-9618+[2001-1458-d00-65--100-39b]-9618&alias=bigbird27.cern.ch&noUDP&sock=schedd_4465_3274>
...
040 (7944174.406.000) 07/08 17:33:22 Started transferring input files
	Transferring to host: <188.185.193.118:9618?addrs=188.185.193.118-9618+[2001-1458-303-20--100-72]-9618&alias=b9p19p8043.cern.ch&noUDP&sock=slot1_11_3157419_11a4_16624>
...
040 (7944174.406.000) 07/08 17:33:22 Finished transferring input files
...
001 (7944174.406.000) 07/08 17:33:22 Job executing on host: <188.185.193.118:9618?addrs=188.185.193.118-9618+[2001-1458-303-20--100-72]-9618&alias=b9p19p8043.cern.ch&noUDP&sock=startd_4383_f3b0>
	SlotName: slot1_11@b9p19p8043.cern.ch
	CondorScratchDir = "/pool/condor/dir_2752991"
	Cpus = 1
	Disk = 10010479
	GPUs = 0
	Memory = 3000
...
006 (7944174.406.000) 07/08 17:33:36 Image size of job updated: 34404
	34  -  MemoryUsage of job (MB)
	34404  -  ResidentSetSize of job (KB)
...
006 (7944174.406.000) 07/08 17:33:58 Image size of job updated: 215652
	35  -  MemoryUsage of job (MB)
	34856  -  ResidentSetSize of job (KB)
...
040 (7944174.406.000) 07/08 17:33:58 Started transferring output files
...
040 (7944174.406.000) 07/08 17:33:58 Finished transferring output files
...
012 (7944174.406.000) 07/08 17:33:58 Job was held.
	Job held by ON_EXIT_HOLD due to exit code 1.
	Code 3 Subcode 0
...
013 (7944174.406.000) 07/08 17:46:03 Job was released.
	The job attribute PeriodicRelease expression '(NumJobStarts < 3) && ((CurrentTime - EnteredCurrentStatus) > 10 * 60)' evaluated to TRUE
...
040 (7944174.406.000) 07/08 17:47:48 Started transferring input files
	Transferring to host: <188.185.195.89:9618?addrs=188.185.195.89-9618+[2001-1458-303-22--100-55]-9618&alias=b9p17p2598.cern.ch&noUDP&sock=slot1_13_8781_c23e_39198>
...
040 (7944174.406.000) 07/08 17:47:49 Finished transferring input files
...
001 (7944174.406.000) 07/08 17:47:49 Job executing on host: <188.185.195.89:9618?addrs=188.185.195.89-9618+[2001-1458-303-22--100-55]-9618&alias=b9p17p2598.cern.ch&noUDP&sock=startd_8722_251f>
	SlotName: slot1_13@b9p17p2598.cern.ch
	CondorScratchDir = "/pool/condor/dir_1111640"
	Cpus = 1
	Disk = 10004191
	GPUs = 0
	Memory = 3000
...
040 (7944174.406.000) 07/08 17:48:11 Started transferring output files
...
040 (7944174.406.000) 07/08 17:48:11 Finished transferring output files
...
012 (7944174.406.000) 07/08 17:48:11 Job was held.
	Job held by ON_EXIT_HOLD due to exit code 1.
	Code 3 Subcode 0
...
013 (7944174.406.000) 07/08 17:58:13 Job was released.
	The job attribute PeriodicRelease expression '(NumJobStarts < 3) && ((CurrentTime - EnteredCurrentStatus) > 10 * 60)' evaluated to TRUE
...
040 (7944174.406.000) 07/08 18:08:09 Started transferring input files
	Transferring to host: <188.185.193.161:9618?addrs=188.185.193.161-9618+[2001-1458-303-20--100-9d]-9618&alias=b9p19p1320.cern.ch&noUDP&sock=slot1_9_4179_3bc3_24359>
...
040 (7944174.406.000) 07/08 18:08:09 Finished transferring input files
...
001 (7944174.406.000) 07/08 18:08:09 Job executing on host: <188.185.193.161:9618?addrs=188.185.193.161-9618+[2001-1458-303-20--100-9d]-9618&alias=b9p19p1320.cern.ch&noUDP&sock=startd_3547_8683>
	SlotName: slot1_9@b9p19p1320.cern.ch
	CondorScratchDir = "/pool/condor/dir_833738"
	Cpus = 1
	Disk = 10000931
	GPUs = 0
	Memory = 3000
...
040 (7944174.406.000) 07/08 18:08:31 Started transferring output files
...
040 (7944174.406.000) 07/08 18:08:31 Finished transferring output files
...
012 (7944174.406.000) 07/08 18:08:31 Job was held.
	Job held by ON_EXIT_HOLD due to exit code 1.
	Code 3 Subcode 0
...
