000 (7944174.407.000) 07/08 17:29:05 Job submitted from host: <188.185.16.120:9618?addrs=188.185.16.120-9618+[2001-1458-d00-65--100-39b]-9618&alias=bigbird27.cern.ch&noUDP&sock=schedd_4465_3274>
...
040 (7944174.407.000) 07/08 17:35:13 Started transferring input files
	Transferring to host: <188.185.208.29:9618?addrs=188.185.208.29-9618+[2001-1458-303-f--100-1a]-9618&alias=b9p09p1329.cern.ch&noUDP&sock=slot1_16_8209_bba7_33420>
...
040 (7944174.407.000) 07/08 17:35:14 Finished transferring input files
...
001 (7944174.407.000) 07/08 17:35:14 Job executing on host: <188.185.208.29:9618?addrs=188.185.208.29-9618+[2001-1458-303-f--100-1a]-9618&alias=b9p09p1329.cern.ch&noUDP&sock=startd_7199_7e62>
	SlotName: slot1_16@b9p09p1329.cern.ch
	CondorScratchDir = "/pool/condor/dir_3547437"
	Cpus = 1
	Disk = 10036934
	GPUs = 0
	Memory = 3000
...
006 (7944174.407.000) 07/08 17:35:27 Image size of job updated: 149964
	147  -  MemoryUsage of job (MB)
	149964  -  ResidentSetSize of job (KB)
...
006 (7944174.407.000) 07/08 17:35:31 Image size of job updated: 199652
	153  -  MemoryUsage of job (MB)
	156100  -  ResidentSetSize of job (KB)
...
040 (7944174.407.000) 07/08 17:35:31 Started transferring output files
...
040 (7944174.407.000) 07/08 17:35:31 Finished transferring output files
...
012 (7944174.407.000) 07/08 17:35:31 Job was held.
	Job held by ON_EXIT_HOLD due to exit code 1.
	Code 3 Subcode 0
...
013 (7944174.407.000) 07/08 17:46:03 Job was released.
	The job attribute PeriodicRelease expression '(NumJobStarts < 3) && ((CurrentTime - EnteredCurrentStatus) > 10 * 60)' evaluated to TRUE
...
040 (7944174.407.000) 07/08 17:47:10 Started transferring input files
	Transferring to host: <188.185.193.61:9618?addrs=188.185.193.61-9618+[2001-1458-303-20--100-39]-9618&alias=b9p19p5021.cern.ch&noUDP&sock=slot1_20_6384_dafd_24610>
...
040 (7944174.407.000) 07/08 17:47:11 Finished transferring input files
...
001 (7944174.407.000) 07/08 17:47:11 Job executing on host: <188.185.193.61:9618?addrs=188.185.193.61-9618+[2001-1458-303-20--100-39]-9618&alias=b9p19p5021.cern.ch&noUDP&sock=startd_4784_012a>
	SlotName: slot1_20@b9p19p5021.cern.ch
	CondorScratchDir = "/pool/condor/dir_3563941"
	Cpus = 1
	Disk = 10003155
	GPUs = 0
	Memory = 3000
...
006 (7944174.407.000) 07/08 17:47:46 Image size of job updated: 214288
	171  -  MemoryUsage of job (MB)
	175000  -  ResidentSetSize of job (KB)
...
040 (7944174.407.000) 07/08 17:47:46 Started transferring output files
...
040 (7944174.407.000) 07/08 17:47:46 Finished transferring output files
...
012 (7944174.407.000) 07/08 17:47:46 Job was held.
	Job held by ON_EXIT_HOLD due to exit code 1.
	Code 3 Subcode 0
...
013 (7944174.407.000) 07/08 17:58:13 Job was released.
	The job attribute PeriodicRelease expression '(NumJobStarts < 3) && ((CurrentTime - EnteredCurrentStatus) > 10 * 60)' evaluated to TRUE
...
040 (7944174.407.000) 07/08 18:15:20 Started transferring input files
	Transferring to host: <188.185.211.171:9618?addrs=188.185.211.171-9618+[2001-1458-303-17--100-27]-9618&alias=b9p24p0247.cern.ch&noUDP&sock=slot1_19_7857_b799_41436>
...
040 (7944174.407.000) 07/08 18:15:21 Finished transferring input files
...
001 (7944174.407.000) 07/08 18:15:21 Job executing on host: <188.185.211.171:9618?addrs=188.185.211.171-9618+[2001-1458-303-17--100-27]-9618&alias=b9p24p0247.cern.ch&noUDP&sock=startd_6828_04bf>
	SlotName: slot1_19@b9p24p0247.cern.ch
	CondorScratchDir = "/pool/condor/dir_4138977"
	Cpus = 1
	Disk = 10045704
	GPUs = 0
	Memory = 3000
...
040 (7944174.407.000) 07/08 18:15:35 Started transferring output files
...
040 (7944174.407.000) 07/08 18:15:35 Finished transferring output files
...
012 (7944174.407.000) 07/08 18:15:35 Job was held.
	Job held by ON_EXIT_HOLD due to exit code 1.
	Code 3 Subcode 0
...
