000 (7944174.408.000) 07/08 17:29:05 Job submitted from host: <188.185.16.120:9618?addrs=188.185.16.120-9618+[2001-1458-d00-65--100-39b]-9618&alias=bigbird27.cern.ch&noUDP&sock=schedd_4465_3274>
...
040 (7944174.408.000) 07/08 17:35:02 Started transferring input files
	Transferring to host: <188.185.212.217:9618?addrs=188.185.212.217-9618+[2001-1458-303-19--100-55]-9618&alias=b9p26p2089.cern.ch&noUDP&sock=slot1_14_8382_a08e_40870>
...
040 (7944174.408.000) 07/08 17:35:03 Finished transferring input files
...
001 (7944174.408.000) 07/08 17:35:03 Job executing on host: <188.185.212.217:9618?addrs=188.185.212.217-9618+[2001-1458-303-19--100-55]-9618&alias=b9p26p2089.cern.ch&noUDP&sock=startd_7819_c31a>
	SlotName: slot1_14@b9p26p2089.cern.ch
	CondorScratchDir = "/pool/condor/dir_802924"
	Cpus = 1
	Disk = 10003076
	GPUs = 0
	Memory = 3000
...
006 (7944174.408.000) 07/08 17:35:16 Image size of job updated: 72076
	71  -  MemoryUsage of job (MB)
	72076  -  ResidentSetSize of job (KB)
...
006 (7944174.408.000) 07/08 17:35:23 Image size of job updated: 154404
	76  -  MemoryUsage of job (MB)
	76820  -  ResidentSetSize of job (KB)
...
040 (7944174.408.000) 07/08 17:35:23 Started transferring output files
...
040 (7944174.408.000) 07/08 17:35:23 Finished transferring output files
...
012 (7944174.408.000) 07/08 17:35:23 Job was held.
	Job held by ON_EXIT_HOLD due to exit code 1.
	Code 3 Subcode 0
...
013 (7944174.408.000) 07/08 17:46:03 Job was released.
	The job attribute PeriodicRelease expression '(NumJobStarts < 3) && ((CurrentTime - EnteredCurrentStatus) > 10 * 60)' evaluated to TRUE
...
040 (7944174.408.000) 07/08 17:47:55 Started transferring input files
	Transferring to host: <188.185.192.179:9618?addrs=188.185.192.179-9618+[2001-1458-303-1f--100-af]-9618&alias=b9p13p4937.cern.ch&noUDP&sock=slot1_28_825574_515d_23541>
...
040 (7944174.408.000) 07/08 17:47:56 Finished transferring input files
...
001 (7944174.408.000) 07/08 17:47:56 Job executing on host: <188.185.192.179:9618?addrs=188.185.192.179-9618+[2001-1458-303-1f--100-af]-9618&alias=b9p13p4937.cern.ch&noUDP&sock=startd_825513_d54f>
	SlotName: slot1_28@b9p13p4937.cern.ch
	CondorScratchDir = "/pool/condor/dir_2757603"
	Cpus = 1
	Disk = 10001069
	GPUs = 0
	Memory = 3000
...
006 (7944174.408.000) 07/08 17:48:05 Image size of job updated: 188988
	185  -  MemoryUsage of job (MB)
	188988  -  ResidentSetSize of job (KB)
...
006 (7944174.408.000) 07/08 17:48:10 Image size of job updated: 188988
	185  -  MemoryUsage of job (MB)
	189248  -  ResidentSetSize of job (KB)
...
040 (7944174.408.000) 07/08 17:48:10 Started transferring output files
...
040 (7944174.408.000) 07/08 17:48:10 Finished transferring output files
...
012 (7944174.408.000) 07/08 17:48:10 Job was held.
	Job held by ON_EXIT_HOLD due to exit code 1.
	Code 3 Subcode 0
...
013 (7944174.408.000) 07/08 17:58:13 Job was released.
	The job attribute PeriodicRelease expression '(NumJobStarts < 3) && ((CurrentTime - EnteredCurrentStatus) > 10 * 60)' evaluated to TRUE
...
040 (7944174.408.000) 07/08 18:15:21 Started transferring input files
	Transferring to host: <188.185.213.208:9618?addrs=188.185.213.208-9618+[2001-1458-303-1b--100-4c]-9618&alias=b9p28p7725.cern.ch&noUDP&sock=slot1_11_7907_f25b_47151>
...
040 (7944174.408.000) 07/08 18:15:21 Finished transferring input files
...
001 (7944174.408.000) 07/08 18:15:21 Job executing on host: <188.185.213.208:9618?addrs=188.185.213.208-9618+[2001-1458-303-1b--100-4c]-9618&alias=b9p28p7725.cern.ch&noUDP&sock=startd_7099_e6e9>
	SlotName: slot1_11@b9p28p7725.cern.ch
	CondorScratchDir = "/pool/condor/dir_3638687"
	Cpus = 1
	Disk = 10000288
	GPUs = 0
	Memory = 3000
...
040 (7944174.408.000) 07/08 18:15:35 Started transferring output files
...
040 (7944174.408.000) 07/08 18:15:35 Finished transferring output files
...
012 (7944174.408.000) 07/08 18:15:35 Job was held.
	Job held by ON_EXIT_HOLD due to exit code 1.
	Code 3 Subcode 0
...
