000 (7944174.410.000) 07/08 17:29:05 Job submitted from host: <188.185.16.120:9618?addrs=188.185.16.120-9618+[2001-1458-d00-65--100-39b]-9618&alias=bigbird27.cern.ch&noUDP&sock=schedd_4465_3274>
...
040 (7944174.410.000) 07/08 17:33:24 Started transferring input files
	Transferring to host: <188.185.209.181:9618?addrs=188.185.209.181-9618+[2001-1458-303-12--100-32]-9618&alias=b9p12p8135.cern.ch&noUDP&sock=slot1_12_3328661_8c98_18076>
...
040 (7944174.410.000) 07/08 17:33:25 Finished transferring input files
...
001 (7944174.410.000) 07/08 17:33:25 Job executing on host: <188.185.209.181:9618?addrs=188.185.209.181-9618+[2001-1458-303-12--100-32]-9618&alias=b9p12p8135.cern.ch&noUDP&sock=startd_3328623_17ef>
	SlotName: slot1_12@b9p12p8135.cern.ch
	CondorScratchDir = "/pool/condor/dir_3943333"
	Cpus = 1
	Disk = 10000741
	GPUs = 0
	Memory = 3000
...
006 (7944174.410.000) 07/08 17:33:39 Image size of job updated: 27128
	23  -  MemoryUsage of job (MB)
	23340  -  ResidentSetSize of job (KB)
...
006 (7944174.410.000) 07/08 17:33:58 Image size of job updated: 195292
	23  -  MemoryUsage of job (MB)
	23340  -  ResidentSetSize of job (KB)
...
040 (7944174.410.000) 07/08 17:33:58 Started transferring output files
...
040 (7944174.410.000) 07/08 17:33:58 Finished transferring output files
...
012 (7944174.410.000) 07/08 17:33:58 Job was held.
	Job held by ON_EXIT_HOLD due to exit code 1.
	Code 3 Subcode 0
...
013 (7944174.410.000) 07/08 17:46:03 Job was released.
	The job attribute PeriodicRelease expression '(NumJobStarts < 3) && ((CurrentTime - EnteredCurrentStatus) > 10 * 60)' evaluated to TRUE
...
040 (7944174.410.000) 07/08 17:47:11 Started transferring input files
	Transferring to host: <188.185.198.39:9618?addrs=188.185.198.39-9618+[2001-1458-303-25--100-23]-9618&alias=b9p15p8654.cern.ch&noUDP&sock=slot1_9_5242_368e_38323>
...
040 (7944174.410.000) 07/08 17:47:12 Finished transferring input files
...
001 (7944174.410.000) 07/08 17:47:12 Job executing on host: <188.185.198.39:9618?addrs=188.185.198.39-9618+[2001-1458-303-25--100-23]-9618&alias=b9p15p8654.cern.ch&noUDP&sock=startd_4059_b701>
	SlotName: slot1_9@b9p15p8654.cern.ch
	CondorScratchDir = "/pool/condor/dir_639739"
	Cpus = 1
	Disk = 10055240
	GPUs = 0
	Memory = 3000
...
006 (7944174.410.000) 07/08 17:47:21 Image size of job updated: 200000
	62  -  MemoryUsage of job (MB)
	62960  -  ResidentSetSize of job (KB)
...
006 (7944174.410.000) 07/08 17:47:41 Image size of job updated: 409060
	400  -  MemoryUsage of job (MB)
	409060  -  ResidentSetSize of job (KB)
...
040 (7944174.410.000) 07/08 17:47:41 Started transferring output files
...
040 (7944174.410.000) 07/08 17:47:41 Finished transferring output files
...
012 (7944174.410.000) 07/08 17:47:41 Job was held.
	Job held by ON_EXIT_HOLD due to exit code 1.
	Code 3 Subcode 0
...
013 (7944174.410.000) 07/08 17:58:13 Job was released.
	The job attribute PeriodicRelease expression '(NumJobStarts < 3) && ((CurrentTime - EnteredCurrentStatus) > 10 * 60)' evaluated to TRUE
...
040 (7944174.410.000) 07/08 18:15:21 Started transferring input files
	Transferring to host: <128.142.248.79:9618?addrs=128.142.248.79-9618+[2001-1458-301-73--100-13f]-9618&alias=b9g23p1840.cern.ch&noUDP&sock=slot1_3_1384558_1d28_53428>
...
040 (7944174.410.000) 07/08 18:15:21 Finished transferring input files
...
001 (7944174.410.000) 07/08 18:15:21 Job executing on host: <128.142.248.79:9618?addrs=128.142.248.79-9618+[2001-1458-301-73--100-13f]-9618&alias=b9g23p1840.cern.ch&noUDP&sock=startd_5503_2dc2>
	SlotName: slot1_3@b9g23p1840.cern.ch
	CondorScratchDir = "/pool/condor/dir_3876324"
	Cpus = 1
	Disk = 10604119
	GPUs = 0
	Memory = 3000
...
040 (7944174.410.000) 07/08 18:15:38 Started transferring output files
...
040 (7944174.410.000) 07/08 18:15:38 Finished transferring output files
...
012 (7944174.410.000) 07/08 18:15:38 Job was held.
	Job held by ON_EXIT_HOLD due to exit code 1.
	Code 3 Subcode 0
...
