000 (7944174.412.000) 07/08 17:29:05 Job submitted from host: <188.185.16.120:9618?addrs=188.185.16.120-9618+[2001-1458-d00-65--100-39b]-9618&alias=bigbird27.cern.ch&noUDP&sock=schedd_4465_3274>
...
040 (7944174.412.000) 07/08 17:34:30 Started transferring input files
	Transferring to host: <188.185.198.132:9618?addrs=188.185.198.132-9618+[2001-1458-303-25--100-80]-9618&alias=b9p15p3661.cern.ch&noUDP&sock=slot1_3_1236437_7840_31356>
...
040 (7944174.412.000) 07/08 17:34:30 Finished transferring input files
...
001 (7944174.412.000) 07/08 17:34:30 Job executing on host: <188.185.198.132:9618?addrs=188.185.198.132-9618+[2001-1458-303-25--100-80]-9618&alias=b9p15p3661.cern.ch&noUDP&sock=startd_1236392_a6dc>
	SlotName: slot1_3@b9p15p3661.cern.ch
	CondorScratchDir = "/pool/condor/dir_4109920"
	Cpus = 1
	Disk = 10001116
	GPUs = 0
	Memory = 3000
...
006 (7944174.412.000) 07/08 17:34:44 Image size of job updated: 22136
	22  -  MemoryUsage of job (MB)
	22136  -  ResidentSetSize of job (KB)
...
006 (7944174.412.000) 07/08 17:34:51 Image size of job updated: 203920
	22  -  MemoryUsage of job (MB)
	22160  -  ResidentSetSize of job (KB)
...
040 (7944174.412.000) 07/08 17:34:51 Started transferring output files
...
040 (7944174.412.000) 07/08 17:34:51 Finished transferring output files
...
012 (7944174.412.000) 07/08 17:34:51 Job was held.
	Job held by ON_EXIT_HOLD due to exit code 1.
	Code 3 Subcode 0
...
013 (7944174.412.000) 07/08 17:46:03 Job was released.
	The job attribute PeriodicRelease expression '(NumJobStarts < 3) && ((CurrentTime - EnteredCurrentStatus) > 10 * 60)' evaluated to TRUE
...
040 (7944174.412.000) 07/08 17:47:12 Started transferring input files
	Transferring to host: <188.185.194.20:9618?addrs=188.185.194.20-9618+[2001-1458-303-21--100-10]-9618&alias=b9p20p9508.cern.ch&noUDP&sock=slot1_24_2145968_56da_17852>
...
040 (7944174.412.000) 07/08 17:47:12 Finished transferring input files
...
001 (7944174.412.000) 07/08 17:47:12 Job executing on host: <188.185.194.20:9618?addrs=188.185.194.20-9618+[2001-1458-303-21--100-10]-9618&alias=b9p20p9508.cern.ch&noUDP&sock=startd_2145930_1153>
	SlotName: slot1_24@b9p20p9508.cern.ch
	CondorScratchDir = "/pool/condor/dir_82562"
	Cpus = 1
	Disk = 10003299
	GPUs = 0
	Memory = 3000
...
006 (7944174.412.000) 07/08 17:47:26 Image size of job updated: 225000
	27  -  MemoryUsage of job (MB)
	26760  -  ResidentSetSize of job (KB)
...
006 (7944174.412.000) 07/08 17:47:55 Image size of job updated: 225000
	27  -  MemoryUsage of job (MB)
	27224  -  ResidentSetSize of job (KB)
...
040 (7944174.412.000) 07/08 17:47:55 Started transferring output files
...
040 (7944174.412.000) 07/08 17:47:55 Finished transferring output files
...
012 (7944174.412.000) 07/08 17:47:55 Job was held.
	Job held by ON_EXIT_HOLD due to exit code 1.
	Code 3 Subcode 0
...
013 (7944174.412.000) 07/08 17:58:13 Job was released.
	The job attribute PeriodicRelease expression '(NumJobStarts < 3) && ((CurrentTime - EnteredCurrentStatus) > 10 * 60)' evaluated to TRUE
...
040 (7944174.412.000) 07/08 18:08:11 Started transferring input files
	Transferring to host: <188.185.210.36:9618?addrs=188.185.210.36-9618+[2001-1458-303-1--100-20]-9618&alias=b9p21p5630.cern.ch&noUDP&sock=slot1_11_8381_ec2e_42968>
...
040 (7944174.412.000) 07/08 18:08:12 Finished transferring input files
...
001 (7944174.412.000) 07/08 18:08:12 Job executing on host: <188.185.210.36:9618?addrs=188.185.210.36-9618+[2001-1458-303-1--100-20]-9618&alias=b9p21p5630.cern.ch&noUDP&sock=startd_7866_000d>
	SlotName: slot1_11@b9p21p5630.cern.ch
	CondorScratchDir = "/pool/condor/dir_3571162"
	Cpus = 1
	Disk = 10001123
	GPUs = 0
	Memory = 3000
...
006 (7944174.412.000) 07/08 18:08:21 Image size of job updated: 225000
	40  -  MemoryUsage of job (MB)
	40516  -  ResidentSetSize of job (KB)
...
006 (7944174.412.000) 07/08 18:08:32 Image size of job updated: 225000
	41  -  MemoryUsage of job (MB)
	41392  -  ResidentSetSize of job (KB)
...
040 (7944174.412.000) 07/08 18:08:32 Started transferring output files
...
040 (7944174.412.000) 07/08 18:08:32 Finished transferring output files
...
012 (7944174.412.000) 07/08 18:08:32 Job was held.
	Job held by ON_EXIT_HOLD due to exit code 1.
	Code 3 Subcode 0
...
