000 (7944174.413.000) 07/08 17:29:05 Job submitted from host: <188.185.16.120:9618?addrs=188.185.16.120-9618+[2001-1458-d00-65--100-39b]-9618&alias=bigbird27.cern.ch&noUDP&sock=schedd_4465_3274>
...
040 (7944174.413.000) 07/08 17:33:25 Started transferring input files
	Transferring to host: <188.185.208.29:9618?addrs=188.185.208.29-9618+[2001-1458-303-f--100-1a]-9618&alias=b9p09p1329.cern.ch&noUDP&sock=slot1_16_8209_bba7_33418>
...
040 (7944174.413.000) 07/08 17:33:26 Finished transferring input files
...
001 (7944174.413.000) 07/08 17:33:26 Job executing on host: <188.185.208.29:9618?addrs=188.185.208.29-9618+[2001-1458-303-f--100-1a]-9618&alias=b9p09p1329.cern.ch&noUDP&sock=startd_7199_7e62>
	SlotName: slot1_16@b9p09p1329.cern.ch
	CondorScratchDir = "/pool/condor/dir_3539320"
	Cpus = 1
	Disk = 10047056
	GPUs = 0
	Memory = 3000
...
006 (7944174.413.000) 07/08 17:33:39 Image size of job updated: 23656
	24  -  MemoryUsage of job (MB)
	23656  -  ResidentSetSize of job (KB)
...
006 (7944174.413.000) 07/08 17:33:54 Image size of job updated: 199400
	24  -  MemoryUsage of job (MB)
	23708  -  ResidentSetSize of job (KB)
...
040 (7944174.413.000) 07/08 17:33:54 Started transferring output files
...
040 (7944174.413.000) 07/08 17:33:54 Finished transferring output files
...
012 (7944174.413.000) 07/08 17:33:54 Job was held.
	Job held by ON_EXIT_HOLD due to exit code 1.
	Code 3 Subcode 0
...
013 (7944174.413.000) 07/08 17:46:03 Job was released.
	The job attribute PeriodicRelease expression '(NumJobStarts < 3) && ((CurrentTime - EnteredCurrentStatus) > 10 * 60)' evaluated to TRUE
...
040 (7944174.413.000) 07/08 17:47:12 Started transferring input files
	Transferring to host: <188.185.195.80:9618?addrs=188.185.195.80-9618+[2001-1458-303-22--100-4c]-9618&alias=b9p17p6061.cern.ch&noUDP&sock=slot1_15_3091_a397_39131>
...
040 (7944174.413.000) 07/08 17:47:12 Finished transferring input files
...
001 (7944174.413.000) 07/08 17:47:13 Job executing on host: <188.185.195.80:9618?addrs=188.185.195.80-9618+[2001-1458-303-22--100-4c]-9618&alias=b9p17p6061.cern.ch&noUDP&sock=startd_2510_3acd>
	SlotName: slot1_15@b9p17p6061.cern.ch
	CondorScratchDir = "/pool/condor/dir_578245"
	Cpus = 1
	Disk = 10002469
	GPUs = 0
	Memory = 3000
...
006 (7944174.413.000) 07/08 17:47:21 Image size of job updated: 200000
	60  -  MemoryUsage of job (MB)
	60716  -  ResidentSetSize of job (KB)
...
006 (7944174.413.000) 07/08 17:47:42 Image size of job updated: 423520
	414  -  MemoryUsage of job (MB)
	423520  -  ResidentSetSize of job (KB)
...
040 (7944174.413.000) 07/08 17:47:42 Started transferring output files
...
040 (7944174.413.000) 07/08 17:47:42 Finished transferring output files
...
012 (7944174.413.000) 07/08 17:47:42 Job was held.
	Job held by ON_EXIT_HOLD due to exit code 1.
	Code 3 Subcode 0
...
013 (7944174.413.000) 07/08 17:58:13 Job was released.
	The job attribute PeriodicRelease expression '(NumJobStarts < 3) && ((CurrentTime - EnteredCurrentStatus) > 10 * 60)' evaluated to TRUE
...
040 (7944174.413.000) 07/08 18:08:12 Started transferring input files
	Transferring to host: <188.185.213.33:9618?addrs=188.185.213.33-9618+[2001-1458-303-1a--100-1d]-9618&alias=b9p27p3404.cern.ch&noUDP&sock=slot1_10_3395711_56ff_22622>
...
040 (7944174.413.000) 07/08 18:08:13 Finished transferring input files
...
001 (7944174.413.000) 07/08 18:08:13 Job executing on host: <188.185.213.33:9618?addrs=188.185.213.33-9618+[2001-1458-303-1a--100-1d]-9618&alias=b9p27p3404.cern.ch&noUDP&sock=startd_3395626_9413>
	SlotName: slot1_10@b9p27p3404.cern.ch
	CondorScratchDir = "/pool/condor/dir_1136665"
	Cpus = 1
	Disk = 10000723
	GPUs = 0
	Memory = 3000
...
040 (7944174.413.000) 07/08 18:08:33 Started transferring output files
...
040 (7944174.413.000) 07/08 18:08:33 Finished transferring output files
...
012 (7944174.413.000) 07/08 18:08:33 Job was held.
	Job held by ON_EXIT_HOLD due to exit code 1.
	Code 3 Subcode 0
...
