000 (7944174.414.000) 07/08 17:29:05 Job submitted from host: <188.185.16.120:9618?addrs=188.185.16.120-9618+[2001-1458-d00-65--100-39b]-9618&alias=bigbird27.cern.ch&noUDP&sock=schedd_4465_3274>
...
040 (7944174.414.000) 07/08 17:34:30 Started transferring input files
	Transferring to host: <128.142.248.70:9618?addrs=128.142.248.70-9618+[2001-1458-301-73--100-136]-9618&alias=b9g23p6133.cern.ch&noUDP&sock=slot1_10_2022611_2c62_23180>
...
040 (7944174.414.000) 07/08 17:34:31 Finished transferring input files
...
001 (7944174.414.000) 07/08 17:34:31 Job executing on host: <128.142.248.70:9618?addrs=128.142.248.70-9618+[2001-1458-301-73--100-136]-9618&alias=b9g23p6133.cern.ch&noUDP&sock=startd_2022537_bbaa>
	SlotName: slot1_10@b9g23p6133.cern.ch
	CondorScratchDir = "/pool/condor/dir_558651"
	Cpus = 1
	Disk = 10000099
	GPUs = 0
	Memory = 3000
...
006 (7944174.414.000) 07/08 17:34:45 Image size of job updated: 30780
	31  -  MemoryUsage of job (MB)
	30780  -  ResidentSetSize of job (KB)
...
006 (7944174.414.000) 07/08 17:35:35 Image size of job updated: 205704
	31  -  MemoryUsage of job (MB)
	30876  -  ResidentSetSize of job (KB)
...
040 (7944174.414.000) 07/08 17:35:35 Started transferring output files
...
040 (7944174.414.000) 07/08 17:35:35 Finished transferring output files
...
012 (7944174.414.000) 07/08 17:35:35 Job was held.
	Job held by ON_EXIT_HOLD due to exit code 1.
	Code 3 Subcode 0
...
013 (7944174.414.000) 07/08 17:46:03 Job was released.
	The job attribute PeriodicRelease expression '(NumJobStarts < 3) && ((CurrentTime - EnteredCurrentStatus) > 10 * 60)' evaluated to TRUE
...
040 (7944174.414.000) 07/08 17:47:56 Started transferring input files
	Transferring to host: <188.185.193.58:9618?addrs=188.185.193.58-9618+[2001-1458-303-20--100-36]-9618&alias=b9p19p9651.cern.ch&noUDP&sock=slot1_3_4990_a804_23989>
...
040 (7944174.414.000) 07/08 17:47:56 Finished transferring input files
...
001 (7944174.414.000) 07/08 17:47:56 Job executing on host: <188.185.193.58:9618?addrs=188.185.193.58-9618+[2001-1458-303-20--100-36]-9618&alias=b9p19p9651.cern.ch&noUDP&sock=startd_4460_c47b>
	SlotName: slot1_3@b9p19p9651.cern.ch
	CondorScratchDir = "/pool/condor/dir_3865184"
	Cpus = 1
	Disk = 10001462
	GPUs = 0
	Memory = 3000
...
006 (7944174.414.000) 07/08 17:48:10 Image size of job updated: 225000
	173  -  MemoryUsage of job (MB)
	177004  -  ResidentSetSize of job (KB)
...
006 (7944174.414.000) 07/08 17:48:13 Image size of job updated: 225000
	173  -  MemoryUsage of job (MB)
	177064  -  ResidentSetSize of job (KB)
...
040 (7944174.414.000) 07/08 17:48:13 Started transferring output files
...
040 (7944174.414.000) 07/08 17:48:13 Finished transferring output files
...
012 (7944174.414.000) 07/08 17:48:13 Job was held.
	Job held by ON_EXIT_HOLD due to exit code 1.
	Code 3 Subcode 0
...
013 (7944174.414.000) 07/08 18:01:00 Job was released.
	The job attribute PeriodicRelease expression '(NumJobStarts < 3) && ((CurrentTime - EnteredCurrentStatus) > 10 * 60)' evaluated to TRUE
...
040 (7944174.414.000) 07/08 18:15:22 Started transferring input files
	Transferring to host: <128.142.161.140:9618?addrs=128.142.161.140-9618+[2001-1458-301-b9--100-9]-9618&alias=b9g03p3557.cern.ch&noUDP&sock=slot1_11_4609_3515_17071>
...
040 (7944174.414.000) 07/08 18:15:23 Finished transferring input files
...
001 (7944174.414.000) 07/08 18:15:23 Job executing on host: <128.142.161.140:9618?addrs=128.142.161.140-9618+[2001-1458-301-b9--100-9]-9618&alias=b9g03p3557.cern.ch&noUDP&sock=startd_3711_040c>
	SlotName: slot1_11@b9g03p3557.cern.ch
	CondorScratchDir = "/pool/condor/dir_1608989"
	Cpus = 1
	Disk = 10000980
	GPUs = 0
	Memory = 3000
...
040 (7944174.414.000) 07/08 18:15:54 Started transferring output files
...
040 (7944174.414.000) 07/08 18:15:54 Finished transferring output files
...
012 (7944174.414.000) 07/08 18:15:54 Job was held.
	Job held by ON_EXIT_HOLD due to exit code 1.
	Code 3 Subcode 0
...
