000 (7944174.415.000) 07/08 17:29:05 Job submitted from host: <188.185.16.120:9618?addrs=188.185.16.120-9618+[2001-1458-d00-65--100-39b]-9618&alias=bigbird27.cern.ch&noUDP&sock=schedd_4465_3274>
...
040 (7944174.415.000) 07/08 17:33:25 Started transferring input files
	Transferring to host: <188.185.206.214:9618?addrs=188.185.206.214-9618+[2001-1458-303-c--100-53]-9618&alias=b9p06p3950.cern.ch&noUDP&sock=slot1_25_5886_f828_33570>
...
040 (7944174.415.000) 07/08 17:33:26 Finished transferring input files
...
001 (7944174.415.000) 07/08 17:33:26 Job executing on host: <188.185.206.214:9618?addrs=188.185.206.214-9618+[2001-1458-303-c--100-53]-9618&alias=b9p06p3950.cern.ch&noUDP&sock=startd_4906_afb8>
	SlotName: slot1_25@b9p06p3950.cern.ch
	CondorScratchDir = "/pool/condor/dir_2328397"
	Cpus = 1
	Disk = 10034692
	GPUs = 0
	Memory = 3000
...
006 (7944174.415.000) 07/08 17:33:40 Image size of job updated: 31724
	31  -  MemoryUsage of job (MB)
	31724  -  ResidentSetSize of job (KB)
...
006 (7944174.415.000) 07/08 17:33:53 Image size of job updated: 211580
	31  -  MemoryUsage of job (MB)
	31724  -  ResidentSetSize of job (KB)
...
040 (7944174.415.000) 07/08 17:33:53 Started transferring output files
...
040 (7944174.415.000) 07/08 17:33:53 Finished transferring output files
...
012 (7944174.415.000) 07/08 17:33:53 Job was held.
	Job held by ON_EXIT_HOLD due to exit code 1.
	Code 3 Subcode 0
...
013 (7944174.415.000) 07/08 17:46:03 Job was released.
	The job attribute PeriodicRelease expression '(NumJobStarts < 3) && ((CurrentTime - EnteredCurrentStatus) > 10 * 60)' evaluated to TRUE
...
040 (7944174.415.000) 07/08 17:47:13 Started transferring input files
	Transferring to host: <188.185.196.165:9618?addrs=188.185.196.165-9618+[2001-1458-303-23--100-a1]-9618&alias=b9p16p1641.cern.ch&noUDP&sock=slot1_22_303333_4a08_17435>
...
040 (7944174.415.000) 07/08 17:47:14 Finished transferring input files
...
001 (7944174.415.000) 07/08 17:47:14 Job executing on host: <188.185.196.165:9618?addrs=188.185.196.165-9618+[2001-1458-303-23--100-a1]-9618&alias=b9p16p1641.cern.ch&noUDP&sock=startd_303283_7d8f>
	SlotName: slot1_22@b9p16p1641.cern.ch
	CondorScratchDir = "/pool/condor/dir_1460186"
	Cpus = 1
	Disk = 10003103
	GPUs = 0
	Memory = 3000
...
040 (7944174.415.000) 07/08 17:47:47 Started transferring output files
...
040 (7944174.415.000) 07/08 17:47:47 Finished transferring output files
...
012 (7944174.415.000) 07/08 17:47:47 Job was held.
	Job held by ON_EXIT_HOLD due to exit code 1.
	Code 3 Subcode 0
...
013 (7944174.415.000) 07/08 17:58:13 Job was released.
	The job attribute PeriodicRelease expression '(NumJobStarts < 3) && ((CurrentTime - EnteredCurrentStatus) > 10 * 60)' evaluated to TRUE
...
040 (7944174.415.000) 07/08 18:20:00 Started transferring input files
	Transferring to host: <188.185.210.24:9618?addrs=188.185.210.24-9618+[2001-1458-303-1--100-14]-9618&alias=b9p21p2243.cern.ch&noUDP&sock=slot1_9_6484_5081_46903>
...
040 (7944174.415.000) 07/08 18:20:01 Finished transferring input files
...
001 (7944174.415.000) 07/08 18:20:01 Job executing on host: <188.185.210.24:9618?addrs=188.185.210.24-9618+[2001-1458-303-1--100-14]-9618&alias=b9p21p2243.cern.ch&noUDP&sock=startd_6103_ba95>
	SlotName: slot1_9@b9p21p2243.cern.ch
	CondorScratchDir = "/pool/condor/dir_2818407"
	Cpus = 1
	Disk = 10011871
	GPUs = 0
	Memory = 3000
...
006 (7944174.415.000) 07/08 18:20:09 Image size of job updated: 225000
	43  -  MemoryUsage of job (MB)
	43644  -  ResidentSetSize of job (KB)
...
006 (7944174.415.000) 07/08 18:20:17 Image size of job updated: 225000
	44  -  MemoryUsage of job (MB)
	44356  -  ResidentSetSize of job (KB)
...
040 (7944174.415.000) 07/08 18:20:17 Started transferring output files
...
040 (7944174.415.000) 07/08 18:20:17 Finished transferring output files
...
012 (7944174.415.000) 07/08 18:20:17 Job was held.
	Job held by ON_EXIT_HOLD due to exit code 1.
	Code 3 Subcode 0
...
