000 (7944174.416.000) 07/08 17:29:05 Job submitted from host: <188.185.16.120:9618?addrs=188.185.16.120-9618+[2001-1458-d00-65--100-39b]-9618&alias=bigbird27.cern.ch&noUDP&sock=schedd_4465_3274>
...
040 (7944174.416.000) 07/08 17:33:25 Started transferring input files
	Transferring to host: <188.185.211.58:9618?addrs=188.185.211.58-9618+[2001-1458-303-16--100-36]-9618&alias=b9p23p3468.cern.ch&noUDP&sock=slot1_17_7907_f25b_40553>
...
040 (7944174.416.000) 07/08 17:33:26 Finished transferring input files
...
001 (7944174.416.000) 07/08 17:33:26 Job executing on host: <188.185.211.58:9618?addrs=188.185.211.58-9618+[2001-1458-303-16--100-36]-9618&alias=b9p23p3468.cern.ch&noUDP&sock=startd_7233_d09a>
	SlotName: slot1_17@b9p23p3468.cern.ch
	CondorScratchDir = "/pool/condor/dir_88088"
	Cpus = 1
	Disk = 10001678
	GPUs = 0
	Memory = 3000
...
006 (7944174.416.000) 07/08 17:33:35 Image size of job updated: 61168
	60  -  MemoryUsage of job (MB)
	61168  -  ResidentSetSize of job (KB)
...
006 (7944174.416.000) 07/08 17:33:54 Image size of job updated: 423392
	414  -  MemoryUsage of job (MB)
	423392  -  ResidentSetSize of job (KB)
...
040 (7944174.416.000) 07/08 17:33:54 Started transferring output files
...
040 (7944174.416.000) 07/08 17:33:54 Finished transferring output files
...
012 (7944174.416.000) 07/08 17:33:54 Job was held.
	Job held by ON_EXIT_HOLD due to exit code 1.
	Code 3 Subcode 0
...
013 (7944174.416.000) 07/08 17:46:03 Job was released.
	The job attribute PeriodicRelease expression '(NumJobStarts < 3) && ((CurrentTime - EnteredCurrentStatus) > 10 * 60)' evaluated to TRUE
...
040 (7944174.416.000) 07/08 17:47:49 Started transferring input files
	Transferring to host: <188.185.193.14:9618?addrs=188.185.193.14-9618+[2001-1458-303-20--100-a]-9618&alias=b9p19p9524.cern.ch&noUDP&sock=slot1_11_1497599_b97c_19730>
...
040 (7944174.416.000) 07/08 17:47:49 Finished transferring input files
...
001 (7944174.416.000) 07/08 17:47:49 Job executing on host: <188.185.193.14:9618?addrs=188.185.193.14-9618+[2001-1458-303-20--100-a]-9618&alias=b9p19p9524.cern.ch&noUDP&sock=startd_1497539_c5c4>
	SlotName: slot1_11@b9p19p9524.cern.ch
	CondorScratchDir = "/pool/condor/dir_587344"
	Cpus = 1
	Disk = 10000349
	GPUs = 0
	Memory = 3000
...
040 (7944174.416.000) 07/08 17:48:15 Started transferring output files
...
040 (7944174.416.000) 07/08 17:48:15 Finished transferring output files
...
012 (7944174.416.000) 07/08 17:48:15 Job was held.
	Job held by ON_EXIT_HOLD due to exit code 1.
	Code 3 Subcode 0
...
013 (7944174.416.000) 07/08 18:01:00 Job was released.
	The job attribute PeriodicRelease expression '(NumJobStarts < 3) && ((CurrentTime - EnteredCurrentStatus) > 10 * 60)' evaluated to TRUE
...
040 (7944174.416.000) 07/08 18:15:23 Started transferring input files
	Transferring to host: <188.185.211.151:9618?addrs=188.185.211.151-9618+[2001-1458-303-17--100-13]-9618&alias=b9p24p7898.cern.ch&noUDP&sock=slot1_23_6445_d5df_40165>
...
040 (7944174.416.000) 07/08 18:15:23 Finished transferring input files
...
001 (7944174.416.000) 07/08 18:15:23 Job executing on host: <188.185.211.151:9618?addrs=188.185.211.151-9618+[2001-1458-303-17--100-13]-9618&alias=b9p24p7898.cern.ch&noUDP&sock=startd_6121_134a>
	SlotName: slot1_23@b9p24p7898.cern.ch
	CondorScratchDir = "/pool/condor/dir_3050741"
	Cpus = 1
	Disk = 10031311
	GPUs = 0
	Memory = 3000
...
040 (7944174.416.000) 07/08 18:15:37 Started transferring output files
...
040 (7944174.416.000) 07/08 18:15:37 Finished transferring output files
...
012 (7944174.416.000) 07/08 18:15:37 Job was held.
	Job held by ON_EXIT_HOLD due to exit code 1.
	Code 3 Subcode 0
...
