000 (7944174.417.000) 07/08 17:29:05 Job submitted from host: <188.185.16.120:9618?addrs=188.185.16.120-9618+[2001-1458-d00-65--100-39b]-9618&alias=bigbird27.cern.ch&noUDP&sock=schedd_4465_3274>
...
040 (7944174.417.000) 07/08 17:35:14 Started transferring input files
	Transferring to host: <188.185.210.101:9618?addrs=188.185.210.101-9618+[2001-1458-303-1--100-61]-9618&alias=b9p21p0502.cern.ch&noUDP&sock=slot1_11_8872_e062_50351>
...
040 (7944174.417.000) 07/08 17:35:15 Finished transferring input files
...
001 (7944174.417.000) 07/08 17:35:15 Job executing on host: <188.185.210.101:9618?addrs=188.185.210.101-9618+[2001-1458-303-1--100-61]-9618&alias=b9p21p0502.cern.ch&noUDP&sock=startd_7738_33ee>
	SlotName: slot1_11@b9p21p0502.cern.ch
	CondorScratchDir = "/pool/condor/dir_421275"
	Cpus = 1
	Disk = 10019431
	GPUs = 0
	Memory = 3000
...
006 (7944174.417.000) 07/08 17:35:28 Image size of job updated: 71140
	70  -  MemoryUsage of job (MB)
	71140  -  ResidentSetSize of job (KB)
...
006 (7944174.417.000) 07/08 17:35:35 Image size of job updated: 163636
	76  -  MemoryUsage of job (MB)
	77004  -  ResidentSetSize of job (KB)
...
040 (7944174.417.000) 07/08 17:35:35 Started transferring output files
...
040 (7944174.417.000) 07/08 17:35:35 Finished transferring output files
...
012 (7944174.417.000) 07/08 17:35:35 Job was held.
	Job held by ON_EXIT_HOLD due to exit code 1.
	Code 3 Subcode 0
...
013 (7944174.417.000) 07/08 17:46:03 Job was released.
	The job attribute PeriodicRelease expression '(NumJobStarts < 3) && ((CurrentTime - EnteredCurrentStatus) > 10 * 60)' evaluated to TRUE
...
040 (7944174.417.000) 07/08 17:47:13 Started transferring input files
	Transferring to host: <188.185.194.108:9618?addrs=188.185.194.108-9618+[2001-1458-303-21--100-68]-9618&alias=b9p20p9212.cern.ch&noUDP&sock=slot1_26_3989_5c7b_24348>
...
040 (7944174.417.000) 07/08 17:47:14 Finished transferring input files
...
001 (7944174.417.000) 07/08 17:47:14 Job executing on host: <188.185.194.108:9618?addrs=188.185.194.108-9618+[2001-1458-303-21--100-68]-9618&alias=b9p20p9212.cern.ch&noUDP&sock=startd_3443_30aa>
	SlotName: slot1_26@b9p20p9212.cern.ch
	CondorScratchDir = "/pool/condor/dir_242826"
	Cpus = 1
	Disk = 10008649
	GPUs = 0
	Memory = 3000
...
006 (7944174.417.000) 07/08 17:49:27 Image size of job updated: 206932
	98  -  MemoryUsage of job (MB)
	100000  -  ResidentSetSize of job (KB)
...
040 (7944174.417.000) 07/08 17:49:27 Started transferring output files
...
040 (7944174.417.000) 07/08 17:49:27 Finished transferring output files
...
012 (7944174.417.000) 07/08 17:49:27 Job was held.
	Job held by ON_EXIT_HOLD due to exit code 1.
	Code 3 Subcode 0
...
013 (7944174.417.000) 07/08 18:01:00 Job was released.
	The job attribute PeriodicRelease expression '(NumJobStarts < 3) && ((CurrentTime - EnteredCurrentStatus) > 10 * 60)' evaluated to TRUE
...
040 (7944174.417.000) 07/08 18:08:13 Started transferring input files
	Transferring to host: <188.185.192.111:9618?addrs=188.185.192.111-9618+[2001-1458-303-1f--100-6b]-9618&alias=b9p13p6936.cern.ch&noUDP&sock=slot1_8_8831_fd00_41448>
...
040 (7944174.417.000) 07/08 18:08:13 Finished transferring input files
...
001 (7944174.417.000) 07/08 18:08:13 Job executing on host: <188.185.192.111:9618?addrs=188.185.192.111-9618+[2001-1458-303-1f--100-6b]-9618&alias=b9p13p6936.cern.ch&noUDP&sock=startd_8782_4cce>
	SlotName: slot1_8@b9p13p6936.cern.ch
	CondorScratchDir = "/pool/condor/dir_3617583"
	Cpus = 1
	Disk = 10038220
	GPUs = 0
	Memory = 3000
...
040 (7944174.417.000) 07/08 18:08:28 Started transferring output files
...
040 (7944174.417.000) 07/08 18:08:28 Finished transferring output files
...
012 (7944174.417.000) 07/08 18:08:28 Job was held.
	Job held by ON_EXIT_HOLD due to exit code 1.
	Code 3 Subcode 0
...
