000 (7944174.418.000) 07/08 17:29:05 Job submitted from host: <188.185.16.120:9618?addrs=188.185.16.120-9618+[2001-1458-d00-65--100-39b]-9618&alias=bigbird27.cern.ch&noUDP&sock=schedd_4465_3274>
...
040 (7944174.418.000) 07/08 17:34:31 Started transferring input files
	Transferring to host: <188.185.193.69:9618?addrs=188.185.193.69-9618+[2001-1458-303-20--100-41]-9618&alias=b9p19p6242.cern.ch&noUDP&sock=slot1_11_8626_8c18_23559>
...
040 (7944174.418.000) 07/08 17:34:32 Finished transferring input files
...
001 (7944174.418.000) 07/08 17:34:32 Job executing on host: <188.185.193.69:9618?addrs=188.185.193.69-9618+[2001-1458-303-20--100-41]-9618&alias=b9p19p6242.cern.ch&noUDP&sock=startd_7476_7e1e>
	SlotName: slot1_11@b9p19p6242.cern.ch
	CondorScratchDir = "/pool/condor/dir_4163628"
	Cpus = 1
	Disk = 10000070
	GPUs = 0
	Memory = 3000
...
006 (7944174.418.000) 07/08 17:34:45 Image size of job updated: 64648
	64  -  MemoryUsage of job (MB)
	64648  -  ResidentSetSize of job (KB)
...
006 (7944174.418.000) 07/08 17:34:52 Image size of job updated: 153100
	68  -  MemoryUsage of job (MB)
	69216  -  ResidentSetSize of job (KB)
...
040 (7944174.418.000) 07/08 17:34:52 Started transferring output files
...
040 (7944174.418.000) 07/08 17:34:52 Finished transferring output files
...
012 (7944174.418.000) 07/08 17:34:52 Job was held.
	Job held by ON_EXIT_HOLD due to exit code 1.
	Code 3 Subcode 0
...
013 (7944174.418.000) 07/08 17:46:03 Job was released.
	The job attribute PeriodicRelease expression '(NumJobStarts < 3) && ((CurrentTime - EnteredCurrentStatus) > 10 * 60)' evaluated to TRUE
...
040 (7944174.418.000) 07/08 17:47:14 Started transferring input files
	Transferring to host: <128.142.161.105:9618?addrs=128.142.161.105-9618+[2001-1458-301-b8--100-3c]-9618&alias=b9g03p9834.cern.ch&noUDP&sock=slot1_30_7055_a2b8_22683>
...
040 (7944174.418.000) 07/08 17:47:14 Finished transferring input files
...
001 (7944174.418.000) 07/08 17:47:14 Job executing on host: <128.142.161.105:9618?addrs=128.142.161.105-9618+[2001-1458-301-b8--100-3c]-9618&alias=b9g03p9834.cern.ch&noUDP&sock=startd_5743_cc7d>
	SlotName: slot1_30@b9g03p9834.cern.ch
	CondorScratchDir = "/pool/condor/dir_2455764"
	Cpus = 1
	Disk = 10003477
	GPUs = 0
	Memory = 3000
...
006 (7944174.418.000) 07/08 17:47:55 Image size of job updated: 212408
	74  -  MemoryUsage of job (MB)
	75000  -  ResidentSetSize of job (KB)
...
040 (7944174.418.000) 07/08 17:47:55 Started transferring output files
...
040 (7944174.418.000) 07/08 17:47:55 Finished transferring output files
...
012 (7944174.418.000) 07/08 17:47:55 Job was held.
	Job held by ON_EXIT_HOLD due to exit code 1.
	Code 3 Subcode 0
...
013 (7944174.418.000) 07/08 17:58:13 Job was released.
	The job attribute PeriodicRelease expression '(NumJobStarts < 3) && ((CurrentTime - EnteredCurrentStatus) > 10 * 60)' evaluated to TRUE
...
040 (7944174.418.000) 07/08 18:08:15 Started transferring input files
	Transferring to host: <128.142.192.215:9618?addrs=128.142.192.215-9618+[2001-1458-301-56--100-53]-9618&alias=b9g18p3246.cern.ch&noUDP&sock=slot1_2_88966_585b_63612>
...
040 (7944174.418.000) 07/08 18:08:22 Finished transferring input files
...
001 (7944174.418.000) 07/08 18:08:22 Job executing on host: <128.142.192.215:9618?addrs=128.142.192.215-9618+[2001-1458-301-56--100-53]-9618&alias=b9g18p3246.cern.ch&noUDP&sock=startd_3837_70fa>
	SlotName: slot1_2@b9g18p3246.cern.ch
	CondorScratchDir = "/pool/condor/dir_2862179"
	Cpus = 1
	Disk = 10000240
	GPUs = 0
	Memory = 3000
...
006 (7944174.418.000) 07/08 18:09:11 Image size of job updated: 422532
	413  -  MemoryUsage of job (MB)
	422532  -  ResidentSetSize of job (KB)
...
040 (7944174.418.000) 07/08 18:09:11 Started transferring output files
...
040 (7944174.418.000) 07/08 18:09:11 Finished transferring output files
...
012 (7944174.418.000) 07/08 18:09:11 Job was held.
	Job held by ON_EXIT_HOLD due to exit code 1.
	Code 3 Subcode 0
...
