000 (7944174.419.000) 07/08 17:29:05 Job submitted from host: <188.185.16.120:9618?addrs=188.185.16.120-9618+[2001-1458-d00-65--100-39b]-9618&alias=bigbird27.cern.ch&noUDP&sock=schedd_4465_3274>
...
040 (7944174.419.000) 07/08 17:33:26 Started transferring input files
	Transferring to host: <128.142.192.203:9618?addrs=128.142.192.203-9618+[2001-1458-301-56--100-47]-9618&alias=b9g18p6199.cern.ch&noUDP&sock=slot1_41_1662890_2fde_58959>
...
040 (7944174.419.000) 07/08 17:33:27 Finished transferring input files
...
001 (7944174.419.000) 07/08 17:33:27 Job executing on host: <128.142.192.203:9618?addrs=128.142.192.203-9618+[2001-1458-301-56--100-47]-9618&alias=b9g18p6199.cern.ch&noUDP&sock=startd_5496_6099>
	SlotName: slot1_41@b9g18p6199.cern.ch
	CondorScratchDir = "/pool/condor/dir_1974571"
	Cpus = 1
	Disk = 10071307
	GPUs = 0
	Memory = 3000
...
006 (7944174.419.000) 07/08 17:33:41 Image size of job updated: 33980
	34  -  MemoryUsage of job (MB)
	33980  -  ResidentSetSize of job (KB)
...
006 (7944174.419.000) 07/08 17:34:05 Image size of job updated: 209216
	34  -  MemoryUsage of job (MB)
	34180  -  ResidentSetSize of job (KB)
...
040 (7944174.419.000) 07/08 17:34:05 Started transferring output files
...
040 (7944174.419.000) 07/08 17:34:05 Finished transferring output files
...
012 (7944174.419.000) 07/08 17:34:05 Job was held.
	Job held by ON_EXIT_HOLD due to exit code 1.
	Code 3 Subcode 0
...
013 (7944174.419.000) 07/08 17:46:03 Job was released.
	The job attribute PeriodicRelease expression '(NumJobStarts < 3) && ((CurrentTime - EnteredCurrentStatus) > 10 * 60)' evaluated to TRUE
...
040 (7944174.419.000) 07/08 17:47:14 Started transferring input files
	Transferring to host: <188.185.196.17:9618?addrs=188.185.196.17-9618+[2001-1458-303-23--100-d]-9618&alias=b9p16p1698.cern.ch&noUDP&sock=slot1_46_8807_13ff_38517>
...
040 (7944174.419.000) 07/08 17:47:14 Finished transferring input files
...
001 (7944174.419.000) 07/08 17:47:14 Job executing on host: <188.185.196.17:9618?addrs=188.185.196.17-9618+[2001-1458-303-23--100-d]-9618&alias=b9p16p1698.cern.ch&noUDP&sock=startd_8695_a010>
	SlotName: slot1_46@b9p16p1698.cern.ch
	CondorScratchDir = "/pool/condor/dir_2019084"
	Cpus = 1
	Disk = 10001462
	GPUs = 0
	Memory = 3000
...
006 (7944174.419.000) 07/08 17:47:23 Image size of job updated: 225000
	53  -  MemoryUsage of job (MB)
	53540  -  ResidentSetSize of job (KB)
...
006 (7944174.419.000) 07/08 17:47:42 Image size of job updated: 424792
	415  -  MemoryUsage of job (MB)
	424792  -  ResidentSetSize of job (KB)
...
040 (7944174.419.000) 07/08 17:47:42 Started transferring output files
...
040 (7944174.419.000) 07/08 17:47:42 Finished transferring output files
...
012 (7944174.419.000) 07/08 17:47:42 Job was held.
	Job held by ON_EXIT_HOLD due to exit code 1.
	Code 3 Subcode 0
...
013 (7944174.419.000) 07/08 17:58:13 Job was released.
	The job attribute PeriodicRelease expression '(NumJobStarts < 3) && ((CurrentTime - EnteredCurrentStatus) > 10 * 60)' evaluated to TRUE
...
040 (7944174.419.000) 07/08 18:15:23 Started transferring input files
	Transferring to host: <188.185.210.154:9618?addrs=188.185.210.154-9618+[2001-1458-303-15--100-16]-9618&alias=b9p22p0702.cern.ch&noUDP&sock=slot1_9_7983_7ede_49582>
...
040 (7944174.419.000) 07/08 18:15:24 Finished transferring input files
...
001 (7944174.419.000) 07/08 18:15:24 Job executing on host: <188.185.210.154:9618?addrs=188.185.210.154-9618+[2001-1458-303-15--100-16]-9618&alias=b9p22p0702.cern.ch&noUDP&sock=startd_7431_a05b>
	SlotName: slot1_9@b9p22p0702.cern.ch
	CondorScratchDir = "/pool/condor/dir_788787"
	Cpus = 1
	Disk = 10147167
	GPUs = 0
	Memory = 3000
...
040 (7944174.419.000) 07/08 18:15:43 Started transferring output files
...
040 (7944174.419.000) 07/08 18:15:43 Finished transferring output files
...
012 (7944174.419.000) 07/08 18:15:43 Job was held.
	Job held by ON_EXIT_HOLD due to exit code 1.
	Code 3 Subcode 0
...
