000 (7944174.042.000) 07/08 17:29:04 Job submitted from host: <188.185.16.120:9618?addrs=188.185.16.120-9618+[2001-1458-d00-65--100-39b]-9618&alias=bigbird27.cern.ch&noUDP&sock=schedd_4465_3274>
...
040 (7944174.042.000) 07/08 17:31:24 Started transferring input files
	Transferring to host: <188.185.195.64:9618?addrs=188.185.195.64-9618+[2001-1458-303-22--100-3c]-9618&alias=b9p17p2560.cern.ch&noUDP&sock=slot1_9_4699_9ed8_22326>
...
040 (7944174.042.000) 07/08 17:31:25 Finished transferring input files
...
001 (7944174.042.000) 07/08 17:31:25 Job executing on host: <188.185.195.64:9618?addrs=188.185.195.64-9618+[2001-1458-303-22--100-3c]-9618&alias=b9p17p2560.cern.ch&noUDP&sock=startd_4130_6a3a>
	SlotName: slot1_9@b9p17p2560.cern.ch
	CondorScratchDir = "/pool/condor/dir_946593"
	Cpus = 1
	Disk = 10003032
	GPUs = 0
	Memory = 3000
...
006 (7944174.042.000) 07/08 17:31:38 Image size of job updated: 23588
	20  -  MemoryUsage of job (MB)
	19664  -  ResidentSetSize of job (KB)
...
006 (7944174.042.000) 07/08 17:32:43 Image size of job updated: 207820
	20  -  MemoryUsage of job (MB)
	19664  -  ResidentSetSize of job (KB)
...
040 (7944174.042.000) 07/08 17:32:43 Started transferring output files
...
040 (7944174.042.000) 07/08 17:32:44 Finished transferring output files
...
012 (7944174.042.000) 07/08 17:32:45 Job was held.
	Job held by ON_EXIT_HOLD due to exit code 1.
	Code 3 Subcode 0
...
013 (7944174.042.000) 07/08 17:43:32 Job was released.
	The job attribute PeriodicRelease expression '(NumJobStarts < 3) && ((CurrentTime - EnteredCurrentStatus) > 10 * 60)' evaluated to TRUE
...
040 (7944174.042.000) 07/08 17:44:09 Started transferring input files
	Transferring to host: <188.185.198.149:9618?addrs=188.185.198.149-9618+[2001-1458-303-25--100-91]-9618&alias=b9p15p6356.cern.ch&noUDP&sock=slot1_25_9063_740a_36071>
...
040 (7944174.042.000) 07/08 17:44:09 Finished transferring input files
...
001 (7944174.042.000) 07/08 17:44:09 Job executing on host: <188.185.198.149:9618?addrs=188.185.198.149-9618+[2001-1458-303-25--100-91]-9618&alias=b9p15p6356.cern.ch&noUDP&sock=startd_9011_5ffe>
	SlotName: slot1_25@b9p15p6356.cern.ch
	CondorScratchDir = "/pool/condor/dir_2816530"
	Cpus = 1
	Disk = 10003138
	GPUs = 0
	Memory = 3000
...
006 (7944174.042.000) 07/08 17:44:18 Image size of job updated: 225000
	54  -  MemoryUsage of job (MB)
	55016  -  ResidentSetSize of job (KB)
...
006 (7944174.042.000) 07/08 17:44:35 Image size of job updated: 409132
	400  -  MemoryUsage of job (MB)
	409132  -  ResidentSetSize of job (KB)
...
040 (7944174.042.000) 07/08 17:44:35 Started transferring output files
...
040 (7944174.042.000) 07/08 17:44:35 Finished transferring output files
...
012 (7944174.042.000) 07/08 17:44:35 Job was held.
	Job held by ON_EXIT_HOLD due to exit code 1.
	Code 3 Subcode 0
...
013 (7944174.042.000) 07/08 17:55:47 Job was released.
	The job attribute PeriodicRelease expression '(NumJobStarts < 3) && ((CurrentTime - EnteredCurrentStatus) > 10 * 60)' evaluated to TRUE
...
040 (7944174.042.000) 07/08 17:57:34 Started transferring input files
	Transferring to host: <128.142.161.86:9618?addrs=128.142.161.86-9618+[2001-1458-301-b8--100-14]-9618&alias=b9g03p3851.cern.ch&noUDP&sock=slot1_33_4724_3c39_21494>
...
040 (7944174.042.000) 07/08 17:57:34 Finished transferring input files
...
001 (7944174.042.000) 07/08 17:57:34 Job executing on host: <128.142.161.86:9618?addrs=128.142.161.86-9618+[2001-1458-301-b8--100-14]-9618&alias=b9g03p3851.cern.ch&noUDP&sock=startd_4141_f5c5>
	SlotName: slot1_33@b9g03p3851.cern.ch
	CondorScratchDir = "/pool/condor/dir_188680"
	Cpus = 1
	Disk = 10003127
	GPUs = 0
	Memory = 3000
...
040 (7944174.042.000) 07/08 17:58:07 Started transferring output files
...
040 (7944174.042.000) 07/08 17:58:07 Finished transferring output files
...
012 (7944174.042.000) 07/08 17:58:07 Job was held.
	Job held by ON_EXIT_HOLD due to exit code 1.
	Code 3 Subcode 0
...
