000 (7944174.422.000) 07/08 17:29:05 Job submitted from host: <188.185.16.120:9618?addrs=188.185.16.120-9618+[2001-1458-d00-65--100-39b]-9618&alias=bigbird27.cern.ch&noUDP&sock=schedd_4465_3274>
...
040 (7944174.422.000) 07/08 17:33:26 Started transferring input files
	Transferring to host: <188.185.213.136:9618?addrs=188.185.213.136-9618+[2001-1458-303-1b--100-4]-9618&alias=b9p28p6769.cern.ch&noUDP&sock=slot1_11_2586374_350f_26424>
...
040 (7944174.422.000) 07/08 17:33:27 Finished transferring input files
...
001 (7944174.422.000) 07/08 17:33:27 Job executing on host: <188.185.213.136:9618?addrs=188.185.213.136-9618+[2001-1458-303-1b--100-4]-9618&alias=b9p28p6769.cern.ch&noUDP&sock=startd_7856_241b>
	SlotName: slot1_11@b9p28p6769.cern.ch
	CondorScratchDir = "/pool/condor/dir_2460853"
	Cpus = 1
	Disk = 10002273
	GPUs = 0
	Memory = 3000
...
006 (7944174.422.000) 07/08 17:33:36 Image size of job updated: 46236
	46  -  MemoryUsage of job (MB)
	46236  -  ResidentSetSize of job (KB)
...
006 (7944174.422.000) 07/08 17:34:02 Image size of job updated: 425920
	416  -  MemoryUsage of job (MB)
	425920  -  ResidentSetSize of job (KB)
...
040 (7944174.422.000) 07/08 17:34:02 Started transferring output files
...
040 (7944174.422.000) 07/08 17:34:02 Finished transferring output files
...
012 (7944174.422.000) 07/08 17:34:03 Job was held.
	Job held by ON_EXIT_HOLD due to exit code 1.
	Code 3 Subcode 0
...
013 (7944174.422.000) 07/08 17:46:03 Job was released.
	The job attribute PeriodicRelease expression '(NumJobStarts < 3) && ((CurrentTime - EnteredCurrentStatus) > 10 * 60)' evaluated to TRUE
...
040 (7944174.422.000) 07/08 17:47:15 Started transferring input files
	Transferring to host: <188.185.195.66:9618?addrs=188.185.195.66-9618+[2001-1458-303-22--100-3e]-9618&alias=b9p17p0015.cern.ch&noUDP&sock=slot1_4_3680398_15d7_18091>
...
040 (7944174.422.000) 07/08 17:47:16 Finished transferring input files
...
001 (7944174.422.000) 07/08 17:47:16 Job executing on host: <188.185.195.66:9618?addrs=188.185.195.66-9618+[2001-1458-303-22--100-3e]-9618&alias=b9p17p0015.cern.ch&noUDP&sock=startd_3680307_10cf>
	SlotName: slot1_4@b9p17p0015.cern.ch
	CondorScratchDir = "/pool/condor/dir_2245139"
	Cpus = 1
	Disk = 10003229
	GPUs = 0
	Memory = 3000
...
040 (7944174.422.000) 07/08 17:47:45 Started transferring output files
...
040 (7944174.422.000) 07/08 17:47:45 Finished transferring output files
...
012 (7944174.422.000) 07/08 17:47:45 Job was held.
	Job held by ON_EXIT_HOLD due to exit code 1.
	Code 3 Subcode 0
...
013 (7944174.422.000) 07/08 17:58:13 Job was released.
	The job attribute PeriodicRelease expression '(NumJobStarts < 3) && ((CurrentTime - EnteredCurrentStatus) > 10 * 60)' evaluated to TRUE
...
040 (7944174.422.000) 07/08 18:08:15 Started transferring input files
	Transferring to host: <188.185.210.145:9618?addrs=188.185.210.145-9618+[2001-1458-303-15--100-d]-9618&alias=b9p22p1386.cern.ch&noUDP&sock=slot1_12_818205_30d1_22792>
...
040 (7944174.422.000) 07/08 18:08:15 Finished transferring input files
...
001 (7944174.422.000) 07/08 18:08:15 Job executing on host: <188.185.210.145:9618?addrs=188.185.210.145-9618+[2001-1458-303-15--100-d]-9618&alias=b9p22p1386.cern.ch&noUDP&sock=startd_818131_652f>
	SlotName: slot1_12@b9p22p1386.cern.ch
	CondorScratchDir = "/pool/condor/dir_238460"
	Cpus = 1
	Disk = 10001433
	GPUs = 0
	Memory = 3000
...
040 (7944174.422.000) 07/08 18:08:29 Started transferring output files
...
040 (7944174.422.000) 07/08 18:08:29 Finished transferring output files
...
012 (7944174.422.000) 07/08 18:08:29 Job was held.
	Job held by ON_EXIT_HOLD due to exit code 1.
	Code 3 Subcode 0
...
