000 (7944174.423.000) 07/08 17:29:05 Job submitted from host: <188.185.16.120:9618?addrs=188.185.16.120-9618+[2001-1458-d00-65--100-39b]-9618&alias=bigbird27.cern.ch&noUDP&sock=schedd_4465_3274>
...
040 (7944174.423.000) 07/08 17:33:30 Started transferring input files
	Transferring to host: <188.185.210.199:9618?addrs=188.185.210.199-9618+[2001-1458-303-15--100-43]-9618&alias=b9p22p1594.cern.ch&noUDP&sock=slot1_28_7849_1498_39733>
...
040 (7944174.423.000) 07/08 17:33:30 Finished transferring input files
...
001 (7944174.423.000) 07/08 17:33:30 Job executing on host: <188.185.210.199:9618?addrs=188.185.210.199-9618+[2001-1458-303-15--100-43]-9618&alias=b9p22p1594.cern.ch&noUDP&sock=startd_6770_3c41>
	SlotName: slot1_28@b9p22p1594.cern.ch
	CondorScratchDir = "/pool/condor/dir_570951"
	Cpus = 1
	Disk = 10015091
	GPUs = 0
	Memory = 3000
...
006 (7944174.423.000) 07/08 17:33:39 Image size of job updated: 58012
	57  -  MemoryUsage of job (MB)
	58012  -  ResidentSetSize of job (KB)
...
006 (7944174.423.000) 07/08 17:33:55 Image size of job updated: 425688
	416  -  MemoryUsage of job (MB)
	425688  -  ResidentSetSize of job (KB)
...
040 (7944174.423.000) 07/08 17:33:55 Started transferring output files
...
040 (7944174.423.000) 07/08 17:33:55 Finished transferring output files
...
012 (7944174.423.000) 07/08 17:33:55 Job was held.
	Job held by ON_EXIT_HOLD due to exit code 1.
	Code 3 Subcode 0
...
013 (7944174.423.000) 07/08 17:46:03 Job was released.
	The job attribute PeriodicRelease expression '(NumJobStarts < 3) && ((CurrentTime - EnteredCurrentStatus) > 10 * 60)' evaluated to TRUE
...
040 (7944174.423.000) 07/08 17:47:14 Started transferring input files
	Transferring to host: <188.185.195.73:9618?addrs=188.185.195.73-9618+[2001-1458-303-22--100-45]-9618&alias=b9p17p1998.cern.ch&noUDP&sock=slot1_45_8710_bb9b_37582>
...
040 (7944174.423.000) 07/08 17:47:14 Finished transferring input files
...
001 (7944174.423.000) 07/08 17:47:14 Job executing on host: <188.185.195.73:9618?addrs=188.185.195.73-9618+[2001-1458-303-22--100-45]-9618&alias=b9p17p1998.cern.ch&noUDP&sock=startd_8094_63a5>
	SlotName: slot1_45@b9p17p1998.cern.ch
	CondorScratchDir = "/pool/condor/dir_162700"
	Cpus = 1
	Disk = 10001469
	GPUs = 0
	Memory = 3000
...
040 (7944174.423.000) 07/08 17:48:05 Started transferring output files
...
040 (7944174.423.000) 07/08 17:48:05 Finished transferring output files
...
012 (7944174.423.000) 07/08 17:48:05 Job was held.
	Job held by ON_EXIT_HOLD due to exit code 1.
	Code 3 Subcode 0
...
013 (7944174.423.000) 07/08 17:58:13 Job was released.
	The job attribute PeriodicRelease expression '(NumJobStarts < 3) && ((CurrentTime - EnteredCurrentStatus) > 10 * 60)' evaluated to TRUE
...
040 (7944174.423.000) 07/08 18:08:15 Started transferring input files
	Transferring to host: <128.142.248.59:9618?addrs=128.142.248.59-9618+[2001-1458-301-73--100-12b]-9618&alias=b9g23p7544.cern.ch&noUDP&sock=slot1_2_3787723_41c4_71820>
...
040 (7944174.423.000) 07/08 18:08:15 Finished transferring input files
...
001 (7944174.423.000) 07/08 18:08:15 Job executing on host: <128.142.248.59:9618?addrs=128.142.248.59-9618+[2001-1458-301-73--100-12b]-9618&alias=b9g23p7544.cern.ch&noUDP&sock=startd_6283_31a2>
	SlotName: slot1_2@b9g23p7544.cern.ch
	CondorScratchDir = "/pool/condor/dir_2421555"
	Cpus = 1
	Disk = 10010449
	GPUs = 0
	Memory = 3000
...
040 (7944174.423.000) 07/08 18:08:30 Started transferring output files
...
040 (7944174.423.000) 07/08 18:08:30 Finished transferring output files
...
012 (7944174.423.000) 07/08 18:08:30 Job was held.
	Job held by ON_EXIT_HOLD due to exit code 1.
	Code 3 Subcode 0
...
