000 (7944174.424.000) 07/08 17:29:05 Job submitted from host: <188.185.16.120:9618?addrs=188.185.16.120-9618+[2001-1458-d00-65--100-39b]-9618&alias=bigbird27.cern.ch&noUDP&sock=schedd_4465_3274>
...
040 (7944174.424.000) 07/08 17:34:31 Started transferring input files
	Transferring to host: <188.185.193.20:9618?addrs=188.185.193.20-9618+[2001-1458-303-20--100-10]-9618&alias=b9p19p4434.cern.ch&noUDP&sock=slot1_9_4859_5adf_24536>
...
040 (7944174.424.000) 07/08 17:34:31 Finished transferring input files
...
001 (7944174.424.000) 07/08 17:34:31 Job executing on host: <188.185.193.20:9618?addrs=188.185.193.20-9618+[2001-1458-303-20--100-10]-9618&alias=b9p19p4434.cern.ch&noUDP&sock=startd_4297_f68b>
	SlotName: slot1_9@b9p19p4434.cern.ch
	CondorScratchDir = "/pool/condor/dir_1090837"
	Cpus = 1
	Disk = 10002047
	GPUs = 0
	Memory = 3000
...
006 (7944174.424.000) 07/08 17:34:45 Image size of job updated: 22884
	15  -  MemoryUsage of job (MB)
	15136  -  ResidentSetSize of job (KB)
...
006 (7944174.424.000) 07/08 17:34:54 Image size of job updated: 201716
	17  -  MemoryUsage of job (MB)
	16636  -  ResidentSetSize of job (KB)
...
040 (7944174.424.000) 07/08 17:34:54 Started transferring output files
...
040 (7944174.424.000) 07/08 17:34:54 Finished transferring output files
...
012 (7944174.424.000) 07/08 17:34:54 Job was held.
	Job held by ON_EXIT_HOLD due to exit code 1.
	Code 3 Subcode 0
...
013 (7944174.424.000) 07/08 17:46:03 Job was released.
	The job attribute PeriodicRelease expression '(NumJobStarts < 3) && ((CurrentTime - EnteredCurrentStatus) > 10 * 60)' evaluated to TRUE
...
040 (7944174.424.000) 07/08 17:47:16 Started transferring input files
	Transferring to host: <188.185.195.174:9618?addrs=188.185.195.174-9618+[2001-1458-303-22--100-aa]-9618&alias=b9p17p1073.cern.ch&noUDP&sock=slot1_12_7932_8fbc_24696>
...
040 (7944174.424.000) 07/08 17:47:16 Finished transferring input files
...
001 (7944174.424.000) 07/08 17:47:16 Job executing on host: <188.185.195.174:9618?addrs=188.185.195.174-9618+[2001-1458-303-22--100-aa]-9618&alias=b9p17p1073.cern.ch&noUDP&sock=startd_6655_5add>
	SlotName: slot1_12@b9p17p1073.cern.ch
	CondorScratchDir = "/pool/condor/dir_1913753"
	Cpus = 1
	Disk = 10013996
	GPUs = 0
	Memory = 3000
...
040 (7944174.424.000) 07/08 17:48:00 Started transferring output files
...
040 (7944174.424.000) 07/08 17:48:00 Finished transferring output files
...
012 (7944174.424.000) 07/08 17:48:00 Job was held.
	Job held by ON_EXIT_HOLD due to exit code 1.
	Code 3 Subcode 0
...
013 (7944174.424.000) 07/08 17:58:13 Job was released.
	The job attribute PeriodicRelease expression '(NumJobStarts < 3) && ((CurrentTime - EnteredCurrentStatus) > 10 * 60)' evaluated to TRUE
...
040 (7944174.424.000) 07/08 18:08:16 Started transferring input files
	Transferring to host: <188.185.211.214:9618?addrs=188.185.211.214-9618+[2001-1458-303-17--100-52]-9618&alias=b9p24p6418.cern.ch&noUDP&sock=slot1_14_8377_1aae_38980>
...
040 (7944174.424.000) 07/08 18:08:17 Finished transferring input files
...
001 (7944174.424.000) 07/08 18:08:17 Job executing on host: <188.185.211.214:9618?addrs=188.185.211.214-9618+[2001-1458-303-17--100-52]-9618&alias=b9p24p6418.cern.ch&noUDP&sock=startd_8221_802c>
	SlotName: slot1_14@b9p24p6418.cern.ch
	CondorScratchDir = "/pool/condor/dir_45355"
	Cpus = 1
	Disk = 10007597
	GPUs = 0
	Memory = 3000
...
006 (7944174.424.000) 07/08 18:08:25 Image size of job updated: 225000
	46  -  MemoryUsage of job (MB)
	47084  -  ResidentSetSize of job (KB)
...
006 (7944174.424.000) 07/08 18:08:44 Image size of job updated: 407256
	398  -  MemoryUsage of job (MB)
	407256  -  ResidentSetSize of job (KB)
...
040 (7944174.424.000) 07/08 18:08:44 Started transferring output files
...
040 (7944174.424.000) 07/08 18:08:44 Finished transferring output files
...
012 (7944174.424.000) 07/08 18:08:44 Job was held.
	Job held by ON_EXIT_HOLD due to exit code 1.
	Code 3 Subcode 0
...
