000 (7944174.425.000) 07/08 17:29:05 Job submitted from host: <188.185.16.120:9618?addrs=188.185.16.120-9618+[2001-1458-d00-65--100-39b]-9618&alias=bigbird27.cern.ch&noUDP&sock=schedd_4465_3274>
...
040 (7944174.425.000) 07/08 17:33:28 Started transferring input files
	Transferring to host: <128.142.192.170:9618?addrs=128.142.192.170-9618+[2001-1458-301-56--100-26]-9618&alias=b9g18p5946.cern.ch&noUDP&sock=slot1_12_3302936_f5a2_57058>
...
040 (7944174.425.000) 07/08 17:33:30 Finished transferring input files
...
001 (7944174.425.000) 07/08 17:33:30 Job executing on host: <128.142.192.170:9618?addrs=128.142.192.170-9618+[2001-1458-301-56--100-26]-9618&alias=b9g18p5946.cern.ch&noUDP&sock=startd_2853_7fc9>
	SlotName: slot1_12@b9g18p5946.cern.ch
	CondorScratchDir = "/pool/condor/dir_564329"
	Cpus = 1
	Disk = 10000554
	GPUs = 0
	Memory = 3000
...
006 (7944174.425.000) 07/08 17:33:44 Image size of job updated: 25452
	17  -  MemoryUsage of job (MB)
	17120  -  ResidentSetSize of job (KB)
...
006 (7944174.425.000) 07/08 17:34:04 Image size of job updated: 189072
	17  -  MemoryUsage of job (MB)
	17120  -  ResidentSetSize of job (KB)
...
040 (7944174.425.000) 07/08 17:34:04 Started transferring output files
...
040 (7944174.425.000) 07/08 17:34:04 Finished transferring output files
...
012 (7944174.425.000) 07/08 17:34:04 Job was held.
	Job held by ON_EXIT_HOLD due to exit code 1.
	Code 3 Subcode 0
...
013 (7944174.425.000) 07/08 17:46:03 Job was released.
	The job attribute PeriodicRelease expression '(NumJobStarts < 3) && ((CurrentTime - EnteredCurrentStatus) > 10 * 60)' evaluated to TRUE
...
040 (7944174.425.000) 07/08 17:47:16 Started transferring input files
	Transferring to host: <188.185.194.83:9618?addrs=188.185.194.83-9618+[2001-1458-303-21--100-4f]-9618&alias=b9p20p4442.cern.ch&noUDP&sock=slot1_25_6145_7553_22506>
...
040 (7944174.425.000) 07/08 17:47:17 Finished transferring input files
...
001 (7944174.425.000) 07/08 17:47:17 Job executing on host: <188.185.194.83:9618?addrs=188.185.194.83-9618+[2001-1458-303-21--100-4f]-9618&alias=b9p20p4442.cern.ch&noUDP&sock=startd_6097_9d04>
	SlotName: slot1_25@b9p20p4442.cern.ch
	CondorScratchDir = "/pool/condor/dir_4058647"
	Cpus = 1
	Disk = 10004074
	GPUs = 0
	Memory = 3000
...
006 (7944174.425.000) 07/08 17:47:30 Image size of job updated: 200000
	26  -  MemoryUsage of job (MB)
	26448  -  ResidentSetSize of job (KB)
...
006 (7944174.425.000) 07/08 17:47:52 Image size of job updated: 211476
	28  -  MemoryUsage of job (MB)
	28568  -  ResidentSetSize of job (KB)
...
040 (7944174.425.000) 07/08 17:47:52 Started transferring output files
...
040 (7944174.425.000) 07/08 17:47:52 Finished transferring output files
...
012 (7944174.425.000) 07/08 17:47:52 Job was held.
	Job held by ON_EXIT_HOLD due to exit code 1.
	Code 3 Subcode 0
...
013 (7944174.425.000) 07/08 17:58:13 Job was released.
	The job attribute PeriodicRelease expression '(NumJobStarts < 3) && ((CurrentTime - EnteredCurrentStatus) > 10 * 60)' evaluated to TRUE
...
040 (7944174.425.000) 07/08 18:15:24 Started transferring input files
	Transferring to host: <188.185.214.65:9618?addrs=188.185.214.65-9618+[2001-1458-303-1c--100-3d]-9618&alias=b9p29p0733.cern.ch&noUDP&sock=slot1_14_8421_1b30_47801>
...
040 (7944174.425.000) 07/08 18:15:24 Finished transferring input files
...
001 (7944174.425.000) 07/08 18:15:25 Job executing on host: <188.185.214.65:9618?addrs=188.185.214.65-9618+[2001-1458-303-1c--100-3d]-9618&alias=b9p29p0733.cern.ch&noUDP&sock=startd_8294_9296>
	SlotName: slot1_14@b9p29p0733.cern.ch
	CondorScratchDir = "/pool/condor/dir_3323523"
	Cpus = 1
	Disk = 10096298
	GPUs = 0
	Memory = 3000
...
006 (7944174.425.000) 07/08 18:15:34 Image size of job updated: 225000
	52  -  MemoryUsage of job (MB)
	53032  -  ResidentSetSize of job (KB)
...
040 (7944174.425.000) 07/08 18:15:44 Started transferring output files
...
040 (7944174.425.000) 07/08 18:15:44 Finished transferring output files
...
012 (7944174.425.000) 07/08 18:15:44 Job was held.
	Job held by ON_EXIT_HOLD due to exit code 1.
	Code 3 Subcode 0
...
