000 (7944174.426.000) 07/08 17:29:05 Job submitted from host: <188.185.16.120:9618?addrs=188.185.16.120-9618+[2001-1458-d00-65--100-39b]-9618&alias=bigbird27.cern.ch&noUDP&sock=schedd_4465_3274>
...
040 (7944174.426.000) 07/08 17:33:28 Started transferring input files
	Transferring to host: <188.185.192.156:9618?addrs=188.185.192.156-9618+[2001-1458-303-1f--100-98]-9618&alias=b9p13p3671.cern.ch&noUDP&sock=slot1_15_7214_aa5e_24491>
...
040 (7944174.426.000) 07/08 17:33:29 Finished transferring input files
...
001 (7944174.426.000) 07/08 17:33:30 Job executing on host: <188.185.192.156:9618?addrs=188.185.192.156-9618+[2001-1458-303-1f--100-98]-9618&alias=b9p13p3671.cern.ch&noUDP&sock=startd_5616_aff6>
	SlotName: slot1_15@b9p13p3671.cern.ch
	CondorScratchDir = "/pool/condor/dir_4110029"
	Cpus = 1
	Disk = 10018109
	GPUs = 0
	Memory = 3000
...
006 (7944174.426.000) 07/08 17:33:43 Image size of job updated: 30728
	31  -  MemoryUsage of job (MB)
	30728  -  ResidentSetSize of job (KB)
...
006 (7944174.426.000) 07/08 17:34:05 Image size of job updated: 214072
	32  -  MemoryUsage of job (MB)
	31952  -  ResidentSetSize of job (KB)
...
040 (7944174.426.000) 07/08 17:34:05 Started transferring output files
...
040 (7944174.426.000) 07/08 17:34:05 Finished transferring output files
...
012 (7944174.426.000) 07/08 17:34:05 Job was held.
	Job held by ON_EXIT_HOLD due to exit code 1.
	Code 3 Subcode 0
...
013 (7944174.426.000) 07/08 17:46:03 Job was released.
	The job attribute PeriodicRelease expression '(NumJobStarts < 3) && ((CurrentTime - EnteredCurrentStatus) > 10 * 60)' evaluated to TRUE
...
040 (7944174.426.000) 07/08 17:47:16 Started transferring input files
	Transferring to host: <188.185.193.163:9618?addrs=188.185.193.163-9618+[2001-1458-303-20--100-9f]-9618&alias=b9p19p6217.cern.ch&noUDP&sock=slot1_28_10807_4251_23512>
...
040 (7944174.426.000) 07/08 17:47:16 Finished transferring input files
...
001 (7944174.426.000) 07/08 17:47:16 Job executing on host: <188.185.193.163:9618?addrs=188.185.193.163-9618+[2001-1458-303-20--100-9f]-9618&alias=b9p19p6217.cern.ch&noUDP&sock=startd_9412_6d78>
	SlotName: slot1_28@b9p19p6217.cern.ch
	CondorScratchDir = "/pool/condor/dir_3813301"
	Cpus = 1
	Disk = 10002725
	GPUs = 0
	Memory = 3000
...
040 (7944174.426.000) 07/08 17:47:50 Started transferring output files
...
040 (7944174.426.000) 07/08 17:47:50 Finished transferring output files
...
012 (7944174.426.000) 07/08 17:47:50 Job was held.
	Job held by ON_EXIT_HOLD due to exit code 1.
	Code 3 Subcode 0
...
013 (7944174.426.000) 07/08 17:58:13 Job was released.
	The job attribute PeriodicRelease expression '(NumJobStarts < 3) && ((CurrentTime - EnteredCurrentStatus) > 10 * 60)' evaluated to TRUE
...
040 (7944174.426.000) 07/08 18:08:16 Started transferring input files
	Transferring to host: <188.185.194.134:9618?addrs=188.185.194.134-9618+[2001-1458-303-21--100-82]-9618&alias=b9p20p3793.cern.ch&noUDP&sock=slot1_6_6114_9db2_22249>
...
040 (7944174.426.000) 07/08 18:08:16 Finished transferring input files
...
001 (7944174.426.000) 07/08 18:08:16 Job executing on host: <188.185.194.134:9618?addrs=188.185.194.134-9618+[2001-1458-303-21--100-82]-9618&alias=b9p20p3793.cern.ch&noUDP&sock=startd_5801_94fb>
	SlotName: slot1_6@b9p20p3793.cern.ch
	CondorScratchDir = "/pool/condor/dir_899186"
	Cpus = 1
	Disk = 10041799
	GPUs = 0
	Memory = 3000
...
040 (7944174.426.000) 07/08 18:08:44 Started transferring output files
...
040 (7944174.426.000) 07/08 18:08:44 Finished transferring output files
...
012 (7944174.426.000) 07/08 18:08:44 Job was held.
	Job held by ON_EXIT_HOLD due to exit code 1.
	Code 3 Subcode 0
...
