000 (7944174.429.000) 07/08 17:29:05 Job submitted from host: <188.185.16.120:9618?addrs=188.185.16.120-9618+[2001-1458-d00-65--100-39b]-9618&alias=bigbird27.cern.ch&noUDP&sock=schedd_4465_3274>
...
040 (7944174.429.000) 07/08 17:34:32 Started transferring input files
	Transferring to host: <188.185.215.138:9618?addrs=188.185.215.138-9618+[2001-1458-303-26--100-6]-9618&alias=b9p18p7005.cern.ch&noUDP&sock=slot1_36_9083_8b8a_35878>
...
040 (7944174.429.000) 07/08 17:34:32 Finished transferring input files
...
001 (7944174.429.000) 07/08 17:34:32 Job executing on host: <188.185.215.138:9618?addrs=188.185.215.138-9618+[2001-1458-303-26--100-6]-9618&alias=b9p18p7005.cern.ch&noUDP&sock=startd_8918_95af>
	SlotName: slot1_36@b9p18p7005.cern.ch
	CondorScratchDir = "/pool/condor/dir_2144616"
	Cpus = 1
	Disk = 10058024
	GPUs = 0
	Memory = 3000
...
006 (7944174.429.000) 07/08 17:34:41 Image size of job updated: 148108
	145  -  MemoryUsage of job (MB)
	148108  -  ResidentSetSize of job (KB)
...
006 (7944174.429.000) 07/08 17:34:45 Image size of job updated: 148108
	147  -  MemoryUsage of job (MB)
	150412  -  ResidentSetSize of job (KB)
...
040 (7944174.429.000) 07/08 17:34:45 Started transferring output files
...
040 (7944174.429.000) 07/08 17:34:45 Finished transferring output files
...
012 (7944174.429.000) 07/08 17:34:45 Job was held.
	Job held by ON_EXIT_HOLD due to exit code 1.
	Code 3 Subcode 0
...
013 (7944174.429.000) 07/08 17:46:03 Job was released.
	The job attribute PeriodicRelease expression '(NumJobStarts < 3) && ((CurrentTime - EnteredCurrentStatus) > 10 * 60)' evaluated to TRUE
...
040 (7944174.429.000) 07/08 17:47:16 Started transferring input files
	Transferring to host: <188.185.215.158:9618?addrs=188.185.215.158-9618+[2001-1458-303-26--100-1a]-9618&alias=b9p18p8340.cern.ch&noUDP&sock=slot1_49_4190_fbe3_41028>
...
040 (7944174.429.000) 07/08 17:47:16 Finished transferring input files
...
001 (7944174.429.000) 07/08 17:47:16 Job executing on host: <188.185.215.158:9618?addrs=188.185.215.158-9618+[2001-1458-303-26--100-1a]-9618&alias=b9p18p8340.cern.ch&noUDP&sock=startd_3136_9d17>
	SlotName: slot1_49@b9p18p8340.cern.ch
	CondorScratchDir = "/pool/condor/dir_1598087"
	Cpus = 1
	Disk = 14250208
	Memory = 3000
...
006 (7944174.429.000) 07/08 17:47:52 Image size of job updated: 484844
	263  -  MemoryUsage of job (MB)
	269260  -  ResidentSetSize of job (KB)
...
040 (7944174.429.000) 07/08 17:47:52 Started transferring output files
...
040 (7944174.429.000) 07/08 17:47:52 Finished transferring output files
...
012 (7944174.429.000) 07/08 17:47:52 Job was held.
	Job held by ON_EXIT_HOLD due to exit code 1.
	Code 3 Subcode 0
...
013 (7944174.429.000) 07/08 17:58:13 Job was released.
	The job attribute PeriodicRelease expression '(NumJobStarts < 3) && ((CurrentTime - EnteredCurrentStatus) > 10 * 60)' evaluated to TRUE
...
040 (7944174.429.000) 07/08 18:08:18 Started transferring input files
	Transferring to host: <188.185.212.20:9618?addrs=188.185.212.20-9618+[2001-1458-303-18--100-10]-9618&alias=b9p25p4134.cern.ch&noUDP&sock=slot1_4_8420_66cf_39474>
...
040 (7944174.429.000) 07/08 18:08:19 Finished transferring input files
...
001 (7944174.429.000) 07/08 18:08:19 Job executing on host: <188.185.212.20:9618?addrs=188.185.212.20-9618+[2001-1458-303-18--100-10]-9618&alias=b9p25p4134.cern.ch&noUDP&sock=startd_8372_12f9>
	SlotName: slot1_4@b9p25p4134.cern.ch
	CondorScratchDir = "/pool/condor/dir_1973729"
	Cpus = 1
	Disk = 10012094
	GPUs = 0
	Memory = 3000
...
040 (7944174.429.000) 07/08 18:08:57 Started transferring output files
...
040 (7944174.429.000) 07/08 18:08:57 Finished transferring output files
...
012 (7944174.429.000) 07/08 18:08:57 Job was held.
	Job held by ON_EXIT_HOLD due to exit code 1.
	Code 3 Subcode 0
...
