000 (7944174.043.000) 07/08 17:29:04 Job submitted from host: <188.185.16.120:9618?addrs=188.185.16.120-9618+[2001-1458-d00-65--100-39b]-9618&alias=bigbird27.cern.ch&noUDP&sock=schedd_4465_3274>
...
040 (7944174.043.000) 07/08 17:31:25 Started transferring input files
	Transferring to host: <188.185.192.94:9618?addrs=188.185.192.94-9618+[2001-1458-303-1f--100-5a]-9618&alias=b9p13p0998.cern.ch&noUDP&sock=slot1_4_8174_1285_38128>
...
040 (7944174.043.000) 07/08 17:31:26 Finished transferring input files
...
001 (7944174.043.000) 07/08 17:31:26 Job executing on host: <188.185.192.94:9618?addrs=188.185.192.94-9618+[2001-1458-303-1f--100-5a]-9618&alias=b9p13p0998.cern.ch&noUDP&sock=startd_6900_6791>
	SlotName: slot1_4@b9p13p0998.cern.ch
	CondorScratchDir = "/pool/condor/dir_76093"
	Cpus = 1
	Disk = 10003225
	GPUs = 0
	Memory = 3000
...
006 (7944174.043.000) 07/08 17:31:39 Image size of job updated: 26612
	26  -  MemoryUsage of job (MB)
	26612  -  ResidentSetSize of job (KB)
...
006 (7944174.043.000) 07/08 17:32:43 Image size of job updated: 203856
	27  -  MemoryUsage of job (MB)
	27608  -  ResidentSetSize of job (KB)
...
040 (7944174.043.000) 07/08 17:32:43 Started transferring output files
...
040 (7944174.043.000) 07/08 17:32:43 Finished transferring output files
...
012 (7944174.043.000) 07/08 17:32:45 Job was held.
	Job held by ON_EXIT_HOLD due to exit code 1.
	Code 3 Subcode 0
...
013 (7944174.043.000) 07/08 17:43:32 Job was released.
	The job attribute PeriodicRelease expression '(NumJobStarts < 3) && ((CurrentTime - EnteredCurrentStatus) > 10 * 60)' evaluated to TRUE
...
040 (7944174.043.000) 07/08 17:44:09 Started transferring input files
	Transferring to host: <188.185.210.64:9618?addrs=188.185.210.64-9618+[2001-1458-303-1--100-3c]-9618&alias=b9p21p9133.cern.ch&noUDP&sock=slot1_21_7926_557b_39693>
...
040 (7944174.043.000) 07/08 17:44:09 Finished transferring input files
...
001 (7944174.043.000) 07/08 17:44:10 Job executing on host: <188.185.210.64:9618?addrs=188.185.210.64-9618+[2001-1458-303-1--100-3c]-9618&alias=b9p21p9133.cern.ch&noUDP&sock=startd_7266_733a>
	SlotName: slot1_21@b9p21p9133.cern.ch
	CondorScratchDir = "/pool/condor/dir_2867630"
	Cpus = 1
	Disk = 10003007
	GPUs = 0
	Memory = 3000
...
006 (7944174.043.000) 07/08 17:44:18 Image size of job updated: 225000
	55  -  MemoryUsage of job (MB)
	56284  -  ResidentSetSize of job (KB)
...
006 (7944174.043.000) 07/08 17:44:33 Image size of job updated: 412052
	403  -  MemoryUsage of job (MB)
	412052  -  ResidentSetSize of job (KB)
...
040 (7944174.043.000) 07/08 17:44:33 Started transferring output files
...
040 (7944174.043.000) 07/08 17:44:33 Finished transferring output files
...
012 (7944174.043.000) 07/08 17:44:33 Job was held.
	Job held by ON_EXIT_HOLD due to exit code 1.
	Code 3 Subcode 0
...
013 (7944174.043.000) 07/08 17:55:47 Job was released.
	The job attribute PeriodicRelease expression '(NumJobStarts < 3) && ((CurrentTime - EnteredCurrentStatus) > 10 * 60)' evaluated to TRUE
...
040 (7944174.043.000) 07/08 17:57:35 Started transferring input files
	Transferring to host: <188.185.194.62:9618?addrs=188.185.194.62-9618+[2001-1458-303-21--100-3a]-9618&alias=b9p20p4971.cern.ch&noUDP&sock=slot1_21_3079811_3651_18409>
...
040 (7944174.043.000) 07/08 17:57:36 Finished transferring input files
...
001 (7944174.043.000) 07/08 17:57:36 Job executing on host: <188.185.194.62:9618?addrs=188.185.194.62-9618+[2001-1458-303-21--100-3a]-9618&alias=b9p20p4971.cern.ch&noUDP&sock=startd_3079609_339b>
	SlotName: slot1_21@b9p20p4971.cern.ch
	CondorScratchDir = "/pool/condor/dir_986890"
	Cpus = 1
	Disk = 10003129
	GPUs = 0
	Memory = 3000
...
040 (7944174.043.000) 07/08 17:58:14 Started transferring output files
...
040 (7944174.043.000) 07/08 17:58:14 Finished transferring output files
...
012 (7944174.043.000) 07/08 17:58:14 Job was held.
	Job held by ON_EXIT_HOLD due to exit code 1.
	Code 3 Subcode 0
...
