000 (7944174.431.000) 07/08 17:29:05 Job submitted from host: <188.185.16.120:9618?addrs=188.185.16.120-9618+[2001-1458-d00-65--100-39b]-9618&alias=bigbird27.cern.ch&noUDP&sock=schedd_4465_3274>
...
040 (7944174.431.000) 07/08 17:33:31 Started transferring input files
	Transferring to host: <128.142.192.140:9618?addrs=128.142.192.140-9618+[2001-1458-301-56--100-8]-9618&alias=b9g18p8843.cern.ch&noUDP&sock=slot1_7_4010_285c_74359>
...
040 (7944174.431.000) 07/08 17:33:32 Finished transferring input files
...
001 (7944174.431.000) 07/08 17:33:32 Job executing on host: <128.142.192.140:9618?addrs=128.142.192.140-9618+[2001-1458-301-56--100-8]-9618&alias=b9g18p8843.cern.ch&noUDP&sock=startd_3128_2055>
	SlotName: slot1_7@b9g18p8843.cern.ch
	CondorScratchDir = "/pool/condor/dir_2246509"
	Cpus = 1
	Disk = 10000918
	GPUs = 0
	Memory = 3000
...
006 (7944174.431.000) 07/08 17:33:46 Image size of job updated: 22868
	14  -  MemoryUsage of job (MB)
	14220  -  ResidentSetSize of job (KB)
...
006 (7944174.431.000) 07/08 17:34:08 Image size of job updated: 205188
	14  -  MemoryUsage of job (MB)
	14220  -  ResidentSetSize of job (KB)
...
040 (7944174.431.000) 07/08 17:34:08 Started transferring output files
...
040 (7944174.431.000) 07/08 17:34:08 Finished transferring output files
...
012 (7944174.431.000) 07/08 17:34:08 Job was held.
	Job held by ON_EXIT_HOLD due to exit code 1.
	Code 3 Subcode 0
...
013 (7944174.431.000) 07/08 17:46:03 Job was released.
	The job attribute PeriodicRelease expression '(NumJobStarts < 3) && ((CurrentTime - EnteredCurrentStatus) > 10 * 60)' evaluated to TRUE
...
040 (7944174.431.000) 07/08 17:47:17 Started transferring input files
	Transferring to host: <128.142.248.31:9618?addrs=128.142.248.31-9618+[2001-1458-301-73--100-10f]-9618&alias=b9g23p5604.cern.ch&noUDP&sock=slot1_3_338904_46ce_61726>
...
040 (7944174.431.000) 07/08 17:47:18 Finished transferring input files
...
001 (7944174.431.000) 07/08 17:47:18 Job executing on host: <128.142.248.31:9618?addrs=128.142.248.31-9618+[2001-1458-301-73--100-10f]-9618&alias=b9g23p5604.cern.ch&noUDP&sock=startd_161302_557d>
	SlotName: slot1_3@b9g23p5604.cern.ch
	CondorScratchDir = "/pool/condor/dir_182955"
	Cpus = 1
	Disk = 10004196
	GPUs = 0
	Memory = 3000
...
006 (7944174.431.000) 07/08 17:47:32 Image size of job updated: 225000
	21  -  MemoryUsage of job (MB)
	20820  -  ResidentSetSize of job (KB)
...
040 (7944174.431.000) 07/08 17:47:53 Started transferring output files
...
040 (7944174.431.000) 07/08 17:47:53 Finished transferring output files
...
012 (7944174.431.000) 07/08 17:47:53 Job was held.
	Job held by ON_EXIT_HOLD due to exit code 1.
	Code 3 Subcode 0
...
013 (7944174.431.000) 07/08 17:58:13 Job was released.
	The job attribute PeriodicRelease expression '(NumJobStarts < 3) && ((CurrentTime - EnteredCurrentStatus) > 10 * 60)' evaluated to TRUE
...
040 (7944174.431.000) 07/08 18:08:19 Started transferring input files
	Transferring to host: <188.185.192.148:9618?addrs=188.185.192.148-9618+[2001-1458-303-1f--100-90]-9618&alias=b9p13p8090.cern.ch&noUDP&sock=slot1_3_5223_d36d_23438>
...
040 (7944174.431.000) 07/08 18:08:20 Finished transferring input files
...
001 (7944174.431.000) 07/08 18:08:20 Job executing on host: <188.185.192.148:9618?addrs=188.185.192.148-9618+[2001-1458-303-1f--100-90]-9618&alias=b9p13p8090.cern.ch&noUDP&sock=startd_4548_20d1>
	SlotName: slot1_3@b9p13p8090.cern.ch
	CondorScratchDir = "/pool/condor/dir_1173299"
	Cpus = 1
	Disk = 10012573
	GPUs = 0
	Memory = 3000
...
006 (7944174.431.000) 07/08 18:08:34 Image size of job updated: 225000
	23  -  MemoryUsage of job (MB)
	23044  -  ResidentSetSize of job (KB)
...
040 (7944174.431.000) 07/08 18:08:54 Started transferring output files
...
040 (7944174.431.000) 07/08 18:08:54 Finished transferring output files
...
012 (7944174.431.000) 07/08 18:08:55 Job was held.
	Job held by ON_EXIT_HOLD due to exit code 1.
	Code 3 Subcode 0
...
