000 (7944174.433.000) 07/08 17:29:05 Job submitted from host: <188.185.16.120:9618?addrs=188.185.16.120-9618+[2001-1458-d00-65--100-39b]-9618&alias=bigbird27.cern.ch&noUDP&sock=schedd_4465_3274>
...
040 (7944174.433.000) 07/08 17:33:32 Started transferring input files
	Transferring to host: <188.185.211.216:9618?addrs=188.185.211.216-9618+[2001-1458-303-17--100-54]-9618&alias=b9p24p1879.cern.ch&noUDP&sock=slot1_9_8406_898f_39938>
...
040 (7944174.433.000) 07/08 17:33:33 Finished transferring input files
...
001 (7944174.433.000) 07/08 17:33:33 Job executing on host: <188.185.211.216:9618?addrs=188.185.211.216-9618+[2001-1458-303-17--100-54]-9618&alias=b9p24p1879.cern.ch&noUDP&sock=startd_8239_d8e1>
	SlotName: slot1_9@b9p24p1879.cern.ch
	CondorScratchDir = "/pool/condor/dir_473673"
	Cpus = 1
	Disk = 10002264
	GPUs = 0
	Memory = 3000
...
006 (7944174.433.000) 07/08 17:33:43 Image size of job updated: 48160
	48  -  MemoryUsage of job (MB)
	48160  -  ResidentSetSize of job (KB)
...
006 (7944174.433.000) 07/08 17:34:25 Image size of job updated: 424608
	415  -  MemoryUsage of job (MB)
	424608  -  ResidentSetSize of job (KB)
...
040 (7944174.433.000) 07/08 17:34:25 Started transferring output files
...
040 (7944174.433.000) 07/08 17:34:25 Finished transferring output files
...
012 (7944174.433.000) 07/08 17:34:26 Job was held.
	Job held by ON_EXIT_HOLD due to exit code 1.
	Code 3 Subcode 0
...
013 (7944174.433.000) 07/08 17:46:03 Job was released.
	The job attribute PeriodicRelease expression '(NumJobStarts < 3) && ((CurrentTime - EnteredCurrentStatus) > 10 * 60)' evaluated to TRUE
...
040 (7944174.433.000) 07/08 17:47:18 Started transferring input files
	Transferring to host: <188.185.192.29:9618?addrs=188.185.192.29-9618+[2001-1458-303-1f--100-19]-9618&alias=b9p13p1663.cern.ch&noUDP&sock=slot1_23_8869_c342_39081>
...
040 (7944174.433.000) 07/08 17:47:18 Finished transferring input files
...
001 (7944174.433.000) 07/08 17:47:18 Job executing on host: <188.185.192.29:9618?addrs=188.185.192.29-9618+[2001-1458-303-1f--100-19]-9618&alias=b9p13p1663.cern.ch&noUDP&sock=startd_8819_adcf>
	SlotName: slot1_23@b9p13p1663.cern.ch
	CondorScratchDir = "/pool/condor/dir_973585"
	Cpus = 1
	Disk = 10008671
	GPUs = 0
	Memory = 3000
...
040 (7944174.433.000) 07/08 17:47:37 Started transferring output files
...
040 (7944174.433.000) 07/08 17:47:37 Finished transferring output files
...
012 (7944174.433.000) 07/08 17:47:37 Job was held.
	Job held by ON_EXIT_HOLD due to exit code 1.
	Code 3 Subcode 0
...
013 (7944174.433.000) 07/08 17:58:13 Job was released.
	The job attribute PeriodicRelease expression '(NumJobStarts < 3) && ((CurrentTime - EnteredCurrentStatus) > 10 * 60)' evaluated to TRUE
...
040 (7944174.433.000) 07/08 18:20:00 Started transferring input files
	Transferring to host: <188.185.213.226:9618?addrs=188.185.213.226-9618+[2001-1458-303-1b--100-5e]-9618&alias=b9p28p8143.cern.ch&noUDP&sock=slot1_1_8467_8471_47751>
...
040 (7944174.433.000) 07/08 18:20:01 Finished transferring input files
...
001 (7944174.433.000) 07/08 18:20:01 Job executing on host: <188.185.213.226:9618?addrs=188.185.213.226-9618+[2001-1458-303-1b--100-5e]-9618&alias=b9p28p8143.cern.ch&noUDP&sock=startd_8416_4124>
	SlotName: slot1_1@b9p28p8143.cern.ch
	CondorScratchDir = "/pool/condor/dir_1166058"
	Cpus = 1
	Disk = 10281763
	GPUs = 0
	Memory = 3000
...
040 (7944174.433.000) 07/08 18:20:15 Started transferring output files
...
040 (7944174.433.000) 07/08 18:20:15 Finished transferring output files
...
012 (7944174.433.000) 07/08 18:20:15 Job was held.
	Job held by ON_EXIT_HOLD due to exit code 1.
	Code 3 Subcode 0
...
