000 (7944174.435.000) 07/08 17:29:05 Job submitted from host: <188.185.16.120:9618?addrs=188.185.16.120-9618+[2001-1458-d00-65--100-39b]-9618&alias=bigbird27.cern.ch&noUDP&sock=schedd_4465_3274>
...
040 (7944174.435.000) 07/08 17:33:32 Started transferring input files
	Transferring to host: <188.185.215.37:9618?addrs=188.185.215.37-9618+[2001-1458-303-1e--100-21]-9618&alias=b9p31p9311.cern.ch&noUDP&sock=slot1_2_8409_a6af_38853>
...
040 (7944174.435.000) 07/08 17:33:33 Finished transferring input files
...
001 (7944174.435.000) 07/08 17:33:33 Job executing on host: <188.185.215.37:9618?addrs=188.185.215.37-9618+[2001-1458-303-1e--100-21]-9618&alias=b9p31p9311.cern.ch&noUDP&sock=startd_8289_249d>
	SlotName: slot1_2@b9p31p9311.cern.ch
	CondorScratchDir = "/pool/condor/dir_3278844"
	Cpus = 1
	Disk = 10002726
	GPUs = 0
	Memory = 3000
...
006 (7944174.435.000) 07/08 17:33:42 Image size of job updated: 67156
	66  -  MemoryUsage of job (MB)
	67156  -  ResidentSetSize of job (KB)
...
006 (7944174.435.000) 07/08 17:33:58 Image size of job updated: 424944
	415  -  MemoryUsage of job (MB)
	424944  -  ResidentSetSize of job (KB)
...
040 (7944174.435.000) 07/08 17:33:58 Started transferring output files
...
040 (7944174.435.000) 07/08 17:33:58 Finished transferring output files
...
012 (7944174.435.000) 07/08 17:33:58 Job was held.
	Job held by ON_EXIT_HOLD due to exit code 1.
	Code 3 Subcode 0
...
013 (7944174.435.000) 07/08 17:46:03 Job was released.
	The job attribute PeriodicRelease expression '(NumJobStarts < 3) && ((CurrentTime - EnteredCurrentStatus) > 10 * 60)' evaluated to TRUE
...
040 (7944174.435.000) 07/08 17:47:19 Started transferring input files
	Transferring to host: <188.185.195.93:9618?addrs=188.185.195.93-9618+[2001-1458-303-22--100-59]-9618&alias=b9p17p2919.cern.ch&noUDP&sock=slot1_21_645989_7076_18442>
...
040 (7944174.435.000) 07/08 17:47:19 Finished transferring input files
...
001 (7944174.435.000) 07/08 17:47:19 Job executing on host: <188.185.195.93:9618?addrs=188.185.195.93-9618+[2001-1458-303-22--100-59]-9618&alias=b9p17p2919.cern.ch&noUDP&sock=startd_8832_988a>
	SlotName: slot1_21@b9p17p2919.cern.ch
	CondorScratchDir = "/pool/condor/dir_3054431"
	Cpus = 1
	Disk = 10002145
	GPUs = 0
	Memory = 3000
...
006 (7944174.435.000) 07/08 17:47:53 Image size of job updated: 427020
	418  -  MemoryUsage of job (MB)
	427020  -  ResidentSetSize of job (KB)
...
040 (7944174.435.000) 07/08 17:47:53 Started transferring output files
...
040 (7944174.435.000) 07/08 17:47:53 Finished transferring output files
...
012 (7944174.435.000) 07/08 17:47:53 Job was held.
	Job held by ON_EXIT_HOLD due to exit code 1.
	Code 3 Subcode 0
...
013 (7944174.435.000) 07/08 17:58:13 Job was released.
	The job attribute PeriodicRelease expression '(NumJobStarts < 3) && ((CurrentTime - EnteredCurrentStatus) > 10 * 60)' evaluated to TRUE
...
040 (7944174.435.000) 07/08 18:15:25 Started transferring input files
	Transferring to host: <188.185.214.22:9618?addrs=188.185.214.22-9618+[2001-1458-303-1c--100-12]-9618&alias=b9p29p3973.cern.ch&noUDP&sock=slot1_13_8397_322f_48916>
...
040 (7944174.435.000) 07/08 18:15:26 Finished transferring input files
...
001 (7944174.435.000) 07/08 18:15:26 Job executing on host: <188.185.214.22:9618?addrs=188.185.214.22-9618+[2001-1458-303-1c--100-12]-9618&alias=b9p29p3973.cern.ch&noUDP&sock=startd_8342_7f22>
	SlotName: slot1_13@b9p29p3973.cern.ch
	CondorScratchDir = "/pool/condor/dir_2159892"
	Cpus = 1
	Disk = 10114562
	GPUs = 0
	Memory = 3000
...
040 (7944174.435.000) 07/08 18:15:41 Started transferring output files
...
040 (7944174.435.000) 07/08 18:15:41 Finished transferring output files
...
012 (7944174.435.000) 07/08 18:15:41 Job was held.
	Job held by ON_EXIT_HOLD due to exit code 1.
	Code 3 Subcode 0
...
