000 (7944174.436.000) 07/08 17:29:05 Job submitted from host: <188.185.16.120:9618?addrs=188.185.16.120-9618+[2001-1458-d00-65--100-39b]-9618&alias=bigbird27.cern.ch&noUDP&sock=schedd_4465_3274>
...
040 (7944174.436.000) 07/08 17:33:33 Started transferring input files
	Transferring to host: <188.185.206.224:9618?addrs=188.185.206.224-9618+[2001-1458-303-c--100-5d]-9618&alias=b9p06p0068.cern.ch&noUDP&sock=slot1_81_4312_f1a8_150>
...
040 (7944174.436.000) 07/08 17:33:33 Finished transferring input files
...
001 (7944174.436.000) 07/08 17:33:33 Job executing on host: <188.185.206.224:9618?addrs=188.185.206.224-9618+[2001-1458-303-c--100-5d]-9618&alias=b9p06p0068.cern.ch&noUDP&sock=startd_3614_7b5c>
	SlotName: slot1_81@b9p06p0068.cern.ch
	CondorScratchDir = "/pool/condor/dir_233917"
	Cpus = 1
	Disk = 10001443
	GPUs = 0
	Memory = 3000
...
006 (7944174.436.000) 07/08 17:33:47 Image size of job updated: 32100
	32  -  MemoryUsage of job (MB)
	32100  -  ResidentSetSize of job (KB)
...
006 (7944174.436.000) 07/08 17:34:30 Image size of job updated: 212456
	32  -  MemoryUsage of job (MB)
	32100  -  ResidentSetSize of job (KB)
...
040 (7944174.436.000) 07/08 17:34:30 Started transferring output files
...
040 (7944174.436.000) 07/08 17:34:30 Finished transferring output files
...
012 (7944174.436.000) 07/08 17:34:30 Job was held.
	Job held by ON_EXIT_HOLD due to exit code 1.
	Code 3 Subcode 0
...
013 (7944174.436.000) 07/08 17:46:03 Job was released.
	The job attribute PeriodicRelease expression '(NumJobStarts < 3) && ((CurrentTime - EnteredCurrentStatus) > 10 * 60)' evaluated to TRUE
...
040 (7944174.436.000) 07/08 17:47:20 Started transferring input files
	Transferring to host: <188.185.193.185:9618?addrs=188.185.193.185-9618+[2001-1458-303-20--100-b5]-9618&alias=b9p19p8898.cern.ch&noUDP&sock=slot1_29_4303_9a48_23552>
...
040 (7944174.436.000) 07/08 17:47:20 Finished transferring input files
...
001 (7944174.436.000) 07/08 17:47:20 Job executing on host: <188.185.193.185:9618?addrs=188.185.193.185-9618+[2001-1458-303-20--100-b5]-9618&alias=b9p19p8898.cern.ch&noUDP&sock=startd_3658_a987>
	SlotName: slot1_29@b9p19p8898.cern.ch
	CondorScratchDir = "/pool/condor/dir_76360"
	Cpus = 1
	Disk = 10002503
	GPUs = 0
	Memory = 3000
...
006 (7944174.436.000) 07/08 17:47:34 Image size of job updated: 225000
	34  -  MemoryUsage of job (MB)
	34484  -  ResidentSetSize of job (KB)
...
006 (7944174.436.000) 07/08 17:47:55 Image size of job updated: 225000
	34  -  MemoryUsage of job (MB)
	34580  -  ResidentSetSize of job (KB)
...
040 (7944174.436.000) 07/08 17:47:56 Started transferring output files
...
040 (7944174.436.000) 07/08 17:47:56 Finished transferring output files
...
012 (7944174.436.000) 07/08 17:47:56 Job was held.
	Job held by ON_EXIT_HOLD due to exit code 1.
	Code 3 Subcode 0
...
013 (7944174.436.000) 07/08 17:58:13 Job was released.
	The job attribute PeriodicRelease expression '(NumJobStarts < 3) && ((CurrentTime - EnteredCurrentStatus) > 10 * 60)' evaluated to TRUE
...
040 (7944174.436.000) 07/08 18:15:36 Started transferring input files
	Transferring to host: <188.185.194.133:9618?addrs=188.185.194.133-9618+[2001-1458-303-21--100-81]-9618&alias=b9p20p2266.cern.ch&noUDP&sock=slot1_13_3090215_c578_21963>
...
040 (7944174.436.000) 07/08 18:15:37 Finished transferring input files
...
001 (7944174.436.000) 07/08 18:15:37 Job executing on host: <188.185.194.133:9618?addrs=188.185.194.133-9618+[2001-1458-303-21--100-81]-9618&alias=b9p20p2266.cern.ch&noUDP&sock=startd_3090143_a63f>
	SlotName: slot1_13@b9p20p2266.cern.ch
	CondorScratchDir = "/pool/condor/dir_423520"
	Cpus = 1
	Disk = 10007334
	GPUs = 0
	Memory = 3000
...
006 (7944174.436.000) 07/08 18:15:51 Image size of job updated: 225000
	43  -  MemoryUsage of job (MB)
	43364  -  ResidentSetSize of job (KB)
...
006 (7944174.436.000) 07/08 18:15:58 Image size of job updated: 225000
	46  -  MemoryUsage of job (MB)
	46764  -  ResidentSetSize of job (KB)
...
040 (7944174.436.000) 07/08 18:15:58 Started transferring output files
...
040 (7944174.436.000) 07/08 18:15:58 Finished transferring output files
...
012 (7944174.436.000) 07/08 18:15:58 Job was held.
	Job held by ON_EXIT_HOLD due to exit code 1.
	Code 3 Subcode 0
...
