000 (7944174.437.000) 07/08 17:29:05 Job submitted from host: <188.185.16.120:9618?addrs=188.185.16.120-9618+[2001-1458-d00-65--100-39b]-9618&alias=bigbird27.cern.ch&noUDP&sock=schedd_4465_3274>
...
040 (7944174.437.000) 07/08 17:33:33 Started transferring input files
	Transferring to host: <128.142.192.148:9618?addrs=128.142.192.148-9618+[2001-1458-301-56--100-10]-9618&alias=b9g18p7256.cern.ch&noUDP&sock=slot1_30_5808_02e5_74223>
...
040 (7944174.437.000) 07/08 17:33:34 Finished transferring input files
...
001 (7944174.437.000) 07/08 17:33:34 Job executing on host: <128.142.192.148:9618?addrs=128.142.192.148-9618+[2001-1458-301-56--100-10]-9618&alias=b9g18p7256.cern.ch&noUDP&sock=startd_4951_8d7b>
	SlotName: slot1_30@b9g18p7256.cern.ch
	CondorScratchDir = "/pool/condor/dir_1893066"
	Cpus = 1
	Disk = 10001973
	GPUs = 0
	Memory = 3000
...
006 (7944174.437.000) 07/08 17:33:48 Image size of job updated: 28676
	23  -  MemoryUsage of job (MB)
	23356  -  ResidentSetSize of job (KB)
...
006 (7944174.437.000) 07/08 17:34:08 Image size of job updated: 195020
	23  -  MemoryUsage of job (MB)
	23356  -  ResidentSetSize of job (KB)
...
040 (7944174.437.000) 07/08 17:34:08 Started transferring output files
...
040 (7944174.437.000) 07/08 17:34:08 Finished transferring output files
...
012 (7944174.437.000) 07/08 17:34:08 Job was held.
	Job held by ON_EXIT_HOLD due to exit code 1.
	Code 3 Subcode 0
...
013 (7944174.437.000) 07/08 17:46:03 Job was released.
	The job attribute PeriodicRelease expression '(NumJobStarts < 3) && ((CurrentTime - EnteredCurrentStatus) > 10 * 60)' evaluated to TRUE
...
040 (7944174.437.000) 07/08 17:47:20 Started transferring input files
	Transferring to host: <188.185.193.12:9618?addrs=188.185.193.12-9618+[2001-1458-303-20--100-8]-9618&alias=b9p19p6611.cern.ch&noUDP&sock=slot1_28_11463_786b_21919>
...
040 (7944174.437.000) 07/08 17:47:20 Finished transferring input files
...
001 (7944174.437.000) 07/08 17:47:20 Job executing on host: <188.185.193.12:9618?addrs=188.185.193.12-9618+[2001-1458-303-20--100-8]-9618&alias=b9p19p6611.cern.ch&noUDP&sock=startd_10342_548c>
	SlotName: slot1_28@b9p19p6611.cern.ch
	CondorScratchDir = "/pool/condor/dir_3243873"
	Cpus = 1
	Disk = 10002778
	GPUs = 0
	Memory = 3000
...
040 (7944174.437.000) 07/08 17:47:50 Started transferring output files
...
040 (7944174.437.000) 07/08 17:47:50 Finished transferring output files
...
012 (7944174.437.000) 07/08 17:47:50 Job was held.
	Job held by ON_EXIT_HOLD due to exit code 1.
	Code 3 Subcode 0
...
013 (7944174.437.000) 07/08 17:58:13 Job was released.
	The job attribute PeriodicRelease expression '(NumJobStarts < 3) && ((CurrentTime - EnteredCurrentStatus) > 10 * 60)' evaluated to TRUE
...
040 (7944174.437.000) 07/08 18:15:25 Started transferring input files
	Transferring to host: <128.142.161.145:9618?addrs=128.142.161.145-9618+[2001-1458-301-b9--100-e]-9618&alias=b9g03p7833.cern.ch&noUDP&sock=slot1_15_712096_cd16_10970>
...
040 (7944174.437.000) 07/08 18:15:26 Finished transferring input files
...
001 (7944174.437.000) 07/08 18:15:26 Job executing on host: <128.142.161.145:9618?addrs=128.142.161.145-9618+[2001-1458-301-b9--100-e]-9618&alias=b9g03p7833.cern.ch&noUDP&sock=startd_4150_221f>
	SlotName: slot1_15@b9g03p7833.cern.ch
	CondorScratchDir = "/pool/condor/dir_1823487"
	Cpus = 1
	Disk = 10000825
	GPUs = 0
	Memory = 3000
...
006 (7944174.437.000) 07/08 18:15:39 Image size of job updated: 200000
	35  -  MemoryUsage of job (MB)
	34888  -  ResidentSetSize of job (KB)
...
006 (7944174.437.000) 07/08 18:15:46 Image size of job updated: 200000
	35  -  MemoryUsage of job (MB)
	35332  -  ResidentSetSize of job (KB)
...
040 (7944174.437.000) 07/08 18:15:46 Started transferring output files
...
040 (7944174.437.000) 07/08 18:15:46 Finished transferring output files
...
012 (7944174.437.000) 07/08 18:15:46 Job was held.
	Job held by ON_EXIT_HOLD due to exit code 1.
	Code 3 Subcode 0
...
