000 (7944174.438.000) 07/08 17:29:05 Job submitted from host: <188.185.16.120:9618?addrs=188.185.16.120-9618+[2001-1458-d00-65--100-39b]-9618&alias=bigbird27.cern.ch&noUDP&sock=schedd_4465_3274>
...
040 (7944174.438.000) 07/08 17:35:03 Started transferring input files
	Transferring to host: <188.185.211.200:9618?addrs=188.185.211.200-9618+[2001-1458-303-17--100-44]-9618&alias=b9p24p4462.cern.ch&noUDP&sock=slot1_6_8328_944c_38240>
...
040 (7944174.438.000) 07/08 17:35:03 Finished transferring input files
...
001 (7944174.438.000) 07/08 17:35:03 Job executing on host: <188.185.211.200:9618?addrs=188.185.211.200-9618+[2001-1458-303-17--100-44]-9618&alias=b9p24p4462.cern.ch&noUDP&sock=startd_7771_d68e>
	SlotName: slot1_6@b9p24p4462.cern.ch
	CondorScratchDir = "/pool/condor/dir_4023625"
	Cpus = 1
	Disk = 10003085
	GPUs = 0
	Memory = 3000
...
006 (7944174.438.000) 07/08 17:35:12 Image size of job updated: 46020
	45  -  MemoryUsage of job (MB)
	46020  -  ResidentSetSize of job (KB)
...
006 (7944174.438.000) 07/08 17:35:18 Image size of job updated: 46020
	46  -  MemoryUsage of job (MB)
	46384  -  ResidentSetSize of job (KB)
...
040 (7944174.438.000) 07/08 17:35:18 Started transferring output files
...
040 (7944174.438.000) 07/08 17:35:18 Finished transferring output files
...
012 (7944174.438.000) 07/08 17:35:18 Job was held.
	Job held by ON_EXIT_HOLD due to exit code 1.
	Code 3 Subcode 0
...
013 (7944174.438.000) 07/08 17:46:03 Job was released.
	The job attribute PeriodicRelease expression '(NumJobStarts < 3) && ((CurrentTime - EnteredCurrentStatus) > 10 * 60)' evaluated to TRUE
...
040 (7944174.438.000) 07/08 17:47:19 Started transferring input files
	Transferring to host: <188.185.195.21:9618?addrs=188.185.195.21-9618+[2001-1458-303-22--100-11]-9618&alias=b9p17p2773.cern.ch&noUDP&sock=slot1_33_4976_cac3_36804>
...
040 (7944174.438.000) 07/08 17:47:20 Finished transferring input files
...
001 (7944174.438.000) 07/08 17:47:20 Job executing on host: <188.185.195.21:9618?addrs=188.185.195.21-9618+[2001-1458-303-22--100-11]-9618&alias=b9p17p2773.cern.ch&noUDP&sock=startd_4036_f053>
	SlotName: slot1_33@b9p17p2773.cern.ch
	CondorScratchDir = "/pool/condor/dir_380894"
	Cpus = 1
	Disk = 10031744
	GPUs = 0
	Memory = 3000
...
006 (7944174.438.000) 07/08 17:47:28 Image size of job updated: 53772
	53  -  MemoryUsage of job (MB)
	53772  -  ResidentSetSize of job (KB)
...
006 (7944174.438.000) 07/08 17:47:39 Image size of job updated: 423908
	414  -  MemoryUsage of job (MB)
	423908  -  ResidentSetSize of job (KB)
...
040 (7944174.438.000) 07/08 17:47:39 Started transferring output files
...
040 (7944174.438.000) 07/08 17:47:39 Finished transferring output files
...
012 (7944174.438.000) 07/08 17:47:39 Job was held.
	Job held by ON_EXIT_HOLD due to exit code 1.
	Code 3 Subcode 0
...
013 (7944174.438.000) 07/08 17:58:13 Job was released.
	The job attribute PeriodicRelease expression '(NumJobStarts < 3) && ((CurrentTime - EnteredCurrentStatus) > 10 * 60)' evaluated to TRUE
...
040 (7944174.438.000) 07/08 18:08:44 Started transferring input files
	Transferring to host: <188.185.211.97:9618?addrs=188.185.211.97-9618+[2001-1458-303-16--100-5d]-9618&alias=b9p23p9262.cern.ch&noUDP&sock=slot1_16_8365_a62d_39571>
...
040 (7944174.438.000) 07/08 18:08:44 Finished transferring input files
...
001 (7944174.438.000) 07/08 18:08:44 Job executing on host: <188.185.211.97:9618?addrs=188.185.211.97-9618+[2001-1458-303-16--100-5d]-9618&alias=b9p23p9262.cern.ch&noUDP&sock=startd_8296_f1c7>
	SlotName: slot1_16@b9p23p9262.cern.ch
	CondorScratchDir = "/pool/condor/dir_652911"
	Cpus = 1
	Disk = 10031900
	GPUs = 0
	Memory = 3000
...
040 (7944174.438.000) 07/08 18:09:13 Started transferring output files
...
040 (7944174.438.000) 07/08 18:09:13 Finished transferring output files
...
012 (7944174.438.000) 07/08 18:09:13 Job was held.
	Job held by ON_EXIT_HOLD due to exit code 1.
	Code 3 Subcode 0
...
