000 (7944174.439.000) 07/08 17:29:05 Job submitted from host: <188.185.16.120:9618?addrs=188.185.16.120-9618+[2001-1458-d00-65--100-39b]-9618&alias=bigbird27.cern.ch&noUDP&sock=schedd_4465_3274>
...
040 (7944174.439.000) 07/08 17:35:14 Started transferring input files
	Transferring to host: <188.185.194.184:9618?addrs=188.185.194.184-9618+[2001-1458-303-21--100-b4]-9618&alias=b9p20p7797.cern.ch&noUDP&sock=slot1_5_11418_c389_24077>
...
040 (7944174.439.000) 07/08 17:35:15 Finished transferring input files
...
001 (7944174.439.000) 07/08 17:35:15 Job executing on host: <188.185.194.184:9618?addrs=188.185.194.184-9618+[2001-1458-303-21--100-b4]-9618&alias=b9p20p7797.cern.ch&noUDP&sock=startd_9968_cc20>
	SlotName: slot1_5@b9p20p7797.cern.ch
	CondorScratchDir = "/pool/condor/dir_3253580"
	Cpus = 1
	Disk = 10007685
	GPUs = 0
	Memory = 3000
...
006 (7944174.439.000) 07/08 17:35:28 Image size of job updated: 96356
	95  -  MemoryUsage of job (MB)
	96356  -  ResidentSetSize of job (KB)
...
006 (7944174.439.000) 07/08 17:35:34 Image size of job updated: 166908
	95  -  MemoryUsage of job (MB)
	96844  -  ResidentSetSize of job (KB)
...
040 (7944174.439.000) 07/08 17:35:34 Started transferring output files
...
040 (7944174.439.000) 07/08 17:35:34 Finished transferring output files
...
012 (7944174.439.000) 07/08 17:35:34 Job was held.
	Job held by ON_EXIT_HOLD due to exit code 1.
	Code 3 Subcode 0
...
013 (7944174.439.000) 07/08 17:46:03 Job was released.
	The job attribute PeriodicRelease expression '(NumJobStarts < 3) && ((CurrentTime - EnteredCurrentStatus) > 10 * 60)' evaluated to TRUE
...
040 (7944174.439.000) 07/08 17:47:21 Started transferring input files
	Transferring to host: <188.185.196.123:9618?addrs=188.185.196.123-9618+[2001-1458-303-23--100-77]-9618&alias=b9p16p2769.cern.ch&noUDP&sock=slot1_5_8655_faf9_35785>
...
040 (7944174.439.000) 07/08 17:47:21 Finished transferring input files
...
001 (7944174.439.000) 07/08 17:47:21 Job executing on host: <188.185.196.123:9618?addrs=188.185.196.123-9618+[2001-1458-303-23--100-77]-9618&alias=b9p16p2769.cern.ch&noUDP&sock=startd_8186_7e5c>
	SlotName: slot1_5@b9p16p2769.cern.ch
	CondorScratchDir = "/pool/condor/dir_1078780"
	Cpus = 1
	Disk = 10002959
	GPUs = 0
	Memory = 3000
...
006 (7944174.439.000) 07/08 17:48:12 Image size of job updated: 424912
	415  -  MemoryUsage of job (MB)
	424912  -  ResidentSetSize of job (KB)
...
040 (7944174.439.000) 07/08 17:48:12 Started transferring output files
...
040 (7944174.439.000) 07/08 17:48:12 Finished transferring output files
...
012 (7944174.439.000) 07/08 17:48:12 Job was held.
	Job held by ON_EXIT_HOLD due to exit code 1.
	Code 3 Subcode 0
...
013 (7944174.439.000) 07/08 17:58:13 Job was released.
	The job attribute PeriodicRelease expression '(NumJobStarts < 3) && ((CurrentTime - EnteredCurrentStatus) > 10 * 60)' evaluated to TRUE
...
040 (7944174.439.000) 07/08 18:20:00 Started transferring input files
	Transferring to host: <188.185.210.104:9618?addrs=188.185.210.104-9618+[2001-1458-303-1--100-64]-9618&alias=b9p21p5559.cern.ch&noUDP&sock=slot1_9_1402425_081e_26128>
...
040 (7944174.439.000) 07/08 18:20:01 Finished transferring input files
...
001 (7944174.439.000) 07/08 18:20:01 Job executing on host: <188.185.210.104:9618?addrs=188.185.210.104-9618+[2001-1458-303-1--100-64]-9618&alias=b9p21p5559.cern.ch&noUDP&sock=startd_1402370_c11c>
	SlotName: slot1_9@b9p21p5559.cern.ch
	CondorScratchDir = "/pool/condor/dir_3585085"
	Cpus = 1
	Disk = 10017017
	GPUs = 0
	Memory = 3000
...
040 (7944174.439.000) 07/08 18:20:13 Started transferring output files
...
040 (7944174.439.000) 07/08 18:20:13 Finished transferring output files
...
012 (7944174.439.000) 07/08 18:20:13 Job was held.
	Job held by ON_EXIT_HOLD due to exit code 1.
	Code 3 Subcode 0
...
