000 (7944174.044.000) 07/08 17:29:04 Job submitted from host: <188.185.16.120:9618?addrs=188.185.16.120-9618+[2001-1458-d00-65--100-39b]-9618&alias=bigbird27.cern.ch&noUDP&sock=schedd_4465_3274>
...
040 (7944174.044.000) 07/08 17:31:25 Started transferring input files
	Transferring to host: <188.185.194.89:9618?addrs=188.185.194.89-9618+[2001-1458-303-21--100-55]-9618&alias=b9p20p9686.cern.ch&noUDP&sock=slot1_21_4328_37a9_23470>
...
040 (7944174.044.000) 07/08 17:31:26 Finished transferring input files
...
001 (7944174.044.000) 07/08 17:31:26 Job executing on host: <188.185.194.89:9618?addrs=188.185.194.89-9618+[2001-1458-303-21--100-55]-9618&alias=b9p20p9686.cern.ch&noUDP&sock=startd_3737_d982>
	SlotName: slot1_21@b9p20p9686.cern.ch
	CondorScratchDir = "/pool/condor/dir_71692"
	Cpus = 1
	Disk = 10003225
	GPUs = 0
	Memory = 3000
...
006 (7944174.044.000) 07/08 17:31:40 Image size of job updated: 33460
	33  -  MemoryUsage of job (MB)
	33460  -  ResidentSetSize of job (KB)
...
006 (7944174.044.000) 07/08 17:32:43 Image size of job updated: 208268
	34  -  MemoryUsage of job (MB)
	34232  -  ResidentSetSize of job (KB)
...
040 (7944174.044.000) 07/08 17:32:43 Started transferring output files
...
040 (7944174.044.000) 07/08 17:32:43 Finished transferring output files
...
012 (7944174.044.000) 07/08 17:32:45 Job was held.
	Job held by ON_EXIT_HOLD due to exit code 1.
	Code 3 Subcode 0
...
013 (7944174.044.000) 07/08 17:43:32 Job was released.
	The job attribute PeriodicRelease expression '(NumJobStarts < 3) && ((CurrentTime - EnteredCurrentStatus) > 10 * 60)' evaluated to TRUE
...
040 (7944174.044.000) 07/08 17:44:08 Started transferring input files
	Transferring to host: <188.185.196.48:9618?addrs=188.185.196.48-9618+[2001-1458-303-23--100-2c]-9618&alias=b9p16p7526.cern.ch&noUDP&sock=slot1_9_7243_1940_39730>
...
040 (7944174.044.000) 07/08 17:44:09 Finished transferring input files
...
001 (7944174.044.000) 07/08 17:44:09 Job executing on host: <188.185.196.48:9618?addrs=188.185.196.48-9618+[2001-1458-303-23--100-2c]-9618&alias=b9p16p7526.cern.ch&noUDP&sock=startd_6784_d694>
	SlotName: slot1_9@b9p16p7526.cern.ch
	CondorScratchDir = "/pool/condor/dir_2385645"
	Cpus = 1
	Disk = 10001773
	GPUs = 0
	Memory = 3000
...
040 (7944174.044.000) 07/08 17:44:32 Started transferring output files
...
040 (7944174.044.000) 07/08 17:44:32 Finished transferring output files
...
012 (7944174.044.000) 07/08 17:44:32 Job was held.
	Job held by ON_EXIT_HOLD due to exit code 1.
	Code 3 Subcode 0
...
013 (7944174.044.000) 07/08 17:55:47 Job was released.
	The job attribute PeriodicRelease expression '(NumJobStarts < 3) && ((CurrentTime - EnteredCurrentStatus) > 10 * 60)' evaluated to TRUE
...
040 (7944174.044.000) 07/08 18:01:05 Started transferring input files
	Transferring to host: <188.185.192.22:9618?addrs=188.185.192.22-9618+[2001-1458-303-1f--100-12]-9618&alias=b9p13p8436.cern.ch&noUDP&sock=slot1_6_8812_99df_41482>
...
040 (7944174.044.000) 07/08 18:01:05 Finished transferring input files
...
001 (7944174.044.000) 07/08 18:01:05 Job executing on host: <188.185.192.22:9618?addrs=188.185.192.22-9618+[2001-1458-303-1f--100-12]-9618&alias=b9p13p8436.cern.ch&noUDP&sock=startd_8764_f419>
	SlotName: slot1_6@b9p13p8436.cern.ch
	CondorScratchDir = "/pool/condor/dir_2650363"
	Cpus = 1
	Disk = 11546294
	Memory = 3000
...
006 (7944174.044.000) 07/08 18:01:14 Image size of job updated: 291676
	285  -  MemoryUsage of job (MB)
	291676  -  ResidentSetSize of job (KB)
...
006 (7944174.044.000) 07/08 18:01:20 Image size of job updated: 410284
	287  -  MemoryUsage of job (MB)
	293468  -  ResidentSetSize of job (KB)
...
040 (7944174.044.000) 07/08 18:01:20 Started transferring output files
...
040 (7944174.044.000) 07/08 18:01:20 Finished transferring output files
...
012 (7944174.044.000) 07/08 18:01:21 Job was held.
	Job held by ON_EXIT_HOLD due to exit code 1.
	Code 3 Subcode 0
...
