000 (7944174.440.000) 07/08 17:29:05 Job submitted from host: <188.185.16.120:9618?addrs=188.185.16.120-9618+[2001-1458-d00-65--100-39b]-9618&alias=bigbird27.cern.ch&noUDP&sock=schedd_4465_3274>
...
040 (7944174.440.000) 07/08 17:33:34 Started transferring input files
	Transferring to host: <128.142.192.168:9618?addrs=128.142.192.168-9618+[2001-1458-301-56--100-24]-9618&alias=b9g18p7138.cern.ch&noUDP&sock=slot1_35_2677712_1751_76190>
...
040 (7944174.440.000) 07/08 17:33:35 Finished transferring input files
...
001 (7944174.440.000) 07/08 17:33:35 Job executing on host: <128.142.192.168:9618?addrs=128.142.192.168-9618+[2001-1458-301-56--100-24]-9618&alias=b9g18p7138.cern.ch&noUDP&sock=startd_5620_6e57>
	SlotName: slot1_35@b9g18p7138.cern.ch
	CondorScratchDir = "/pool/condor/dir_524127"
	Cpus = 1
	Disk = 10001498
	GPUs = 0
	Memory = 3000
...
006 (7944174.440.000) 07/08 17:33:49 Image size of job updated: 26972
	26  -  MemoryUsage of job (MB)
	26472  -  ResidentSetSize of job (KB)
...
006 (7944174.440.000) 07/08 17:34:15 Image size of job updated: 195632
	27  -  MemoryUsage of job (MB)
	26724  -  ResidentSetSize of job (KB)
...
040 (7944174.440.000) 07/08 17:34:15 Started transferring output files
...
040 (7944174.440.000) 07/08 17:34:15 Finished transferring output files
...
012 (7944174.440.000) 07/08 17:34:15 Job was held.
	Job held by ON_EXIT_HOLD due to exit code 1.
	Code 3 Subcode 0
...
013 (7944174.440.000) 07/08 17:46:03 Job was released.
	The job attribute PeriodicRelease expression '(NumJobStarts < 3) && ((CurrentTime - EnteredCurrentStatus) > 10 * 60)' evaluated to TRUE
...
040 (7944174.440.000) 07/08 17:47:21 Started transferring input files
	Transferring to host: <188.185.192.179:9618?addrs=188.185.192.179-9618+[2001-1458-303-1f--100-af]-9618&alias=b9p13p4937.cern.ch&noUDP&sock=slot1_28_825574_515d_23539>
...
040 (7944174.440.000) 07/08 17:47:21 Finished transferring input files
...
001 (7944174.440.000) 07/08 17:47:21 Job executing on host: <188.185.192.179:9618?addrs=188.185.192.179-9618+[2001-1458-303-1f--100-af]-9618&alias=b9p13p4937.cern.ch&noUDP&sock=startd_825513_d54f>
	SlotName: slot1_28@b9p13p4937.cern.ch
	CondorScratchDir = "/pool/condor/dir_2756536"
	Cpus = 1
	Disk = 10004319
	GPUs = 0
	Memory = 3000
...
006 (7944174.440.000) 07/08 17:47:30 Image size of job updated: 200000
	53  -  MemoryUsage of job (MB)
	54256  -  ResidentSetSize of job (KB)
...
006 (7944174.440.000) 07/08 17:47:48 Image size of job updated: 426692
	417  -  MemoryUsage of job (MB)
	426692  -  ResidentSetSize of job (KB)
...
040 (7944174.440.000) 07/08 17:47:48 Started transferring output files
...
040 (7944174.440.000) 07/08 17:47:48 Finished transferring output files
...
012 (7944174.440.000) 07/08 17:47:48 Job was held.
	Job held by ON_EXIT_HOLD due to exit code 1.
	Code 3 Subcode 0
...
013 (7944174.440.000) 07/08 17:58:13 Job was released.
	The job attribute PeriodicRelease expression '(NumJobStarts < 3) && ((CurrentTime - EnteredCurrentStatus) > 10 * 60)' evaluated to TRUE
...
040 (7944174.440.000) 07/08 18:20:01 Started transferring input files
	Transferring to host: <188.185.214.82:9618?addrs=188.185.214.82-9618+[2001-1458-303-1c--100-4e]-9618&alias=b9p29p5269.cern.ch&noUDP&sock=slot1_3_3192365_aff2_26162>
...
040 (7944174.440.000) 07/08 18:20:01 Finished transferring input files
...
001 (7944174.440.000) 07/08 18:20:02 Job executing on host: <188.185.214.82:9618?addrs=188.185.214.82-9618+[2001-1458-303-1c--100-4e]-9618&alias=b9p29p5269.cern.ch&noUDP&sock=startd_3192239_036f>
	SlotName: slot1_3@b9p29p5269.cern.ch
	CondorScratchDir = "/pool/condor/dir_3598083"
	Cpus = 1
	Disk = 10126719
	GPUs = 0
	Memory = 3000
...
040 (7944174.440.000) 07/08 18:20:15 Started transferring output files
...
040 (7944174.440.000) 07/08 18:20:15 Finished transferring output files
...
012 (7944174.440.000) 07/08 18:20:15 Job was held.
	Job held by ON_EXIT_HOLD due to exit code 1.
	Code 3 Subcode 0
...
