000 (7944174.441.000) 07/08 17:29:05 Job submitted from host: <188.185.16.120:9618?addrs=188.185.16.120-9618+[2001-1458-d00-65--100-39b]-9618&alias=bigbird27.cern.ch&noUDP&sock=schedd_4465_3274>
...
040 (7944174.441.000) 07/08 17:33:36 Started transferring input files
	Transferring to host: <188.185.196.14:9618?addrs=188.185.196.14-9618+[2001-1458-303-23--100-a]-9618&alias=b9p16p9211.cern.ch&noUDP&sock=slot1_20_8802_8e1f_39800>
...
040 (7944174.441.000) 07/08 17:33:37 Finished transferring input files
...
001 (7944174.441.000) 07/08 17:33:37 Job executing on host: <188.185.196.14:9618?addrs=188.185.196.14-9618+[2001-1458-303-23--100-a]-9618&alias=b9p16p9211.cern.ch&noUDP&sock=startd_8740_7dd3>
	SlotName: slot1_20@b9p16p9211.cern.ch
	CondorScratchDir = "/pool/condor/dir_1677542"
	Cpus = 1
	Disk = 10028671
	GPUs = 0
	Memory = 3000
...
006 (7944174.441.000) 07/08 17:33:50 Image size of job updated: 30704
	30  -  MemoryUsage of job (MB)
	30704  -  ResidentSetSize of job (KB)
...
006 (7944174.441.000) 07/08 17:34:10 Image size of job updated: 202068
	31  -  MemoryUsage of job (MB)
	31712  -  ResidentSetSize of job (KB)
...
040 (7944174.441.000) 07/08 17:34:10 Started transferring output files
...
040 (7944174.441.000) 07/08 17:34:10 Finished transferring output files
...
012 (7944174.441.000) 07/08 17:34:10 Job was held.
	Job held by ON_EXIT_HOLD due to exit code 1.
	Code 3 Subcode 0
...
013 (7944174.441.000) 07/08 17:46:03 Job was released.
	The job attribute PeriodicRelease expression '(NumJobStarts < 3) && ((CurrentTime - EnteredCurrentStatus) > 10 * 60)' evaluated to TRUE
...
040 (7944174.441.000) 07/08 17:47:44 Started transferring input files
	Transferring to host: <188.185.192.166:9618?addrs=188.185.192.166-9618+[2001-1458-303-1f--100-a2]-9618&alias=b9p13p0601.cern.ch&noUDP&sock=slot1_16_2189051_35d2_23493>
...
040 (7944174.441.000) 07/08 17:47:44 Finished transferring input files
...
001 (7944174.441.000) 07/08 17:47:44 Job executing on host: <188.185.192.166:9618?addrs=188.185.192.166-9618+[2001-1458-303-1f--100-a2]-9618&alias=b9p13p0601.cern.ch&noUDP&sock=startd_2188983_d83c>
	SlotName: slot1_16@b9p13p0601.cern.ch
	CondorScratchDir = "/pool/condor/dir_287914"
	Cpus = 1
	Disk = 10002907
	GPUs = 0
	Memory = 3000
...
006 (7944174.441.000) 07/08 17:47:53 Image size of job updated: 225000
	61  -  MemoryUsage of job (MB)
	61804  -  ResidentSetSize of job (KB)
...
006 (7944174.441.000) 07/08 17:48:17 Image size of job updated: 408272
	399  -  MemoryUsage of job (MB)
	408272  -  ResidentSetSize of job (KB)
...
040 (7944174.441.000) 07/08 17:48:17 Started transferring output files
...
040 (7944174.441.000) 07/08 17:48:17 Finished transferring output files
...
012 (7944174.441.000) 07/08 17:48:17 Job was held.
	Job held by ON_EXIT_HOLD due to exit code 1.
	Code 3 Subcode 0
...
013 (7944174.441.000) 07/08 18:01:00 Job was released.
	The job attribute PeriodicRelease expression '(NumJobStarts < 3) && ((CurrentTime - EnteredCurrentStatus) > 10 * 60)' evaluated to TRUE
...
040 (7944174.441.000) 07/08 18:08:21 Started transferring input files
	Transferring to host: <188.185.215.12:9618?addrs=188.185.215.12-9618+[2001-1458-303-1e--100-8]-9618&alias=b9p31p4720.cern.ch&noUDP&sock=slot1_3_8300_d9cb_39134>
...
040 (7944174.441.000) 07/08 18:08:22 Finished transferring input files
...
001 (7944174.441.000) 07/08 18:08:22 Job executing on host: <188.185.215.12:9618?addrs=188.185.215.12-9618+[2001-1458-303-1e--100-8]-9618&alias=b9p31p4720.cern.ch&noUDP&sock=startd_7762_aa34>
	SlotName: slot1_3@b9p31p4720.cern.ch
	CondorScratchDir = "/pool/condor/dir_4040468"
	Cpus = 1
	Disk = 10001410
	GPUs = 0
	Memory = 3000
...
040 (7944174.441.000) 07/08 18:09:27 Started transferring output files
...
040 (7944174.441.000) 07/08 18:09:27 Finished transferring output files
...
012 (7944174.441.000) 07/08 18:09:27 Job was held.
	Job held by ON_EXIT_HOLD due to exit code 1.
	Code 3 Subcode 0
...
