000 (7944174.443.000) 07/08 17:29:05 Job submitted from host: <188.185.16.120:9618?addrs=188.185.16.120-9618+[2001-1458-d00-65--100-39b]-9618&alias=bigbird27.cern.ch&noUDP&sock=schedd_4465_3274>
...
040 (7944174.443.000) 07/08 17:34:33 Started transferring input files
	Transferring to host: <188.185.210.232:9618?addrs=188.185.210.232-9618+[2001-1458-303-15--100-64]-9618&alias=b9p22p3068.cern.ch&noUDP&sock=slot1_18_6474_44c0_48707>
...
040 (7944174.443.000) 07/08 17:34:34 Finished transferring input files
...
001 (7944174.443.000) 07/08 17:34:34 Job executing on host: <188.185.210.232:9618?addrs=188.185.210.232-9618+[2001-1458-303-15--100-64]-9618&alias=b9p22p3068.cern.ch&noUDP&sock=startd_6098_4c9c>
	SlotName: slot1_18@b9p22p3068.cern.ch
	CondorScratchDir = "/pool/condor/dir_450799"
	Cpus = 1
	Disk = 10002547
	GPUs = 0
	Memory = 3000
...
006 (7944174.443.000) 07/08 17:34:43 Image size of job updated: 39984
	40  -  MemoryUsage of job (MB)
	39984  -  ResidentSetSize of job (KB)
...
040 (7944174.443.000) 07/08 17:34:54 Started transferring output files
...
040 (7944174.443.000) 07/08 17:34:54 Finished transferring output files
...
012 (7944174.443.000) 07/08 17:34:54 Job was held.
	Job held by ON_EXIT_HOLD due to exit code 1.
	Code 3 Subcode 0
...
013 (7944174.443.000) 07/08 17:46:03 Job was released.
	The job attribute PeriodicRelease expression '(NumJobStarts < 3) && ((CurrentTime - EnteredCurrentStatus) > 10 * 60)' evaluated to TRUE
...
040 (7944174.443.000) 07/08 17:47:21 Started transferring input files
	Transferring to host: <188.185.192.59:9618?addrs=188.185.192.59-9618+[2001-1458-303-1f--100-37]-9618&alias=b9p13p2862.cern.ch&noUDP&sock=slot1_7_8738_761c_40296>
...
040 (7944174.443.000) 07/08 17:47:22 Finished transferring input files
...
001 (7944174.443.000) 07/08 17:47:22 Job executing on host: <188.185.192.59:9618?addrs=188.185.192.59-9618+[2001-1458-303-1f--100-37]-9618&alias=b9p13p2862.cern.ch&noUDP&sock=startd_8257_3195>
	SlotName: slot1_7@b9p13p2862.cern.ch
	CondorScratchDir = "/pool/condor/dir_1456471"
	Cpus = 1
	Disk = 10004877
	GPUs = 0
	Memory = 3000
...
006 (7944174.443.000) 07/08 17:47:58 Image size of job updated: 204684
	40  -  MemoryUsage of job (MB)
	40000  -  ResidentSetSize of job (KB)
...
040 (7944174.443.000) 07/08 17:47:58 Started transferring output files
...
040 (7944174.443.000) 07/08 17:47:58 Finished transferring output files
...
012 (7944174.443.000) 07/08 17:47:58 Job was held.
	Job held by ON_EXIT_HOLD due to exit code 1.
	Code 3 Subcode 0
...
013 (7944174.443.000) 07/08 17:58:13 Job was released.
	The job attribute PeriodicRelease expression '(NumJobStarts < 3) && ((CurrentTime - EnteredCurrentStatus) > 10 * 60)' evaluated to TRUE
...
040 (7944174.443.000) 07/08 18:08:21 Started transferring input files
	Transferring to host: <188.185.193.28:9618?addrs=188.185.193.28-9618+[2001-1458-303-20--100-18]-9618&alias=b9p19p3929.cern.ch&noUDP&sock=slot1_20_2833059_1b1e_19428>
...
040 (7944174.443.000) 07/08 18:08:21 Finished transferring input files
...
001 (7944174.443.000) 07/08 18:08:21 Job executing on host: <188.185.193.28:9618?addrs=188.185.193.28-9618+[2001-1458-303-20--100-18]-9618&alias=b9p19p3929.cern.ch&noUDP&sock=startd_2832996_322b>
	SlotName: slot1_20@b9p19p3929.cern.ch
	CondorScratchDir = "/pool/condor/dir_3502356"
	Cpus = 1
	Disk = 10054993
	GPUs = 0
	Memory = 3000
...
040 (7944174.443.000) 07/08 18:08:41 Started transferring output files
...
040 (7944174.443.000) 07/08 18:08:41 Finished transferring output files
...
012 (7944174.443.000) 07/08 18:08:41 Job was held.
	Job held by ON_EXIT_HOLD due to exit code 1.
	Code 3 Subcode 0
...
