000 (7944174.445.000) 07/08 17:29:05 Job submitted from host: <188.185.16.120:9618?addrs=188.185.16.120-9618+[2001-1458-d00-65--100-39b]-9618&alias=bigbird27.cern.ch&noUDP&sock=schedd_4465_3274>
...
040 (7944174.445.000) 07/08 17:33:36 Started transferring input files
	Transferring to host: <128.142.132.27:9618?addrs=128.142.132.27-9618+[2001-1458-301-5a--100-f]-9618&alias=b9g12p7126.cern.ch&noUDP&sock=slot1_9_2776_b16a_214226>
...
040 (7944174.445.000) 07/08 17:33:37 Finished transferring input files
...
001 (7944174.445.000) 07/08 17:33:37 Job executing on host: <128.142.132.27:9618?addrs=128.142.132.27-9618+[2001-1458-301-5a--100-f]-9618&alias=b9g12p7126.cern.ch&noUDP&sock=startd_2412_0285>
	SlotName: slot1_9@b9g12p7126.cern.ch
	CondorScratchDir = "/pool/condor/dir_3170625"
	Cpus = 1
	Disk = 10000844
	GPUs = 0
	Memory = 3000
...
006 (7944174.445.000) 07/08 17:33:46 Image size of job updated: 45784
	45  -  MemoryUsage of job (MB)
	45784  -  ResidentSetSize of job (KB)
...
006 (7944174.445.000) 07/08 17:34:10 Image size of job updated: 425288
	416  -  MemoryUsage of job (MB)
	425288  -  ResidentSetSize of job (KB)
...
040 (7944174.445.000) 07/08 17:34:10 Started transferring output files
...
040 (7944174.445.000) 07/08 17:34:10 Finished transferring output files
...
012 (7944174.445.000) 07/08 17:34:10 Job was held.
	Job held by ON_EXIT_HOLD due to exit code 1.
	Code 3 Subcode 0
...
013 (7944174.445.000) 07/08 17:46:03 Job was released.
	The job attribute PeriodicRelease expression '(NumJobStarts < 3) && ((CurrentTime - EnteredCurrentStatus) > 10 * 60)' evaluated to TRUE
...
040 (7944174.445.000) 07/08 17:47:49 Started transferring input files
	Transferring to host: <188.185.198.74:9618?addrs=188.185.198.74-9618+[2001-1458-303-25--100-46]-9618&alias=b9p15p6018.cern.ch&noUDP&sock=slot1_44_3109_5258_34536>
...
040 (7944174.445.000) 07/08 17:47:49 Finished transferring input files
...
001 (7944174.445.000) 07/08 17:47:49 Job executing on host: <188.185.198.74:9618?addrs=188.185.198.74-9618+[2001-1458-303-25--100-46]-9618&alias=b9p15p6018.cern.ch&noUDP&sock=startd_2649_9277>
	SlotName: slot1_44@b9p15p6018.cern.ch
	CondorScratchDir = "/pool/condor/dir_818546"
	Cpus = 1
	Disk = 10002361
	GPUs = 0
	Memory = 3000
...
040 (7944174.445.000) 07/08 17:48:02 Started transferring output files
...
040 (7944174.445.000) 07/08 17:48:02 Finished transferring output files
...
012 (7944174.445.000) 07/08 17:48:02 Job was held.
	Job held by ON_EXIT_HOLD due to exit code 1.
	Code 3 Subcode 0
...
013 (7944174.445.000) 07/08 17:58:13 Job was released.
	The job attribute PeriodicRelease expression '(NumJobStarts < 3) && ((CurrentTime - EnteredCurrentStatus) > 10 * 60)' evaluated to TRUE
...
040 (7944174.445.000) 07/08 18:15:28 Started transferring input files
	Transferring to host: <188.185.192.111:9618?addrs=188.185.192.111-9618+[2001-1458-303-1f--100-6b]-9618&alias=b9p13p6936.cern.ch&noUDP&sock=slot1_8_8831_fd00_41455>
...
040 (7944174.445.000) 07/08 18:15:28 Finished transferring input files
...
001 (7944174.445.000) 07/08 18:15:28 Job executing on host: <188.185.192.111:9618?addrs=188.185.192.111-9618+[2001-1458-303-1f--100-6b]-9618&alias=b9p13p6936.cern.ch&noUDP&sock=startd_8782_4cce>
	SlotName: slot1_8@b9p13p6936.cern.ch
	CondorScratchDir = "/pool/condor/dir_3693618"
	Cpus = 1
	Disk = 10032965
	GPUs = 0
	Memory = 3000
...
040 (7944174.445.000) 07/08 18:15:43 Started transferring output files
...
040 (7944174.445.000) 07/08 18:15:43 Finished transferring output files
...
012 (7944174.445.000) 07/08 18:15:43 Job was held.
	Job held by ON_EXIT_HOLD due to exit code 1.
	Code 3 Subcode 0
...
