000 (7944174.447.000) 07/08 17:29:05 Job submitted from host: <188.185.16.120:9618?addrs=188.185.16.120-9618+[2001-1458-d00-65--100-39b]-9618&alias=bigbird27.cern.ch&noUDP&sock=schedd_4465_3274>
...
040 (7944174.447.000) 07/08 17:34:33 Started transferring input files
	Transferring to host: <188.185.214.53:9618?addrs=188.185.214.53-9618+[2001-1458-303-1c--100-31]-9618&alias=b9p29p4388.cern.ch&noUDP&sock=slot1_14_7664_bb31_50283>
...
040 (7944174.447.000) 07/08 17:34:34 Finished transferring input files
...
001 (7944174.447.000) 07/08 17:34:34 Job executing on host: <188.185.214.53:9618?addrs=188.185.214.53-9618+[2001-1458-303-1c--100-31]-9618&alias=b9p29p4388.cern.ch&noUDP&sock=startd_6527_8ebd>
	SlotName: slot1_14@b9p29p4388.cern.ch
	CondorScratchDir = "/pool/condor/dir_764322"
	Cpus = 1
	Disk = 10016411
	GPUs = 0
	Memory = 3000
...
006 (7944174.447.000) 07/08 17:34:49 Image size of job updated: 25000
	21  -  MemoryUsage of job (MB)
	21304  -  ResidentSetSize of job (KB)
...
006 (7944174.447.000) 07/08 17:34:57 Image size of job updated: 192984
	21  -  MemoryUsage of job (MB)
	21400  -  ResidentSetSize of job (KB)
...
040 (7944174.447.000) 07/08 17:34:57 Started transferring output files
...
040 (7944174.447.000) 07/08 17:34:57 Finished transferring output files
...
012 (7944174.447.000) 07/08 17:34:57 Job was held.
	Job held by ON_EXIT_HOLD due to exit code 1.
	Code 3 Subcode 0
...
013 (7944174.447.000) 07/08 17:46:03 Job was released.
	The job attribute PeriodicRelease expression '(NumJobStarts < 3) && ((CurrentTime - EnteredCurrentStatus) > 10 * 60)' evaluated to TRUE
...
040 (7944174.447.000) 07/08 17:47:22 Started transferring input files
	Transferring to host: <188.185.193.97:9618?addrs=188.185.193.97-9618+[2001-1458-303-20--100-5d]-9618&alias=b9p19p9988.cern.ch&noUDP&sock=slot1_33_6116_0672_22907>
...
040 (7944174.447.000) 07/08 17:47:22 Finished transferring input files
...
001 (7944174.447.000) 07/08 17:47:22 Job executing on host: <188.185.193.97:9618?addrs=188.185.193.97-9618+[2001-1458-303-20--100-5d]-9618&alias=b9p19p9988.cern.ch&noUDP&sock=startd_6071_c78e>
	SlotName: slot1_33@b9p19p9988.cern.ch
	CondorScratchDir = "/pool/condor/dir_774995"
	Cpus = 1
	Disk = 10001267
	GPUs = 0
	Memory = 3000
...
006 (7944174.447.000) 07/08 17:47:36 Image size of job updated: 200000
	23  -  MemoryUsage of job (MB)
	22896  -  ResidentSetSize of job (KB)
...
006 (7944174.447.000) 07/08 17:47:44 Image size of job updated: 205260
	23  -  MemoryUsage of job (MB)
	22896  -  ResidentSetSize of job (KB)
...
040 (7944174.447.000) 07/08 17:47:44 Started transferring output files
...
040 (7944174.447.000) 07/08 17:47:44 Finished transferring output files
...
012 (7944174.447.000) 07/08 17:47:44 Job was held.
	Job held by ON_EXIT_HOLD due to exit code 1.
	Code 3 Subcode 0
...
013 (7944174.447.000) 07/08 17:58:13 Job was released.
	The job attribute PeriodicRelease expression '(NumJobStarts < 3) && ((CurrentTime - EnteredCurrentStatus) > 10 * 60)' evaluated to TRUE
...
040 (7944174.447.000) 07/08 18:20:02 Started transferring input files
	Transferring to host: <188.185.213.196:9618?addrs=188.185.213.196-9618+[2001-1458-303-1b--100-40]-9618&alias=b9p28p7375.cern.ch&noUDP&sock=slot1_20_300951_f467_26452>
...
040 (7944174.447.000) 07/08 18:20:03 Finished transferring input files
...
001 (7944174.447.000) 07/08 18:20:03 Job executing on host: <188.185.213.196:9618?addrs=188.185.213.196-9618+[2001-1458-303-1b--100-40]-9618&alias=b9p28p7375.cern.ch&noUDP&sock=startd_300886_590c>
	SlotName: slot1_20@b9p28p7375.cern.ch
	CondorScratchDir = "/pool/condor/dir_3543633"
	Cpus = 1
	Disk = 10001368
	GPUs = 0
	Memory = 3000
...
006 (7944174.447.000) 07/08 18:20:11 Image size of job updated: 225000
	156  -  MemoryUsage of job (MB)
	158800  -  ResidentSetSize of job (KB)
...
006 (7944174.447.000) 07/08 18:20:15 Image size of job updated: 225000
	157  -  MemoryUsage of job (MB)
	159824  -  ResidentSetSize of job (KB)
...
040 (7944174.447.000) 07/08 18:20:15 Started transferring output files
...
040 (7944174.447.000) 07/08 18:20:15 Finished transferring output files
...
012 (7944174.447.000) 07/08 18:20:15 Job was held.
	Job held by ON_EXIT_HOLD due to exit code 1.
	Code 3 Subcode 0
...
