000 (7944174.448.000) 07/08 17:29:05 Job submitted from host: <188.185.16.120:9618?addrs=188.185.16.120-9618+[2001-1458-d00-65--100-39b]-9618&alias=bigbird27.cern.ch&noUDP&sock=schedd_4465_3274>
...
040 (7944174.448.000) 07/08 17:34:34 Started transferring input files
	Transferring to host: <188.185.193.53:9618?addrs=188.185.193.53-9618+[2001-1458-303-20--100-31]-9618&alias=b9p19p5077.cern.ch&noUDP&sock=slot1_28_3237950_718f_20682>
...
040 (7944174.448.000) 07/08 17:34:35 Finished transferring input files
...
001 (7944174.448.000) 07/08 17:34:35 Job executing on host: <188.185.193.53:9618?addrs=188.185.193.53-9618+[2001-1458-303-20--100-31]-9618&alias=b9p19p5077.cern.ch&noUDP&sock=startd_3237873_2449>
	SlotName: slot1_28@b9p19p5077.cern.ch
	CondorScratchDir = "/pool/condor/dir_285611"
	Cpus = 1
	Disk = 10006838
	GPUs = 0
	Memory = 3000
...
006 (7944174.448.000) 07/08 17:34:49 Image size of job updated: 24096
	24  -  MemoryUsage of job (MB)
	24096  -  ResidentSetSize of job (KB)
...
006 (7944174.448.000) 07/08 17:34:59 Image size of job updated: 189340
	24  -  MemoryUsage of job (MB)
	24528  -  ResidentSetSize of job (KB)
...
040 (7944174.448.000) 07/08 17:34:59 Started transferring output files
...
040 (7944174.448.000) 07/08 17:34:59 Finished transferring output files
...
012 (7944174.448.000) 07/08 17:34:59 Job was held.
	Job held by ON_EXIT_HOLD due to exit code 1.
	Code 3 Subcode 0
...
013 (7944174.448.000) 07/08 17:46:03 Job was released.
	The job attribute PeriodicRelease expression '(NumJobStarts < 3) && ((CurrentTime - EnteredCurrentStatus) > 10 * 60)' evaluated to TRUE
...
040 (7944174.448.000) 07/08 17:47:23 Started transferring input files
	Transferring to host: <188.185.194.167:9618?addrs=188.185.194.167-9618+[2001-1458-303-21--100-a3]-9618&alias=b9p20p3976.cern.ch&noUDP&sock=slot1_20_3785_9ff3_15140>
...
040 (7944174.448.000) 07/08 17:47:23 Finished transferring input files
...
001 (7944174.448.000) 07/08 17:47:23 Job executing on host: <188.185.194.167:9618?addrs=188.185.194.167-9618+[2001-1458-303-21--100-a3]-9618&alias=b9p20p3976.cern.ch&noUDP&sock=startd_3332_0da7>
	SlotName: slot1_20@b9p20p3976.cern.ch
	CondorScratchDir = "/pool/condor/dir_2911748"
	Cpus = 1
	Disk = 10002758
	GPUs = 0
	Memory = 3000
...
006 (7944174.448.000) 07/08 17:47:37 Image size of job updated: 200000
	31  -  MemoryUsage of job (MB)
	31464  -  ResidentSetSize of job (KB)
...
006 (7944174.448.000) 07/08 17:47:59 Image size of job updated: 211920
	32  -  MemoryUsage of job (MB)
	32200  -  ResidentSetSize of job (KB)
...
040 (7944174.448.000) 07/08 17:47:59 Started transferring output files
...
040 (7944174.448.000) 07/08 17:47:59 Finished transferring output files
...
012 (7944174.448.000) 07/08 17:47:59 Job was held.
	Job held by ON_EXIT_HOLD due to exit code 1.
	Code 3 Subcode 0
...
013 (7944174.448.000) 07/08 17:58:13 Job was released.
	The job attribute PeriodicRelease expression '(NumJobStarts < 3) && ((CurrentTime - EnteredCurrentStatus) > 10 * 60)' evaluated to TRUE
...
040 (7944174.448.000) 07/08 18:08:23 Started transferring input files
	Transferring to host: <188.185.194.133:9618?addrs=188.185.194.133-9618+[2001-1458-303-21--100-81]-9618&alias=b9p20p2266.cern.ch&noUDP&sock=slot1_13_3090215_c578_21954>
...
040 (7944174.448.000) 07/08 18:08:24 Finished transferring input files
...
001 (7944174.448.000) 07/08 18:08:24 Job executing on host: <188.185.194.133:9618?addrs=188.185.194.133-9618+[2001-1458-303-21--100-81]-9618&alias=b9p20p2266.cern.ch&noUDP&sock=startd_3090143_a63f>
	SlotName: slot1_13@b9p20p2266.cern.ch
	CondorScratchDir = "/pool/condor/dir_378599"
	Cpus = 1
	Disk = 10019127
	GPUs = 0
	Memory = 3000
...
040 (7944174.448.000) 07/08 18:08:46 Started transferring output files
...
040 (7944174.448.000) 07/08 18:08:46 Finished transferring output files
...
012 (7944174.448.000) 07/08 18:08:46 Job was held.
	Job held by ON_EXIT_HOLD due to exit code 1.
	Code 3 Subcode 0
...
