000 (7944174.449.000) 07/08 17:29:05 Job submitted from host: <188.185.16.120:9618?addrs=188.185.16.120-9618+[2001-1458-d00-65--100-39b]-9618&alias=bigbird27.cern.ch&noUDP&sock=schedd_4465_3274>
...
040 (7944174.449.000) 07/08 17:33:37 Started transferring input files
	Transferring to host: <188.185.215.160:9618?addrs=188.185.215.160-9618+[2001-1458-303-26--100-1c]-9618&alias=b9p18p9531.cern.ch&noUDP&sock=slot1_21_7123_8c3b_38492>
...
040 (7944174.449.000) 07/08 17:33:38 Finished transferring input files
...
001 (7944174.449.000) 07/08 17:33:38 Job executing on host: <188.185.215.160:9618?addrs=188.185.215.160-9618+[2001-1458-303-26--100-1c]-9618&alias=b9p18p9531.cern.ch&noUDP&sock=startd_6739_f8d1>
	SlotName: slot1_21@b9p18p9531.cern.ch
	CondorScratchDir = "/pool/condor/dir_1270325"
	Cpus = 1
	Disk = 10001311
	GPUs = 0
	Memory = 3000
...
006 (7944174.449.000) 07/08 17:33:52 Image size of job updated: 25560
	21  -  MemoryUsage of job (MB)
	21468  -  ResidentSetSize of job (KB)
...
006 (7944174.449.000) 07/08 17:34:12 Image size of job updated: 191556
	21  -  MemoryUsage of job (MB)
	21468  -  ResidentSetSize of job (KB)
...
040 (7944174.449.000) 07/08 17:34:12 Started transferring output files
...
040 (7944174.449.000) 07/08 17:34:12 Finished transferring output files
...
012 (7944174.449.000) 07/08 17:34:12 Job was held.
	Job held by ON_EXIT_HOLD due to exit code 1.
	Code 3 Subcode 0
...
013 (7944174.449.000) 07/08 17:46:03 Job was released.
	The job attribute PeriodicRelease expression '(NumJobStarts < 3) && ((CurrentTime - EnteredCurrentStatus) > 10 * 60)' evaluated to TRUE
...
040 (7944174.449.000) 07/08 17:48:00 Started transferring input files
	Transferring to host: <188.185.194.137:9618?addrs=188.185.194.137-9618+[2001-1458-303-21--100-85]-9618&alias=b9p20p1306.cern.ch&noUDP&sock=slot1_44_2377982_30f5_22157>
...
040 (7944174.449.000) 07/08 17:48:01 Finished transferring input files
...
001 (7944174.449.000) 07/08 17:48:01 Job executing on host: <188.185.194.137:9618?addrs=188.185.194.137-9618+[2001-1458-303-21--100-85]-9618&alias=b9p20p1306.cern.ch&noUDP&sock=startd_2377938_4211>
	SlotName: slot1_44@b9p20p1306.cern.ch
	CondorScratchDir = "/pool/condor/dir_1823033"
	Cpus = 1
	Disk = 10023578
	GPUs = 0
	Memory = 3000
...
006 (7944174.449.000) 07/08 17:48:22 Image size of job updated: 203432
	22  -  MemoryUsage of job (MB)
	22500  -  ResidentSetSize of job (KB)
...
040 (7944174.449.000) 07/08 17:48:22 Started transferring output files
...
040 (7944174.449.000) 07/08 17:48:22 Finished transferring output files
...
012 (7944174.449.000) 07/08 17:48:22 Job was held.
	Job held by ON_EXIT_HOLD due to exit code 1.
	Code 3 Subcode 0
...
013 (7944174.449.000) 07/08 18:01:00 Job was released.
	The job attribute PeriodicRelease expression '(NumJobStarts < 3) && ((CurrentTime - EnteredCurrentStatus) > 10 * 60)' evaluated to TRUE
...
040 (7944174.449.000) 07/08 18:20:02 Started transferring input files
	Transferring to host: <188.185.210.201:9618?addrs=188.185.210.201-9618+[2001-1458-303-15--100-45]-9618&alias=b9p22p5174.cern.ch&noUDP&sock=slot1_21_1159848_9736_26258>
...
040 (7944174.449.000) 07/08 18:20:03 Finished transferring input files
...
001 (7944174.449.000) 07/08 18:20:03 Job executing on host: <188.185.210.201:9618?addrs=188.185.210.201-9618+[2001-1458-303-15--100-45]-9618&alias=b9p22p5174.cern.ch&noUDP&sock=startd_1159764_37aa>
	SlotName: slot1_21@b9p22p5174.cern.ch
	CondorScratchDir = "/pool/condor/dir_2761758"
	Cpus = 1
	Disk = 10134226
	GPUs = 0
	Memory = 3000
...
006 (7944174.449.000) 07/08 18:20:11 Image size of job updated: 225000
	107  -  MemoryUsage of job (MB)
	109412  -  ResidentSetSize of job (KB)
...
006 (7944174.449.000) 07/08 18:20:16 Image size of job updated: 225000
	108  -  MemoryUsage of job (MB)
	109664  -  ResidentSetSize of job (KB)
...
040 (7944174.449.000) 07/08 18:20:16 Started transferring output files
...
040 (7944174.449.000) 07/08 18:20:16 Finished transferring output files
...
012 (7944174.449.000) 07/08 18:20:16 Job was held.
	Job held by ON_EXIT_HOLD due to exit code 1.
	Code 3 Subcode 0
...
