000 (7944174.045.000) 07/08 17:29:04 Job submitted from host: <188.185.16.120:9618?addrs=188.185.16.120-9618+[2001-1458-d00-65--100-39b]-9618&alias=bigbird27.cern.ch&noUDP&sock=schedd_4465_3274>
...
040 (7944174.045.000) 07/08 17:31:25 Started transferring input files
	Transferring to host: <188.185.196.38:9618?addrs=188.185.196.38-9618+[2001-1458-303-23--100-22]-9618&alias=b9p16p0146.cern.ch&noUDP&sock=slot1_19_710626_0d9a_18885>
...
040 (7944174.045.000) 07/08 17:31:25 Finished transferring input files
...
001 (7944174.045.000) 07/08 17:31:25 Job executing on host: <188.185.196.38:9618?addrs=188.185.196.38-9618+[2001-1458-303-23--100-22]-9618&alias=b9p16p0146.cern.ch&noUDP&sock=startd_710531_bebb>
	SlotName: slot1_19@b9p16p0146.cern.ch
	CondorScratchDir = "/pool/condor/dir_1156743"
	Cpus = 1
	Disk = 10002844
	GPUs = 0
	Memory = 3000
...
006 (7944174.045.000) 07/08 17:31:39 Image size of job updated: 29012
	25  -  MemoryUsage of job (MB)
	25564  -  ResidentSetSize of job (KB)
...
006 (7944174.045.000) 07/08 17:31:49 Image size of job updated: 194148
	25  -  MemoryUsage of job (MB)
	25564  -  ResidentSetSize of job (KB)
...
040 (7944174.045.000) 07/08 17:31:50 Started transferring output files
...
040 (7944174.045.000) 07/08 17:31:50 Finished transferring output files
...
012 (7944174.045.000) 07/08 17:31:50 Job was held.
	Job held by ON_EXIT_HOLD due to exit code 1.
	Code 3 Subcode 0
...
013 (7944174.045.000) 07/08 17:41:51 Job was released.
	The job attribute PeriodicRelease expression '(NumJobStarts < 3) && ((CurrentTime - EnteredCurrentStatus) > 10 * 60)' evaluated to TRUE
...
040 (7944174.045.000) 07/08 17:42:22 Started transferring input files
	Transferring to host: <188.185.193.83:9618?addrs=188.185.193.83-9618+[2001-1458-303-20--100-4f]-9618&alias=b9p19p9863.cern.ch&noUDP&sock=slot1_12_4542_fff2_23797>
...
040 (7944174.045.000) 07/08 17:42:22 Finished transferring input files
...
001 (7944174.045.000) 07/08 17:42:22 Job executing on host: <188.185.193.83:9618?addrs=188.185.193.83-9618+[2001-1458-303-20--100-4f]-9618&alias=b9p19p9863.cern.ch&noUDP&sock=startd_3935_a942>
	SlotName: slot1_12@b9p19p9863.cern.ch
	CondorScratchDir = "/pool/condor/dir_1359888"
	Cpus = 1
	Disk = 10003201
	GPUs = 0
	Memory = 3000
...
040 (7944174.045.000) 07/08 17:42:52 Started transferring output files
...
040 (7944174.045.000) 07/08 17:42:52 Finished transferring output files
...
012 (7944174.045.000) 07/08 17:42:52 Job was held.
	Job held by ON_EXIT_HOLD due to exit code 1.
	Code 3 Subcode 0
...
013 (7944174.045.000) 07/08 17:53:46 Job was released.
	The job attribute PeriodicRelease expression '(NumJobStarts < 3) && ((CurrentTime - EnteredCurrentStatus) > 10 * 60)' evaluated to TRUE
...
040 (7944174.045.000) 07/08 17:54:07 Started transferring input files
	Transferring to host: <128.142.33.16:9618?addrs=128.142.33.16-9618+[2001-1458-301-53--100-d]-9618&alias=b9g34p3570.cern.ch&noUDP&sock=slot1_5_3733242_76bc_41756>
...
040 (7944174.045.000) 07/08 17:54:08 Finished transferring input files
...
001 (7944174.045.000) 07/08 17:54:08 Job executing on host: <128.142.33.16:9618?addrs=128.142.33.16-9618+[2001-1458-301-53--100-d]-9618&alias=b9g34p3570.cern.ch&noUDP&sock=startd_3856_7947>
	SlotName: slot1_5@b9g34p3570.cern.ch
	CondorScratchDir = "/pool/condor/dir_14482"
	Cpus = 1
	Disk = 10003184
	GPUs = 0
	Memory = 3000
...
006 (7944174.045.000) 07/08 17:54:17 Image size of job updated: 200000
	79  -  MemoryUsage of job (MB)
	80088  -  ResidentSetSize of job (KB)
...
006 (7944174.045.000) 07/08 17:54:40 Image size of job updated: 425564
	416  -  MemoryUsage of job (MB)
	425564  -  ResidentSetSize of job (KB)
...
040 (7944174.045.000) 07/08 17:54:40 Started transferring output files
...
040 (7944174.045.000) 07/08 17:54:40 Finished transferring output files
...
012 (7944174.045.000) 07/08 17:54:40 Job was held.
	Job held by ON_EXIT_HOLD due to exit code 1.
	Code 3 Subcode 0
...
