000 (7944174.450.000) 07/08 17:29:05 Job submitted from host: <188.185.16.120:9618?addrs=188.185.16.120-9618+[2001-1458-d00-65--100-39b]-9618&alias=bigbird27.cern.ch&noUDP&sock=schedd_4465_3274>
...
040 (7944174.450.000) 07/08 17:35:04 Started transferring input files
	Transferring to host: <188.185.210.45:9618?addrs=188.185.210.45-9618+[2001-1458-303-1--100-29]-9618&alias=b9p21p1686.cern.ch&noUDP&sock=slot1_22_6474_44c0_39958>
...
040 (7944174.450.000) 07/08 17:35:04 Finished transferring input files
...
001 (7944174.450.000) 07/08 17:35:04 Job executing on host: <188.185.210.45:9618?addrs=188.185.210.45-9618+[2001-1458-303-1--100-29]-9618&alias=b9p21p1686.cern.ch&noUDP&sock=startd_6143_2a5f>
	SlotName: slot1_22@b9p21p1686.cern.ch
	CondorScratchDir = "/pool/condor/dir_1771641"
	Cpus = 1
	Disk = 10001314
	GPUs = 0
	Memory = 3000
...
006 (7944174.450.000) 07/08 17:35:13 Image size of job updated: 144788
	142  -  MemoryUsage of job (MB)
	144788  -  ResidentSetSize of job (KB)
...
006 (7944174.450.000) 07/08 17:35:18 Image size of job updated: 144788
	144  -  MemoryUsage of job (MB)
	146664  -  ResidentSetSize of job (KB)
...
040 (7944174.450.000) 07/08 17:35:18 Started transferring output files
...
040 (7944174.450.000) 07/08 17:35:18 Finished transferring output files
...
012 (7944174.450.000) 07/08 17:35:18 Job was held.
	Job held by ON_EXIT_HOLD due to exit code 1.
	Code 3 Subcode 0
...
013 (7944174.450.000) 07/08 17:46:03 Job was released.
	The job attribute PeriodicRelease expression '(NumJobStarts < 3) && ((CurrentTime - EnteredCurrentStatus) > 10 * 60)' evaluated to TRUE
...
040 (7944174.450.000) 07/08 17:47:24 Started transferring input files
	Transferring to host: <188.185.193.68:9618?addrs=188.185.193.68-9618+[2001-1458-303-20--100-40]-9618&alias=b9p19p5659.cern.ch&noUDP&sock=slot1_5_10583_6e47_23407>
...
040 (7944174.450.000) 07/08 17:47:24 Finished transferring input files
...
001 (7944174.450.000) 07/08 17:47:24 Job executing on host: <188.185.193.68:9618?addrs=188.185.193.68-9618+[2001-1458-303-20--100-40]-9618&alias=b9p19p5659.cern.ch&noUDP&sock=startd_8782_4cce>
	SlotName: slot1_5@b9p19p5659.cern.ch
	CondorScratchDir = "/pool/condor/dir_3727616"
	Cpus = 1
	Disk = 10002445
	GPUs = 0
	Memory = 3000
...
006 (7944174.450.000) 07/08 17:47:58 Image size of job updated: 197204
	147  -  MemoryUsage of job (MB)
	150000  -  ResidentSetSize of job (KB)
...
040 (7944174.450.000) 07/08 17:47:58 Started transferring output files
...
040 (7944174.450.000) 07/08 17:47:58 Finished transferring output files
...
012 (7944174.450.000) 07/08 17:47:58 Job was held.
	Job held by ON_EXIT_HOLD due to exit code 1.
	Code 3 Subcode 0
...
013 (7944174.450.000) 07/08 17:58:13 Job was released.
	The job attribute PeriodicRelease expression '(NumJobStarts < 3) && ((CurrentTime - EnteredCurrentStatus) > 10 * 60)' evaluated to TRUE
...
040 (7944174.450.000) 07/08 18:15:29 Started transferring input files
	Transferring to host: <128.142.248.59:9618?addrs=128.142.248.59-9618+[2001-1458-301-73--100-12b]-9618&alias=b9g23p7544.cern.ch&noUDP&sock=slot1_2_3787723_41c4_71825>
...
040 (7944174.450.000) 07/08 18:15:30 Finished transferring input files
...
001 (7944174.450.000) 07/08 18:15:30 Job executing on host: <128.142.248.59:9618?addrs=128.142.248.59-9618+[2001-1458-301-73--100-12b]-9618&alias=b9g23p7544.cern.ch&noUDP&sock=startd_6283_31a2>
	SlotName: slot1_2@b9g23p7544.cern.ch
	CondorScratchDir = "/pool/condor/dir_2553322"
	Cpus = 1
	Disk = 10005942
	GPUs = 0
	Memory = 3000
...
006 (7944174.450.000) 07/08 18:15:39 Image size of job updated: 200000
	168  -  MemoryUsage of job (MB)
	171324  -  ResidentSetSize of job (KB)
...
006 (7944174.450.000) 07/08 18:15:43 Image size of job updated: 200000
	168  -  MemoryUsage of job (MB)
	171580  -  ResidentSetSize of job (KB)
...
040 (7944174.450.000) 07/08 18:15:43 Started transferring output files
...
040 (7944174.450.000) 07/08 18:15:43 Finished transferring output files
...
012 (7944174.450.000) 07/08 18:15:43 Job was held.
	Job held by ON_EXIT_HOLD due to exit code 1.
	Code 3 Subcode 0
...
