000 (7944174.451.000) 07/08 17:29:05 Job submitted from host: <188.185.16.120:9618?addrs=188.185.16.120-9618+[2001-1458-d00-65--100-39b]-9618&alias=bigbird27.cern.ch&noUDP&sock=schedd_4465_3274>
...
040 (7944174.451.000) 07/08 17:33:38 Started transferring input files
	Transferring to host: <128.142.130.94:9618?addrs=128.142.130.94-9618+[2001-1458-301-58--100-52]-9618&alias=b9g20p8616.cern.ch&noUDP&sock=slot1_19_2521810_074e_51656>
...
040 (7944174.451.000) 07/08 17:33:39 Finished transferring input files
...
001 (7944174.451.000) 07/08 17:33:39 Job executing on host: <128.142.130.94:9618?addrs=128.142.130.94-9618+[2001-1458-301-58--100-52]-9618&alias=b9g20p8616.cern.ch&noUDP&sock=startd_2521760_2ffe>
	SlotName: slot1_19@b9g20p8616.cern.ch
	CondorScratchDir = "/pool/condor/dir_2812000"
	Cpus = 1
	Disk = 10000963
	GPUs = 0
	Memory = 3000
...
006 (7944174.451.000) 07/08 17:33:47 Image size of job updated: 58140
	57  -  MemoryUsage of job (MB)
	58140  -  ResidentSetSize of job (KB)
...
006 (7944174.451.000) 07/08 17:34:11 Image size of job updated: 424036
	415  -  MemoryUsage of job (MB)
	424036  -  ResidentSetSize of job (KB)
...
040 (7944174.451.000) 07/08 17:34:11 Started transferring output files
...
040 (7944174.451.000) 07/08 17:34:11 Finished transferring output files
...
012 (7944174.451.000) 07/08 17:34:11 Job was held.
	Job held by ON_EXIT_HOLD due to exit code 1.
	Code 3 Subcode 0
...
013 (7944174.451.000) 07/08 17:46:03 Job was released.
	The job attribute PeriodicRelease expression '(NumJobStarts < 3) && ((CurrentTime - EnteredCurrentStatus) > 10 * 60)' evaluated to TRUE
...
040 (7944174.451.000) 07/08 17:47:24 Started transferring input files
	Transferring to host: <188.185.193.94:9618?addrs=188.185.193.94-9618+[2001-1458-303-20--100-5a]-9618&alias=b9p19p0022.cern.ch&noUDP&sock=slot1_29_8248_3648_24568>
...
040 (7944174.451.000) 07/08 17:47:24 Finished transferring input files
...
001 (7944174.451.000) 07/08 17:47:24 Job executing on host: <188.185.193.94:9618?addrs=188.185.193.94-9618+[2001-1458-303-20--100-5a]-9618&alias=b9p19p0022.cern.ch&noUDP&sock=startd_7020_b6ee>
	SlotName: slot1_29@b9p19p0022.cern.ch
	CondorScratchDir = "/pool/condor/dir_1626246"
	Cpus = 1
	Disk = 10003287
	GPUs = 0
	Memory = 3000
...
040 (7944174.451.000) 07/08 17:48:02 Started transferring output files
...
040 (7944174.451.000) 07/08 17:48:02 Finished transferring output files
...
012 (7944174.451.000) 07/08 17:48:02 Job was held.
	Job held by ON_EXIT_HOLD due to exit code 1.
	Code 3 Subcode 0
...
013 (7944174.451.000) 07/08 17:58:13 Job was released.
	The job attribute PeriodicRelease expression '(NumJobStarts < 3) && ((CurrentTime - EnteredCurrentStatus) > 10 * 60)' evaluated to TRUE
...
040 (7944174.451.000) 07/08 18:15:29 Started transferring input files
	Transferring to host: <128.142.192.137:9618?addrs=128.142.192.137-9618+[2001-1458-301-56--100-5]-9618&alias=b9g18p0056.cern.ch&noUDP&sock=slot1_6_6537_a863_104258>
...
040 (7944174.451.000) 07/08 18:15:30 Finished transferring input files
...
001 (7944174.451.000) 07/08 18:15:30 Job executing on host: <128.142.192.137:9618?addrs=128.142.192.137-9618+[2001-1458-301-56--100-5]-9618&alias=b9g18p0056.cern.ch&noUDP&sock=startd_5826_bada>
	SlotName: slot1_6@b9g18p0056.cern.ch
	CondorScratchDir = "/pool/condor/dir_1301475"
	Cpus = 1
	Disk = 10096788
	GPUs = 0
	Memory = 3000
...
040 (7944174.451.000) 07/08 18:15:44 Started transferring output files
...
040 (7944174.451.000) 07/08 18:15:44 Finished transferring output files
...
012 (7944174.451.000) 07/08 18:15:44 Job was held.
	Job held by ON_EXIT_HOLD due to exit code 1.
	Code 3 Subcode 0
...
