000 (7944174.452.000) 07/08 17:29:05 Job submitted from host: <188.185.16.120:9618?addrs=188.185.16.120-9618+[2001-1458-d00-65--100-39b]-9618&alias=bigbird27.cern.ch&noUDP&sock=schedd_4465_3274>
...
040 (7944174.452.000) 07/08 17:34:35 Started transferring input files
	Transferring to host: <188.185.207.27:9618?addrs=188.185.207.27-9618+[2001-1458-303-d--100-18]-9618&alias=b9p07p3688.cern.ch&noUDP&sock=slot1_11_8154_fb05_34119>
...
040 (7944174.452.000) 07/08 17:34:36 Finished transferring input files
...
001 (7944174.452.000) 07/08 17:34:36 Job executing on host: <188.185.207.27:9618?addrs=188.185.207.27-9618+[2001-1458-303-d--100-18]-9618&alias=b9p07p3688.cern.ch&noUDP&sock=startd_7365_5b1b>
	SlotName: slot1_11@b9p07p3688.cern.ch
	CondorScratchDir = "/pool/condor/dir_2872733"
	Cpus = 1
	Disk = 10023608
	GPUs = 0
	Memory = 3000
...
006 (7944174.452.000) 07/08 17:34:49 Image size of job updated: 94116
	92  -  MemoryUsage of job (MB)
	94116  -  ResidentSetSize of job (KB)
...
006 (7944174.452.000) 07/08 17:34:54 Image size of job updated: 168860
	93  -  MemoryUsage of job (MB)
	94268  -  ResidentSetSize of job (KB)
...
040 (7944174.452.000) 07/08 17:34:54 Started transferring output files
...
040 (7944174.452.000) 07/08 17:34:54 Finished transferring output files
...
012 (7944174.452.000) 07/08 17:34:54 Job was held.
	Job held by ON_EXIT_HOLD due to exit code 1.
	Code 3 Subcode 0
...
013 (7944174.452.000) 07/08 17:46:03 Job was released.
	The job attribute PeriodicRelease expression '(NumJobStarts < 3) && ((CurrentTime - EnteredCurrentStatus) > 10 * 60)' evaluated to TRUE
...
040 (7944174.452.000) 07/08 17:47:23 Started transferring input files
	Transferring to host: <188.185.193.103:9618?addrs=188.185.193.103-9618+[2001-1458-303-20--100-63]-9618&alias=b9p19p9677.cern.ch&noUDP&sock=slot1_13_4448_c4ae_24077>
...
040 (7944174.452.000) 07/08 17:47:24 Finished transferring input files
...
001 (7944174.452.000) 07/08 17:47:24 Job executing on host: <188.185.193.103:9618?addrs=188.185.193.103-9618+[2001-1458-303-20--100-63]-9618&alias=b9p19p9677.cern.ch&noUDP&sock=startd_3881_9f25>
	SlotName: slot1_13@b9p19p9677.cern.ch
	CondorScratchDir = "/pool/condor/dir_301850"
	Cpus = 1
	Disk = 10002497
	GPUs = 0
	Memory = 3000
...
040 (7944174.452.000) 07/08 17:47:44 Started transferring output files
...
040 (7944174.452.000) 07/08 17:47:44 Finished transferring output files
...
012 (7944174.452.000) 07/08 17:47:44 Job was held.
	Job held by ON_EXIT_HOLD due to exit code 1.
	Code 3 Subcode 0
...
013 (7944174.452.000) 07/08 17:58:13 Job was released.
	The job attribute PeriodicRelease expression '(NumJobStarts < 3) && ((CurrentTime - EnteredCurrentStatus) > 10 * 60)' evaluated to TRUE
...
040 (7944174.452.000) 07/08 18:20:02 Started transferring input files
	Transferring to host: <188.185.214.103:9618?addrs=188.185.214.103-9618+[2001-1458-303-1c--100-63]-9618&alias=b9p29p0062.cern.ch&noUDP&sock=slot1_13_8479_f8f2_47819>
...
040 (7944174.452.000) 07/08 18:20:03 Finished transferring input files
...
001 (7944174.452.000) 07/08 18:20:03 Job executing on host: <188.185.214.103:9618?addrs=188.185.214.103-9618+[2001-1458-303-1c--100-63]-9618&alias=b9p29p0062.cern.ch&noUDP&sock=startd_8332_a32f>
	SlotName: slot1_13@b9p29p0062.cern.ch
	CondorScratchDir = "/pool/condor/dir_2504064"
	Cpus = 1
	Disk = 10245717
	GPUs = 0
	Memory = 3000
...
006 (7944174.452.000) 07/08 18:20:11 Image size of job updated: 175000
	138  -  MemoryUsage of job (MB)
	140924  -  ResidentSetSize of job (KB)
...
006 (7944174.452.000) 07/08 18:20:16 Image size of job updated: 175000
	139  -  MemoryUsage of job (MB)
	141824  -  ResidentSetSize of job (KB)
...
040 (7944174.452.000) 07/08 18:20:16 Started transferring output files
...
040 (7944174.452.000) 07/08 18:20:16 Finished transferring output files
...
012 (7944174.452.000) 07/08 18:20:16 Job was held.
	Job held by ON_EXIT_HOLD due to exit code 1.
	Code 3 Subcode 0
...
