000 (7944174.453.000) 07/08 17:29:05 Job submitted from host: <188.185.16.120:9618?addrs=188.185.16.120-9618+[2001-1458-d00-65--100-39b]-9618&alias=bigbird27.cern.ch&noUDP&sock=schedd_4465_3274>
...
040 (7944174.453.000) 07/08 17:34:44 Started transferring input files
	Transferring to host: <188.185.194.184:9618?addrs=188.185.194.184-9618+[2001-1458-303-21--100-b4]-9618&alias=b9p20p7797.cern.ch&noUDP&sock=slot1_5_11418_c389_24075>
...
040 (7944174.453.000) 07/08 17:34:44 Finished transferring input files
...
001 (7944174.453.000) 07/08 17:34:44 Job executing on host: <188.185.194.184:9618?addrs=188.185.194.184-9618+[2001-1458-303-21--100-b4]-9618&alias=b9p20p7797.cern.ch&noUDP&sock=startd_9968_cc20>
	SlotName: slot1_5@b9p20p7797.cern.ch
	CondorScratchDir = "/pool/condor/dir_3249476"
	Cpus = 1
	Disk = 10008797
	GPUs = 0
	Memory = 3000
...
006 (7944174.453.000) 07/08 17:34:58 Image size of job updated: 85496
	84  -  MemoryUsage of job (MB)
	85496  -  ResidentSetSize of job (KB)
...
006 (7944174.453.000) 07/08 17:35:04 Image size of job updated: 164840
	85  -  MemoryUsage of job (MB)
	87012  -  ResidentSetSize of job (KB)
...
040 (7944174.453.000) 07/08 17:35:04 Started transferring output files
...
040 (7944174.453.000) 07/08 17:35:04 Finished transferring output files
...
012 (7944174.453.000) 07/08 17:35:04 Job was held.
	Job held by ON_EXIT_HOLD due to exit code 1.
	Code 3 Subcode 0
...
013 (7944174.453.000) 07/08 17:46:03 Job was released.
	The job attribute PeriodicRelease expression '(NumJobStarts < 3) && ((CurrentTime - EnteredCurrentStatus) > 10 * 60)' evaluated to TRUE
...
040 (7944174.453.000) 07/08 17:47:24 Started transferring input files
	Transferring to host: <188.185.195.28:9618?addrs=188.185.195.28-9618+[2001-1458-303-22--100-18]-9618&alias=b9p17p5972.cern.ch&noUDP&sock=slot1_36_3276356_f1e9_19885>
...
040 (7944174.453.000) 07/08 17:47:24 Finished transferring input files
...
001 (7944174.453.000) 07/08 17:47:24 Job executing on host: <188.185.195.28:9618?addrs=188.185.195.28-9618+[2001-1458-303-22--100-18]-9618&alias=b9p17p5972.cern.ch&noUDP&sock=startd_3276256_afeb>
	SlotName: slot1_36@b9p17p5972.cern.ch
	CondorScratchDir = "/pool/condor/dir_2542356"
	Cpus = 1
	Disk = 10001261
	GPUs = 0
	Memory = 3000
...
040 (7944174.453.000) 07/08 17:47:40 Started transferring output files
...
040 (7944174.453.000) 07/08 17:47:40 Finished transferring output files
...
012 (7944174.453.000) 07/08 17:47:40 Job was held.
	Job held by ON_EXIT_HOLD due to exit code 1.
	Code 3 Subcode 0
...
013 (7944174.453.000) 07/08 17:58:13 Job was released.
	The job attribute PeriodicRelease expression '(NumJobStarts < 3) && ((CurrentTime - EnteredCurrentStatus) > 10 * 60)' evaluated to TRUE
...
040 (7944174.453.000) 07/08 18:15:30 Started transferring input files
	Transferring to host: <188.185.210.148:9618?addrs=188.185.210.148-9618+[2001-1458-303-15--100-10]-9618&alias=b9p22p2244.cern.ch&noUDP&sock=slot1_9_8413_782f_47790>
...
040 (7944174.453.000) 07/08 18:15:31 Finished transferring input files
...
001 (7944174.453.000) 07/08 18:15:31 Job executing on host: <188.185.210.148:9618?addrs=188.185.210.148-9618+[2001-1458-303-15--100-10]-9618&alias=b9p22p2244.cern.ch&noUDP&sock=startd_8348_9cb3>
	SlotName: slot1_9@b9p22p2244.cern.ch
	CondorScratchDir = "/pool/condor/dir_1035181"
	Cpus = 1
	Disk = 10017401
	GPUs = 0
	Memory = 3000
...
006 (7944174.453.000) 07/08 18:15:44 Image size of job updated: 175000
	129  -  MemoryUsage of job (MB)
	131412  -  ResidentSetSize of job (KB)
...
006 (7944174.453.000) 07/08 18:15:49 Image size of job updated: 186436
	129  -  MemoryUsage of job (MB)
	131720  -  ResidentSetSize of job (KB)
...
040 (7944174.453.000) 07/08 18:15:49 Started transferring output files
...
040 (7944174.453.000) 07/08 18:15:49 Finished transferring output files
...
012 (7944174.453.000) 07/08 18:15:49 Job was held.
	Job held by ON_EXIT_HOLD due to exit code 1.
	Code 3 Subcode 0
...
