000 (7944174.455.000) 07/08 17:29:05 Job submitted from host: <188.185.16.120:9618?addrs=188.185.16.120-9618+[2001-1458-d00-65--100-39b]-9618&alias=bigbird27.cern.ch&noUDP&sock=schedd_4465_3274>
...
040 (7944174.455.000) 07/08 17:34:48 Started transferring input files
	Transferring to host: <188.185.214.70:9618?addrs=188.185.214.70-9618+[2001-1458-303-1c--100-42]-9618&alias=b9p29p9286.cern.ch&noUDP&sock=slot1_12_8399_9aef_48658>
...
040 (7944174.455.000) 07/08 17:34:49 Finished transferring input files
...
001 (7944174.455.000) 07/08 17:34:49 Job executing on host: <188.185.214.70:9618?addrs=188.185.214.70-9618+[2001-1458-303-1c--100-42]-9618&alias=b9p29p9286.cern.ch&noUDP&sock=startd_8338_c0c1>
	SlotName: slot1_12@b9p29p9286.cern.ch
	CondorScratchDir = "/pool/condor/dir_917183"
	Cpus = 1
	Disk = 10093427
	GPUs = 0
	Memory = 3000
...
006 (7944174.455.000) 07/08 17:35:02 Image size of job updated: 26712
	27  -  MemoryUsage of job (MB)
	26712  -  ResidentSetSize of job (KB)
...
006 (7944174.455.000) 07/08 17:35:11 Image size of job updated: 208416
	27  -  MemoryUsage of job (MB)
	26712  -  ResidentSetSize of job (KB)
...
040 (7944174.455.000) 07/08 17:35:12 Started transferring output files
...
040 (7944174.455.000) 07/08 17:35:12 Finished transferring output files
...
012 (7944174.455.000) 07/08 17:35:12 Job was held.
	Job held by ON_EXIT_HOLD due to exit code 1.
	Code 3 Subcode 0
...
013 (7944174.455.000) 07/08 17:46:03 Job was released.
	The job attribute PeriodicRelease expression '(NumJobStarts < 3) && ((CurrentTime - EnteredCurrentStatus) > 10 * 60)' evaluated to TRUE
...
040 (7944174.455.000) 07/08 17:47:24 Started transferring input files
	Transferring to host: <128.142.161.103:9618?addrs=128.142.161.103-9618+[2001-1458-301-b8--100-25]-9618&alias=b9g03p9337.cern.ch&noUDP&sock=slot1_4_4480_50af_24070>
...
040 (7944174.455.000) 07/08 17:47:24 Finished transferring input files
...
001 (7944174.455.000) 07/08 17:47:24 Job executing on host: <128.142.161.103:9618?addrs=128.142.161.103-9618+[2001-1458-301-b8--100-25]-9618&alias=b9g03p9337.cern.ch&noUDP&sock=startd_3797_0131>
	SlotName: slot1_4@b9g03p9337.cern.ch
	CondorScratchDir = "/pool/condor/dir_1864069"
	Cpus = 1
	Disk = 10003699
	GPUs = 0
	Memory = 3000
...
006 (7944174.455.000) 07/08 17:47:38 Image size of job updated: 225000
	32  -  MemoryUsage of job (MB)
	32564  -  ResidentSetSize of job (KB)
...
006 (7944174.455.000) 07/08 17:47:45 Image size of job updated: 225000
	33  -  MemoryUsage of job (MB)
	32780  -  ResidentSetSize of job (KB)
...
040 (7944174.455.000) 07/08 17:47:45 Started transferring output files
...
040 (7944174.455.000) 07/08 17:47:45 Finished transferring output files
...
012 (7944174.455.000) 07/08 17:47:45 Job was held.
	Job held by ON_EXIT_HOLD due to exit code 1.
	Code 3 Subcode 0
...
013 (7944174.455.000) 07/08 17:58:13 Job was released.
	The job attribute PeriodicRelease expression '(NumJobStarts < 3) && ((CurrentTime - EnteredCurrentStatus) > 10 * 60)' evaluated to TRUE
...
040 (7944174.455.000) 07/08 18:08:26 Started transferring input files
	Transferring to host: <188.185.213.209:9618?addrs=188.185.213.209-9618+[2001-1458-303-1b--100-4d]-9618&alias=b9p28p2360.cern.ch&noUDP&sock=slot1_13_8431_26f0_47626>
...
040 (7944174.455.000) 07/08 18:08:26 Finished transferring input files
...
001 (7944174.455.000) 07/08 18:08:26 Job executing on host: <188.185.213.209:9618?addrs=188.185.213.209-9618+[2001-1458-303-1b--100-4d]-9618&alias=b9p28p2360.cern.ch&noUDP&sock=startd_8382_eeec>
	SlotName: slot1_13@b9p28p2360.cern.ch
	CondorScratchDir = "/pool/condor/dir_1686650"
	Cpus = 1
	Disk = 10002004
	GPUs = 0
	Memory = 3000
...
006 (7944174.455.000) 07/08 18:08:35 Image size of job updated: 225000
	64  -  MemoryUsage of job (MB)
	65228  -  ResidentSetSize of job (KB)
...
006 (7944174.455.000) 07/08 18:08:53 Image size of job updated: 407992
	399  -  MemoryUsage of job (MB)
	407992  -  ResidentSetSize of job (KB)
...
040 (7944174.455.000) 07/08 18:08:53 Started transferring output files
...
040 (7944174.455.000) 07/08 18:08:53 Finished transferring output files
...
012 (7944174.455.000) 07/08 18:08:53 Job was held.
	Job held by ON_EXIT_HOLD due to exit code 1.
	Code 3 Subcode 0
...
