000 (7944174.456.000) 07/08 17:29:05 Job submitted from host: <188.185.16.120:9618?addrs=188.185.16.120-9618+[2001-1458-d00-65--100-39b]-9618&alias=bigbird27.cern.ch&noUDP&sock=schedd_4465_3274>
...
040 (7944174.456.000) 07/08 17:33:39 Started transferring input files
	Transferring to host: <128.142.132.47:9618?addrs=128.142.132.47-9618+[2001-1458-301-5a--100-23]-9618&alias=b9g12p4505.cern.ch&noUDP&sock=slot1_21_3384549_b379_102006>
...
040 (7944174.456.000) 07/08 17:33:40 Finished transferring input files
...
001 (7944174.456.000) 07/08 17:33:40 Job executing on host: <128.142.132.47:9618?addrs=128.142.132.47-9618+[2001-1458-301-5a--100-23]-9618&alias=b9g12p4505.cern.ch&noUDP&sock=startd_2407_948c>
	SlotName: slot1_21@b9g12p4505.cern.ch
	CondorScratchDir = "/pool/condor/dir_870338"
	Cpus = 1
	Disk = 10004579
	GPUs = 0
	Memory = 3000
...
006 (7944174.456.000) 07/08 17:33:48 Image size of job updated: 53112
	52  -  MemoryUsage of job (MB)
	53112  -  ResidentSetSize of job (KB)
...
006 (7944174.456.000) 07/08 17:34:09 Image size of job updated: 426384
	417  -  MemoryUsage of job (MB)
	426384  -  ResidentSetSize of job (KB)
...
040 (7944174.456.000) 07/08 17:34:09 Started transferring output files
...
040 (7944174.456.000) 07/08 17:34:09 Finished transferring output files
...
012 (7944174.456.000) 07/08 17:34:09 Job was held.
	Job held by ON_EXIT_HOLD due to exit code 1.
	Code 3 Subcode 0
...
013 (7944174.456.000) 07/08 17:46:03 Job was released.
	The job attribute PeriodicRelease expression '(NumJobStarts < 3) && ((CurrentTime - EnteredCurrentStatus) > 10 * 60)' evaluated to TRUE
...
040 (7944174.456.000) 07/08 17:47:26 Started transferring input files
	Transferring to host: <188.185.194.77:9618?addrs=188.185.194.77-9618+[2001-1458-303-21--100-49]-9618&alias=b9p20p3160.cern.ch&noUDP&sock=slot1_25_5647_927f_24372>
...
040 (7944174.456.000) 07/08 17:47:26 Finished transferring input files
...
001 (7944174.456.000) 07/08 17:47:26 Job executing on host: <188.185.194.77:9618?addrs=188.185.194.77-9618+[2001-1458-303-21--100-49]-9618&alias=b9p20p3160.cern.ch&noUDP&sock=startd_5055_e355>
	SlotName: slot1_25@b9p20p3160.cern.ch
	CondorScratchDir = "/pool/condor/dir_958525"
	Cpus = 1
	Disk = 10006402
	GPUs = 0
	Memory = 3000
...
040 (7944174.456.000) 07/08 17:48:00 Started transferring output files
...
040 (7944174.456.000) 07/08 17:48:00 Finished transferring output files
...
012 (7944174.456.000) 07/08 17:48:00 Job was held.
	Job held by ON_EXIT_HOLD due to exit code 1.
	Code 3 Subcode 0
...
013 (7944174.456.000) 07/08 17:58:13 Job was released.
	The job attribute PeriodicRelease expression '(NumJobStarts < 3) && ((CurrentTime - EnteredCurrentStatus) > 10 * 60)' evaluated to TRUE
...
040 (7944174.456.000) 07/08 18:08:26 Started transferring input files
	Transferring to host: <188.185.213.221:9618?addrs=188.185.213.221-9618+[2001-1458-303-1b--100-59]-9618&alias=b9p28p6440.cern.ch&noUDP&sock=slot1_18_7857_b799_49124>
...
040 (7944174.456.000) 07/08 18:08:27 Finished transferring input files
...
001 (7944174.456.000) 07/08 18:08:27 Job executing on host: <188.185.213.221:9618?addrs=188.185.213.221-9618+[2001-1458-303-1b--100-59]-9618&alias=b9p28p6440.cern.ch&noUDP&sock=startd_6864_b628>
	SlotName: slot1_18@b9p28p6440.cern.ch
	CondorScratchDir = "/pool/condor/dir_593283"
	Cpus = 1
	Disk = 10003815
	GPUs = 0
	Memory = 3000
...
040 (7944174.456.000) 07/08 18:08:47 Started transferring output files
...
040 (7944174.456.000) 07/08 18:08:47 Finished transferring output files
...
012 (7944174.456.000) 07/08 18:08:47 Job was held.
	Job held by ON_EXIT_HOLD due to exit code 1.
	Code 3 Subcode 0
...
