000 (7944174.457.000) 07/08 17:29:05 Job submitted from host: <188.185.16.120:9618?addrs=188.185.16.120-9618+[2001-1458-d00-65--100-39b]-9618&alias=bigbird27.cern.ch&noUDP&sock=schedd_4465_3274>
...
040 (7944174.457.000) 07/08 17:33:39 Started transferring input files
	Transferring to host: <128.142.130.132:9618?addrs=128.142.130.132-9618+[2001-1458-301-58--100-78]-9618&alias=b9g20p6531.cern.ch&noUDP&sock=slot1_31_3256870_4b91_64769>
...
040 (7944174.457.000) 07/08 17:33:40 Finished transferring input files
...
001 (7944174.457.000) 07/08 17:33:40 Job executing on host: <128.142.130.132:9618?addrs=128.142.130.132-9618+[2001-1458-301-58--100-78]-9618&alias=b9g20p6531.cern.ch&noUDP&sock=startd_2428_fc09>
	SlotName: slot1_31@b9g20p6531.cern.ch
	CondorScratchDir = "/pool/condor/dir_2854552"
	Cpus = 1
	Disk = 10001462
	GPUs = 0
	Memory = 3000
...
006 (7944174.457.000) 07/08 17:33:54 Image size of job updated: 30772
	31  -  MemoryUsage of job (MB)
	30772  -  ResidentSetSize of job (KB)
...
006 (7944174.457.000) 07/08 17:34:18 Image size of job updated: 201592
	32  -  MemoryUsage of job (MB)
	31788  -  ResidentSetSize of job (KB)
...
040 (7944174.457.000) 07/08 17:34:18 Started transferring output files
...
040 (7944174.457.000) 07/08 17:34:18 Finished transferring output files
...
012 (7944174.457.000) 07/08 17:34:18 Job was held.
	Job held by ON_EXIT_HOLD due to exit code 1.
	Code 3 Subcode 0
...
013 (7944174.457.000) 07/08 17:46:03 Job was released.
	The job attribute PeriodicRelease expression '(NumJobStarts < 3) && ((CurrentTime - EnteredCurrentStatus) > 10 * 60)' evaluated to TRUE
...
040 (7944174.457.000) 07/08 17:47:26 Started transferring input files
	Transferring to host: <188.185.194.97:9618?addrs=188.185.194.97-9618+[2001-1458-303-21--100-5d]-9618&alias=b9p20p7641.cern.ch&noUDP&sock=slot1_20_2307208_8177_22288>
...
040 (7944174.457.000) 07/08 17:47:26 Finished transferring input files
...
001 (7944174.457.000) 07/08 17:47:26 Job executing on host: <188.185.194.97:9618?addrs=188.185.194.97-9618+[2001-1458-303-21--100-5d]-9618&alias=b9p20p7641.cern.ch&noUDP&sock=startd_2307132_3b41>
	SlotName: slot1_20@b9p20p7641.cern.ch
	CondorScratchDir = "/pool/condor/dir_1371532"
	Cpus = 1
	Disk = 10001346
	GPUs = 0
	Memory = 3000
...
006 (7944174.457.000) 07/08 17:47:40 Image size of job updated: 225000
	36  -  MemoryUsage of job (MB)
	35984  -  ResidentSetSize of job (KB)
...
006 (7944174.457.000) 07/08 17:48:01 Image size of job updated: 225000
	36  -  MemoryUsage of job (MB)
	36708  -  ResidentSetSize of job (KB)
...
040 (7944174.457.000) 07/08 17:48:01 Started transferring output files
...
040 (7944174.457.000) 07/08 17:48:01 Finished transferring output files
...
012 (7944174.457.000) 07/08 17:48:01 Job was held.
	Job held by ON_EXIT_HOLD due to exit code 1.
	Code 3 Subcode 0
...
013 (7944174.457.000) 07/08 17:58:13 Job was released.
	The job attribute PeriodicRelease expression '(NumJobStarts < 3) && ((CurrentTime - EnteredCurrentStatus) > 10 * 60)' evaluated to TRUE
...
040 (7944174.457.000) 07/08 18:15:30 Started transferring input files
	Transferring to host: <188.185.192.175:9618?addrs=188.185.192.175-9618+[2001-1458-303-1f--100-ab]-9618&alias=b9p13p2082.cern.ch&noUDP&sock=slot1_6_8820_3ce0_42563>
...
040 (7944174.457.000) 07/08 18:15:30 Finished transferring input files
...
001 (7944174.457.000) 07/08 18:15:30 Job executing on host: <188.185.192.175:9618?addrs=188.185.192.175-9618+[2001-1458-303-1f--100-ab]-9618&alias=b9p13p2082.cern.ch&noUDP&sock=startd_8675_e82b>
	SlotName: slot1_6@b9p13p2082.cern.ch
	CondorScratchDir = "/pool/condor/dir_3049277"
	Cpus = 1
	Disk = 10024902
	GPUs = 0
	Memory = 3000
...
006 (7944174.457.000) 07/08 18:15:39 Image size of job updated: 225000
	106  -  MemoryUsage of job (MB)
	107760  -  ResidentSetSize of job (KB)
...
006 (7944174.457.000) 07/08 18:15:44 Image size of job updated: 225000
	106  -  MemoryUsage of job (MB)
	108528  -  ResidentSetSize of job (KB)
...
040 (7944174.457.000) 07/08 18:15:44 Started transferring output files
...
040 (7944174.457.000) 07/08 18:15:44 Finished transferring output files
...
012 (7944174.457.000) 07/08 18:15:44 Job was held.
	Job held by ON_EXIT_HOLD due to exit code 1.
	Code 3 Subcode 0
...
