000 (7944174.046.000) 07/08 17:29:04 Job submitted from host: <188.185.16.120:9618?addrs=188.185.16.120-9618+[2001-1458-d00-65--100-39b]-9618&alias=bigbird27.cern.ch&noUDP&sock=schedd_4465_3274>
...
040 (7944174.046.000) 07/08 17:31:25 Started transferring input files
	Transferring to host: <188.185.195.16:9618?addrs=188.185.195.16-9618+[2001-1458-303-22--100-c]-9618&alias=b9p17p8686.cern.ch&noUDP&sock=slot1_23_8629_a938_40169>
...
040 (7944174.046.000) 07/08 17:31:26 Finished transferring input files
...
001 (7944174.046.000) 07/08 17:31:26 Job executing on host: <188.185.195.16:9618?addrs=188.185.195.16-9618+[2001-1458-303-22--100-c]-9618&alias=b9p17p8686.cern.ch&noUDP&sock=startd_8005_57b7>
	SlotName: slot1_23@b9p17p8686.cern.ch
	CondorScratchDir = "/pool/condor/dir_2040101"
	Cpus = 1
	Disk = 10003188
	GPUs = 0
	Memory = 3000
...
006 (7944174.046.000) 07/08 17:31:39 Image size of job updated: 33588
	33  -  MemoryUsage of job (MB)
	33588  -  ResidentSetSize of job (KB)
...
006 (7944174.046.000) 07/08 17:32:43 Image size of job updated: 211400
	34  -  MemoryUsage of job (MB)
	34144  -  ResidentSetSize of job (KB)
...
040 (7944174.046.000) 07/08 17:32:43 Started transferring output files
...
040 (7944174.046.000) 07/08 17:32:43 Finished transferring output files
...
012 (7944174.046.000) 07/08 17:32:44 Job was held.
	Job held by ON_EXIT_HOLD due to exit code 1.
	Code 3 Subcode 0
...
013 (7944174.046.000) 07/08 17:43:32 Job was released.
	The job attribute PeriodicRelease expression '(NumJobStarts < 3) && ((CurrentTime - EnteredCurrentStatus) > 10 * 60)' evaluated to TRUE
...
040 (7944174.046.000) 07/08 17:44:11 Started transferring input files
	Transferring to host: <188.185.196.70:9618?addrs=188.185.196.70-9618+[2001-1458-303-23--100-42]-9618&alias=b9p16p4422.cern.ch&noUDP&sock=slot1_16_765542_57d4_39477>
...
040 (7944174.046.000) 07/08 17:44:11 Finished transferring input files
...
001 (7944174.046.000) 07/08 17:44:11 Job executing on host: <188.185.196.70:9618?addrs=188.185.196.70-9618+[2001-1458-303-23--100-42]-9618&alias=b9p16p4422.cern.ch&noUDP&sock=startd_8563_1590>
	SlotName: slot1_16@b9p16p4422.cern.ch
	CondorScratchDir = "/pool/condor/dir_1984072"
	Cpus = 1
	Disk = 10003221
	GPUs = 0
	Memory = 3000
...
040 (7944174.046.000) 07/08 17:44:58 Started transferring output files
...
040 (7944174.046.000) 07/08 17:44:58 Finished transferring output files
...
012 (7944174.046.000) 07/08 17:44:58 Job was held.
	Job held by ON_EXIT_HOLD due to exit code 1.
	Code 3 Subcode 0
...
013 (7944174.046.000) 07/08 17:55:47 Job was released.
	The job attribute PeriodicRelease expression '(NumJobStarts < 3) && ((CurrentTime - EnteredCurrentStatus) > 10 * 60)' evaluated to TRUE
...
040 (7944174.046.000) 07/08 18:01:05 Started transferring input files
	Transferring to host: <188.185.196.93:9618?addrs=188.185.196.93-9618+[2001-1458-303-23--100-59]-9618&alias=b9p16p2468.cern.ch&noUDP&sock=slot1_25_3821723_552a_19083>
...
040 (7944174.046.000) 07/08 18:01:05 Finished transferring input files
...
001 (7944174.046.000) 07/08 18:01:05 Job executing on host: <188.185.196.93:9618?addrs=188.185.196.93-9618+[2001-1458-303-23--100-59]-9618&alias=b9p16p2468.cern.ch&noUDP&sock=startd_3821675_c153>
	SlotName: slot1_25@b9p16p2468.cern.ch
	CondorScratchDir = "/pool/condor/dir_2506090"
	Cpus = 1
	Disk = 10000554
	GPUs = 0
	Memory = 3000
...
006 (7944174.046.000) 07/08 18:01:15 Image size of job updated: 225000
	35  -  MemoryUsage of job (MB)
	35440  -  ResidentSetSize of job (KB)
...
040 (7944174.046.000) 07/08 18:01:31 Started transferring output files
...
040 (7944174.046.000) 07/08 18:01:31 Finished transferring output files
...
012 (7944174.046.000) 07/08 18:01:31 Job was held.
	Job held by ON_EXIT_HOLD due to exit code 1.
	Code 3 Subcode 0
...
