000 (7944174.461.000) 07/08 17:29:05 Job submitted from host: <188.185.16.120:9618?addrs=188.185.16.120-9618+[2001-1458-d00-65--100-39b]-9618&alias=bigbird27.cern.ch&noUDP&sock=schedd_4465_3274>
...
040 (7944174.461.000) 07/08 17:34:36 Started transferring input files
	Transferring to host: <188.185.192.89:9618?addrs=188.185.192.89-9618&alias=b9p13p4128.cern.ch&noUDP&sock=slot1_14_1567943_6fa9_27899>
...
040 (7944174.461.000) 07/08 17:34:36 Finished transferring input files
...
001 (7944174.461.000) 07/08 17:34:36 Job executing on host: <188.185.192.89:9618?addrs=188.185.192.89-9618&alias=b9p13p4128.cern.ch&noUDP&sock=startd_1567896_d28e>
	SlotName: slot1_14@b9p13p4128.cern.ch
	CondorScratchDir = "/pool/condor/dir_1478972"
	Cpus = 1
	Disk = 10003170
	GPUs = 0
	Memory = 3000
...
006 (7944174.461.000) 07/08 17:34:50 Image size of job updated: 149596
	147  -  MemoryUsage of job (MB)
	149596  -  ResidentSetSize of job (KB)
...
006 (7944174.461.000) 07/08 17:34:55 Image size of job updated: 167384
	147  -  MemoryUsage of job (MB)
	149636  -  ResidentSetSize of job (KB)
...
040 (7944174.461.000) 07/08 17:34:55 Started transferring output files
...
040 (7944174.461.000) 07/08 17:34:55 Finished transferring output files
...
012 (7944174.461.000) 07/08 17:34:55 Job was held.
	Job held by ON_EXIT_HOLD due to exit code 1.
	Code 3 Subcode 0
...
013 (7944174.461.000) 07/08 17:46:03 Job was released.
	The job attribute PeriodicRelease expression '(NumJobStarts < 3) && ((CurrentTime - EnteredCurrentStatus) > 10 * 60)' evaluated to TRUE
...
040 (7944174.461.000) 07/08 17:47:27 Started transferring input files
	Transferring to host: <188.185.193.186:9618?addrs=188.185.193.186-9618+[2001-1458-303-20--100-b6]-9618&alias=b9p19p6126.cern.ch&noUDP&sock=slot1_2_2890534_7160_23644>
...
040 (7944174.461.000) 07/08 17:47:28 Finished transferring input files
...
001 (7944174.461.000) 07/08 17:47:28 Job executing on host: <188.185.193.186:9618?addrs=188.185.193.186-9618+[2001-1458-303-20--100-b6]-9618&alias=b9p19p6126.cern.ch&noUDP&sock=startd_2890484_2ead>
	SlotName: slot1_2@b9p19p6126.cern.ch
	CondorScratchDir = "/pool/condor/dir_1422896"
	Cpus = 1
	Disk = 10017809
	GPUs = 0
	Memory = 3000
...
006 (7944174.461.000) 07/08 17:48:07 Image size of job updated: 187284
	147  -  MemoryUsage of job (MB)
	150000  -  ResidentSetSize of job (KB)
...
040 (7944174.461.000) 07/08 17:48:07 Started transferring output files
...
040 (7944174.461.000) 07/08 17:48:07 Finished transferring output files
...
012 (7944174.461.000) 07/08 17:48:07 Job was held.
	Job held by ON_EXIT_HOLD due to exit code 1.
	Code 3 Subcode 0
...
013 (7944174.461.000) 07/08 17:58:13 Job was released.
	The job attribute PeriodicRelease expression '(NumJobStarts < 3) && ((CurrentTime - EnteredCurrentStatus) > 10 * 60)' evaluated to TRUE
...
040 (7944174.461.000) 07/08 18:15:31 Started transferring input files
	Transferring to host: <188.185.210.36:9618?addrs=188.185.210.36-9618+[2001-1458-303-1--100-20]-9618&alias=b9p21p5630.cern.ch&noUDP&sock=slot1_11_8381_ec2e_42973>
...
040 (7944174.461.000) 07/08 18:15:32 Finished transferring input files
...
001 (7944174.461.000) 07/08 18:15:32 Job executing on host: <188.185.210.36:9618?addrs=188.185.210.36-9618+[2001-1458-303-1--100-20]-9618&alias=b9p21p5630.cern.ch&noUDP&sock=startd_7866_000d>
	SlotName: slot1_11@b9p21p5630.cern.ch
	CondorScratchDir = "/pool/condor/dir_3583597"
	Cpus = 1
	Disk = 10001380
	GPUs = 0
	Memory = 3000
...
040 (7944174.461.000) 07/08 18:15:50 Started transferring output files
...
040 (7944174.461.000) 07/08 18:15:50 Finished transferring output files
...
012 (7944174.461.000) 07/08 18:15:50 Job was held.
	Job held by ON_EXIT_HOLD due to exit code 1.
	Code 3 Subcode 0
...
