000 (7944174.462.000) 07/08 17:29:05 Job submitted from host: <188.185.16.120:9618?addrs=188.185.16.120-9618+[2001-1458-d00-65--100-39b]-9618&alias=bigbird27.cern.ch&noUDP&sock=schedd_4465_3274>
...
040 (7944174.462.000) 07/08 17:35:14 Started transferring input files
	Transferring to host: <188.185.192.134:9618?addrs=188.185.192.134-9618+[2001-1458-303-1f--100-82]-9618&alias=b9p13p5632.cern.ch&noUDP&sock=slot1_21_3480487_b376_16764>
...
040 (7944174.462.000) 07/08 17:35:14 Finished transferring input files
...
001 (7944174.462.000) 07/08 17:35:14 Job executing on host: <188.185.192.134:9618?addrs=188.185.192.134-9618+[2001-1458-303-1f--100-82]-9618&alias=b9p13p5632.cern.ch&noUDP&sock=startd_3480449_19e4>
	SlotName: slot1_21@b9p13p5632.cern.ch
	CondorScratchDir = "/pool/condor/dir_2918779"
	Cpus = 1
	Disk = 10012253
	GPUs = 0
	Memory = 3000
...
006 (7944174.462.000) 07/08 17:35:28 Image size of job updated: 83040
	82  -  MemoryUsage of job (MB)
	83040  -  ResidentSetSize of job (KB)
...
006 (7944174.462.000) 07/08 17:35:33 Image size of job updated: 162036
	83  -  MemoryUsage of job (MB)
	84180  -  ResidentSetSize of job (KB)
...
040 (7944174.462.000) 07/08 17:35:33 Started transferring output files
...
040 (7944174.462.000) 07/08 17:35:33 Finished transferring output files
...
012 (7944174.462.000) 07/08 17:35:33 Job was held.
	Job held by ON_EXIT_HOLD due to exit code 1.
	Code 3 Subcode 0
...
013 (7944174.462.000) 07/08 17:46:03 Job was released.
	The job attribute PeriodicRelease expression '(NumJobStarts < 3) && ((CurrentTime - EnteredCurrentStatus) > 10 * 60)' evaluated to TRUE
...
040 (7944174.462.000) 07/08 17:47:28 Started transferring input files
	Transferring to host: <188.185.194.17:9618?addrs=188.185.194.17-9618+[2001-1458-303-21--100-d]-9618&alias=b9p20p4452.cern.ch&noUDP&sock=slot1_3_5463_ed77_25164>
...
040 (7944174.462.000) 07/08 17:47:28 Finished transferring input files
...
001 (7944174.462.000) 07/08 17:47:28 Job executing on host: <188.185.194.17:9618?addrs=188.185.194.17-9618+[2001-1458-303-21--100-d]-9618&alias=b9p20p4452.cern.ch&noUDP&sock=startd_4893_c4fd>
	SlotName: slot1_3@b9p20p4452.cern.ch
	CondorScratchDir = "/pool/condor/dir_1092803"
	Cpus = 1
	Disk = 10025589
	GPUs = 0
	Memory = 3000
...
006 (7944174.462.000) 07/08 17:47:57 Image size of job updated: 185740
	98  -  MemoryUsage of job (MB)
	100000  -  ResidentSetSize of job (KB)
...
040 (7944174.462.000) 07/08 17:47:57 Started transferring output files
...
040 (7944174.462.000) 07/08 17:47:57 Finished transferring output files
...
012 (7944174.462.000) 07/08 17:47:57 Job was held.
	Job held by ON_EXIT_HOLD due to exit code 1.
	Code 3 Subcode 0
...
013 (7944174.462.000) 07/08 17:58:13 Job was released.
	The job attribute PeriodicRelease expression '(NumJobStarts < 3) && ((CurrentTime - EnteredCurrentStatus) > 10 * 60)' evaluated to TRUE
...
040 (7944174.462.000) 07/08 18:15:31 Started transferring input files
	Transferring to host: <128.142.192.161:9618?addrs=128.142.192.161-9618+[2001-1458-301-56--100-1d]-9618&alias=b9g18p0292.cern.ch&noUDP&sock=slot1_15_3554_dd4a_104291>
...
040 (7944174.462.000) 07/08 18:15:32 Finished transferring input files
...
001 (7944174.462.000) 07/08 18:15:32 Job executing on host: <128.142.192.161:9618?addrs=128.142.192.161-9618+[2001-1458-301-56--100-1d]-9618&alias=b9g18p0292.cern.ch&noUDP&sock=startd_3513_344b>
	SlotName: slot1_15@b9g18p0292.cern.ch
	CondorScratchDir = "/pool/condor/dir_1088261"
	Cpus = 1
	Disk = 10071884
	GPUs = 0
	Memory = 3000
...
040 (7944174.462.000) 07/08 18:15:50 Started transferring output files
...
040 (7944174.462.000) 07/08 18:15:50 Finished transferring output files
...
012 (7944174.462.000) 07/08 18:15:50 Job was held.
	Job held by ON_EXIT_HOLD due to exit code 1.
	Code 3 Subcode 0
...
