000 (7944174.463.000) 07/08 17:29:05 Job submitted from host: <188.185.16.120:9618?addrs=188.185.16.120-9618+[2001-1458-d00-65--100-39b]-9618&alias=bigbird27.cern.ch&noUDP&sock=schedd_4465_3274>
...
040 (7944174.463.000) 07/08 17:33:41 Started transferring input files
	Transferring to host: <128.142.192.194:9618?addrs=128.142.192.194-9618+[2001-1458-301-56--100-3e]-9618&alias=b9g18p2454.cern.ch&noUDP&sock=slot1_11_6665_d868_13743>
...
040 (7944174.463.000) 07/08 17:33:42 Finished transferring input files
...
001 (7944174.463.000) 07/08 17:33:42 Job executing on host: <128.142.192.194:9618?addrs=128.142.192.194-9618+[2001-1458-301-56--100-3e]-9618&alias=b9g18p2454.cern.ch&noUDP&sock=startd_5912_b7ff>
	SlotName: slot1_11@b9g18p2454.cern.ch
	CondorScratchDir = "/pool/condor/dir_1852041"
	Cpus = 1
	Disk = 10002785
	GPUs = 0
	Memory = 3000
...
006 (7944174.463.000) 07/08 17:33:56 Image size of job updated: 25772
	26  -  MemoryUsage of job (MB)
	25772  -  ResidentSetSize of job (KB)
...
006 (7944174.463.000) 07/08 17:34:37 Image size of job updated: 200616
	26  -  MemoryUsage of job (MB)
	25772  -  ResidentSetSize of job (KB)
...
040 (7944174.463.000) 07/08 17:34:37 Started transferring output files
...
040 (7944174.463.000) 07/08 17:34:37 Finished transferring output files
...
012 (7944174.463.000) 07/08 17:34:37 Job was held.
	Job held by ON_EXIT_HOLD due to exit code 1.
	Code 3 Subcode 0
...
013 (7944174.463.000) 07/08 17:46:03 Job was released.
	The job attribute PeriodicRelease expression '(NumJobStarts < 3) && ((CurrentTime - EnteredCurrentStatus) > 10 * 60)' evaluated to TRUE
...
040 (7944174.463.000) 07/08 17:47:54 Started transferring input files
	Transferring to host: <188.185.193.97:9618?addrs=188.185.193.97-9618+[2001-1458-303-20--100-5d]-9618&alias=b9p19p9988.cern.ch&noUDP&sock=slot1_33_6116_0672_22908>
...
040 (7944174.463.000) 07/08 17:47:54 Finished transferring input files
...
001 (7944174.463.000) 07/08 17:47:54 Job executing on host: <188.185.193.97:9618?addrs=188.185.193.97-9618+[2001-1458-303-20--100-5d]-9618&alias=b9p19p9988.cern.ch&noUDP&sock=startd_6071_c78e>
	SlotName: slot1_33@b9p19p9988.cern.ch
	CondorScratchDir = "/pool/condor/dir_775621"
	Cpus = 1
	Disk = 10000866
	GPUs = 0
	Memory = 3000
...
006 (7944174.463.000) 07/08 17:48:08 Image size of job updated: 225000
	32  -  MemoryUsage of job (MB)
	32176  -  ResidentSetSize of job (KB)
...
006 (7944174.463.000) 07/08 17:48:14 Image size of job updated: 225000
	32  -  MemoryUsage of job (MB)
	32556  -  ResidentSetSize of job (KB)
...
040 (7944174.463.000) 07/08 17:48:14 Started transferring output files
...
040 (7944174.463.000) 07/08 17:48:14 Finished transferring output files
...
012 (7944174.463.000) 07/08 17:48:14 Job was held.
	Job held by ON_EXIT_HOLD due to exit code 1.
	Code 3 Subcode 0
...
013 (7944174.463.000) 07/08 18:01:00 Job was released.
	The job attribute PeriodicRelease expression '(NumJobStarts < 3) && ((CurrentTime - EnteredCurrentStatus) > 10 * 60)' evaluated to TRUE
...
040 (7944174.463.000) 07/08 18:20:03 Started transferring input files
	Transferring to host: <188.185.198.132:9618?addrs=188.185.198.132-9618+[2001-1458-303-25--100-80]-9618&alias=b9p15p3661.cern.ch&noUDP&sock=slot1_15_1236437_7840_31396>
...
040 (7944174.463.000) 07/08 18:20:04 Finished transferring input files
...
001 (7944174.463.000) 07/08 18:20:04 Job executing on host: <188.185.198.132:9618?addrs=188.185.198.132-9618+[2001-1458-303-25--100-80]-9618&alias=b9p15p3661.cern.ch&noUDP&sock=startd_1236392_a6dc>
	SlotName: slot1_15@b9p15p3661.cern.ch
	CondorScratchDir = "/pool/condor/dir_23057"
	Cpus = 1
	Disk = 10029060
	GPUs = 0
	Memory = 3000
...
006 (7944174.463.000) 07/08 18:20:17 Image size of job updated: 225000
	87  -  MemoryUsage of job (MB)
	88276  -  ResidentSetSize of job (KB)
...
040 (7944174.463.000) 07/08 18:20:22 Started transferring output files
...
040 (7944174.463.000) 07/08 18:20:22 Finished transferring output files
...
012 (7944174.463.000) 07/08 18:20:22 Job was held.
	Job held by ON_EXIT_HOLD due to exit code 1.
	Code 3 Subcode 0
...
