000 (7944174.465.000) 07/08 17:29:05 Job submitted from host: <188.185.16.120:9618?addrs=188.185.16.120-9618+[2001-1458-d00-65--100-39b]-9618&alias=bigbird27.cern.ch&noUDP&sock=schedd_4465_3274>
...
040 (7944174.465.000) 07/08 17:34:37 Started transferring input files
	Transferring to host: <188.185.196.60:9618?addrs=188.185.196.60-9618+[2001-1458-303-23--100-38]-9618&alias=b9p16p4437.cern.ch&noUDP&sock=slot1_20_6096_eef1_40941>
...
040 (7944174.465.000) 07/08 17:34:38 Finished transferring input files
...
001 (7944174.465.000) 07/08 17:34:38 Job executing on host: <188.185.196.60:9618?addrs=188.185.196.60-9618+[2001-1458-303-23--100-38]-9618&alias=b9p16p4437.cern.ch&noUDP&sock=startd_5462_0e60>
	SlotName: slot1_20@b9p16p4437.cern.ch
	CondorScratchDir = "/pool/condor/dir_2757514"
	Cpus = 1
	Disk = 10015164
	GPUs = 0
	Memory = 3000
...
006 (7944174.465.000) 07/08 17:34:46 Image size of job updated: 158752
	156  -  MemoryUsage of job (MB)
	158752  -  ResidentSetSize of job (KB)
...
040 (7944174.465.000) 07/08 17:34:51 Started transferring output files
...
040 (7944174.465.000) 07/08 17:34:51 Finished transferring output files
...
012 (7944174.465.000) 07/08 17:34:51 Job was held.
	Job held by ON_EXIT_HOLD due to exit code 1.
	Code 3 Subcode 0
...
013 (7944174.465.000) 07/08 17:46:03 Job was released.
	The job attribute PeriodicRelease expression '(NumJobStarts < 3) && ((CurrentTime - EnteredCurrentStatus) > 10 * 60)' evaluated to TRUE
...
040 (7944174.465.000) 07/08 17:47:27 Started transferring input files
	Transferring to host: <188.185.198.163:9618?addrs=188.185.198.163-9618+[2001-1458-303-25--100-9f]-9618&alias=b9p15p5599.cern.ch&noUDP&sock=slot1_23_8990_04a7_37777>
...
040 (7944174.465.000) 07/08 17:47:27 Finished transferring input files
...
001 (7944174.465.000) 07/08 17:47:27 Job executing on host: <188.185.198.163:9618?addrs=188.185.198.163-9618+[2001-1458-303-25--100-9f]-9618&alias=b9p15p5599.cern.ch&noUDP&sock=startd_8928_71a1>
	SlotName: slot1_23@b9p15p5599.cern.ch
	CondorScratchDir = "/pool/condor/dir_1876233"
	Cpus = 1
	Disk = 10003164
	GPUs = 0
	Memory = 3000
...
040 (7944174.465.000) 07/08 17:47:43 Started transferring output files
...
040 (7944174.465.000) 07/08 17:47:43 Finished transferring output files
...
012 (7944174.465.000) 07/08 17:47:43 Job was held.
	Job held by ON_EXIT_HOLD due to exit code 1.
	Code 3 Subcode 0
...
013 (7944174.465.000) 07/08 17:58:13 Job was released.
	The job attribute PeriodicRelease expression '(NumJobStarts < 3) && ((CurrentTime - EnteredCurrentStatus) > 10 * 60)' evaluated to TRUE
...
040 (7944174.465.000) 07/08 18:15:32 Started transferring input files
	Transferring to host: <188.185.213.33:9618?addrs=188.185.213.33-9618+[2001-1458-303-1a--100-1d]-9618&alias=b9p27p3404.cern.ch&noUDP&sock=slot1_10_3395711_56ff_22637>
...
040 (7944174.465.000) 07/08 18:15:32 Finished transferring input files
...
001 (7944174.465.000) 07/08 18:15:32 Job executing on host: <188.185.213.33:9618?addrs=188.185.213.33-9618+[2001-1458-303-1a--100-1d]-9618&alias=b9p27p3404.cern.ch&noUDP&sock=startd_3395626_9413>
	SlotName: slot1_10@b9p27p3404.cern.ch
	CondorScratchDir = "/pool/condor/dir_1144519"
	Cpus = 1
	Disk = 10053120
	GPUs = 0
	Memory = 3000
...
006 (7944174.465.000) 07/08 18:15:53 Image size of job updated: 214332
	171  -  MemoryUsage of job (MB)
	175000  -  ResidentSetSize of job (KB)
...
040 (7944174.465.000) 07/08 18:15:53 Started transferring output files
...
040 (7944174.465.000) 07/08 18:15:53 Finished transferring output files
...
012 (7944174.465.000) 07/08 18:15:53 Job was held.
	Job held by ON_EXIT_HOLD due to exit code 1.
	Code 3 Subcode 0
...
