000 (7944174.466.000) 07/08 17:29:05 Job submitted from host: <188.185.16.120:9618?addrs=188.185.16.120-9618+[2001-1458-d00-65--100-39b]-9618&alias=bigbird27.cern.ch&noUDP&sock=schedd_4465_3274>
...
040 (7944174.466.000) 07/08 17:34:37 Started transferring input files
	Transferring to host: <188.185.210.9:9618?addrs=188.185.210.9-9618+[2001-1458-303-1--100-5]-9618&alias=b9p21p5099.cern.ch&noUDP&sock=slot1_9_2699322_4a80_22417>
...
040 (7944174.466.000) 07/08 17:34:38 Finished transferring input files
...
001 (7944174.466.000) 07/08 17:34:38 Job executing on host: <188.185.210.9:9618?addrs=188.185.210.9-9618+[2001-1458-303-1--100-5]-9618&alias=b9p21p5099.cern.ch&noUDP&sock=startd_2699256_ae13>
	SlotName: slot1_9@b9p21p5099.cern.ch
	CondorScratchDir = "/pool/condor/dir_1230049"
	Cpus = 1
	Disk = 10009084
	GPUs = 0
	Memory = 3000
...
006 (7944174.466.000) 07/08 17:34:46 Image size of job updated: 170468
	167  -  MemoryUsage of job (MB)
	170468  -  ResidentSetSize of job (KB)
...
006 (7944174.466.000) 07/08 17:34:49 Image size of job updated: 170468
	167  -  MemoryUsage of job (MB)
	170972  -  ResidentSetSize of job (KB)
...
040 (7944174.466.000) 07/08 17:34:49 Started transferring output files
...
040 (7944174.466.000) 07/08 17:34:50 Finished transferring output files
...
012 (7944174.466.000) 07/08 17:34:50 Job was held.
	Job held by ON_EXIT_HOLD due to exit code 1.
	Code 3 Subcode 0
...
013 (7944174.466.000) 07/08 17:46:03 Job was released.
	The job attribute PeriodicRelease expression '(NumJobStarts < 3) && ((CurrentTime - EnteredCurrentStatus) > 10 * 60)' evaluated to TRUE
...
040 (7944174.466.000) 07/08 17:47:30 Started transferring input files
	Transferring to host: <188.185.215.149:9618?addrs=188.185.215.149-9618+[2001-1458-303-26--100-11]-9618&alias=b9p18p4489.cern.ch&noUDP&sock=slot1_30_40005_e434_19014>
...
040 (7944174.466.000) 07/08 17:47:31 Finished transferring input files
...
001 (7944174.466.000) 07/08 17:47:31 Job executing on host: <188.185.215.149:9618?addrs=188.185.215.149-9618+[2001-1458-303-26--100-11]-9618&alias=b9p18p4489.cern.ch&noUDP&sock=startd_39950_f4a0>
	SlotName: slot1_30@b9p18p4489.cern.ch
	CondorScratchDir = "/pool/condor/dir_1446663"
	Cpus = 1
	Disk = 10003807
	GPUs = 0
	Memory = 3000
...
006 (7944174.466.000) 07/08 17:48:02 Image size of job updated: 209324
	171  -  MemoryUsage of job (MB)
	175000  -  ResidentSetSize of job (KB)
...
040 (7944174.466.000) 07/08 17:48:02 Started transferring output files
...
040 (7944174.466.000) 07/08 17:48:02 Finished transferring output files
...
012 (7944174.466.000) 07/08 17:48:02 Job was held.
	Job held by ON_EXIT_HOLD due to exit code 1.
	Code 3 Subcode 0
...
013 (7944174.466.000) 07/08 17:58:13 Job was released.
	The job attribute PeriodicRelease expression '(NumJobStarts < 3) && ((CurrentTime - EnteredCurrentStatus) > 10 * 60)' evaluated to TRUE
...
040 (7944174.466.000) 07/08 18:15:32 Started transferring input files
	Transferring to host: <128.142.161.100:9618?addrs=128.142.161.100-9618+[2001-1458-301-b8--100-22]-9618&alias=b9g03p2461.cern.ch&noUDP&sock=slot1_15_11185_9820_27227>
...
040 (7944174.466.000) 07/08 18:15:33 Finished transferring input files
...
001 (7944174.466.000) 07/08 18:15:33 Job executing on host: <128.142.161.100:9618?addrs=128.142.161.100-9618+[2001-1458-301-b8--100-22]-9618&alias=b9g03p2461.cern.ch&noUDP&sock=startd_9904_e610>
	SlotName: slot1_15@b9g03p2461.cern.ch
	CondorScratchDir = "/pool/condor/dir_621202"
	Cpus = 1
	Disk = 10001054
	GPUs = 0
	Memory = 3000
...
040 (7944174.466.000) 07/08 18:15:57 Started transferring output files
...
040 (7944174.466.000) 07/08 18:15:57 Finished transferring output files
...
012 (7944174.466.000) 07/08 18:15:57 Job was held.
	Job held by ON_EXIT_HOLD due to exit code 1.
	Code 3 Subcode 0
...
