000 (7944174.468.000) 07/08 17:29:05 Job submitted from host: <188.185.16.120:9618?addrs=188.185.16.120-9618+[2001-1458-d00-65--100-39b]-9618&alias=bigbird27.cern.ch&noUDP&sock=schedd_4465_3274>
...
040 (7944174.468.000) 07/08 17:34:37 Started transferring input files
	Transferring to host: <188.185.198.163:9618?addrs=188.185.198.163-9618+[2001-1458-303-25--100-9f]-9618&alias=b9p15p5599.cern.ch&noUDP&sock=slot1_9_8990_04a7_37766>
...
040 (7944174.468.000) 07/08 17:34:38 Finished transferring input files
...
001 (7944174.468.000) 07/08 17:34:38 Job executing on host: <188.185.198.163:9618?addrs=188.185.198.163-9618+[2001-1458-303-25--100-9f]-9618&alias=b9p15p5599.cern.ch&noUDP&sock=startd_8928_71a1>
	SlotName: slot1_9@b9p15p5599.cern.ch
	CondorScratchDir = "/pool/condor/dir_1850985"
	Cpus = 1
	Disk = 10003846
	GPUs = 0
	Memory = 3000
...
006 (7944174.468.000) 07/08 17:34:46 Image size of job updated: 30936
	31  -  MemoryUsage of job (MB)
	30936  -  ResidentSetSize of job (KB)
...
040 (7944174.468.000) 07/08 17:34:58 Started transferring output files
...
040 (7944174.468.000) 07/08 17:34:58 Finished transferring output files
...
012 (7944174.468.000) 07/08 17:34:58 Job was held.
	Job held by ON_EXIT_HOLD due to exit code 1.
	Code 3 Subcode 0
...
013 (7944174.468.000) 07/08 17:46:03 Job was released.
	The job attribute PeriodicRelease expression '(NumJobStarts < 3) && ((CurrentTime - EnteredCurrentStatus) > 10 * 60)' evaluated to TRUE
...
040 (7944174.468.000) 07/08 17:47:29 Started transferring input files
	Transferring to host: <128.142.161.80:9618?addrs=128.142.161.80-9618+[2001-1458-301-b8--100-e]-9618&alias=b9g03p6247.cern.ch&noUDP&sock=slot1_28_3324_cf00_11726>
...
040 (7944174.468.000) 07/08 17:47:30 Finished transferring input files
...
001 (7944174.468.000) 07/08 17:47:30 Job executing on host: <128.142.161.80:9618?addrs=128.142.161.80-9618+[2001-1458-301-b8--100-e]-9618&alias=b9g03p6247.cern.ch&noUDP&sock=startd_3264_6936>
	SlotName: slot1_28@b9g03p6247.cern.ch
	CondorScratchDir = "/pool/condor/dir_3253562"
	Cpus = 1
	Disk = 10003520
	GPUs = 0
	Memory = 3000
...
006 (7944174.468.000) 07/08 17:47:43 Image size of job updated: 32516
	32  -  MemoryUsage of job (MB)
	32516  -  ResidentSetSize of job (KB)
...
006 (7944174.468.000) 07/08 17:48:04 Image size of job updated: 189868
	32  -  MemoryUsage of job (MB)
	32648  -  ResidentSetSize of job (KB)
...
040 (7944174.468.000) 07/08 17:48:04 Started transferring output files
...
040 (7944174.468.000) 07/08 17:48:04 Finished transferring output files
...
012 (7944174.468.000) 07/08 17:48:04 Job was held.
	Job held by ON_EXIT_HOLD due to exit code 1.
	Code 3 Subcode 0
...
013 (7944174.468.000) 07/08 17:58:13 Job was released.
	The job attribute PeriodicRelease expression '(NumJobStarts < 3) && ((CurrentTime - EnteredCurrentStatus) > 10 * 60)' evaluated to TRUE
...
040 (7944174.468.000) 07/08 18:20:05 Started transferring input files
	Transferring to host: <128.142.161.83:9618?addrs=128.142.161.83-9618+[2001-1458-301-b8--100-11]-9618&alias=b9g03p4706.cern.ch&noUDP&sock=slot1_11_7752_bc34_17581>
...
040 (7944174.468.000) 07/08 18:20:06 Finished transferring input files
...
001 (7944174.468.000) 07/08 18:20:06 Job executing on host: <128.142.161.83:9618?addrs=128.142.161.83-9618+[2001-1458-301-b8--100-11]-9618&alias=b9g03p4706.cern.ch&noUDP&sock=startd_6311_6648>
	SlotName: slot1_11@b9g03p4706.cern.ch
	CondorScratchDir = "/pool/condor/dir_1393080"
	Cpus = 1
	Disk = 10069129
	GPUs = 0
	Memory = 3000
...
006 (7944174.468.000) 07/08 18:20:29 Image size of job updated: 201696
	35  -  MemoryUsage of job (MB)
	35000  -  ResidentSetSize of job (KB)
...
040 (7944174.468.000) 07/08 18:20:29 Started transferring output files
...
040 (7944174.468.000) 07/08 18:20:29 Finished transferring output files
...
012 (7944174.468.000) 07/08 18:20:29 Job was held.
	Job held by ON_EXIT_HOLD due to exit code 1.
	Code 3 Subcode 0
...
