000 (7944174.470.000) 07/08 17:29:05 Job submitted from host: <188.185.16.120:9618?addrs=188.185.16.120-9618+[2001-1458-d00-65--100-39b]-9618&alias=bigbird27.cern.ch&noUDP&sock=schedd_4465_3274>
...
040 (7944174.470.000) 07/08 17:34:38 Started transferring input files
	Transferring to host: <188.185.198.18:9618?addrs=188.185.198.18-9618+[2001-1458-303-25--100-e]-9618&alias=b9p15p0252.cern.ch&noUDP&sock=slot1_3_6661_06e8_37350>
...
040 (7944174.470.000) 07/08 17:34:38 Finished transferring input files
...
001 (7944174.470.000) 07/08 17:34:38 Job executing on host: <188.185.198.18:9618?addrs=188.185.198.18-9618+[2001-1458-303-25--100-e]-9618&alias=b9p15p0252.cern.ch&noUDP&sock=startd_5964_62eb>
	SlotName: slot1_3@b9p15p0252.cern.ch
	CondorScratchDir = "/pool/condor/dir_3441994"
	Cpus = 1
	Disk = 10001117
	GPUs = 0
	Memory = 3000
...
006 (7944174.470.000) 07/08 17:34:47 Image size of job updated: 134368
	132  -  MemoryUsage of job (MB)
	134368  -  ResidentSetSize of job (KB)
...
006 (7944174.470.000) 07/08 17:34:52 Image size of job updated: 134368
	133  -  MemoryUsage of job (MB)
	135392  -  ResidentSetSize of job (KB)
...
040 (7944174.470.000) 07/08 17:34:52 Started transferring output files
...
040 (7944174.470.000) 07/08 17:34:52 Finished transferring output files
...
012 (7944174.470.000) 07/08 17:34:52 Job was held.
	Job held by ON_EXIT_HOLD due to exit code 1.
	Code 3 Subcode 0
...
013 (7944174.470.000) 07/08 17:46:03 Job was released.
	The job attribute PeriodicRelease expression '(NumJobStarts < 3) && ((CurrentTime - EnteredCurrentStatus) > 10 * 60)' evaluated to TRUE
...
040 (7944174.470.000) 07/08 17:47:58 Started transferring input files
	Transferring to host: <188.185.194.128:9618?addrs=188.185.194.128-9618+[2001-1458-303-21--100-7c]-9618&alias=b9p20p8653.cern.ch&noUDP&sock=slot1_22_7506_67ea_23644>
...
040 (7944174.470.000) 07/08 17:47:59 Finished transferring input files
...
001 (7944174.470.000) 07/08 17:47:59 Job executing on host: <188.185.194.128:9618?addrs=188.185.194.128-9618+[2001-1458-303-21--100-7c]-9618&alias=b9p20p8653.cern.ch&noUDP&sock=startd_6432_653e>
	SlotName: slot1_22@b9p20p8653.cern.ch
	CondorScratchDir = "/pool/condor/dir_2775159"
	Cpus = 1
	Disk = 10001486
	GPUs = 0
	Memory = 3000
...
006 (7944174.470.000) 07/08 17:48:22 Image size of job updated: 194780
	147  -  MemoryUsage of job (MB)
	150000  -  ResidentSetSize of job (KB)
...
040 (7944174.470.000) 07/08 17:48:22 Started transferring output files
...
040 (7944174.470.000) 07/08 17:48:22 Finished transferring output files
...
012 (7944174.470.000) 07/08 17:48:22 Job was held.
	Job held by ON_EXIT_HOLD due to exit code 1.
	Code 3 Subcode 0
...
013 (7944174.470.000) 07/08 18:01:00 Job was released.
	The job attribute PeriodicRelease expression '(NumJobStarts < 3) && ((CurrentTime - EnteredCurrentStatus) > 10 * 60)' evaluated to TRUE
...
040 (7944174.470.000) 07/08 18:08:32 Started transferring input files
	Transferring to host: <188.185.196.40:9618?addrs=188.185.196.40-9618+[2001-1458-303-23--100-24]-9618&alias=b9p16p2836.cern.ch&noUDP&sock=slot1_17_8318_888b_34400>
...
040 (7944174.470.000) 07/08 18:08:32 Finished transferring input files
...
001 (7944174.470.000) 07/08 18:08:32 Job executing on host: <188.185.196.40:9618?addrs=188.185.196.40-9618+[2001-1458-303-23--100-24]-9618&alias=b9p16p2836.cern.ch&noUDP&sock=startd_7338_d60c>
	SlotName: slot1_17@b9p16p2836.cern.ch
	CondorScratchDir = "/pool/condor/dir_3776000"
	Cpus = 1
	Disk = 10017414
	GPUs = 0
	Memory = 3000
...
006 (7944174.470.000) 07/08 18:09:11 Image size of job updated: 423692
	414  -  MemoryUsage of job (MB)
	423692  -  ResidentSetSize of job (KB)
...
040 (7944174.470.000) 07/08 18:09:11 Started transferring output files
...
040 (7944174.470.000) 07/08 18:09:11 Finished transferring output files
...
012 (7944174.470.000) 07/08 18:09:11 Job was held.
	Job held by ON_EXIT_HOLD due to exit code 1.
	Code 3 Subcode 0
...
