000 (7944174.472.000) 07/08 17:29:05 Job submitted from host: <188.185.16.120:9618?addrs=188.185.16.120-9618+[2001-1458-d00-65--100-39b]-9618&alias=bigbird27.cern.ch&noUDP&sock=schedd_4465_3274>
...
040 (7944174.472.000) 07/08 17:33:45 Started transferring input files
	Transferring to host: <128.142.132.77:9618?addrs=128.142.132.77-9618+[2001-1458-301-5a--100-41]-9618&alias=b9g12p5151.cern.ch&noUDP&sock=slot1_8_2786_bd2a_250341>
...
040 (7944174.472.000) 07/08 17:33:46 Finished transferring input files
...
001 (7944174.472.000) 07/08 17:33:46 Job executing on host: <128.142.132.77:9618?addrs=128.142.132.77-9618+[2001-1458-301-5a--100-41]-9618&alias=b9g12p5151.cern.ch&noUDP&sock=startd_2415_114e>
	SlotName: slot1_8@b9g12p5151.cern.ch
	CondorScratchDir = "/pool/condor/dir_113393"
	Cpus = 1
	Disk = 10004768
	GPUs = 0
	Memory = 3000
...
006 (7944174.472.000) 07/08 17:33:55 Image size of job updated: 44708
	44  -  MemoryUsage of job (MB)
	44708  -  ResidentSetSize of job (KB)
...
006 (7944174.472.000) 07/08 17:34:19 Image size of job updated: 425188
	416  -  MemoryUsage of job (MB)
	425188  -  ResidentSetSize of job (KB)
...
040 (7944174.472.000) 07/08 17:34:19 Started transferring output files
...
040 (7944174.472.000) 07/08 17:34:19 Finished transferring output files
...
012 (7944174.472.000) 07/08 17:34:20 Job was held.
	Job held by ON_EXIT_HOLD due to exit code 1.
	Code 3 Subcode 0
...
013 (7944174.472.000) 07/08 17:46:03 Job was released.
	The job attribute PeriodicRelease expression '(NumJobStarts < 3) && ((CurrentTime - EnteredCurrentStatus) > 10 * 60)' evaluated to TRUE
...
040 (7944174.472.000) 07/08 17:47:52 Started transferring input files
	Transferring to host: <188.185.196.115:9618?addrs=188.185.196.115-9618+[2001-1458-303-23--100-6f]-9618&alias=b9p16p9327.cern.ch&noUDP&sock=slot1_22_8401_03af_36502>
...
040 (7944174.472.000) 07/08 17:47:52 Finished transferring input files
...
001 (7944174.472.000) 07/08 17:47:52 Job executing on host: <188.185.196.115:9618?addrs=188.185.196.115-9618+[2001-1458-303-23--100-6f]-9618&alias=b9p16p9327.cern.ch&noUDP&sock=startd_7152_416e>
	SlotName: slot1_22@b9p16p9327.cern.ch
	CondorScratchDir = "/pool/condor/dir_3168214"
	Cpus = 1
	Disk = 10001567
	GPUs = 0
	Memory = 3000
...
040 (7944174.472.000) 07/08 17:48:06 Started transferring output files
...
040 (7944174.472.000) 07/08 17:48:06 Finished transferring output files
...
012 (7944174.472.000) 07/08 17:48:06 Job was held.
	Job held by ON_EXIT_HOLD due to exit code 1.
	Code 3 Subcode 0
...
013 (7944174.472.000) 07/08 17:58:13 Job was released.
	The job attribute PeriodicRelease expression '(NumJobStarts < 3) && ((CurrentTime - EnteredCurrentStatus) > 10 * 60)' evaluated to TRUE
...
040 (7944174.472.000) 07/08 18:08:31 Started transferring input files
	Transferring to host: <188.185.194.77:9618?addrs=188.185.194.77-9618+[2001-1458-303-21--100-49]-9618&alias=b9p20p3160.cern.ch&noUDP&sock=slot1_21_5647_927f_24394>
...
040 (7944174.472.000) 07/08 18:08:32 Finished transferring input files
...
001 (7944174.472.000) 07/08 18:08:32 Job executing on host: <188.185.194.77:9618?addrs=188.185.194.77-9618+[2001-1458-303-21--100-49]-9618&alias=b9p20p3160.cern.ch&noUDP&sock=startd_5055_e355>
	SlotName: slot1_21@b9p20p3160.cern.ch
	CondorScratchDir = "/pool/condor/dir_993594"
	Cpus = 1
	Disk = 10009565
	GPUs = 0
	Memory = 3000
...
040 (7944174.472.000) 07/08 18:08:52 Started transferring output files
...
040 (7944174.472.000) 07/08 18:08:52 Finished transferring output files
...
012 (7944174.472.000) 07/08 18:08:52 Job was held.
	Job held by ON_EXIT_HOLD due to exit code 1.
	Code 3 Subcode 0
...
