000 (7944174.473.000) 07/08 17:29:05 Job submitted from host: <188.185.16.120:9618?addrs=188.185.16.120-9618+[2001-1458-d00-65--100-39b]-9618&alias=bigbird27.cern.ch&noUDP&sock=schedd_4465_3274>
...
040 (7944174.473.000) 07/08 17:34:38 Started transferring input files
	Transferring to host: <188.185.215.86:9618?addrs=188.185.215.86-9618+[2001-1458-303-1e--100-52]-9618&alias=b9p31p8862.cern.ch&noUDP&sock=slot1_12_2049795_c2b3_22882>
...
040 (7944174.473.000) 07/08 17:34:38 Finished transferring input files
...
001 (7944174.473.000) 07/08 17:34:38 Job executing on host: <188.185.215.86:9618?addrs=188.185.215.86-9618+[2001-1458-303-1e--100-52]-9618&alias=b9p31p8862.cern.ch&noUDP&sock=startd_2049749_e6d3>
	SlotName: slot1_12@b9p31p8862.cern.ch
	CondorScratchDir = "/pool/condor/dir_984038"
	Cpus = 1
	Disk = 10026424
	GPUs = 0
	Memory = 3000
...
006 (7944174.473.000) 07/08 17:34:47 Image size of job updated: 105260
	103  -  MemoryUsage of job (MB)
	105260  -  ResidentSetSize of job (KB)
...
006 (7944174.473.000) 07/08 17:34:53 Image size of job updated: 105260
	104  -  MemoryUsage of job (MB)
	105976  -  ResidentSetSize of job (KB)
...
040 (7944174.473.000) 07/08 17:34:53 Started transferring output files
...
040 (7944174.473.000) 07/08 17:34:53 Finished transferring output files
...
012 (7944174.473.000) 07/08 17:34:53 Job was held.
	Job held by ON_EXIT_HOLD due to exit code 1.
	Code 3 Subcode 0
...
013 (7944174.473.000) 07/08 17:46:03 Job was released.
	The job attribute PeriodicRelease expression '(NumJobStarts < 3) && ((CurrentTime - EnteredCurrentStatus) > 10 * 60)' evaluated to TRUE
...
040 (7944174.473.000) 07/08 17:47:30 Started transferring input files
	Transferring to host: <188.185.193.58:9618?addrs=188.185.193.58-9618+[2001-1458-303-20--100-36]-9618&alias=b9p19p9651.cern.ch&noUDP&sock=slot1_3_4990_a804_23988>
...
040 (7944174.473.000) 07/08 17:47:31 Finished transferring input files
...
001 (7944174.473.000) 07/08 17:47:31 Job executing on host: <188.185.193.58:9618?addrs=188.185.193.58-9618+[2001-1458-303-20--100-36]-9618&alias=b9p19p9651.cern.ch&noUDP&sock=startd_4460_c47b>
	SlotName: slot1_3@b9p19p9651.cern.ch
	CondorScratchDir = "/pool/condor/dir_3864563"
	Cpus = 1
	Disk = 10001547
	GPUs = 0
	Memory = 3000
...
006 (7944174.473.000) 07/08 17:47:44 Image size of job updated: 149056
	146  -  MemoryUsage of job (MB)
	149056  -  ResidentSetSize of job (KB)
...
006 (7944174.473.000) 07/08 17:47:48 Image size of job updated: 199564
	146  -  MemoryUsage of job (MB)
	149056  -  ResidentSetSize of job (KB)
...
040 (7944174.473.000) 07/08 17:47:48 Started transferring output files
...
040 (7944174.473.000) 07/08 17:47:48 Finished transferring output files
...
012 (7944174.473.000) 07/08 17:47:48 Job was held.
	Job held by ON_EXIT_HOLD due to exit code 1.
	Code 3 Subcode 0
...
013 (7944174.473.000) 07/08 17:58:13 Job was released.
	The job attribute PeriodicRelease expression '(NumJobStarts < 3) && ((CurrentTime - EnteredCurrentStatus) > 10 * 60)' evaluated to TRUE
...
040 (7944174.473.000) 07/08 18:08:32 Started transferring input files
	Transferring to host: <188.185.194.111:9618?addrs=188.185.194.111-9618+[2001-1458-303-21--100-6b]-9618&alias=b9p20p3458.cern.ch&noUDP&sock=slot1_13_5187_75ec_24350>
...
040 (7944174.473.000) 07/08 18:08:33 Finished transferring input files
...
001 (7944174.473.000) 07/08 18:08:33 Job executing on host: <188.185.194.111:9618?addrs=188.185.194.111-9618+[2001-1458-303-21--100-6b]-9618&alias=b9p20p3458.cern.ch&noUDP&sock=startd_4478_1d2f>
	SlotName: slot1_13@b9p20p3458.cern.ch
	CondorScratchDir = "/pool/condor/dir_3676516"
	Cpus = 1
	Disk = 10030747
	GPUs = 0
	Memory = 3000
...
006 (7944174.473.000) 07/08 18:09:09 Image size of job updated: 206148
	147  -  MemoryUsage of job (MB)
	150000  -  ResidentSetSize of job (KB)
...
040 (7944174.473.000) 07/08 18:09:09 Started transferring output files
...
040 (7944174.473.000) 07/08 18:09:09 Finished transferring output files
...
012 (7944174.473.000) 07/08 18:09:09 Job was held.
	Job held by ON_EXIT_HOLD due to exit code 1.
	Code 3 Subcode 0
...
