000 (7944174.474.000) 07/08 17:29:05 Job submitted from host: <188.185.16.120:9618?addrs=188.185.16.120-9618+[2001-1458-d00-65--100-39b]-9618&alias=bigbird27.cern.ch&noUDP&sock=schedd_4465_3274>
...
040 (7944174.474.000) 07/08 17:33:44 Started transferring input files
	Transferring to host: <188.185.206.202:9618?addrs=188.185.206.202-9618+[2001-1458-303-c--100-47]-9618&alias=b9p06p2461.cern.ch&noUDP&sock=slot1_9_3623913_4afe_20053>
...
040 (7944174.474.000) 07/08 17:33:45 Finished transferring input files
...
001 (7944174.474.000) 07/08 17:33:45 Job executing on host: <188.185.206.202:9618?addrs=188.185.206.202-9618+[2001-1458-303-c--100-47]-9618&alias=b9p06p2461.cern.ch&noUDP&sock=startd_6537_6ab0>
	SlotName: slot1_9@b9p06p2461.cern.ch
	CondorScratchDir = "/pool/condor/dir_1358520"
	Cpus = 1
	Disk = 10004883
	GPUs = 0
	Memory = 3000
...
006 (7944174.474.000) 07/08 17:33:59 Image size of job updated: 25372
	22  -  MemoryUsage of job (MB)
	21692  -  ResidentSetSize of job (KB)
...
006 (7944174.474.000) 07/08 17:34:16 Image size of job updated: 210516
	22  -  MemoryUsage of job (MB)
	21692  -  ResidentSetSize of job (KB)
...
040 (7944174.474.000) 07/08 17:34:16 Started transferring output files
...
040 (7944174.474.000) 07/08 17:34:16 Finished transferring output files
...
012 (7944174.474.000) 07/08 17:34:16 Job was held.
	Job held by ON_EXIT_HOLD due to exit code 1.
	Code 3 Subcode 0
...
013 (7944174.474.000) 07/08 17:46:03 Job was released.
	The job attribute PeriodicRelease expression '(NumJobStarts < 3) && ((CurrentTime - EnteredCurrentStatus) > 10 * 60)' evaluated to TRUE
...
040 (7944174.474.000) 07/08 17:47:52 Started transferring input files
	Transferring to host: <188.185.193.62:9618?addrs=188.185.193.62-9618+[2001-1458-303-20--100-3a]-9618&alias=b9p19p6922.cern.ch&noUDP&sock=slot1_8_2371690_e875_21620>
...
040 (7944174.474.000) 07/08 17:47:52 Finished transferring input files
...
001 (7944174.474.000) 07/08 17:47:52 Job executing on host: <188.185.193.62:9618?addrs=188.185.193.62-9618+[2001-1458-303-20--100-3a]-9618&alias=b9p19p6922.cern.ch&noUDP&sock=startd_3537_aa91>
	SlotName: slot1_8@b9p19p6922.cern.ch
	CondorScratchDir = "/pool/condor/dir_57234"
	Cpus = 1
	Disk = 10000708
	GPUs = 0
	Memory = 3000
...
006 (7944174.474.000) 07/08 17:48:06 Image size of job updated: 225000
	159  -  MemoryUsage of job (MB)
	162692  -  ResidentSetSize of job (KB)
...
006 (7944174.474.000) 07/08 17:48:10 Image size of job updated: 225000
	160  -  MemoryUsage of job (MB)
	163176  -  ResidentSetSize of job (KB)
...
040 (7944174.474.000) 07/08 17:48:10 Started transferring output files
...
040 (7944174.474.000) 07/08 17:48:10 Finished transferring output files
...
012 (7944174.474.000) 07/08 17:48:10 Job was held.
	Job held by ON_EXIT_HOLD due to exit code 1.
	Code 3 Subcode 0
...
013 (7944174.474.000) 07/08 17:58:13 Job was released.
	The job attribute PeriodicRelease expression '(NumJobStarts < 3) && ((CurrentTime - EnteredCurrentStatus) > 10 * 60)' evaluated to TRUE
...
040 (7944174.474.000) 07/08 18:15:33 Started transferring input files
	Transferring to host: <128.142.161.75:9618?addrs=128.142.161.75-9618+[2001-1458-301-b8--100-9]-9618&alias=b9g03p5635.cern.ch&noUDP&sock=slot1_3_2980783_0716_10659>
...
040 (7944174.474.000) 07/08 18:15:34 Finished transferring input files
...
001 (7944174.474.000) 07/08 18:15:34 Job executing on host: <128.142.161.75:9618?addrs=128.142.161.75-9618+[2001-1458-301-b8--100-9]-9618&alias=b9g03p5635.cern.ch&noUDP&sock=startd_8473_5a0a>
	SlotName: slot1_3@b9g03p5635.cern.ch
	CondorScratchDir = "/pool/condor/dir_3680309"
	Cpus = 1
	Disk = 10099329
	GPUs = 0
	Memory = 3000
...
040 (7944174.474.000) 07/08 18:15:58 Started transferring output files
...
040 (7944174.474.000) 07/08 18:15:58 Finished transferring output files
...
012 (7944174.474.000) 07/08 18:15:58 Job was held.
	Job held by ON_EXIT_HOLD due to exit code 1.
	Code 3 Subcode 0
...
