000 (7944174.476.000) 07/08 17:29:05 Job submitted from host: <188.185.16.120:9618?addrs=188.185.16.120-9618+[2001-1458-d00-65--100-39b]-9618&alias=bigbird27.cern.ch&noUDP&sock=schedd_4465_3274>
...
040 (7944174.476.000) 07/08 17:35:15 Started transferring input files
	Transferring to host: <188.185.214.230:9618?addrs=188.185.214.230-9618+[2001-1458-303-1d--100-62]-9618&alias=b9p30p8659.cern.ch&noUDP&sock=slot1_18_7800_8e36_38268>
...
040 (7944174.476.000) 07/08 17:35:15 Finished transferring input files
...
001 (7944174.476.000) 07/08 17:35:15 Job executing on host: <188.185.214.230:9618?addrs=188.185.214.230-9618+[2001-1458-303-1d--100-62]-9618&alias=b9p30p8659.cern.ch&noUDP&sock=startd_6791_a3be>
	SlotName: slot1_18@b9p30p8659.cern.ch
	CondorScratchDir = "/pool/condor/dir_2022271"
	Cpus = 1
	Disk = 10082478
	GPUs = 0
	Memory = 3000
...
006 (7944174.476.000) 07/08 17:35:24 Image size of job updated: 151800
	149  -  MemoryUsage of job (MB)
	151800  -  ResidentSetSize of job (KB)
...
006 (7944174.476.000) 07/08 17:35:28 Image size of job updated: 151800
	151  -  MemoryUsage of job (MB)
	153840  -  ResidentSetSize of job (KB)
...
040 (7944174.476.000) 07/08 17:35:28 Started transferring output files
...
040 (7944174.476.000) 07/08 17:35:28 Finished transferring output files
...
012 (7944174.476.000) 07/08 17:35:28 Job was held.
	Job held by ON_EXIT_HOLD due to exit code 1.
	Code 3 Subcode 0
...
013 (7944174.476.000) 07/08 17:46:04 Job was released.
	The job attribute PeriodicRelease expression '(NumJobStarts < 3) && ((CurrentTime - EnteredCurrentStatus) > 10 * 60)' evaluated to TRUE
...
040 (7944174.476.000) 07/08 17:47:33 Started transferring input files
	Transferring to host: <188.185.192.181:9618?addrs=188.185.192.181-9618+[2001-1458-303-1f--100-b1]-9618&alias=b9p13p0613.cern.ch&noUDP&sock=slot1_32_8854_31a1_39186>
...
040 (7944174.476.000) 07/08 17:47:33 Finished transferring input files
...
001 (7944174.476.000) 07/08 17:47:33 Job executing on host: <188.185.192.181:9618?addrs=188.185.192.181-9618+[2001-1458-303-1f--100-b1]-9618&alias=b9p13p0613.cern.ch&noUDP&sock=startd_8801_551a>
	SlotName: slot1_32@b9p13p0613.cern.ch
	CondorScratchDir = "/pool/condor/dir_3321453"
	Cpus = 1
	Disk = 10001908
	GPUs = 0
	Memory = 3000
...
006 (7944174.476.000) 07/08 17:48:00 Image size of job updated: 425048
	416  -  MemoryUsage of job (MB)
	425048  -  ResidentSetSize of job (KB)
...
040 (7944174.476.000) 07/08 17:48:00 Started transferring output files
...
040 (7944174.476.000) 07/08 17:48:00 Finished transferring output files
...
012 (7944174.476.000) 07/08 17:48:00 Job was held.
	Job held by ON_EXIT_HOLD due to exit code 1.
	Code 3 Subcode 0
...
013 (7944174.476.000) 07/08 17:58:13 Job was released.
	The job attribute PeriodicRelease expression '(NumJobStarts < 3) && ((CurrentTime - EnteredCurrentStatus) > 10 * 60)' evaluated to TRUE
...
040 (7944174.476.000) 07/08 18:08:33 Started transferring input files
	Transferring to host: <188.185.196.45:9618?addrs=188.185.196.45-9618+[2001-1458-303-23--100-29]-9618&alias=b9p16p5161.cern.ch&noUDP&sock=slot1_12_8748_81dd_40362>
...
040 (7944174.476.000) 07/08 18:08:34 Finished transferring input files
...
001 (7944174.476.000) 07/08 18:08:34 Job executing on host: <188.185.196.45:9618?addrs=188.185.196.45-9618+[2001-1458-303-23--100-29]-9618&alias=b9p16p5161.cern.ch&noUDP&sock=startd_8698_aed9>
	SlotName: slot1_12@b9p16p5161.cern.ch
	CondorScratchDir = "/pool/condor/dir_2436928"
	Cpus = 1
	Disk = 10006976
	GPUs = 0
	Memory = 3000
...
040 (7944174.476.000) 07/08 18:09:11 Started transferring output files
...
040 (7944174.476.000) 07/08 18:09:11 Finished transferring output files
...
012 (7944174.476.000) 07/08 18:09:11 Job was held.
	Job held by ON_EXIT_HOLD due to exit code 1.
	Code 3 Subcode 0
...
