000 (7944174.477.000) 07/08 17:29:05 Job submitted from host: <188.185.16.120:9618?addrs=188.185.16.120-9618+[2001-1458-d00-65--100-39b]-9618&alias=bigbird27.cern.ch&noUDP&sock=schedd_4465_3274>
...
040 (7944174.477.000) 07/08 17:33:45 Started transferring input files
	Transferring to host: <128.142.130.29:9618?addrs=128.142.130.29-9618+[2001-1458-301-58--100-11]-9618&alias=b9g20p5166.cern.ch&noUDP&sock=slot1_2_2808751_ebc2_15245>
...
040 (7944174.477.000) 07/08 17:33:46 Finished transferring input files
...
001 (7944174.477.000) 07/08 17:33:46 Job executing on host: <128.142.130.29:9618?addrs=128.142.130.29-9618+[2001-1458-301-58--100-11]-9618&alias=b9g20p5166.cern.ch&noUDP&sock=startd_2808707_f655>
	SlotName: slot1_2@b9g20p5166.cern.ch
	CondorScratchDir = "/pool/condor/dir_1138095"
	Cpus = 1
	Disk = 10164393
	GPUs = 0
	Memory = 3000
...
006 (7944174.477.000) 07/08 17:34:00 Image size of job updated: 29572
	25  -  MemoryUsage of job (MB)
	25196  -  ResidentSetSize of job (KB)
...
006 (7944174.477.000) 07/08 17:34:22 Image size of job updated: 214064
	25  -  MemoryUsage of job (MB)
	25196  -  ResidentSetSize of job (KB)
...
040 (7944174.477.000) 07/08 17:34:22 Started transferring output files
...
040 (7944174.477.000) 07/08 17:34:22 Finished transferring output files
...
012 (7944174.477.000) 07/08 17:34:22 Job was held.
	Job held by ON_EXIT_HOLD due to exit code 1.
	Code 3 Subcode 0
...
013 (7944174.477.000) 07/08 17:46:04 Job was released.
	The job attribute PeriodicRelease expression '(NumJobStarts < 3) && ((CurrentTime - EnteredCurrentStatus) > 10 * 60)' evaluated to TRUE
...
040 (7944174.477.000) 07/08 17:47:32 Started transferring input files
	Transferring to host: <188.185.192.154:9618?addrs=188.185.192.154-9618+[2001-1458-303-1f--100-96]-9618&alias=b9p13p4549.cern.ch&noUDP&sock=slot1_33_6119_2392_22710>
...
040 (7944174.477.000) 07/08 17:47:32 Finished transferring input files
...
001 (7944174.477.000) 07/08 17:47:32 Job executing on host: <188.185.192.154:9618?addrs=188.185.192.154-9618+[2001-1458-303-1f--100-96]-9618&alias=b9p13p4549.cern.ch&noUDP&sock=startd_6072_7726>
	SlotName: slot1_33@b9p13p4549.cern.ch
	CondorScratchDir = "/pool/condor/dir_362664"
	Cpus = 1
	Disk = 10003089
	GPUs = 0
	Memory = 3000
...
006 (7944174.477.000) 07/08 17:47:46 Image size of job updated: 225000
	30  -  MemoryUsage of job (MB)
	30276  -  ResidentSetSize of job (KB)
...
040 (7944174.477.000) 07/08 17:48:06 Started transferring output files
...
040 (7944174.477.000) 07/08 17:48:06 Finished transferring output files
...
012 (7944174.477.000) 07/08 17:48:06 Job was held.
	Job held by ON_EXIT_HOLD due to exit code 1.
	Code 3 Subcode 0
...
013 (7944174.477.000) 07/08 17:58:13 Job was released.
	The job attribute PeriodicRelease expression '(NumJobStarts < 3) && ((CurrentTime - EnteredCurrentStatus) > 10 * 60)' evaluated to TRUE
...
040 (7944174.477.000) 07/08 18:08:48 Started transferring input files
	Transferring to host: <128.142.192.214:9618?addrs=128.142.192.214-9618+[2001-1458-301-56--100-52]-9618&alias=b9g18p3327.cern.ch&noUDP&sock=slot1_13_2920706_58ab_61169>
...
040 (7944174.477.000) 07/08 18:08:53 Finished transferring input files
...
001 (7944174.477.000) 07/08 18:08:53 Job executing on host: <128.142.192.214:9618?addrs=128.142.192.214-9618+[2001-1458-301-56--100-52]-9618&alias=b9g18p3327.cern.ch&noUDP&sock=startd_3051_4f8a>
	SlotName: slot1_13@b9g18p3327.cern.ch
	CondorScratchDir = "/pool/condor/dir_1713010"
	Cpus = 1
	Disk = 10016119
	GPUs = 0
	Memory = 3000
...
006 (7944174.477.000) 07/08 18:09:01 Image size of job updated: 225000
	41  -  MemoryUsage of job (MB)
	41524  -  ResidentSetSize of job (KB)
...
040 (7944174.477.000) 07/08 18:09:08 Started transferring output files
...
040 (7944174.477.000) 07/08 18:09:08 Finished transferring output files
...
012 (7944174.477.000) 07/08 18:09:08 Job was held.
	Job held by ON_EXIT_HOLD due to exit code 1.
	Code 3 Subcode 0
...
