000 (7944174.479.000) 07/08 17:29:05 Job submitted from host: <188.185.16.120:9618?addrs=188.185.16.120-9618+[2001-1458-d00-65--100-39b]-9618&alias=bigbird27.cern.ch&noUDP&sock=schedd_4465_3274>
...
040 (7944174.479.000) 07/08 17:34:39 Started transferring input files
	Transferring to host: <188.185.193.65:9618?addrs=188.185.193.65-9618+[2001-1458-303-20--100-3d]-9618&alias=b9p19p8978.cern.ch&noUDP&sock=slot1_11_5470_dc18_23492>
...
040 (7944174.479.000) 07/08 17:34:40 Finished transferring input files
...
001 (7944174.479.000) 07/08 17:34:40 Job executing on host: <188.185.193.65:9618?addrs=188.185.193.65-9618+[2001-1458-303-20--100-3d]-9618&alias=b9p19p8978.cern.ch&noUDP&sock=startd_4882_3972>
	SlotName: slot1_11@b9p19p8978.cern.ch
	CondorScratchDir = "/pool/condor/dir_678261"
	Cpus = 1
	Disk = 10000193
	GPUs = 0
	Memory = 3000
...
006 (7944174.479.000) 07/08 17:34:53 Image size of job updated: 39912
	39  -  MemoryUsage of job (MB)
	39912  -  ResidentSetSize of job (KB)
...
006 (7944174.479.000) 07/08 17:35:00 Image size of job updated: 207724
	42  -  MemoryUsage of job (MB)
	42948  -  ResidentSetSize of job (KB)
...
040 (7944174.479.000) 07/08 17:35:00 Started transferring output files
...
040 (7944174.479.000) 07/08 17:35:00 Finished transferring output files
...
012 (7944174.479.000) 07/08 17:35:00 Job was held.
	Job held by ON_EXIT_HOLD due to exit code 1.
	Code 3 Subcode 0
...
013 (7944174.479.000) 07/08 17:46:04 Job was released.
	The job attribute PeriodicRelease expression '(NumJobStarts < 3) && ((CurrentTime - EnteredCurrentStatus) > 10 * 60)' evaluated to TRUE
...
040 (7944174.479.000) 07/08 17:47:52 Started transferring input files
	Transferring to host: <128.142.161.96:9618?addrs=128.142.161.96-9618+[2001-1458-301-b8--100-1e]-9618&alias=b9g03p4133.cern.ch&noUDP&sock=slot1_29_2451515_d783_11786>
...
040 (7944174.479.000) 07/08 17:47:53 Finished transferring input files
...
001 (7944174.479.000) 07/08 17:47:53 Job executing on host: <128.142.161.96:9618?addrs=128.142.161.96-9618+[2001-1458-301-b8--100-1e]-9618&alias=b9g03p4133.cern.ch&noUDP&sock=startd_3331_5e0e>
	SlotName: slot1_29@b9g03p4133.cern.ch
	CondorScratchDir = "/pool/condor/dir_42445"
	Cpus = 1
	Disk = 10001490
	GPUs = 0
	Memory = 3000
...
040 (7944174.479.000) 07/08 17:48:15 Started transferring output files
...
040 (7944174.479.000) 07/08 17:48:15 Finished transferring output files
...
012 (7944174.479.000) 07/08 17:48:15 Job was held.
	Job held by ON_EXIT_HOLD due to exit code 1.
	Code 3 Subcode 0
...
013 (7944174.479.000) 07/08 18:01:00 Job was released.
	The job attribute PeriodicRelease expression '(NumJobStarts < 3) && ((CurrentTime - EnteredCurrentStatus) > 10 * 60)' evaluated to TRUE
...
040 (7944174.479.000) 07/08 18:08:33 Started transferring input files
	Transferring to host: <188.185.212.45:9618?addrs=188.185.212.45-9618+[2001-1458-303-18--100-29]-9618&alias=b9p25p8932.cern.ch&noUDP&sock=slot1_10_482200_4592_21358>
...
040 (7944174.479.000) 07/08 18:08:34 Finished transferring input files
...
001 (7944174.479.000) 07/08 18:08:34 Job executing on host: <188.185.212.45:9618?addrs=188.185.212.45-9618+[2001-1458-303-18--100-29]-9618&alias=b9p25p8932.cern.ch&noUDP&sock=startd_482162_9b20>
	SlotName: slot1_10@b9p25p8932.cern.ch
	CondorScratchDir = "/pool/condor/dir_3065214"
	Cpus = 1
	Disk = 10002417
	GPUs = 0
	Memory = 3000
...
040 (7944174.479.000) 07/08 18:08:58 Started transferring output files
...
040 (7944174.479.000) 07/08 18:08:58 Finished transferring output files
...
012 (7944174.479.000) 07/08 18:08:58 Job was held.
	Job held by ON_EXIT_HOLD due to exit code 1.
	Code 3 Subcode 0
...
