000 (7944174.480.000) 07/08 17:29:05 Job submitted from host: <188.185.16.120:9618?addrs=188.185.16.120-9618+[2001-1458-d00-65--100-39b]-9618&alias=bigbird27.cern.ch&noUDP&sock=schedd_4465_3274>
...
040 (7944174.480.000) 07/08 17:34:39 Started transferring input files
	Transferring to host: <188.185.207.156:9618?addrs=188.185.207.156-9618+[2001-1458-303-e--100-19]-9618&alias=b9p08p8118.cern.ch&noUDP&sock=slot1_18_2218526_03a1_10100>
...
040 (7944174.480.000) 07/08 17:34:40 Finished transferring input files
...
001 (7944174.480.000) 07/08 17:34:40 Job executing on host: <188.185.207.156:9618?addrs=188.185.207.156-9618+[2001-1458-303-e--100-19]-9618&alias=b9p08p8118.cern.ch&noUDP&sock=startd_1840244_e5c5>
	SlotName: slot1_18@b9p08p8118.cern.ch
	CondorScratchDir = "/pool/condor/dir_1989784"
	Cpus = 1
	Disk = 10006714
	GPUs = 0
	Memory = 3000
...
006 (7944174.480.000) 07/08 17:34:48 Image size of job updated: 102100
	100  -  MemoryUsage of job (MB)
	102100  -  ResidentSetSize of job (KB)
...
006 (7944174.480.000) 07/08 17:34:53 Image size of job updated: 102100
	100  -  MemoryUsage of job (MB)
	102152  -  ResidentSetSize of job (KB)
...
040 (7944174.480.000) 07/08 17:34:53 Started transferring output files
...
040 (7944174.480.000) 07/08 17:34:53 Finished transferring output files
...
012 (7944174.480.000) 07/08 17:34:54 Job was held.
	Job held by ON_EXIT_HOLD due to exit code 1.
	Code 3 Subcode 0
...
013 (7944174.480.000) 07/08 17:46:04 Job was released.
	The job attribute PeriodicRelease expression '(NumJobStarts < 3) && ((CurrentTime - EnteredCurrentStatus) > 10 * 60)' evaluated to TRUE
...
040 (7944174.480.000) 07/08 17:47:33 Started transferring input files
	Transferring to host: <188.185.193.114:9618?addrs=188.185.193.114-9618+[2001-1458-303-20--100-6e]-9618&alias=b9p19p8505.cern.ch&noUDP&sock=slot1_24_2612322_ebae_20108>
...
040 (7944174.480.000) 07/08 17:47:33 Finished transferring input files
...
001 (7944174.480.000) 07/08 17:47:33 Job executing on host: <188.185.193.114:9618?addrs=188.185.193.114-9618+[2001-1458-303-20--100-6e]-9618&alias=b9p19p8505.cern.ch&noUDP&sock=startd_2612268_25b8>
	SlotName: slot1_24@b9p19p8505.cern.ch
	CondorScratchDir = "/pool/condor/dir_493675"
	Cpus = 1
	Disk = 10002736
	GPUs = 0
	Memory = 3000
...
006 (7944174.480.000) 07/08 17:48:12 Image size of job updated: 202448
	123  -  MemoryUsage of job (MB)
	125000  -  ResidentSetSize of job (KB)
...
040 (7944174.480.000) 07/08 17:48:12 Started transferring output files
...
040 (7944174.480.000) 07/08 17:48:12 Finished transferring output files
...
012 (7944174.480.000) 07/08 17:48:12 Job was held.
	Job held by ON_EXIT_HOLD due to exit code 1.
	Code 3 Subcode 0
...
013 (7944174.480.000) 07/08 17:58:13 Job was released.
	The job attribute PeriodicRelease expression '(NumJobStarts < 3) && ((CurrentTime - EnteredCurrentStatus) > 10 * 60)' evaluated to TRUE
...
040 (7944174.480.000) 07/08 18:20:03 Started transferring input files
	Transferring to host: <188.185.213.148:9618?addrs=188.185.213.148-9618+[2001-1458-303-1b--100-10]-9618&alias=b9p28p0002.cern.ch&noUDP&sock=slot1_22_8480_ad52_49077>
...
040 (7944174.480.000) 07/08 18:20:04 Finished transferring input files
...
001 (7944174.480.000) 07/08 18:20:04 Job executing on host: <188.185.213.148:9618?addrs=188.185.213.148-9618+[2001-1458-303-1b--100-10]-9618&alias=b9p28p0002.cern.ch&noUDP&sock=startd_8427_ccaf>
	SlotName: slot1_22@b9p28p0002.cern.ch
	CondorScratchDir = "/pool/condor/dir_1211976"
	Cpus = 1
	Disk = 10029782
	GPUs = 0
	Memory = 3000
...
040 (7944174.480.000) 07/08 18:20:17 Started transferring output files
...
040 (7944174.480.000) 07/08 18:20:17 Finished transferring output files
...
012 (7944174.480.000) 07/08 18:20:17 Job was held.
	Job held by ON_EXIT_HOLD due to exit code 1.
	Code 3 Subcode 0
...
