000 (7944174.481.000) 07/08 17:29:05 Job submitted from host: <188.185.16.120:9618?addrs=188.185.16.120-9618+[2001-1458-d00-65--100-39b]-9618&alias=bigbird27.cern.ch&noUDP&sock=schedd_4465_3274>
...
040 (7944174.481.000) 07/08 17:35:05 Started transferring input files
	Transferring to host: <188.185.194.113:9618?addrs=188.185.194.113-9618+[2001-1458-303-21--100-6d]-9618&alias=b9p20p2262.cern.ch&noUDP&sock=slot1_3_9969_cfee_19996>
...
040 (7944174.481.000) 07/08 17:35:05 Finished transferring input files
...
001 (7944174.481.000) 07/08 17:35:05 Job executing on host: <188.185.194.113:9618?addrs=188.185.194.113-9618+[2001-1458-303-21--100-6d]-9618&alias=b9p20p2262.cern.ch&noUDP&sock=startd_8544_0d43>
	SlotName: slot1_3@b9p20p2262.cern.ch
	CondorScratchDir = "/pool/condor/dir_1425865"
	Cpus = 1
	Disk = 10005952
	GPUs = 0
	Memory = 3000
...
006 (7944174.481.000) 07/08 17:35:19 Image size of job updated: 86628
	85  -  MemoryUsage of job (MB)
	86628  -  ResidentSetSize of job (KB)
...
006 (7944174.481.000) 07/08 17:35:25 Image size of job updated: 158832
	86  -  MemoryUsage of job (MB)
	87412  -  ResidentSetSize of job (KB)
...
040 (7944174.481.000) 07/08 17:35:25 Started transferring output files
...
040 (7944174.481.000) 07/08 17:35:25 Finished transferring output files
...
012 (7944174.481.000) 07/08 17:35:25 Job was held.
	Job held by ON_EXIT_HOLD due to exit code 1.
	Code 3 Subcode 0
...
013 (7944174.481.000) 07/08 17:46:04 Job was released.
	The job attribute PeriodicRelease expression '(NumJobStarts < 3) && ((CurrentTime - EnteredCurrentStatus) > 10 * 60)' evaluated to TRUE
...
040 (7944174.481.000) 07/08 17:47:33 Started transferring input files
	Transferring to host: <188.185.193.54:9618?addrs=188.185.193.54-9618+[2001-1458-303-20--100-32]-9618&alias=b9p19p9927.cern.ch&noUDP&sock=slot1_4_428573_32ed_23327>
...
040 (7944174.481.000) 07/08 17:47:33 Finished transferring input files
...
001 (7944174.481.000) 07/08 17:47:33 Job executing on host: <188.185.193.54:9618?addrs=188.185.193.54-9618+[2001-1458-303-20--100-32]-9618&alias=b9p19p9927.cern.ch&noUDP&sock=startd_428486_55a4>
	SlotName: slot1_4@b9p19p9927.cern.ch
	CondorScratchDir = "/pool/condor/dir_1993496"
	Cpus = 1
	Disk = 10001874
	GPUs = 0
	Memory = 3000
...
006 (7944174.481.000) 07/08 17:48:09 Image size of job updated: 191072
	98  -  MemoryUsage of job (MB)
	100000  -  ResidentSetSize of job (KB)
...
040 (7944174.481.000) 07/08 17:48:09 Started transferring output files
...
040 (7944174.481.000) 07/08 17:48:09 Finished transferring output files
...
012 (7944174.481.000) 07/08 17:48:09 Job was held.
	Job held by ON_EXIT_HOLD due to exit code 1.
	Code 3 Subcode 0
...
013 (7944174.481.000) 07/08 17:58:13 Job was released.
	The job attribute PeriodicRelease expression '(NumJobStarts < 3) && ((CurrentTime - EnteredCurrentStatus) > 10 * 60)' evaluated to TRUE
...
040 (7944174.481.000) 07/08 18:08:34 Started transferring input files
	Transferring to host: <188.185.215.73:9618?addrs=188.185.215.73-9618+[2001-1458-303-1e--100-45]-9618&alias=b9p31p2911.cern.ch&noUDP&sock=slot1_9_8433_8fb0_38552>
...
040 (7944174.481.000) 07/08 18:08:35 Finished transferring input files
...
001 (7944174.481.000) 07/08 18:08:35 Job executing on host: <188.185.215.73:9618?addrs=188.185.215.73-9618+[2001-1458-303-1e--100-45]-9618&alias=b9p31p2911.cern.ch&noUDP&sock=startd_8375_21c2>
	SlotName: slot1_9@b9p31p2911.cern.ch
	CondorScratchDir = "/pool/condor/dir_2010274"
	Cpus = 1
	Disk = 10007643
	GPUs = 0
	Memory = 3000
...
006 (7944174.481.000) 07/08 18:09:03 Image size of job updated: 407720
	399  -  MemoryUsage of job (MB)
	407720  -  ResidentSetSize of job (KB)
...
040 (7944174.481.000) 07/08 18:09:03 Started transferring output files
...
040 (7944174.481.000) 07/08 18:09:03 Finished transferring output files
...
012 (7944174.481.000) 07/08 18:09:03 Job was held.
	Job held by ON_EXIT_HOLD due to exit code 1.
	Code 3 Subcode 0
...
