000 (7944174.482.000) 07/08 17:29:05 Job submitted from host: <188.185.16.120:9618?addrs=188.185.16.120-9618+[2001-1458-d00-65--100-39b]-9618&alias=bigbird27.cern.ch&noUDP&sock=schedd_4465_3274>
...
040 (7944174.482.000) 07/08 17:35:06 Started transferring input files
	Transferring to host: <188.185.215.174:9618?addrs=188.185.215.174-9618+[2001-1458-303-26--100-2a]-9618&alias=b9p18p5029.cern.ch&noUDP&sock=slot1_11_299184_f17f_18450>
...
040 (7944174.482.000) 07/08 17:35:07 Finished transferring input files
...
001 (7944174.482.000) 07/08 17:35:07 Job executing on host: <188.185.215.174:9618?addrs=188.185.215.174-9618+[2001-1458-303-26--100-2a]-9618&alias=b9p18p5029.cern.ch&noUDP&sock=startd_299102_ac17>
	SlotName: slot1_11@b9p18p5029.cern.ch
	CondorScratchDir = "/pool/condor/dir_87908"
	Cpus = 1
	Disk = 10025803
	GPUs = 0
	Memory = 3000
...
006 (7944174.482.000) 07/08 17:35:15 Image size of job updated: 155268
	152  -  MemoryUsage of job (MB)
	155268  -  ResidentSetSize of job (KB)
...
040 (7944174.482.000) 07/08 17:35:19 Started transferring output files
...
040 (7944174.482.000) 07/08 17:35:19 Finished transferring output files
...
012 (7944174.482.000) 07/08 17:35:20 Job was held.
	Job held by ON_EXIT_HOLD due to exit code 1.
	Code 3 Subcode 0
...
013 (7944174.482.000) 07/08 17:46:04 Job was released.
	The job attribute PeriodicRelease expression '(NumJobStarts < 3) && ((CurrentTime - EnteredCurrentStatus) > 10 * 60)' evaluated to TRUE
...
040 (7944174.482.000) 07/08 17:47:35 Started transferring input files
	Transferring to host: <128.142.51.213:9618?addrs=128.142.51.213-9618+[2001-1458-301-3--100-12]-9618&alias=b9g02p5705.cern.ch&noUDP&sock=slot1_8_6832_830f_61546>
...
040 (7944174.482.000) 07/08 17:47:36 Finished transferring input files
...
001 (7944174.482.000) 07/08 17:47:36 Job executing on host: <128.142.51.213:9618?addrs=128.142.51.213-9618+[2001-1458-301-3--100-12]-9618&alias=b9g02p5705.cern.ch&noUDP&sock=startd_5959_f4f2>
	SlotName: slot1_8@b9g02p5705.cern.ch
	CondorScratchDir = "/pool/condor/dir_3976605"
	Cpus = 1
	Disk = 10000711
	GPUs = 0
	Memory = 3000
...
006 (7944174.482.000) 07/08 17:48:06 Image size of job updated: 215624
	171  -  MemoryUsage of job (MB)
	175000  -  ResidentSetSize of job (KB)
...
040 (7944174.482.000) 07/08 17:48:06 Started transferring output files
...
040 (7944174.482.000) 07/08 17:48:06 Finished transferring output files
...
012 (7944174.482.000) 07/08 17:48:06 Job was held.
	Job held by ON_EXIT_HOLD due to exit code 1.
	Code 3 Subcode 0
...
013 (7944174.482.000) 07/08 17:58:13 Job was released.
	The job attribute PeriodicRelease expression '(NumJobStarts < 3) && ((CurrentTime - EnteredCurrentStatus) > 10 * 60)' evaluated to TRUE
...
040 (7944174.482.000) 07/08 18:20:04 Started transferring input files
	Transferring to host: <188.185.213.175:9618?addrs=188.185.213.175-9618+[2001-1458-303-1b--100-2b]-9618&alias=b9p28p0795.cern.ch&noUDP&sock=slot1_9_2561074_118a_47486>
...
040 (7944174.482.000) 07/08 18:20:05 Finished transferring input files
...
001 (7944174.482.000) 07/08 18:20:05 Job executing on host: <188.185.213.175:9618?addrs=188.185.213.175-9618+[2001-1458-303-1b--100-2b]-9618&alias=b9p28p0795.cern.ch&noUDP&sock=startd_6445_4ff9>
	SlotName: slot1_9@b9p28p0795.cern.ch
	CondorScratchDir = "/pool/condor/dir_989317"
	Cpus = 1
	Disk = 10011211
	GPUs = 0
	Memory = 3000
...
040 (7944174.482.000) 07/08 18:20:18 Started transferring output files
...
040 (7944174.482.000) 07/08 18:20:18 Finished transferring output files
...
012 (7944174.482.000) 07/08 18:20:18 Job was held.
	Job held by ON_EXIT_HOLD due to exit code 1.
	Code 3 Subcode 0
...
