000 (7944174.484.000) 07/08 17:29:05 Job submitted from host: <188.185.16.120:9618?addrs=188.185.16.120-9618+[2001-1458-d00-65--100-39b]-9618&alias=bigbird27.cern.ch&noUDP&sock=schedd_4465_3274>
...
040 (7944174.484.000) 07/08 17:34:01 Started transferring input files
	Transferring to host: <188.185.206.58:9618?addrs=188.185.206.58-9618+[2001-1458-303-b--100-37]-9618&alias=b9p05p1136.cern.ch&noUDP&sock=slot1_22_9392_4377_34794>
...
040 (7944174.484.000) 07/08 17:34:02 Finished transferring input files
...
001 (7944174.484.000) 07/08 17:34:02 Job executing on host: <188.185.206.58:9618?addrs=188.185.206.58-9618+[2001-1458-303-b--100-37]-9618&alias=b9p05p1136.cern.ch&noUDP&sock=startd_9228_380b>
	SlotName: slot1_22@b9p05p1136.cern.ch
	CondorScratchDir = "/pool/condor/dir_1880068"
	Cpus = 1
	Disk = 10013010
	GPUs = 0
	Memory = 3000
...
006 (7944174.484.000) 07/08 17:34:15 Image size of job updated: 164616
	161  -  MemoryUsage of job (MB)
	164616  -  ResidentSetSize of job (KB)
...
006 (7944174.484.000) 07/08 17:34:18 Image size of job updated: 210712
	161  -  MemoryUsage of job (MB)
	164616  -  ResidentSetSize of job (KB)
...
040 (7944174.484.000) 07/08 17:34:18 Started transferring output files
...
040 (7944174.484.000) 07/08 17:34:18 Finished transferring output files
...
012 (7944174.484.000) 07/08 17:34:18 Job was held.
	Job held by ON_EXIT_HOLD due to exit code 1.
	Code 3 Subcode 0
...
013 (7944174.484.000) 07/08 17:46:04 Job was released.
	The job attribute PeriodicRelease expression '(NumJobStarts < 3) && ((CurrentTime - EnteredCurrentStatus) > 10 * 60)' evaluated to TRUE
...
040 (7944174.484.000) 07/08 17:47:34 Started transferring input files
	Transferring to host: <128.142.161.81:9618?addrs=128.142.161.81-9618+[2001-1458-301-b8--100-f]-9618&alias=b9g03p1530.cern.ch&noUDP&sock=slot1_26_6204_0775_17723>
...
040 (7944174.484.000) 07/08 17:47:35 Finished transferring input files
...
001 (7944174.484.000) 07/08 17:47:35 Job executing on host: <128.142.161.81:9618?addrs=128.142.161.81-9618+[2001-1458-301-b8--100-f]-9618&alias=b9g03p1530.cern.ch&noUDP&sock=startd_5204_16f1>
	SlotName: slot1_26@b9g03p1530.cern.ch
	CondorScratchDir = "/pool/condor/dir_415305"
	Cpus = 1
	Disk = 10003280
	GPUs = 0
	Memory = 3000
...
040 (7944174.484.000) 07/08 17:48:13 Started transferring output files
...
040 (7944174.484.000) 07/08 17:48:13 Finished transferring output files
...
012 (7944174.484.000) 07/08 17:48:13 Job was held.
	Job held by ON_EXIT_HOLD due to exit code 1.
	Code 3 Subcode 0
...
013 (7944174.484.000) 07/08 18:01:00 Job was released.
	The job attribute PeriodicRelease expression '(NumJobStarts < 3) && ((CurrentTime - EnteredCurrentStatus) > 10 * 60)' evaluated to TRUE
...
040 (7944174.484.000) 07/08 18:15:35 Started transferring input files
	Transferring to host: <128.142.161.94:9618?addrs=128.142.161.94-9618+[2001-1458-301-b8--100-1c]-9618&alias=b9g03p9851.cern.ch&noUDP&sock=slot1_9_4361_780a_23496>
...
040 (7944174.484.000) 07/08 18:15:35 Finished transferring input files
...
001 (7944174.484.000) 07/08 18:15:35 Job executing on host: <128.142.161.94:9618?addrs=128.142.161.94-9618+[2001-1458-301-b8--100-1c]-9618&alias=b9g03p9851.cern.ch&noUDP&sock=startd_3654_eb26>
	SlotName: slot1_9@b9g03p9851.cern.ch
	CondorScratchDir = "/pool/condor/dir_4114673"
	Cpus = 1
	Disk = 10094898
	GPUs = 0
	Memory = 3000
...
040 (7944174.484.000) 07/08 18:15:54 Started transferring output files
...
040 (7944174.484.000) 07/08 18:15:54 Finished transferring output files
...
012 (7944174.484.000) 07/08 18:15:54 Job was held.
	Job held by ON_EXIT_HOLD due to exit code 1.
	Code 3 Subcode 0
...
