000 (7944174.485.000) 07/08 17:29:05 Job submitted from host: <188.185.16.120:9618?addrs=188.185.16.120-9618+[2001-1458-d00-65--100-39b]-9618&alias=bigbird27.cern.ch&noUDP&sock=schedd_4465_3274>
...
040 (7944174.485.000) 07/08 17:33:48 Started transferring input files
	Transferring to host: <188.185.206.58:9618?addrs=188.185.206.58-9618+[2001-1458-303-b--100-37]-9618&alias=b9p05p1136.cern.ch&noUDP&sock=slot1_20_9392_4377_34793>
...
040 (7944174.485.000) 07/08 17:33:49 Finished transferring input files
...
001 (7944174.485.000) 07/08 17:33:49 Job executing on host: <188.185.206.58:9618?addrs=188.185.206.58-9618+[2001-1458-303-b--100-37]-9618&alias=b9p05p1136.cern.ch&noUDP&sock=startd_9228_380b>
	SlotName: slot1_20@b9p05p1136.cern.ch
	CondorScratchDir = "/pool/condor/dir_1878987"
	Cpus = 1
	Disk = 10017570
	GPUs = 0
	Memory = 3000
...
006 (7944174.485.000) 07/08 17:34:02 Image size of job updated: 24108
	24  -  MemoryUsage of job (MB)
	24108  -  ResidentSetSize of job (KB)
...
006 (7944174.485.000) 07/08 17:34:16 Image size of job updated: 201992
	24  -  MemoryUsage of job (MB)
	24196  -  ResidentSetSize of job (KB)
...
040 (7944174.485.000) 07/08 17:34:16 Started transferring output files
...
040 (7944174.485.000) 07/08 17:34:16 Finished transferring output files
...
012 (7944174.485.000) 07/08 17:34:16 Job was held.
	Job held by ON_EXIT_HOLD due to exit code 1.
	Code 3 Subcode 0
...
013 (7944174.485.000) 07/08 17:46:04 Job was released.
	The job attribute PeriodicRelease expression '(NumJobStarts < 3) && ((CurrentTime - EnteredCurrentStatus) > 10 * 60)' evaluated to TRUE
...
040 (7944174.485.000) 07/08 17:47:36 Started transferring input files
	Transferring to host: <128.142.248.202:9618?addrs=128.142.248.202-9618+[2001-1458-301-73--100-c9]-9618&alias=b9g23p5019.cern.ch&noUDP&sock=slot1_34_3720590_fc3a_16534>
...
040 (7944174.485.000) 07/08 17:47:36 Finished transferring input files
...
001 (7944174.485.000) 07/08 17:47:36 Job executing on host: <128.142.248.202:9618?addrs=128.142.248.202-9618+[2001-1458-301-73--100-c9]-9618&alias=b9g23p5019.cern.ch&noUDP&sock=startd_3720542_edd7>
	SlotName: slot1_34@b9g23p5019.cern.ch
	CondorScratchDir = "/pool/condor/dir_4006680"
	Cpus = 1
	Disk = 10043083
	GPUs = 0
	Memory = 3000
...
006 (7944174.485.000) 07/08 17:47:45 Image size of job updated: 225000
	52  -  MemoryUsage of job (MB)
	52828  -  ResidentSetSize of job (KB)
...
006 (7944174.485.000) 07/08 17:48:04 Image size of job updated: 407196
	398  -  MemoryUsage of job (MB)
	407196  -  ResidentSetSize of job (KB)
...
040 (7944174.485.000) 07/08 17:48:04 Started transferring output files
...
040 (7944174.485.000) 07/08 17:48:04 Finished transferring output files
...
012 (7944174.485.000) 07/08 17:48:04 Job was held.
	Job held by ON_EXIT_HOLD due to exit code 1.
	Code 3 Subcode 0
...
013 (7944174.485.000) 07/08 17:58:13 Job was released.
	The job attribute PeriodicRelease expression '(NumJobStarts < 3) && ((CurrentTime - EnteredCurrentStatus) > 10 * 60)' evaluated to TRUE
...
040 (7944174.485.000) 07/08 18:15:35 Started transferring input files
	Transferring to host: <188.185.193.28:9618?addrs=188.185.193.28-9618+[2001-1458-303-20--100-18]-9618&alias=b9p19p3929.cern.ch&noUDP&sock=slot1_20_2833059_1b1e_19431>
...
040 (7944174.485.000) 07/08 18:15:35 Finished transferring input files
...
001 (7944174.485.000) 07/08 18:15:35 Job executing on host: <188.185.193.28:9618?addrs=188.185.193.28-9618+[2001-1458-303-20--100-18]-9618&alias=b9p19p3929.cern.ch&noUDP&sock=startd_2832996_322b>
	SlotName: slot1_20@b9p19p3929.cern.ch
	CondorScratchDir = "/pool/condor/dir_3566840"
	Cpus = 1
	Disk = 10040628
	GPUs = 0
	Memory = 3000
...
040 (7944174.485.000) 07/08 18:15:56 Started transferring output files
...
040 (7944174.485.000) 07/08 18:15:56 Finished transferring output files
...
012 (7944174.485.000) 07/08 18:15:56 Job was held.
	Job held by ON_EXIT_HOLD due to exit code 1.
	Code 3 Subcode 0
...
