000 (7944174.486.000) 07/08 17:29:05 Job submitted from host: <188.185.16.120:9618?addrs=188.185.16.120-9618+[2001-1458-d00-65--100-39b]-9618&alias=bigbird27.cern.ch&noUDP&sock=schedd_4465_3274>
...
040 (7944174.486.000) 07/08 17:33:48 Started transferring input files
	Transferring to host: <188.185.206.203:9618?addrs=188.185.206.203-9618+[2001-1458-303-c--100-48]-9618&alias=b9p06p2344.cern.ch&noUDP&sock=slot1_28_7939_7e5c_32869>
...
040 (7944174.486.000) 07/08 17:33:49 Finished transferring input files
...
001 (7944174.486.000) 07/08 17:33:49 Job executing on host: <188.185.206.203:9618?addrs=188.185.206.203-9618+[2001-1458-303-c--100-48]-9618&alias=b9p06p2344.cern.ch&noUDP&sock=startd_6994_e178>
	SlotName: slot1_28@b9p06p2344.cern.ch
	CondorScratchDir = "/pool/condor/dir_1300246"
	Cpus = 1
	Disk = 10000475
	GPUs = 0
	Memory = 3000
...
006 (7944174.486.000) 07/08 17:34:02 Image size of job updated: 33860
	34  -  MemoryUsage of job (MB)
	33860  -  ResidentSetSize of job (KB)
...
006 (7944174.486.000) 07/08 17:34:20 Image size of job updated: 211872
	35  -  MemoryUsage of job (MB)
	35080  -  ResidentSetSize of job (KB)
...
040 (7944174.486.000) 07/08 17:34:20 Started transferring output files
...
040 (7944174.486.000) 07/08 17:34:20 Finished transferring output files
...
012 (7944174.486.000) 07/08 17:34:20 Job was held.
	Job held by ON_EXIT_HOLD due to exit code 1.
	Code 3 Subcode 0
...
013 (7944174.486.000) 07/08 17:46:04 Job was released.
	The job attribute PeriodicRelease expression '(NumJobStarts < 3) && ((CurrentTime - EnteredCurrentStatus) > 10 * 60)' evaluated to TRUE
...
040 (7944174.486.000) 07/08 17:47:36 Started transferring input files
	Transferring to host: <188.185.198.96:9618?addrs=188.185.198.96-9618+[2001-1458-303-25--100-5c]-9618&alias=b9p15p1473.cern.ch&noUDP&sock=slot1_22_7298_d9e2_38498>
...
040 (7944174.486.000) 07/08 17:47:37 Finished transferring input files
...
001 (7944174.486.000) 07/08 17:47:37 Job executing on host: <188.185.198.96:9618?addrs=188.185.198.96-9618+[2001-1458-303-25--100-5c]-9618&alias=b9p15p1473.cern.ch&noUDP&sock=startd_6781_c7cc>
	SlotName: slot1_22@b9p15p1473.cern.ch
	CondorScratchDir = "/pool/condor/dir_3506645"
	Cpus = 1
	Disk = 10003928
	GPUs = 0
	Memory = 3000
...
040 (7944174.486.000) 07/08 17:48:14 Started transferring output files
...
040 (7944174.486.000) 07/08 17:48:14 Finished transferring output files
...
012 (7944174.486.000) 07/08 17:48:14 Job was held.
	Job held by ON_EXIT_HOLD due to exit code 1.
	Code 3 Subcode 0
...
013 (7944174.486.000) 07/08 18:01:00 Job was released.
	The job attribute PeriodicRelease expression '(NumJobStarts < 3) && ((CurrentTime - EnteredCurrentStatus) > 10 * 60)' evaluated to TRUE
...
040 (7944174.486.000) 07/08 18:08:36 Started transferring input files
	Transferring to host: <188.185.196.121:9618?addrs=188.185.196.121-9618+[2001-1458-303-23--100-75]-9618&alias=b9p16p5134.cern.ch&noUDP&sock=slot1_11_8668_23da_38438>
...
040 (7944174.486.000) 07/08 18:08:36 Finished transferring input files
...
001 (7944174.486.000) 07/08 18:08:36 Job executing on host: <188.185.196.121:9618?addrs=188.185.196.121-9618+[2001-1458-303-23--100-75]-9618&alias=b9p16p5134.cern.ch&noUDP&sock=startd_8057_02a4>
	SlotName: slot1_11@b9p16p5134.cern.ch
	CondorScratchDir = "/pool/condor/dir_615452"
	Cpus = 1
	Disk = 10005718
	GPUs = 0
	Memory = 3000
...
006 (7944174.486.000) 07/08 18:08:45 Image size of job updated: 225000
	49  -  MemoryUsage of job (MB)
	49372  -  ResidentSetSize of job (KB)
...
006 (7944174.486.000) 07/08 18:09:04 Image size of job updated: 424756
	415  -  MemoryUsage of job (MB)
	424756  -  ResidentSetSize of job (KB)
...
040 (7944174.486.000) 07/08 18:09:04 Started transferring output files
...
040 (7944174.486.000) 07/08 18:09:04 Finished transferring output files
...
012 (7944174.486.000) 07/08 18:09:04 Job was held.
	Job held by ON_EXIT_HOLD due to exit code 1.
	Code 3 Subcode 0
...
