000 (7944174.487.000) 07/08 17:29:05 Job submitted from host: <188.185.16.120:9618?addrs=188.185.16.120-9618+[2001-1458-d00-65--100-39b]-9618&alias=bigbird27.cern.ch&noUDP&sock=schedd_4465_3274>
...
040 (7944174.487.000) 07/08 17:33:48 Started transferring input files
	Transferring to host: <188.185.195.24:9618?addrs=188.185.195.24-9618+[2001-1458-303-22--100-14]-9618&alias=b9p17p3186.cern.ch&noUDP&sock=slot1_1_2352470_ade8_22862>
...
040 (7944174.487.000) 07/08 17:33:49 Finished transferring input files
...
001 (7944174.487.000) 07/08 17:33:49 Job executing on host: <188.185.195.24:9618?addrs=188.185.195.24-9618+[2001-1458-303-22--100-14]-9618&alias=b9p17p3186.cern.ch&noUDP&sock=startd_2352421_b7ee>
	SlotName: slot1_1@b9p17p3186.cern.ch
	CondorScratchDir = "/pool/condor/dir_2684481"
	Cpus = 1
	Disk = 10007056
	GPUs = 0
	Memory = 3000
...
006 (7944174.487.000) 07/08 17:34:05 Image size of job updated: 19468
	20  -  MemoryUsage of job (MB)
	19468  -  ResidentSetSize of job (KB)
...
006 (7944174.487.000) 07/08 17:35:52 Image size of job updated: 208088
	20  -  MemoryUsage of job (MB)
	19468  -  ResidentSetSize of job (KB)
...
040 (7944174.487.000) 07/08 17:35:52 Started transferring output files
...
040 (7944174.487.000) 07/08 17:35:52 Finished transferring output files
...
012 (7944174.487.000) 07/08 17:35:52 Job was held.
	Job held by ON_EXIT_HOLD due to exit code 1.
	Code 3 Subcode 0
...
013 (7944174.487.000) 07/08 17:46:04 Job was released.
	The job attribute PeriodicRelease expression '(NumJobStarts < 3) && ((CurrentTime - EnteredCurrentStatus) > 10 * 60)' evaluated to TRUE
...
040 (7944174.487.000) 07/08 17:47:52 Started transferring input files
	Transferring to host: <188.185.192.164:9618?addrs=188.185.192.164-9618+[2001-1458-303-1f--100-a0]-9618&alias=b9p13p4336.cern.ch&noUDP&sock=slot1_11_8769_4dbe_41465>
...
040 (7944174.487.000) 07/08 17:47:52 Finished transferring input files
...
001 (7944174.487.000) 07/08 17:47:52 Job executing on host: <188.185.192.164:9618?addrs=188.185.192.164-9618+[2001-1458-303-1f--100-a0]-9618&alias=b9p13p4336.cern.ch&noUDP&sock=startd_8163_b7ae>
	SlotName: slot1_11@b9p13p4336.cern.ch
	CondorScratchDir = "/pool/condor/dir_4021555"
	Cpus = 1
	Disk = 10002224
	GPUs = 0
	Memory = 3000
...
006 (7944174.487.000) 07/08 17:48:01 Image size of job updated: 225000
	99  -  MemoryUsage of job (MB)
	101236  -  ResidentSetSize of job (KB)
...
006 (7944174.487.000) 07/08 17:48:07 Image size of job updated: 225000
	100  -  MemoryUsage of job (MB)
	101748  -  ResidentSetSize of job (KB)
...
040 (7944174.487.000) 07/08 17:48:07 Started transferring output files
...
040 (7944174.487.000) 07/08 17:48:07 Finished transferring output files
...
012 (7944174.487.000) 07/08 17:48:07 Job was held.
	Job held by ON_EXIT_HOLD due to exit code 1.
	Code 3 Subcode 0
...
013 (7944174.487.000) 07/08 17:58:13 Job was released.
	The job attribute PeriodicRelease expression '(NumJobStarts < 3) && ((CurrentTime - EnteredCurrentStatus) > 10 * 60)' evaluated to TRUE
...
040 (7944174.487.000) 07/08 18:15:37 Started transferring input files
	Transferring to host: <188.185.213.221:9618?addrs=188.185.213.221-9618+[2001-1458-303-1b--100-59]-9618&alias=b9p28p6440.cern.ch&noUDP&sock=slot1_18_7857_b799_49128>
...
040 (7944174.487.000) 07/08 18:15:37 Finished transferring input files
...
001 (7944174.487.000) 07/08 18:15:37 Job executing on host: <188.185.213.221:9618?addrs=188.185.213.221-9618+[2001-1458-303-1b--100-59]-9618&alias=b9p28p6440.cern.ch&noUDP&sock=startd_6864_b628>
	SlotName: slot1_18@b9p28p6440.cern.ch
	CondorScratchDir = "/pool/condor/dir_607343"
	Cpus = 1
	Disk = 10109230
	GPUs = 0
	Memory = 3000
...
040 (7944174.487.000) 07/08 18:15:54 Started transferring output files
...
040 (7944174.487.000) 07/08 18:15:54 Finished transferring output files
...
012 (7944174.487.000) 07/08 18:15:54 Job was held.
	Job held by ON_EXIT_HOLD due to exit code 1.
	Code 3 Subcode 0
...
