000 (7944174.488.000) 07/08 17:29:05 Job submitted from host: <188.185.16.120:9618?addrs=188.185.16.120-9618+[2001-1458-d00-65--100-39b]-9618&alias=bigbird27.cern.ch&noUDP&sock=schedd_4465_3274>
...
040 (7944174.488.000) 07/08 17:34:41 Started transferring input files
	Transferring to host: <188.185.210.101:9618?addrs=188.185.210.101-9618+[2001-1458-303-1--100-61]-9618&alias=b9p21p0502.cern.ch&noUDP&sock=slot1_11_8872_e062_50349>
...
040 (7944174.488.000) 07/08 17:34:42 Finished transferring input files
...
001 (7944174.488.000) 07/08 17:34:42 Job executing on host: <188.185.210.101:9618?addrs=188.185.210.101-9618+[2001-1458-303-1--100-61]-9618&alias=b9p21p0502.cern.ch&noUDP&sock=startd_7738_33ee>
	SlotName: slot1_11@b9p21p0502.cern.ch
	CondorScratchDir = "/pool/condor/dir_419703"
	Cpus = 1
	Disk = 10019150
	GPUs = 0
	Memory = 3000
...
006 (7944174.488.000) 07/08 17:34:55 Image size of job updated: 29884
	30  -  MemoryUsage of job (MB)
	29884  -  ResidentSetSize of job (KB)
...
006 (7944174.488.000) 07/08 17:35:03 Image size of job updated: 209760
	30  -  MemoryUsage of job (MB)
	29884  -  ResidentSetSize of job (KB)
...
040 (7944174.488.000) 07/08 17:35:04 Started transferring output files
...
040 (7944174.488.000) 07/08 17:35:04 Finished transferring output files
...
012 (7944174.488.000) 07/08 17:35:04 Job was held.
	Job held by ON_EXIT_HOLD due to exit code 1.
	Code 3 Subcode 0
...
013 (7944174.488.000) 07/08 17:46:04 Job was released.
	The job attribute PeriodicRelease expression '(NumJobStarts < 3) && ((CurrentTime - EnteredCurrentStatus) > 10 * 60)' evaluated to TRUE
...
040 (7944174.488.000) 07/08 17:47:36 Started transferring input files
	Transferring to host: <188.185.192.183:9618?addrs=188.185.192.183-9618&alias=b9p13p1896.cern.ch&noUDP&sock=slot1_37_1549598_b95f_29147>
...
040 (7944174.488.000) 07/08 17:47:37 Finished transferring input files
...
001 (7944174.488.000) 07/08 17:47:37 Job executing on host: <188.185.192.183:9618?addrs=188.185.192.183-9618&alias=b9p13p1896.cern.ch&noUDP&sock=startd_1549551_ada8>
	SlotName: slot1_37@b9p13p1896.cern.ch
	CondorScratchDir = "/pool/condor/dir_1764978"
	Cpus = 1
	Disk = 10051673
	GPUs = 0
	Memory = 3000
...
040 (7944174.488.000) 07/08 17:48:12 Started transferring output files
...
040 (7944174.488.000) 07/08 17:48:12 Finished transferring output files
...
012 (7944174.488.000) 07/08 17:48:12 Job was held.
	Job held by ON_EXIT_HOLD due to exit code 1.
	Code 3 Subcode 0
...
013 (7944174.488.000) 07/08 17:58:13 Job was released.
	The job attribute PeriodicRelease expression '(NumJobStarts < 3) && ((CurrentTime - EnteredCurrentStatus) > 10 * 60)' evaluated to TRUE
...
040 (7944174.488.000) 07/08 18:15:37 Started transferring input files
	Transferring to host: <188.185.196.176:9618?addrs=188.185.196.176-9618+[2001-1458-303-23--100-ac]-9618&alias=b9p16p5804.cern.ch&noUDP&sock=slot1_19_3340_1501_34577>
...
040 (7944174.488.000) 07/08 18:15:37 Finished transferring input files
...
001 (7944174.488.000) 07/08 18:15:37 Job executing on host: <188.185.196.176:9618?addrs=188.185.196.176-9618+[2001-1458-303-23--100-ac]-9618&alias=b9p16p5804.cern.ch&noUDP&sock=startd_3255_3cdc>
	SlotName: slot1_19@b9p16p5804.cern.ch
	CondorScratchDir = "/pool/condor/dir_2136117"
	Cpus = 1
	Disk = 10230425
	GPUs = 0
	Memory = 3000
...
006 (7944174.488.000) 07/08 18:15:46 Image size of job updated: 225000
	36  -  MemoryUsage of job (MB)
	35976  -  ResidentSetSize of job (KB)
...
006 (7944174.488.000) 07/08 18:15:58 Image size of job updated: 225000
	36  -  MemoryUsage of job (MB)
	36212  -  ResidentSetSize of job (KB)
...
040 (7944174.488.000) 07/08 18:15:59 Started transferring output files
...
040 (7944174.488.000) 07/08 18:15:59 Finished transferring output files
...
012 (7944174.488.000) 07/08 18:15:59 Job was held.
	Job held by ON_EXIT_HOLD due to exit code 1.
	Code 3 Subcode 0
...
