000 (7944174.492.000) 07/08 17:29:05 Job submitted from host: <188.185.16.120:9618?addrs=188.185.16.120-9618+[2001-1458-d00-65--100-39b]-9618&alias=bigbird27.cern.ch&noUDP&sock=schedd_4465_3274>
...
040 (7944174.492.000) 07/08 17:33:50 Started transferring input files
	Transferring to host: <128.142.33.225:9618?addrs=128.142.33.225-9618+[2001-1458-301-39--100-1e]-9618&alias=b9g24p1582.cern.ch&noUDP&sock=slot1_27_3047975_dec2_81822>
...
040 (7944174.492.000) 07/08 17:33:50 Finished transferring input files
...
001 (7944174.492.000) 07/08 17:33:50 Job executing on host: <128.142.33.225:9618?addrs=128.142.33.225-9618+[2001-1458-301-39--100-1e]-9618&alias=b9g24p1582.cern.ch&noUDP&sock=startd_2635_f824>
	SlotName: slot1_27@b9g24p1582.cern.ch
	CondorScratchDir = "/pool/condor/dir_1660427"
	Cpus = 1
	Disk = 10000417
	GPUs = 0
	Memory = 3000
...
006 (7944174.492.000) 07/08 17:34:04 Image size of job updated: 27612
	23  -  MemoryUsage of job (MB)
	23460  -  ResidentSetSize of job (KB)
...
006 (7944174.492.000) 07/08 17:34:20 Image size of job updated: 189120
	23  -  MemoryUsage of job (MB)
	23460  -  ResidentSetSize of job (KB)
...
040 (7944174.492.000) 07/08 17:34:20 Started transferring output files
...
040 (7944174.492.000) 07/08 17:34:20 Finished transferring output files
...
012 (7944174.492.000) 07/08 17:34:21 Job was held.
	Job held by ON_EXIT_HOLD due to exit code 1.
	Code 3 Subcode 0
...
013 (7944174.492.000) 07/08 17:46:04 Job was released.
	The job attribute PeriodicRelease expression '(NumJobStarts < 3) && ((CurrentTime - EnteredCurrentStatus) > 10 * 60)' evaluated to TRUE
...
040 (7944174.492.000) 07/08 17:47:37 Started transferring input files
	Transferring to host: <188.185.196.28:9618?addrs=188.185.196.28-9618&alias=b9p16p9803.cern.ch&noUDP&sock=slot1_5_1282574_28f5_19744>
...
040 (7944174.492.000) 07/08 17:47:37 Finished transferring input files
...
001 (7944174.492.000) 07/08 17:47:37 Job executing on host: <188.185.196.28:9618?addrs=188.185.196.28-9618&alias=b9p16p9803.cern.ch&noUDP&sock=startd_1282491_bb40>
	SlotName: slot1_5@b9p16p9803.cern.ch
	CondorScratchDir = "/pool/condor/dir_219297"
	Cpus = 1
	Disk = 10017231
	GPUs = 0
	Memory = 3000
...
006 (7944174.492.000) 07/08 17:47:46 Image size of job updated: 200000
	56  -  MemoryUsage of job (MB)
	56404  -  ResidentSetSize of job (KB)
...
006 (7944174.492.000) 07/08 17:48:08 Image size of job updated: 422968
	414  -  MemoryUsage of job (MB)
	422968  -  ResidentSetSize of job (KB)
...
040 (7944174.492.000) 07/08 17:48:08 Started transferring output files
...
040 (7944174.492.000) 07/08 17:48:08 Finished transferring output files
...
012 (7944174.492.000) 07/08 17:48:08 Job was held.
	Job held by ON_EXIT_HOLD due to exit code 1.
	Code 3 Subcode 0
...
013 (7944174.492.000) 07/08 17:58:13 Job was released.
	The job attribute PeriodicRelease expression '(NumJobStarts < 3) && ((CurrentTime - EnteredCurrentStatus) > 10 * 60)' evaluated to TRUE
...
040 (7944174.492.000) 07/08 18:08:38 Started transferring input files
	Transferring to host: <188.185.214.86:9618?addrs=188.185.214.86-9618+[2001-1458-303-1c--100-52]-9618&alias=b9p29p2890.cern.ch&noUDP&sock=slot1_10_6503_b3a2_41460>
...
040 (7944174.492.000) 07/08 18:08:39 Finished transferring input files
...
001 (7944174.492.000) 07/08 18:08:39 Job executing on host: <188.185.214.86:9618?addrs=188.185.214.86-9618+[2001-1458-303-1c--100-52]-9618&alias=b9p29p2890.cern.ch&noUDP&sock=startd_6226_18bc>
	SlotName: slot1_10@b9p29p2890.cern.ch
	CondorScratchDir = "/pool/condor/dir_159786"
	Cpus = 1
	Disk = 10594020
	GPUs = 0
	Memory = 3000
...
040 (7944174.492.000) 07/08 18:09:04 Started transferring output files
...
040 (7944174.492.000) 07/08 18:09:04 Finished transferring output files
...
012 (7944174.492.000) 07/08 18:09:04 Job was held.
	Job held by ON_EXIT_HOLD due to exit code 1.
	Code 3 Subcode 0
...
