000 (7944174.494.000) 07/08 17:29:05 Job submitted from host: <188.185.16.120:9618?addrs=188.185.16.120-9618+[2001-1458-d00-65--100-39b]-9618&alias=bigbird27.cern.ch&noUDP&sock=schedd_4465_3274>
...
040 (7944174.494.000) 07/08 17:34:42 Started transferring input files
	Transferring to host: <128.142.192.214:9618?addrs=128.142.192.214-9618+[2001-1458-301-56--100-52]-9618&alias=b9g18p3327.cern.ch&noUDP&sock=slot1_20_2920706_58ab_61139>
...
040 (7944174.494.000) 07/08 17:34:43 Finished transferring input files
...
001 (7944174.494.000) 07/08 17:34:43 Job executing on host: <128.142.192.214:9618?addrs=128.142.192.214-9618+[2001-1458-301-56--100-52]-9618&alias=b9g18p3327.cern.ch&noUDP&sock=startd_3051_4f8a>
	SlotName: slot1_20@b9g18p3327.cern.ch
	CondorScratchDir = "/pool/condor/dir_1668800"
	Cpus = 1
	Disk = 10064818
	GPUs = 0
	Memory = 3000
...
006 (7944174.494.000) 07/08 17:34:52 Image size of job updated: 37812
	37  -  MemoryUsage of job (MB)
	37812  -  ResidentSetSize of job (KB)
...
006 (7944174.494.000) 07/08 17:35:00 Image size of job updated: 37812
	38  -  MemoryUsage of job (MB)
	38068  -  ResidentSetSize of job (KB)
...
040 (7944174.494.000) 07/08 17:35:00 Started transferring output files
...
040 (7944174.494.000) 07/08 17:35:00 Finished transferring output files
...
012 (7944174.494.000) 07/08 17:35:00 Job was held.
	Job held by ON_EXIT_HOLD due to exit code 1.
	Code 3 Subcode 0
...
013 (7944174.494.000) 07/08 17:46:04 Job was released.
	The job attribute PeriodicRelease expression '(NumJobStarts < 3) && ((CurrentTime - EnteredCurrentStatus) > 10 * 60)' evaluated to TRUE
...
040 (7944174.494.000) 07/08 17:47:38 Started transferring input files
	Transferring to host: <188.185.195.103:9618?addrs=188.185.195.103-9618&alias=b9p17p7284.cern.ch&noUDP&sock=slot1_37_369840_7cb8_18825>
...
040 (7944174.494.000) 07/08 17:47:38 Finished transferring input files
...
001 (7944174.494.000) 07/08 17:47:38 Job executing on host: <188.185.195.103:9618?addrs=188.185.195.103-9618&alias=b9p17p7284.cern.ch&noUDP&sock=startd_369775_78cf>
	SlotName: slot1_37@b9p17p7284.cern.ch
	CondorScratchDir = "/pool/condor/dir_3219400"
	Cpus = 1
	Disk = 10005350
	GPUs = 0
	Memory = 3000
...
006 (7944174.494.000) 07/08 17:47:47 Image size of job updated: 59812
	59  -  MemoryUsage of job (MB)
	59812  -  ResidentSetSize of job (KB)
...
006 (7944174.494.000) 07/08 17:48:10 Image size of job updated: 424376
	415  -  MemoryUsage of job (MB)
	424376  -  ResidentSetSize of job (KB)
...
040 (7944174.494.000) 07/08 17:48:10 Started transferring output files
...
040 (7944174.494.000) 07/08 17:48:10 Finished transferring output files
...
012 (7944174.494.000) 07/08 17:48:10 Job was held.
	Job held by ON_EXIT_HOLD due to exit code 1.
	Code 3 Subcode 0
...
013 (7944174.494.000) 07/08 17:58:13 Job was released.
	The job attribute PeriodicRelease expression '(NumJobStarts < 3) && ((CurrentTime - EnteredCurrentStatus) > 10 * 60)' evaluated to TRUE
...
040 (7944174.494.000) 07/08 18:15:38 Started transferring input files
	Transferring to host: <188.185.198.159:9618?addrs=188.185.198.159-9618+[2001-1458-303-25--100-9b]-9618&alias=b9p15p2641.cern.ch&noUDP&sock=slot1_7_3728_7691_42862>
...
040 (7944174.494.000) 07/08 18:15:39 Finished transferring input files
...
001 (7944174.494.000) 07/08 18:15:39 Job executing on host: <188.185.198.159:9618?addrs=188.185.198.159-9618+[2001-1458-303-25--100-9b]-9618&alias=b9p15p2641.cern.ch&noUDP&sock=startd_2863_5bbc>
	SlotName: slot1_7@b9p15p2641.cern.ch
	CondorScratchDir = "/pool/condor/dir_3084998"
	Cpus = 1
	Disk = 10001201
	GPUs = 0
	Memory = 3000
...
040 (7944174.494.000) 07/08 18:15:51 Started transferring output files
...
040 (7944174.494.000) 07/08 18:15:51 Finished transferring output files
...
012 (7944174.494.000) 07/08 18:15:51 Job was held.
	Job held by ON_EXIT_HOLD due to exit code 1.
	Code 3 Subcode 0
...
