000 (7944174.495.000) 07/08 17:29:05 Job submitted from host: <188.185.16.120:9618?addrs=188.185.16.120-9618+[2001-1458-d00-65--100-39b]-9618&alias=bigbird27.cern.ch&noUDP&sock=schedd_4465_3274>
...
040 (7944174.495.000) 07/08 17:34:42 Started transferring input files
	Transferring to host: <188.185.212.16:9618?addrs=188.185.212.16-9618+[2001-1458-303-18--100-c]-9618&alias=b9p25p6280.cern.ch&noUDP&sock=slot1_9_8393_60ae_37556>
...
040 (7944174.495.000) 07/08 17:34:42 Finished transferring input files
...
001 (7944174.495.000) 07/08 17:34:42 Job executing on host: <188.185.212.16:9618?addrs=188.185.212.16-9618+[2001-1458-303-18--100-c]-9618&alias=b9p25p6280.cern.ch&noUDP&sock=startd_8325_d606>
	SlotName: slot1_9@b9p25p6280.cern.ch
	CondorScratchDir = "/pool/condor/dir_573276"
	Cpus = 1
	Disk = 10057792
	GPUs = 0
	Memory = 3000
...
006 (7944174.495.000) 07/08 17:34:56 Image size of job updated: 165220
	162  -  MemoryUsage of job (MB)
	165220  -  ResidentSetSize of job (KB)
...
006 (7944174.495.000) 07/08 17:34:59 Image size of job updated: 210976
	162  -  MemoryUsage of job (MB)
	165264  -  ResidentSetSize of job (KB)
...
040 (7944174.495.000) 07/08 17:34:59 Started transferring output files
...
040 (7944174.495.000) 07/08 17:34:59 Finished transferring output files
...
012 (7944174.495.000) 07/08 17:34:59 Job was held.
	Job held by ON_EXIT_HOLD due to exit code 1.
	Code 3 Subcode 0
...
013 (7944174.495.000) 07/08 17:46:04 Job was released.
	The job attribute PeriodicRelease expression '(NumJobStarts < 3) && ((CurrentTime - EnteredCurrentStatus) > 10 * 60)' evaluated to TRUE
...
040 (7944174.495.000) 07/08 17:47:37 Started transferring input files
	Transferring to host: <128.142.161.78:9618?addrs=128.142.161.78-9618+[2001-1458-301-b8--100-c]-9618&alias=b9g03p7992.cern.ch&noUDP&sock=slot1_22_10642_006a_14095>
...
040 (7944174.495.000) 07/08 17:47:37 Finished transferring input files
...
001 (7944174.495.000) 07/08 17:47:37 Job executing on host: <128.142.161.78:9618?addrs=128.142.161.78-9618+[2001-1458-301-b8--100-c]-9618&alias=b9g03p7992.cern.ch&noUDP&sock=startd_9368_3f4d>
	SlotName: slot1_22@b9g03p7992.cern.ch
	CondorScratchDir = "/pool/condor/dir_3966190"
	Cpus = 1
	Disk = 10002926
	GPUs = 0
	Memory = 3000
...
040 (7944174.495.000) 07/08 17:48:00 Started transferring output files
...
040 (7944174.495.000) 07/08 17:48:00 Finished transferring output files
...
012 (7944174.495.000) 07/08 17:48:00 Job was held.
	Job held by ON_EXIT_HOLD due to exit code 1.
	Code 3 Subcode 0
...
013 (7944174.495.000) 07/08 17:58:13 Job was released.
	The job attribute PeriodicRelease expression '(NumJobStarts < 3) && ((CurrentTime - EnteredCurrentStatus) > 10 * 60)' evaluated to TRUE
...
040 (7944174.495.000) 07/08 18:08:39 Started transferring input files
	Transferring to host: <188.185.193.104:9618?addrs=188.185.193.104-9618+[2001-1458-303-20--100-64]-9618&alias=b9p19p0468.cern.ch&noUDP&sock=slot1_6_10620_8029_23886>
...
040 (7944174.495.000) 07/08 18:08:40 Finished transferring input files
...
001 (7944174.495.000) 07/08 18:08:40 Job executing on host: <188.185.193.104:9618?addrs=188.185.193.104-9618+[2001-1458-303-20--100-64]-9618&alias=b9p19p0468.cern.ch&noUDP&sock=startd_8805_137b>
	SlotName: slot1_6@b9p19p0468.cern.ch
	CondorScratchDir = "/pool/condor/dir_93854"
	Cpus = 1
	Disk = 10000070
	GPUs = 0
	Memory = 3000
...
040 (7944174.495.000) 07/08 18:09:52 Started transferring output files
...
040 (7944174.495.000) 07/08 18:09:52 Finished transferring output files
...
012 (7944174.495.000) 07/08 18:09:52 Job was held.
	Job held by ON_EXIT_HOLD due to exit code 1.
	Code 3 Subcode 0
...
