000 (7944174.497.000) 07/08 17:29:05 Job submitted from host: <188.185.16.120:9618?addrs=188.185.16.120-9618+[2001-1458-d00-65--100-39b]-9618&alias=bigbird27.cern.ch&noUDP&sock=schedd_4465_3274>
...
040 (7944174.497.000) 07/08 17:34:43 Started transferring input files
	Transferring to host: <188.185.194.171:9618?addrs=188.185.194.171-9618+[2001-1458-303-21--100-a7]-9618&alias=b9p20p9974.cern.ch&noUDP&sock=slot1_1_8490_b912_15888>
...
040 (7944174.497.000) 07/08 17:34:43 Finished transferring input files
...
001 (7944174.497.000) 07/08 17:34:43 Job executing on host: <188.185.194.171:9618?addrs=188.185.194.171-9618+[2001-1458-303-21--100-a7]-9618&alias=b9p20p9974.cern.ch&noUDP&sock=startd_7086_fc2e>
	SlotName: slot1_1@b9p20p9974.cern.ch
	CondorScratchDir = "/pool/condor/dir_1040442"
	Cpus = 1
	Disk = 10000673
	GPUs = 0
	Memory = 3000
...
006 (7944174.497.000) 07/08 17:34:57 Image size of job updated: 93284
	92  -  MemoryUsage of job (MB)
	93284  -  ResidentSetSize of job (KB)
...
006 (7944174.497.000) 07/08 17:35:02 Image size of job updated: 171892
	93  -  MemoryUsage of job (MB)
	94292  -  ResidentSetSize of job (KB)
...
040 (7944174.497.000) 07/08 17:35:02 Started transferring output files
...
040 (7944174.497.000) 07/08 17:35:02 Finished transferring output files
...
012 (7944174.497.000) 07/08 17:35:02 Job was held.
	Job held by ON_EXIT_HOLD due to exit code 1.
	Code 3 Subcode 0
...
013 (7944174.497.000) 07/08 17:46:04 Job was released.
	The job attribute PeriodicRelease expression '(NumJobStarts < 3) && ((CurrentTime - EnteredCurrentStatus) > 10 * 60)' evaluated to TRUE
...
040 (7944174.497.000) 07/08 17:47:39 Started transferring input files
	Transferring to host: <188.185.198.175:9618?addrs=188.185.198.175-9618+[2001-1458-303-25--100-ab]-9618&alias=b9p15p0995.cern.ch&noUDP&sock=slot1_6_8528_7f54_39120>
...
040 (7944174.497.000) 07/08 17:47:40 Finished transferring input files
...
001 (7944174.497.000) 07/08 17:47:40 Job executing on host: <188.185.198.175:9618?addrs=188.185.198.175-9618+[2001-1458-303-25--100-ab]-9618&alias=b9p15p0995.cern.ch&noUDP&sock=startd_7683_7a38>
	SlotName: slot1_6@b9p15p0995.cern.ch
	CondorScratchDir = "/pool/condor/dir_1490034"
	Cpus = 1
	Disk = 10003448
	GPUs = 0
	Memory = 3000
...
006 (7944174.497.000) 07/08 17:48:14 Image size of job updated: 190580
	98  -  MemoryUsage of job (MB)
	100000  -  ResidentSetSize of job (KB)
...
040 (7944174.497.000) 07/08 17:48:14 Started transferring output files
...
040 (7944174.497.000) 07/08 17:48:14 Finished transferring output files
...
012 (7944174.497.000) 07/08 17:48:14 Job was held.
	Job held by ON_EXIT_HOLD due to exit code 1.
	Code 3 Subcode 0
...
013 (7944174.497.000) 07/08 18:01:00 Job was released.
	The job attribute PeriodicRelease expression '(NumJobStarts < 3) && ((CurrentTime - EnteredCurrentStatus) > 10 * 60)' evaluated to TRUE
...
040 (7944174.497.000) 07/08 18:15:39 Started transferring input files
	Transferring to host: <128.142.161.113:9618?addrs=128.142.161.113-9618+[2001-1458-301-b8--100-2f]-9618&alias=b9g03p5497.cern.ch&noUDP&sock=slot1_13_6968_5614_16980>
...
040 (7944174.497.000) 07/08 18:15:40 Finished transferring input files
...
001 (7944174.497.000) 07/08 18:15:40 Job executing on host: <128.142.161.113:9618?addrs=128.142.161.113-9618+[2001-1458-301-b8--100-2f]-9618&alias=b9g03p5497.cern.ch&noUDP&sock=startd_5637_1773>
	SlotName: slot1_13@b9g03p5497.cern.ch
	CondorScratchDir = "/pool/condor/dir_157259"
	Cpus = 1
	Disk = 10027120
	GPUs = 0
	Memory = 3000
...
006 (7944174.497.000) 07/08 18:15:53 Image size of job updated: 200000
	123  -  MemoryUsage of job (MB)
	125652  -  ResidentSetSize of job (KB)
...
006 (7944174.497.000) 07/08 18:15:58 Image size of job updated: 200000
	127  -  MemoryUsage of job (MB)
	129488  -  ResidentSetSize of job (KB)
...
040 (7944174.497.000) 07/08 18:15:58 Started transferring output files
...
040 (7944174.497.000) 07/08 18:15:58 Finished transferring output files
...
012 (7944174.497.000) 07/08 18:15:58 Job was held.
	Job held by ON_EXIT_HOLD due to exit code 1.
	Code 3 Subcode 0
...
