000 (7944174.499.000) 07/08 17:29:05 Job submitted from host: <188.185.16.120:9618?addrs=188.185.16.120-9618+[2001-1458-d00-65--100-39b]-9618&alias=bigbird27.cern.ch&noUDP&sock=schedd_4465_3274>
...
040 (7944174.499.000) 07/08 17:34:43 Started transferring input files
	Transferring to host: <188.185.211.58:9618?addrs=188.185.211.58-9618+[2001-1458-303-16--100-36]-9618&alias=b9p23p3468.cern.ch&noUDP&sock=slot1_17_7907_f25b_40554>
...
040 (7944174.499.000) 07/08 17:34:43 Finished transferring input files
...
001 (7944174.499.000) 07/08 17:34:44 Job executing on host: <188.185.211.58:9618?addrs=188.185.211.58-9618+[2001-1458-303-16--100-36]-9618&alias=b9p23p3468.cern.ch&noUDP&sock=startd_7233_d09a>
	SlotName: slot1_17@b9p23p3468.cern.ch
	CondorScratchDir = "/pool/condor/dir_89526"
	Cpus = 1
	Disk = 10005872
	GPUs = 0
	Memory = 3000
...
006 (7944174.499.000) 07/08 17:34:52 Image size of job updated: 106104
	104  -  MemoryUsage of job (MB)
	106104  -  ResidentSetSize of job (KB)
...
006 (7944174.499.000) 07/08 17:34:57 Image size of job updated: 106104
	104  -  MemoryUsage of job (MB)
	106496  -  ResidentSetSize of job (KB)
...
040 (7944174.499.000) 07/08 17:34:57 Started transferring output files
...
040 (7944174.499.000) 07/08 17:34:57 Finished transferring output files
...
012 (7944174.499.000) 07/08 17:34:57 Job was held.
	Job held by ON_EXIT_HOLD due to exit code 1.
	Code 3 Subcode 0
...
013 (7944174.499.000) 07/08 17:46:04 Job was released.
	The job attribute PeriodicRelease expression '(NumJobStarts < 3) && ((CurrentTime - EnteredCurrentStatus) > 10 * 60)' evaluated to TRUE
...
040 (7944174.499.000) 07/08 17:47:39 Started transferring input files
	Transferring to host: <188.185.194.179:9618?addrs=188.185.194.179-9618+[2001-1458-303-21--100-af]-9618&alias=b9p20p5315.cern.ch&noUDP&sock=slot1_18_9668_bb02_24369>
...
040 (7944174.499.000) 07/08 17:47:40 Finished transferring input files
...
001 (7944174.499.000) 07/08 17:47:40 Job executing on host: <188.185.194.179:9618?addrs=188.185.194.179-9618+[2001-1458-303-21--100-af]-9618&alias=b9p20p5315.cern.ch&noUDP&sock=startd_8427_ccaf>
	SlotName: slot1_18@b9p20p5315.cern.ch
	CondorScratchDir = "/pool/condor/dir_3683225"
	Cpus = 1
	Disk = 10002047
	GPUs = 0
	Memory = 3000
...
006 (7944174.499.000) 07/08 17:48:14 Image size of job updated: 193740
	123  -  MemoryUsage of job (MB)
	125000  -  ResidentSetSize of job (KB)
...
040 (7944174.499.000) 07/08 17:48:14 Started transferring output files
...
040 (7944174.499.000) 07/08 17:48:14 Finished transferring output files
...
012 (7944174.499.000) 07/08 17:48:15 Job was held.
	Job held by ON_EXIT_HOLD due to exit code 1.
	Code 3 Subcode 0
...
013 (7944174.499.000) 07/08 18:01:00 Job was released.
	The job attribute PeriodicRelease expression '(NumJobStarts < 3) && ((CurrentTime - EnteredCurrentStatus) > 10 * 60)' evaluated to TRUE
...
040 (7944174.499.000) 07/08 18:15:39 Started transferring input files
	Transferring to host: <188.185.194.77:9618?addrs=188.185.194.77-9618+[2001-1458-303-21--100-49]-9618&alias=b9p20p3160.cern.ch&noUDP&sock=slot1_21_5647_927f_24405>
...
040 (7944174.499.000) 07/08 18:15:40 Finished transferring input files
...
001 (7944174.499.000) 07/08 18:15:40 Job executing on host: <188.185.194.77:9618?addrs=188.185.194.77-9618+[2001-1458-303-21--100-49]-9618&alias=b9p20p3160.cern.ch&noUDP&sock=startd_5055_e355>
	SlotName: slot1_21@b9p20p3160.cern.ch
	CondorScratchDir = "/pool/condor/dir_1000904"
	Cpus = 1
	Disk = 10005091
	GPUs = 0
	Memory = 3000
...
006 (7944174.499.000) 07/08 18:16:01 Image size of job updated: 206760
	123  -  MemoryUsage of job (MB)
	125000  -  ResidentSetSize of job (KB)
...
040 (7944174.499.000) 07/08 18:16:01 Started transferring output files
...
040 (7944174.499.000) 07/08 18:16:01 Finished transferring output files
...
012 (7944174.499.000) 07/08 18:16:01 Job was held.
	Job held by ON_EXIT_HOLD due to exit code 1.
	Code 3 Subcode 0
...
