000 (7944174.005.000) 07/08 17:29:04 Job submitted from host: <188.185.16.120:9618?addrs=188.185.16.120-9618+[2001-1458-d00-65--100-39b]-9618&alias=bigbird27.cern.ch&noUDP&sock=schedd_4465_3274>
...
040 (7944174.005.000) 07/08 17:31:13 Started transferring input files
	Transferring to host: <188.184.185.24:9618?addrs=188.184.185.24-9618+[2001-1458-301-52--100-17]-9618&alias=b9g37p3524.cern.ch&noUDP&sock=slot1_14_601633_9fea_58049>
...
040 (7944174.005.000) 07/08 17:31:16 Finished transferring input files
...
001 (7944174.005.000) 07/08 17:31:16 Job executing on host: <188.184.185.24:9618?addrs=188.184.185.24-9618+[2001-1458-301-52--100-17]-9618&alias=b9g37p3524.cern.ch&noUDP&sock=startd_6310_b6b0>
	SlotName: slot1_14@b9g37p3524.cern.ch
	CondorScratchDir = "/pool/condor/dir_1204315"
	Cpus = 1
	Disk = 10002997
	GPUs = 0
	Memory = 3000
...
006 (7944174.005.000) 07/08 17:31:25 Image size of job updated: 58552
	58  -  MemoryUsage of job (MB)
	58552  -  ResidentSetSize of job (KB)
...
006 (7944174.005.000) 07/08 17:32:43 Image size of job updated: 424164
	415  -  MemoryUsage of job (MB)
	424164  -  ResidentSetSize of job (KB)
...
040 (7944174.005.000) 07/08 17:32:43 Started transferring output files
...
040 (7944174.005.000) 07/08 17:32:43 Finished transferring output files
...
012 (7944174.005.000) 07/08 17:32:44 Job was held.
	Job held by ON_EXIT_HOLD due to exit code 1.
	Code 3 Subcode 0
...
013 (7944174.005.000) 07/08 17:43:32 Job was released.
	The job attribute PeriodicRelease expression '(NumJobStarts < 3) && ((CurrentTime - EnteredCurrentStatus) > 10 * 60)' evaluated to TRUE
...
040 (7944174.005.000) 07/08 17:43:57 Started transferring input files
	Transferring to host: <188.185.193.125:9618?addrs=188.185.193.125-9618+[2001-1458-303-20--100-79]-9618&alias=b9p19p3850.cern.ch&noUDP&sock=slot1_19_4554_7472_15117>
...
040 (7944174.005.000) 07/08 17:43:57 Finished transferring input files
...
001 (7944174.005.000) 07/08 17:43:58 Job executing on host: <188.185.193.125:9618?addrs=188.185.193.125-9618+[2001-1458-303-20--100-79]-9618&alias=b9p19p3850.cern.ch&noUDP&sock=startd_3965_3d1a>
	SlotName: slot1_19@b9p19p3850.cern.ch
	CondorScratchDir = "/pool/condor/dir_3207481"
	Cpus = 1
	Disk = 10003158
	GPUs = 0
	Memory = 3000
...
040 (7944174.005.000) 07/08 17:44:33 Started transferring output files
...
040 (7944174.005.000) 07/08 17:44:33 Finished transferring output files
...
012 (7944174.005.000) 07/08 17:44:33 Job was held.
	Job held by ON_EXIT_HOLD due to exit code 1.
	Code 3 Subcode 0
...
013 (7944174.005.000) 07/08 17:55:47 Job was released.
	The job attribute PeriodicRelease expression '(NumJobStarts < 3) && ((CurrentTime - EnteredCurrentStatus) > 10 * 60)' evaluated to TRUE
...
040 (7944174.005.000) 07/08 17:57:24 Started transferring input files
	Transferring to host: <188.185.193.145:9618?addrs=188.185.193.145-9618+[2001-1458-303-20--100-8d]-9618&alias=b9p19p9101.cern.ch&noUDP&sock=slot1_40_4545_1d12_24576>
...
040 (7944174.005.000) 07/08 17:57:25 Finished transferring input files
...
001 (7944174.005.000) 07/08 17:57:25 Job executing on host: <188.185.193.145:9618?addrs=188.185.193.145-9618+[2001-1458-303-20--100-8d]-9618&alias=b9p19p9101.cern.ch&noUDP&sock=startd_3982_e636>
	SlotName: slot1_40@b9p19p9101.cern.ch
	CondorScratchDir = "/pool/condor/dir_3372697"
	Cpus = 1
	Disk = 10003172
	GPUs = 0
	Memory = 3000
...
040 (7944174.005.000) 07/08 17:58:23 Started transferring output files
...
040 (7944174.005.000) 07/08 17:58:23 Finished transferring output files
...
012 (7944174.005.000) 07/08 17:58:23 Job was held.
	Job held by ON_EXIT_HOLD due to exit code 1.
	Code 3 Subcode 0
...
