000 (7944174.050.000) 07/08 17:29:04 Job submitted from host: <188.185.16.120:9618?addrs=188.185.16.120-9618+[2001-1458-d00-65--100-39b]-9618&alias=bigbird27.cern.ch&noUDP&sock=schedd_4465_3274>
...
040 (7944174.050.000) 07/08 17:31:28 Started transferring input files
	Transferring to host: <188.185.213.23:9618?addrs=188.185.213.23-9618+[2001-1458-303-1a--100-13]-9618&alias=b9p27p8195.cern.ch&noUDP&sock=slot1_23_8428_09d0_40282>
...
040 (7944174.050.000) 07/08 17:31:29 Finished transferring input files
...
001 (7944174.050.000) 07/08 17:31:29 Job executing on host: <188.185.213.23:9618?addrs=188.185.213.23-9618+[2001-1458-303-1a--100-13]-9618&alias=b9p27p8195.cern.ch&noUDP&sock=startd_8377_80f2>
	SlotName: slot1_23@b9p27p8195.cern.ch
	CondorScratchDir = "/pool/condor/dir_2384005"
	Cpus = 1
	Disk = 10002856
	GPUs = 0
	Memory = 3000
...
006 (7944174.050.000) 07/08 17:31:37 Image size of job updated: 49172
	49  -  MemoryUsage of job (MB)
	49172  -  ResidentSetSize of job (KB)
...
006 (7944174.050.000) 07/08 17:32:43 Image size of job updated: 424944
	415  -  MemoryUsage of job (MB)
	424944  -  ResidentSetSize of job (KB)
...
040 (7944174.050.000) 07/08 17:32:43 Started transferring output files
...
040 (7944174.050.000) 07/08 17:32:43 Finished transferring output files
...
012 (7944174.050.000) 07/08 17:32:45 Job was held.
	Job held by ON_EXIT_HOLD due to exit code 1.
	Code 3 Subcode 0
...
013 (7944174.050.000) 07/08 17:43:32 Job was released.
	The job attribute PeriodicRelease expression '(NumJobStarts < 3) && ((CurrentTime - EnteredCurrentStatus) > 10 * 60)' evaluated to TRUE
...
040 (7944174.050.000) 07/08 17:44:11 Started transferring input files
	Transferring to host: <128.142.161.76:9618?addrs=128.142.161.76-9618+[2001-1458-301-b8--100-a]-9618&alias=b9g03p6105.cern.ch&noUDP&sock=slot1_25_6117_bad2_21709>
...
040 (7944174.050.000) 07/08 17:44:12 Finished transferring input files
...
001 (7944174.050.000) 07/08 17:44:12 Job executing on host: <128.142.161.76:9618?addrs=128.142.161.76-9618+[2001-1458-301-b8--100-a]-9618&alias=b9g03p6105.cern.ch&noUDP&sock=startd_6072_7726>
	SlotName: slot1_25@b9g03p6105.cern.ch
	CondorScratchDir = "/pool/condor/dir_3527515"
	Cpus = 1
	Disk = 10002454
	GPUs = 0
	Memory = 3000
...
040 (7944174.050.000) 07/08 17:44:52 Started transferring output files
...
040 (7944174.050.000) 07/08 17:44:52 Finished transferring output files
...
012 (7944174.050.000) 07/08 17:44:52 Job was held.
	Job held by ON_EXIT_HOLD due to exit code 1.
	Code 3 Subcode 0
...
013 (7944174.050.000) 07/08 17:55:47 Job was released.
	The job attribute PeriodicRelease expression '(NumJobStarts < 3) && ((CurrentTime - EnteredCurrentStatus) > 10 * 60)' evaluated to TRUE
...
040 (7944174.050.000) 07/08 18:01:02 Started transferring input files
	Transferring to host: <188.185.193.182:9618?addrs=188.185.193.182-9618+[2001-1458-303-20--100-b2]-9618&alias=b9p19p3374.cern.ch&noUDP&sock=slot1_35_3541252_23fd_22732>
...
040 (7944174.050.000) 07/08 18:01:02 Finished transferring input files
...
001 (7944174.050.000) 07/08 18:01:02 Job executing on host: <188.185.193.182:9618?addrs=188.185.193.182-9618+[2001-1458-303-20--100-b2]-9618&alias=b9p19p3374.cern.ch&noUDP&sock=startd_3541184_4269>
	SlotName: slot1_35@b9p19p3374.cern.ch
	CondorScratchDir = "/pool/condor/dir_1295332"
	Cpus = 1
	Disk = 10002922
	GPUs = 0
	Memory = 3000
...
040 (7944174.050.000) 07/08 18:01:22 Started transferring output files
...
040 (7944174.050.000) 07/08 18:01:22 Finished transferring output files
...
012 (7944174.050.000) 07/08 18:01:22 Job was held.
	Job held by ON_EXIT_HOLD due to exit code 1.
	Code 3 Subcode 0
...
