000 (7944174.500.000) 07/08 17:29:05 Job submitted from host: <188.185.16.120:9618?addrs=188.185.16.120-9618+[2001-1458-d00-65--100-39b]-9618&alias=bigbird27.cern.ch&noUDP&sock=schedd_4465_3274>
...
040 (7944174.500.000) 07/08 17:34:43 Started transferring input files
	Transferring to host: <188.185.208.29:9618?addrs=188.185.208.29-9618+[2001-1458-303-f--100-1a]-9618&alias=b9p09p1329.cern.ch&noUDP&sock=slot1_16_8209_bba7_33419>
...
040 (7944174.500.000) 07/08 17:34:44 Finished transferring input files
...
001 (7944174.500.000) 07/08 17:34:44 Job executing on host: <188.185.208.29:9618?addrs=188.185.208.29-9618+[2001-1458-303-f--100-1a]-9618&alias=b9p09p1329.cern.ch&noUDP&sock=startd_7199_7e62>
	SlotName: slot1_16@b9p09p1329.cern.ch
	CondorScratchDir = "/pool/condor/dir_3545382"
	Cpus = 1
	Disk = 10039612
	GPUs = 0
	Memory = 3000
...
006 (7944174.500.000) 07/08 17:34:57 Image size of job updated: 104140
	102  -  MemoryUsage of job (MB)
	104140  -  ResidentSetSize of job (KB)
...
006 (7944174.500.000) 07/08 17:35:02 Image size of job updated: 185104
	102  -  MemoryUsage of job (MB)
	104192  -  ResidentSetSize of job (KB)
...
040 (7944174.500.000) 07/08 17:35:02 Started transferring output files
...
040 (7944174.500.000) 07/08 17:35:02 Finished transferring output files
...
012 (7944174.500.000) 07/08 17:35:02 Job was held.
	Job held by ON_EXIT_HOLD due to exit code 1.
	Code 3 Subcode 0
...
013 (7944174.500.000) 07/08 17:46:04 Job was released.
	The job attribute PeriodicRelease expression '(NumJobStarts < 3) && ((CurrentTime - EnteredCurrentStatus) > 10 * 60)' evaluated to TRUE
...
040 (7944174.500.000) 07/08 17:47:40 Started transferring input files
	Transferring to host: <188.185.194.55:9618?addrs=188.185.194.55-9618+[2001-1458-303-21--100-33]-9618&alias=b9p20p9029.cern.ch&noUDP&sock=slot1_2_10062_56d2_24114>
...
040 (7944174.500.000) 07/08 17:47:41 Finished transferring input files
...
001 (7944174.500.000) 07/08 17:47:41 Job executing on host: <188.185.194.55:9618?addrs=188.185.194.55-9618+[2001-1458-303-21--100-33]-9618&alias=b9p20p9029.cern.ch&noUDP&sock=startd_8671_29ca>
	SlotName: slot1_2@b9p20p9029.cern.ch
	CondorScratchDir = "/pool/condor/dir_712112"
	Cpus = 1
	Disk = 10003066
	GPUs = 0
	Memory = 3000
...
006 (7944174.500.000) 07/08 17:48:22 Image size of job updated: 219456
	123  -  MemoryUsage of job (MB)
	125000  -  ResidentSetSize of job (KB)
...
040 (7944174.500.000) 07/08 17:48:22 Started transferring output files
...
040 (7944174.500.000) 07/08 17:48:22 Finished transferring output files
...
012 (7944174.500.000) 07/08 17:48:22 Job was held.
	Job held by ON_EXIT_HOLD due to exit code 1.
	Code 3 Subcode 0
...
013 (7944174.500.000) 07/08 18:01:00 Job was released.
	The job attribute PeriodicRelease expression '(NumJobStarts < 3) && ((CurrentTime - EnteredCurrentStatus) > 10 * 60)' evaluated to TRUE
...
040 (7944174.500.000) 07/08 18:15:39 Started transferring input files
	Transferring to host: <188.185.213.209:9618?addrs=188.185.213.209-9618+[2001-1458-303-1b--100-4d]-9618&alias=b9p28p2360.cern.ch&noUDP&sock=slot1_13_8431_26f0_47632>
...
040 (7944174.500.000) 07/08 18:15:40 Finished transferring input files
...
001 (7944174.500.000) 07/08 18:15:40 Job executing on host: <188.185.213.209:9618?addrs=188.185.213.209-9618+[2001-1458-303-1b--100-4d]-9618&alias=b9p28p2360.cern.ch&noUDP&sock=startd_8382_eeec>
	SlotName: slot1_13@b9p28p2360.cern.ch
	CondorScratchDir = "/pool/condor/dir_1707635"
	Cpus = 1
	Disk = 10008518
	GPUs = 0
	Memory = 3000
...
006 (7944174.500.000) 07/08 18:15:48 Image size of job updated: 225000
	123  -  MemoryUsage of job (MB)
	125124  -  ResidentSetSize of job (KB)
...
006 (7944174.500.000) 07/08 18:15:53 Image size of job updated: 225000
	127  -  MemoryUsage of job (MB)
	129728  -  ResidentSetSize of job (KB)
...
040 (7944174.500.000) 07/08 18:15:53 Started transferring output files
...
040 (7944174.500.000) 07/08 18:15:53 Finished transferring output files
...
012 (7944174.500.000) 07/08 18:15:53 Job was held.
	Job held by ON_EXIT_HOLD due to exit code 1.
	Code 3 Subcode 0
...
