000 (7944174.502.000) 07/08 17:29:05 Job submitted from host: <188.185.16.120:9618?addrs=188.185.16.120-9618+[2001-1458-d00-65--100-39b]-9618&alias=bigbird27.cern.ch&noUDP&sock=schedd_4465_3274>
...
040 (7944174.502.000) 07/08 17:34:44 Started transferring input files
	Transferring to host: <188.185.210.199:9618?addrs=188.185.210.199-9618+[2001-1458-303-15--100-43]-9618&alias=b9p22p1594.cern.ch&noUDP&sock=slot1_28_7849_1498_39734>
...
040 (7944174.502.000) 07/08 17:34:44 Finished transferring input files
...
001 (7944174.502.000) 07/08 17:34:44 Job executing on host: <188.185.210.199:9618?addrs=188.185.210.199-9618+[2001-1458-303-15--100-43]-9618&alias=b9p22p1594.cern.ch&noUDP&sock=startd_6770_3c41>
	SlotName: slot1_28@b9p22p1594.cern.ch
	CondorScratchDir = "/pool/condor/dir_573281"
	Cpus = 1
	Disk = 10013422
	GPUs = 0
	Memory = 3000
...
006 (7944174.502.000) 07/08 17:34:53 Image size of job updated: 103460
	102  -  MemoryUsage of job (MB)
	103460  -  ResidentSetSize of job (KB)
...
006 (7944174.502.000) 07/08 17:34:58 Image size of job updated: 103460
	103  -  MemoryUsage of job (MB)
	104992  -  ResidentSetSize of job (KB)
...
040 (7944174.502.000) 07/08 17:34:58 Started transferring output files
...
040 (7944174.502.000) 07/08 17:34:58 Finished transferring output files
...
012 (7944174.502.000) 07/08 17:34:58 Job was held.
	Job held by ON_EXIT_HOLD due to exit code 1.
	Code 3 Subcode 0
...
013 (7944174.502.000) 07/08 17:46:04 Job was released.
	The job attribute PeriodicRelease expression '(NumJobStarts < 3) && ((CurrentTime - EnteredCurrentStatus) > 10 * 60)' evaluated to TRUE
...
040 (7944174.502.000) 07/08 17:47:53 Started transferring input files
	Transferring to host: <188.185.196.162:9618?addrs=188.185.196.162-9618+[2001-1458-303-23--100-9e]-9618&alias=b9p16p1742.cern.ch&noUDP&sock=slot1_5_8772_6ade_39025>
...
040 (7944174.502.000) 07/08 17:47:53 Finished transferring input files
...
001 (7944174.502.000) 07/08 17:47:53 Job executing on host: <188.185.196.162:9618?addrs=188.185.196.162-9618+[2001-1458-303-23--100-9e]-9618&alias=b9p16p1742.cern.ch&noUDP&sock=startd_8718_66be>
	SlotName: slot1_5@b9p16p1742.cern.ch
	CondorScratchDir = "/pool/condor/dir_2575578"
	Cpus = 1
	Disk = 10000320
	GPUs = 0
	Memory = 3000
...
040 (7944174.502.000) 07/08 17:48:10 Started transferring output files
...
040 (7944174.502.000) 07/08 17:48:10 Finished transferring output files
...
012 (7944174.502.000) 07/08 17:48:10 Job was held.
	Job held by ON_EXIT_HOLD due to exit code 1.
	Code 3 Subcode 0
...
013 (7944174.502.000) 07/08 17:58:13 Job was released.
	The job attribute PeriodicRelease expression '(NumJobStarts < 3) && ((CurrentTime - EnteredCurrentStatus) > 10 * 60)' evaluated to TRUE
...
040 (7944174.502.000) 07/08 18:08:41 Started transferring input files
	Transferring to host: <188.185.210.191:9618?addrs=188.185.210.191-9618+[2001-1458-303-15--100-3b]-9618&alias=b9p22p9807.cern.ch&noUDP&sock=slot1_14_8457_78b1_48406>
...
040 (7944174.502.000) 07/08 18:08:42 Finished transferring input files
...
001 (7944174.502.000) 07/08 18:08:42 Job executing on host: <188.185.210.191:9618?addrs=188.185.210.191-9618+[2001-1458-303-15--100-3b]-9618&alias=b9p22p9807.cern.ch&noUDP&sock=startd_8402_a6d1>
	SlotName: slot1_14@b9p22p9807.cern.ch
	CondorScratchDir = "/pool/condor/dir_53463"
	Cpus = 1
	Disk = 10007534
	GPUs = 0
	Memory = 3000
...
006 (7944174.502.000) 07/08 18:09:14 Image size of job updated: 425712
	416  -  MemoryUsage of job (MB)
	425712  -  ResidentSetSize of job (KB)
...
040 (7944174.502.000) 07/08 18:09:14 Started transferring output files
...
040 (7944174.502.000) 07/08 18:09:14 Finished transferring output files
...
012 (7944174.502.000) 07/08 18:09:14 Job was held.
	Job held by ON_EXIT_HOLD due to exit code 1.
	Code 3 Subcode 0
...
