000 (7944174.503.000) 07/08 17:29:05 Job submitted from host: <188.185.16.120:9618?addrs=188.185.16.120-9618+[2001-1458-d00-65--100-39b]-9618&alias=bigbird27.cern.ch&noUDP&sock=schedd_4465_3274>
...
040 (7944174.503.000) 07/08 17:35:15 Started transferring input files
	Transferring to host: <188.185.212.41:9618?addrs=188.185.212.41-9618+[2001-1458-303-18--100-25]-9618&alias=b9p25p9135.cern.ch&noUDP&sock=slot1_1_8369_77ad_39327>
...
040 (7944174.503.000) 07/08 17:35:15 Finished transferring input files
...
001 (7944174.503.000) 07/08 17:35:15 Job executing on host: <188.185.212.41:9618?addrs=188.185.212.41-9618+[2001-1458-303-18--100-25]-9618&alias=b9p25p9135.cern.ch&noUDP&sock=startd_8318_08dc>
	SlotName: slot1_1@b9p25p9135.cern.ch
	CondorScratchDir = "/pool/condor/dir_1766413"
	Cpus = 1
	Disk = 10018235
	GPUs = 0
	Memory = 3000
...
006 (7944174.503.000) 07/08 17:35:29 Image size of job updated: 156992
	154  -  MemoryUsage of job (MB)
	156992  -  ResidentSetSize of job (KB)
...
006 (7944174.503.000) 07/08 17:35:33 Image size of job updated: 200544
	155  -  MemoryUsage of job (MB)
	158272  -  ResidentSetSize of job (KB)
...
040 (7944174.503.000) 07/08 17:35:33 Started transferring output files
...
040 (7944174.503.000) 07/08 17:35:33 Finished transferring output files
...
012 (7944174.503.000) 07/08 17:35:33 Job was held.
	Job held by ON_EXIT_HOLD due to exit code 1.
	Code 3 Subcode 0
...
013 (7944174.503.000) 07/08 17:46:04 Job was released.
	The job attribute PeriodicRelease expression '(NumJobStarts < 3) && ((CurrentTime - EnteredCurrentStatus) > 10 * 60)' evaluated to TRUE
...
040 (7944174.503.000) 07/08 17:47:41 Started transferring input files
	Transferring to host: <188.185.196.98:9618?addrs=188.185.196.98-9618+[2001-1458-303-23--100-5e]-9618&alias=b9p16p2691.cern.ch&noUDP&sock=slot1_13_2719950_9547_18010>
...
040 (7944174.503.000) 07/08 17:47:42 Finished transferring input files
...
001 (7944174.503.000) 07/08 17:47:42 Job executing on host: <188.185.196.98:9618?addrs=188.185.196.98-9618+[2001-1458-303-23--100-5e]-9618&alias=b9p16p2691.cern.ch&noUDP&sock=startd_2719878_a81f>
	SlotName: slot1_13@b9p16p2691.cern.ch
	CondorScratchDir = "/pool/condor/dir_3210689"
	Cpus = 1
	Disk = 10001528
	GPUs = 0
	Memory = 3000
...
040 (7944174.503.000) 07/08 17:48:14 Started transferring output files
...
040 (7944174.503.000) 07/08 17:48:14 Finished transferring output files
...
012 (7944174.503.000) 07/08 17:48:14 Job was held.
	Job held by ON_EXIT_HOLD due to exit code 1.
	Code 3 Subcode 0
...
013 (7944174.503.000) 07/08 18:01:00 Job was released.
	The job attribute PeriodicRelease expression '(NumJobStarts < 3) && ((CurrentTime - EnteredCurrentStatus) > 10 * 60)' evaluated to TRUE
...
040 (7944174.503.000) 07/08 18:15:40 Started transferring input files
	Transferring to host: <188.185.213.186:9618?addrs=188.185.213.186-9618+[2001-1458-303-1b--100-36]-9618&alias=b9p28p9859.cern.ch&noUDP&sock=slot1_8_2900231_db4a_25438>
...
040 (7944174.503.000) 07/08 18:15:41 Finished transferring input files
...
001 (7944174.503.000) 07/08 18:15:41 Job executing on host: <188.185.213.186:9618?addrs=188.185.213.186-9618+[2001-1458-303-1b--100-36]-9618&alias=b9p28p9859.cern.ch&noUDP&sock=startd_2900120_ad45>
	SlotName: slot1_8@b9p28p9859.cern.ch
	CondorScratchDir = "/pool/condor/dir_2845513"
	Cpus = 1
	Disk = 10333383
	GPUs = 0
	Memory = 3000
...
040 (7944174.503.000) 07/08 18:15:53 Started transferring output files
...
040 (7944174.503.000) 07/08 18:15:53 Finished transferring output files
...
012 (7944174.503.000) 07/08 18:15:53 Job was held.
	Job held by ON_EXIT_HOLD due to exit code 1.
	Code 3 Subcode 0
...
