000 (7944174.504.000) 07/08 17:29:05 Job submitted from host: <188.185.16.120:9618?addrs=188.185.16.120-9618+[2001-1458-d00-65--100-39b]-9618&alias=bigbird27.cern.ch&noUDP&sock=schedd_4465_3274>
...
040 (7944174.504.000) 07/08 17:33:54 Started transferring input files
	Transferring to host: <188.185.210.198:9618?addrs=188.185.210.198-9618+[2001-1458-303-15--100-42]-9618&alias=b9p22p0443.cern.ch&noUDP&sock=slot1_1_7940_32bc_42125>
...
040 (7944174.504.000) 07/08 17:33:55 Finished transferring input files
...
001 (7944174.504.000) 07/08 17:33:55 Job executing on host: <188.185.210.198:9618?addrs=188.185.210.198-9618+[2001-1458-303-15--100-42]-9618&alias=b9p22p0443.cern.ch&noUDP&sock=startd_7418_b5a0>
	SlotName: slot1_1@b9p22p0443.cern.ch
	CondorScratchDir = "/pool/condor/dir_2311216"
	Cpus = 1
	Disk = 10003459
	GPUs = 0
	Memory = 3000
...
006 (7944174.504.000) 07/08 17:34:03 Image size of job updated: 55048
	54  -  MemoryUsage of job (MB)
	55048  -  ResidentSetSize of job (KB)
...
006 (7944174.504.000) 07/08 17:34:23 Image size of job updated: 423488
	414  -  MemoryUsage of job (MB)
	423488  -  ResidentSetSize of job (KB)
...
040 (7944174.504.000) 07/08 17:34:23 Started transferring output files
...
040 (7944174.504.000) 07/08 17:34:23 Finished transferring output files
...
012 (7944174.504.000) 07/08 17:34:23 Job was held.
	Job held by ON_EXIT_HOLD due to exit code 1.
	Code 3 Subcode 0
...
013 (7944174.504.000) 07/08 17:46:04 Job was released.
	The job attribute PeriodicRelease expression '(NumJobStarts < 3) && ((CurrentTime - EnteredCurrentStatus) > 10 * 60)' evaluated to TRUE
...
040 (7944174.504.000) 07/08 17:47:40 Started transferring input files
	Transferring to host: <188.185.193.65:9618?addrs=188.185.193.65-9618+[2001-1458-303-20--100-3d]-9618&alias=b9p19p8978.cern.ch&noUDP&sock=slot1_21_5470_dc18_23507>
...
040 (7944174.504.000) 07/08 17:47:40 Finished transferring input files
...
001 (7944174.504.000) 07/08 17:47:40 Job executing on host: <188.185.193.65:9618?addrs=188.185.193.65-9618+[2001-1458-303-20--100-3d]-9618&alias=b9p19p8978.cern.ch&noUDP&sock=startd_4882_3972>
	SlotName: slot1_21@b9p19p8978.cern.ch
	CondorScratchDir = "/pool/condor/dir_700928"
	Cpus = 1
	Disk = 10004987
	GPUs = 0
	Memory = 3000
...
040 (7944174.504.000) 07/08 17:48:00 Started transferring output files
...
040 (7944174.504.000) 07/08 17:48:00 Finished transferring output files
...
012 (7944174.504.000) 07/08 17:48:00 Job was held.
	Job held by ON_EXIT_HOLD due to exit code 1.
	Code 3 Subcode 0
...
013 (7944174.504.000) 07/08 17:58:13 Job was released.
	The job attribute PeriodicRelease expression '(NumJobStarts < 3) && ((CurrentTime - EnteredCurrentStatus) > 10 * 60)' evaluated to TRUE
...
040 (7944174.504.000) 07/08 18:15:40 Started transferring input files
	Transferring to host: <188.185.192.48:9618?addrs=188.185.192.48-9618+[2001-1458-303-1f--100-2c]-9618&alias=b9p13p5833.cern.ch&noUDP&sock=slot1_18_1542312_13f7_27050>
...
040 (7944174.504.000) 07/08 18:15:40 Finished transferring input files
...
001 (7944174.504.000) 07/08 18:15:40 Job executing on host: <188.185.192.48:9618?addrs=188.185.192.48-9618+[2001-1458-303-1f--100-2c]-9618&alias=b9p13p5833.cern.ch&noUDP&sock=startd_1542265_169f>
	SlotName: slot1_18@b9p13p5833.cern.ch
	CondorScratchDir = "/pool/condor/dir_3394637"
	Cpus = 1
	Disk = 10008311
	GPUs = 0
	Memory = 3000
...
040 (7944174.504.000) 07/08 18:16:01 Started transferring output files
...
040 (7944174.504.000) 07/08 18:16:01 Finished transferring output files
...
012 (7944174.504.000) 07/08 18:16:01 Job was held.
	Job held by ON_EXIT_HOLD due to exit code 1.
	Code 3 Subcode 0
...
