000 (7944174.505.000) 07/08 17:29:05 Job submitted from host: <188.185.16.120:9618?addrs=188.185.16.120-9618+[2001-1458-d00-65--100-39b]-9618&alias=bigbird27.cern.ch&noUDP&sock=schedd_4465_3274>
...
040 (7944174.505.000) 07/08 17:34:46 Started transferring input files
	Transferring to host: <188.185.209.181:9618?addrs=188.185.209.181-9618+[2001-1458-303-12--100-32]-9618&alias=b9p12p8135.cern.ch&noUDP&sock=slot1_12_3328661_8c98_18077>
...
040 (7944174.505.000) 07/08 17:34:47 Finished transferring input files
...
001 (7944174.505.000) 07/08 17:34:47 Job executing on host: <188.185.209.181:9618?addrs=188.185.209.181-9618+[2001-1458-303-12--100-32]-9618&alias=b9p12p8135.cern.ch&noUDP&sock=startd_3328623_17ef>
	SlotName: slot1_12@b9p12p8135.cern.ch
	CondorScratchDir = "/pool/condor/dir_3948554"
	Cpus = 1
	Disk = 10009181
	GPUs = 0
	Memory = 3000
...
006 (7944174.505.000) 07/08 17:35:01 Image size of job updated: 150996
	148  -  MemoryUsage of job (MB)
	150996  -  ResidentSetSize of job (KB)
...
006 (7944174.505.000) 07/08 17:35:06 Image size of job updated: 167256
	148  -  MemoryUsage of job (MB)
	151004  -  ResidentSetSize of job (KB)
...
040 (7944174.505.000) 07/08 17:35:06 Started transferring output files
...
040 (7944174.505.000) 07/08 17:35:06 Finished transferring output files
...
012 (7944174.505.000) 07/08 17:35:06 Job was held.
	Job held by ON_EXIT_HOLD due to exit code 1.
	Code 3 Subcode 0
...
013 (7944174.505.000) 07/08 17:46:04 Job was released.
	The job attribute PeriodicRelease expression '(NumJobStarts < 3) && ((CurrentTime - EnteredCurrentStatus) > 10 * 60)' evaluated to TRUE
...
040 (7944174.505.000) 07/08 17:47:53 Started transferring input files
	Transferring to host: <188.185.215.145:9618?addrs=188.185.215.145-9618+[2001-1458-303-26--100-d]-9618&alias=b9p18p5150.cern.ch&noUDP&sock=slot1_13_6112_34f2_35593>
...
040 (7944174.505.000) 07/08 17:47:54 Finished transferring input files
...
001 (7944174.505.000) 07/08 17:47:54 Job executing on host: <188.185.215.145:9618?addrs=188.185.215.145-9618+[2001-1458-303-26--100-d]-9618&alias=b9p18p5150.cern.ch&noUDP&sock=startd_6064_fa64>
	SlotName: slot1_13@b9p18p5150.cern.ch
	CondorScratchDir = "/pool/condor/dir_2129580"
	Cpus = 1
	Disk = 10001610
	GPUs = 0
	Memory = 3000
...
040 (7944174.505.000) 07/08 17:48:13 Started transferring output files
...
040 (7944174.505.000) 07/08 17:48:13 Finished transferring output files
...
012 (7944174.505.000) 07/08 17:48:13 Job was held.
	Job held by ON_EXIT_HOLD due to exit code 1.
	Code 3 Subcode 0
...
013 (7944174.505.000) 07/08 18:01:00 Job was released.
	The job attribute PeriodicRelease expression '(NumJobStarts < 3) && ((CurrentTime - EnteredCurrentStatus) > 10 * 60)' evaluated to TRUE
...
040 (7944174.505.000) 07/08 18:15:40 Started transferring input files
	Transferring to host: <188.185.192.148:9618?addrs=188.185.192.148-9618+[2001-1458-303-1f--100-90]-9618&alias=b9p13p8090.cern.ch&noUDP&sock=slot1_3_5223_d36d_23448>
...
040 (7944174.505.000) 07/08 18:15:40 Finished transferring input files
...
001 (7944174.505.000) 07/08 18:15:40 Job executing on host: <188.185.192.148:9618?addrs=188.185.192.148-9618+[2001-1458-303-1f--100-90]-9618&alias=b9p13p8090.cern.ch&noUDP&sock=startd_4548_20d1>
	SlotName: slot1_3@b9p13p8090.cern.ch
	CondorScratchDir = "/pool/condor/dir_1217168"
	Cpus = 1
	Disk = 10015560
	GPUs = 0
	Memory = 3000
...
040 (7944174.505.000) 07/08 18:15:59 Started transferring output files
...
040 (7944174.505.000) 07/08 18:15:59 Finished transferring output files
...
012 (7944174.505.000) 07/08 18:15:59 Job was held.
	Job held by ON_EXIT_HOLD due to exit code 1.
	Code 3 Subcode 0
...
