000 (7944174.506.000) 07/08 17:29:05 Job submitted from host: <188.185.16.120:9618?addrs=188.185.16.120-9618+[2001-1458-d00-65--100-39b]-9618&alias=bigbird27.cern.ch&noUDP&sock=schedd_4465_3274>
...
040 (7944174.506.000) 07/08 17:33:55 Started transferring input files
	Transferring to host: <188.185.207.12:9618?addrs=188.185.207.12-9618+[2001-1458-303-d--100-9]-9618&alias=b9p07p0675.cern.ch&noUDP&sock=slot1_15_9104_576b_31953>
...
040 (7944174.506.000) 07/08 17:33:56 Finished transferring input files
...
001 (7944174.506.000) 07/08 17:33:56 Job executing on host: <188.185.207.12:9618?addrs=188.185.207.12-9618+[2001-1458-303-d--100-9]-9618&alias=b9p07p0675.cern.ch&noUDP&sock=startd_8944_6b25>
	SlotName: slot1_15@b9p07p0675.cern.ch
	CondorScratchDir = "/pool/condor/dir_2753845"
	Cpus = 1
	Disk = 10009992
	GPUs = 0
	Memory = 3000
...
006 (7944174.506.000) 07/08 17:34:09 Image size of job updated: 31648
	31  -  MemoryUsage of job (MB)
	31648  -  ResidentSetSize of job (KB)
...
006 (7944174.506.000) 07/08 17:34:21 Image size of job updated: 216188
	32  -  MemoryUsage of job (MB)
	32200  -  ResidentSetSize of job (KB)
...
040 (7944174.506.000) 07/08 17:34:22 Started transferring output files
...
040 (7944174.506.000) 07/08 17:34:22 Finished transferring output files
...
012 (7944174.506.000) 07/08 17:34:22 Job was held.
	Job held by ON_EXIT_HOLD due to exit code 1.
	Code 3 Subcode 0
...
013 (7944174.506.000) 07/08 17:46:04 Job was released.
	The job attribute PeriodicRelease expression '(NumJobStarts < 3) && ((CurrentTime - EnteredCurrentStatus) > 10 * 60)' evaluated to TRUE
...
040 (7944174.506.000) 07/08 17:47:42 Started transferring input files
	Transferring to host: <188.185.193.30:9618?addrs=188.185.193.30-9618+[2001-1458-303-20--100-1a]-9618&alias=b9p19p2854.cern.ch&noUDP&sock=slot1_5_5465_5637_23940>
...
040 (7944174.506.000) 07/08 17:47:42 Finished transferring input files
...
001 (7944174.506.000) 07/08 17:47:42 Job executing on host: <188.185.193.30:9618?addrs=188.185.193.30-9618+[2001-1458-303-20--100-1a]-9618&alias=b9p19p2854.cern.ch&noUDP&sock=startd_4901_41bf>
	SlotName: slot1_5@b9p19p2854.cern.ch
	CondorScratchDir = "/pool/condor/dir_3351547"
	Cpus = 1
	Disk = 10001425
	GPUs = 0
	Memory = 3000
...
040 (7944174.506.000) 07/08 17:48:20 Started transferring output files
...
040 (7944174.506.000) 07/08 17:48:20 Finished transferring output files
...
012 (7944174.506.000) 07/08 17:48:20 Job was held.
	Job held by ON_EXIT_HOLD due to exit code 1.
	Code 3 Subcode 0
...
013 (7944174.506.000) 07/08 18:01:00 Job was released.
	The job attribute PeriodicRelease expression '(NumJobStarts < 3) && ((CurrentTime - EnteredCurrentStatus) > 10 * 60)' evaluated to TRUE
...
040 (7944174.506.000) 07/08 18:15:41 Started transferring input files
	Transferring to host: <188.185.196.103:9618?addrs=188.185.196.103-9618+[2001-1458-303-23--100-63]-9618&alias=b9p16p2687.cern.ch&noUDP&sock=slot1_18_6072_05f0_36625>
...
040 (7944174.506.000) 07/08 18:15:42 Finished transferring input files
...
001 (7944174.506.000) 07/08 18:15:42 Job executing on host: <188.185.196.103:9618?addrs=188.185.196.103-9618+[2001-1458-303-23--100-63]-9618&alias=b9p16p2687.cern.ch&noUDP&sock=startd_5059_a1b6>
	SlotName: slot1_18@b9p16p2687.cern.ch
	CondorScratchDir = "/pool/condor/dir_3951274"
	Cpus = 1
	Disk = 10049612
	GPUs = 0
	Memory = 3000
...
006 (7944174.506.000) 07/08 18:15:51 Image size of job updated: 225000
	44  -  MemoryUsage of job (MB)
	44896  -  ResidentSetSize of job (KB)
...
006 (7944174.506.000) 07/08 18:16:03 Image size of job updated: 225000
	45  -  MemoryUsage of job (MB)
	45264  -  ResidentSetSize of job (KB)
...
040 (7944174.506.000) 07/08 18:16:03 Started transferring output files
...
040 (7944174.506.000) 07/08 18:16:03 Finished transferring output files
...
012 (7944174.506.000) 07/08 18:16:04 Job was held.
	Job held by ON_EXIT_HOLD due to exit code 1.
	Code 3 Subcode 0
...
