000 (7944174.507.000) 07/08 17:29:05 Job submitted from host: <188.185.16.120:9618?addrs=188.185.16.120-9618+[2001-1458-d00-65--100-39b]-9618&alias=bigbird27.cern.ch&noUDP&sock=schedd_4465_3274>
...
040 (7944174.507.000) 07/08 17:34:48 Started transferring input files
	Transferring to host: <128.142.132.96:9618?addrs=128.142.132.96-9618+[2001-1458-301-5a--100-54]-9618&alias=b9g12p1108.cern.ch&noUDP&sock=slot1_13_2846_03ad_82162>
...
040 (7944174.507.000) 07/08 17:34:48 Finished transferring input files
...
001 (7944174.507.000) 07/08 17:34:48 Job executing on host: <128.142.132.96:9618?addrs=128.142.132.96-9618+[2001-1458-301-5a--100-54]-9618&alias=b9g12p1108.cern.ch&noUDP&sock=startd_2467_bc3b>
	SlotName: slot1_13@b9g12p1108.cern.ch
	CondorScratchDir = "/pool/condor/dir_3870966"
	Cpus = 1
	Disk = 10016124
	GPUs = 0
	Memory = 3000
...
006 (7944174.507.000) 07/08 17:34:57 Image size of job updated: 37680
	37  -  MemoryUsage of job (MB)
	37680  -  ResidentSetSize of job (KB)
...
006 (7944174.507.000) 07/08 17:35:04 Image size of job updated: 37680
	38  -  MemoryUsage of job (MB)
	37936  -  ResidentSetSize of job (KB)
...
040 (7944174.507.000) 07/08 17:35:04 Started transferring output files
...
040 (7944174.507.000) 07/08 17:35:04 Finished transferring output files
...
012 (7944174.507.000) 07/08 17:35:04 Job was held.
	Job held by ON_EXIT_HOLD due to exit code 1.
	Code 3 Subcode 0
...
013 (7944174.507.000) 07/08 17:46:04 Job was released.
	The job attribute PeriodicRelease expression '(NumJobStarts < 3) && ((CurrentTime - EnteredCurrentStatus) > 10 * 60)' evaluated to TRUE
...
040 (7944174.507.000) 07/08 17:47:42 Started transferring input files
	Transferring to host: <188.185.194.124:9618?addrs=188.185.194.124-9618+[2001-1458-303-21--100-78]-9618&alias=b9p20p6079.cern.ch&noUDP&sock=slot1_6_10936_26b6_23775>
...
040 (7944174.507.000) 07/08 17:47:42 Finished transferring input files
...
001 (7944174.507.000) 07/08 17:47:42 Job executing on host: <188.185.194.124:9618?addrs=188.185.194.124-9618+[2001-1458-303-21--100-78]-9618&alias=b9p20p6079.cern.ch&noUDP&sock=startd_9407_ff7f>
	SlotName: slot1_6@b9p20p6079.cern.ch
	CondorScratchDir = "/pool/condor/dir_3278006"
	Cpus = 1
	Disk = 10000747
	GPUs = 0
	Memory = 3000
...
006 (7944174.507.000) 07/08 17:48:20 Image size of job updated: 208208
	40  -  MemoryUsage of job (MB)
	40000  -  ResidentSetSize of job (KB)
...
040 (7944174.507.000) 07/08 17:48:20 Started transferring output files
...
040 (7944174.507.000) 07/08 17:48:20 Finished transferring output files
...
012 (7944174.507.000) 07/08 17:48:20 Job was held.
	Job held by ON_EXIT_HOLD due to exit code 1.
	Code 3 Subcode 0
...
013 (7944174.507.000) 07/08 18:01:00 Job was released.
	The job attribute PeriodicRelease expression '(NumJobStarts < 3) && ((CurrentTime - EnteredCurrentStatus) > 10 * 60)' evaluated to TRUE
...
040 (7944174.507.000) 07/08 18:15:41 Started transferring input files
	Transferring to host: <188.185.212.20:9618?addrs=188.185.212.20-9618+[2001-1458-303-18--100-10]-9618&alias=b9p25p4134.cern.ch&noUDP&sock=slot1_4_8420_66cf_39480>
...
040 (7944174.507.000) 07/08 18:15:41 Finished transferring input files
...
001 (7944174.507.000) 07/08 18:15:41 Job executing on host: <188.185.212.20:9618?addrs=188.185.212.20-9618+[2001-1458-303-18--100-10]-9618&alias=b9p25p4134.cern.ch&noUDP&sock=startd_8372_12f9>
	SlotName: slot1_4@b9p25p4134.cern.ch
	CondorScratchDir = "/pool/condor/dir_1983613"
	Cpus = 1
	Disk = 10002342
	GPUs = 0
	Memory = 3000
...
040 (7944174.507.000) 07/08 18:16:05 Started transferring output files
...
040 (7944174.507.000) 07/08 18:16:05 Finished transferring output files
...
012 (7944174.507.000) 07/08 18:16:05 Job was held.
	Job held by ON_EXIT_HOLD due to exit code 1.
	Code 3 Subcode 0
...
