000 (7944174.508.000) 07/08 17:29:05 Job submitted from host: <188.185.16.120:9618?addrs=188.185.16.120-9618+[2001-1458-d00-65--100-39b]-9618&alias=bigbird27.cern.ch&noUDP&sock=schedd_4465_3274>
...
040 (7944174.508.000) 07/08 17:33:55 Started transferring input files
	Transferring to host: <188.185.196.126:9618?addrs=188.185.196.126-9618+[2001-1458-303-23--100-7a]-9618&alias=b9p16p1240.cern.ch&noUDP&sock=slot1_5_7247_eac0_35912>
...
040 (7944174.508.000) 07/08 17:33:56 Finished transferring input files
...
001 (7944174.508.000) 07/08 17:33:56 Job executing on host: <188.185.196.126:9618?addrs=188.185.196.126-9618+[2001-1458-303-23--100-7a]-9618&alias=b9p16p1240.cern.ch&noUDP&sock=startd_6787_e55d>
	SlotName: slot1_5@b9p16p1240.cern.ch
	CondorScratchDir = "/pool/condor/dir_1190343"
	Cpus = 1
	Disk = 10000874
	GPUs = 0
	Memory = 3000
...
006 (7944174.508.000) 07/08 17:34:04 Image size of job updated: 45196
	45  -  MemoryUsage of job (MB)
	45196  -  ResidentSetSize of job (KB)
...
006 (7944174.508.000) 07/08 17:34:24 Image size of job updated: 408160
	399  -  MemoryUsage of job (MB)
	408160  -  ResidentSetSize of job (KB)
...
040 (7944174.508.000) 07/08 17:34:24 Started transferring output files
...
040 (7944174.508.000) 07/08 17:34:24 Finished transferring output files
...
012 (7944174.508.000) 07/08 17:34:24 Job was held.
	Job held by ON_EXIT_HOLD due to exit code 1.
	Code 3 Subcode 0
...
013 (7944174.508.000) 07/08 17:46:04 Job was released.
	The job attribute PeriodicRelease expression '(NumJobStarts < 3) && ((CurrentTime - EnteredCurrentStatus) > 10 * 60)' evaluated to TRUE
...
040 (7944174.508.000) 07/08 17:47:41 Started transferring input files
	Transferring to host: <188.185.196.60:9618?addrs=188.185.196.60-9618+[2001-1458-303-23--100-38]-9618&alias=b9p16p4437.cern.ch&noUDP&sock=slot1_32_6096_eef1_40955>
...
040 (7944174.508.000) 07/08 17:47:41 Finished transferring input files
...
001 (7944174.508.000) 07/08 17:47:41 Job executing on host: <188.185.196.60:9618?addrs=188.185.196.60-9618+[2001-1458-303-23--100-38]-9618&alias=b9p16p4437.cern.ch&noUDP&sock=startd_5462_0e60>
	SlotName: slot1_32@b9p16p4437.cern.ch
	CondorScratchDir = "/pool/condor/dir_2784686"
	Cpus = 1
	Disk = 10002773
	GPUs = 0
	Memory = 3000
...
040 (7944174.508.000) 07/08 17:47:56 Started transferring output files
...
040 (7944174.508.000) 07/08 17:47:56 Finished transferring output files
...
012 (7944174.508.000) 07/08 17:47:56 Job was held.
	Job held by ON_EXIT_HOLD due to exit code 1.
	Code 3 Subcode 0
...
013 (7944174.508.000) 07/08 17:58:13 Job was released.
	The job attribute PeriodicRelease expression '(NumJobStarts < 3) && ((CurrentTime - EnteredCurrentStatus) > 10 * 60)' evaluated to TRUE
...
040 (7944174.508.000) 07/08 18:15:41 Started transferring input files
	Transferring to host: <188.185.210.68:9618?addrs=188.185.210.68-9618+[2001-1458-303-1--100-40]-9618&alias=b9p21p7125.cern.ch&noUDP&sock=slot1_9_6241_1957_41720>
...
040 (7944174.508.000) 07/08 18:15:41 Finished transferring input files
...
001 (7944174.508.000) 07/08 18:15:41 Job executing on host: <188.185.210.68:9618?addrs=188.185.210.68-9618+[2001-1458-303-1--100-40]-9618&alias=b9p21p7125.cern.ch&noUDP&sock=startd_5620_6e57>
	SlotName: slot1_9@b9p21p7125.cern.ch
	CondorScratchDir = "/pool/condor/dir_200247"
	Cpus = 1
	Disk = 10014398
	GPUs = 0
	Memory = 3000
...
040 (7944174.508.000) 07/08 18:15:55 Started transferring output files
...
040 (7944174.508.000) 07/08 18:15:55 Finished transferring output files
...
012 (7944174.508.000) 07/08 18:15:55 Job was held.
	Job held by ON_EXIT_HOLD due to exit code 1.
	Code 3 Subcode 0
...
