000 (7944174.509.000) 07/08 17:29:05 Job submitted from host: <188.185.16.120:9618?addrs=188.185.16.120-9618+[2001-1458-d00-65--100-39b]-9618&alias=bigbird27.cern.ch&noUDP&sock=schedd_4465_3274>
...
040 (7944174.509.000) 07/08 17:34:48 Started transferring input files
	Transferring to host: <188.185.212.41:9618?addrs=188.185.212.41-9618+[2001-1458-303-18--100-25]-9618&alias=b9p25p9135.cern.ch&noUDP&sock=slot1_1_8369_77ad_39326>
...
040 (7944174.509.000) 07/08 17:34:48 Finished transferring input files
...
001 (7944174.509.000) 07/08 17:34:48 Job executing on host: <188.185.212.41:9618?addrs=188.185.212.41-9618+[2001-1458-303-18--100-25]-9618&alias=b9p25p9135.cern.ch&noUDP&sock=startd_8318_08dc>
	SlotName: slot1_1@b9p25p9135.cern.ch
	CondorScratchDir = "/pool/condor/dir_1764841"
	Cpus = 1
	Disk = 10034756
	GPUs = 0
	Memory = 3000
...
006 (7944174.509.000) 07/08 17:35:02 Image size of job updated: 146856
	144  -  MemoryUsage of job (MB)
	146856  -  ResidentSetSize of job (KB)
...
006 (7944174.509.000) 07/08 17:35:06 Image size of job updated: 198028
	146  -  MemoryUsage of job (MB)
	148716  -  ResidentSetSize of job (KB)
...
040 (7944174.509.000) 07/08 17:35:06 Started transferring output files
...
040 (7944174.509.000) 07/08 17:35:06 Finished transferring output files
...
012 (7944174.509.000) 07/08 17:35:06 Job was held.
	Job held by ON_EXIT_HOLD due to exit code 1.
	Code 3 Subcode 0
...
013 (7944174.509.000) 07/08 17:46:04 Job was released.
	The job attribute PeriodicRelease expression '(NumJobStarts < 3) && ((CurrentTime - EnteredCurrentStatus) > 10 * 60)' evaluated to TRUE
...
040 (7944174.509.000) 07/08 17:47:43 Started transferring input files
	Transferring to host: <188.185.192.127:9618?addrs=188.185.192.127-9618+[2001-1458-303-1f--100-7b]-9618&alias=b9p13p4519.cern.ch&noUDP&sock=slot1_21_6122_40b2_23785>
...
040 (7944174.509.000) 07/08 17:47:43 Finished transferring input files
...
001 (7944174.509.000) 07/08 17:47:43 Job executing on host: <188.185.192.127:9618?addrs=188.185.192.127-9618+[2001-1458-303-1f--100-7b]-9618&alias=b9p13p4519.cern.ch&noUDP&sock=startd_5693_80c1>
	SlotName: slot1_21@b9p13p4519.cern.ch
	CondorScratchDir = "/pool/condor/dir_192626"
	Cpus = 1
	Disk = 10000947
	GPUs = 0
	Memory = 3000
...
040 (7944174.509.000) 07/08 17:48:22 Started transferring output files
...
040 (7944174.509.000) 07/08 17:48:22 Finished transferring output files
...
012 (7944174.509.000) 07/08 17:48:22 Job was held.
	Job held by ON_EXIT_HOLD due to exit code 1.
	Code 3 Subcode 0
...
013 (7944174.509.000) 07/08 18:01:00 Job was released.
	The job attribute PeriodicRelease expression '(NumJobStarts < 3) && ((CurrentTime - EnteredCurrentStatus) > 10 * 60)' evaluated to TRUE
...
040 (7944174.509.000) 07/08 18:08:44 Started transferring input files
	Transferring to host: <128.142.248.33:9618?addrs=128.142.248.33-9618+[2001-1458-301-73--100-111]-9618&alias=b9g23p1094.cern.ch&noUDP&sock=slot1_22_4172063_8e51_81348>
...
040 (7944174.509.000) 07/08 18:08:44 Finished transferring input files
...
001 (7944174.509.000) 07/08 18:08:44 Job executing on host: <128.142.248.33:9618?addrs=128.142.248.33-9618+[2001-1458-301-73--100-111]-9618&alias=b9g23p1094.cern.ch&noUDP&sock=startd_3318_7353>
	SlotName: slot1_22@b9g23p1094.cern.ch
	CondorScratchDir = "/pool/condor/dir_1114858"
	Cpus = 1
	Disk = 10011309
	GPUs = 0
	Memory = 3000
...
006 (7944174.509.000) 07/08 18:09:08 Image size of job updated: 202488
	147  -  MemoryUsage of job (MB)
	150000  -  ResidentSetSize of job (KB)
...
040 (7944174.509.000) 07/08 18:09:08 Started transferring output files
...
040 (7944174.509.000) 07/08 18:09:08 Finished transferring output files
...
012 (7944174.509.000) 07/08 18:09:08 Job was held.
	Job held by ON_EXIT_HOLD due to exit code 1.
	Code 3 Subcode 0
...
