000 (7944174.051.000) 07/08 17:29:04 Job submitted from host: <188.185.16.120:9618?addrs=188.185.16.120-9618+[2001-1458-d00-65--100-39b]-9618&alias=bigbird27.cern.ch&noUDP&sock=schedd_4465_3274>
...
040 (7944174.051.000) 07/08 17:31:27 Started transferring input files
	Transferring to host: <188.185.210.92:9618?addrs=188.185.210.92-9618+[2001-1458-303-1--100-58]-9618&alias=b9p21p4629.cern.ch&noUDP&sock=slot1_8_3335_8f21_39158>
...
040 (7944174.051.000) 07/08 17:31:28 Finished transferring input files
...
001 (7944174.051.000) 07/08 17:31:28 Job executing on host: <188.185.210.92:9618?addrs=188.185.210.92-9618+[2001-1458-303-1--100-58]-9618&alias=b9p21p4629.cern.ch&noUDP&sock=startd_3264_6936>
	SlotName: slot1_8@b9p21p4629.cern.ch
	CondorScratchDir = "/pool/condor/dir_2991479"
	Cpus = 1
	Disk = 10005597
	GPUs = 0
	Memory = 3000
...
006 (7944174.051.000) 07/08 17:31:36 Image size of job updated: 67200
	66  -  MemoryUsage of job (MB)
	67200  -  ResidentSetSize of job (KB)
...
006 (7944174.051.000) 07/08 17:32:43 Image size of job updated: 408456
	399  -  MemoryUsage of job (MB)
	408456  -  ResidentSetSize of job (KB)
...
040 (7944174.051.000) 07/08 17:32:43 Started transferring output files
...
040 (7944174.051.000) 07/08 17:32:43 Finished transferring output files
...
012 (7944174.051.000) 07/08 17:32:45 Job was held.
	Job held by ON_EXIT_HOLD due to exit code 1.
	Code 3 Subcode 0
...
013 (7944174.051.000) 07/08 17:43:32 Job was released.
	The job attribute PeriodicRelease expression '(NumJobStarts < 3) && ((CurrentTime - EnteredCurrentStatus) > 10 * 60)' evaluated to TRUE
...
040 (7944174.051.000) 07/08 17:44:10 Started transferring input files
	Transferring to host: <188.185.210.73:9618?addrs=188.185.210.73-9618+[2001-1458-303-1--100-45]-9618&alias=b9p21p2522.cern.ch&noUDP&sock=slot1_18_7234_c1df_40553>
...
040 (7944174.051.000) 07/08 17:44:11 Finished transferring input files
...
001 (7944174.051.000) 07/08 17:44:11 Job executing on host: <188.185.210.73:9618?addrs=188.185.210.73-9618+[2001-1458-303-1--100-45]-9618&alias=b9p21p2522.cern.ch&noUDP&sock=startd_6464_5846>
	SlotName: slot1_18@b9p21p2522.cern.ch
	CondorScratchDir = "/pool/condor/dir_1902025"
	Cpus = 1
	Disk = 10002926
	GPUs = 0
	Memory = 3000
...
040 (7944174.051.000) 07/08 17:44:24 Started transferring output files
...
040 (7944174.051.000) 07/08 17:44:24 Finished transferring output files
...
012 (7944174.051.000) 07/08 17:44:24 Job was held.
	Job held by ON_EXIT_HOLD due to exit code 1.
	Code 3 Subcode 0
...
013 (7944174.051.000) 07/08 17:55:47 Job was released.
	The job attribute PeriodicRelease expression '(NumJobStarts < 3) && ((CurrentTime - EnteredCurrentStatus) > 10 * 60)' evaluated to TRUE
...
040 (7944174.051.000) 07/08 17:57:37 Started transferring input files
	Transferring to host: <188.185.195.154:9618?addrs=188.185.195.154-9618+[2001-1458-303-22--100-96]-9618&alias=b9p17p7474.cern.ch&noUDP&sock=slot1_25_6793_086d_40554>
...
040 (7944174.051.000) 07/08 17:57:38 Finished transferring input files
...
001 (7944174.051.000) 07/08 17:57:38 Job executing on host: <188.185.195.154:9618?addrs=188.185.195.154-9618+[2001-1458-303-22--100-96]-9618&alias=b9p17p7474.cern.ch&noUDP&sock=startd_5905_ead5>
	SlotName: slot1_25@b9p17p7474.cern.ch
	CondorScratchDir = "/pool/condor/dir_1455003"
	Cpus = 1
	Disk = 10003021
	GPUs = 0
	Memory = 3000
...
040 (7944174.051.000) 07/08 18:00:55 Started transferring output files
...
040 (7944174.051.000) 07/08 18:00:59 Finished transferring output files
...
012 (7944174.051.000) 07/08 18:01:02 Job was held.
	Job held by ON_EXIT_HOLD due to exit code 1.
	Code 3 Subcode 0
...
