000 (7944174.510.000) 07/08 17:29:05 Job submitted from host: <188.185.16.120:9618?addrs=188.185.16.120-9618+[2001-1458-d00-65--100-39b]-9618&alias=bigbird27.cern.ch&noUDP&sock=schedd_4465_3274>
...
040 (7944174.510.000) 07/08 17:33:57 Started transferring input files
	Transferring to host: <188.185.192.57:9618?addrs=188.185.192.57-9618+[2001-1458-303-1f--100-35]-9618&alias=b9p13p8290.cern.ch&noUDP&sock=slot1_1_1873100_2602_19074>
...
040 (7944174.510.000) 07/08 17:33:58 Finished transferring input files
...
001 (7944174.510.000) 07/08 17:33:58 Job executing on host: <188.185.192.57:9618?addrs=188.185.192.57-9618+[2001-1458-303-1f--100-35]-9618&alias=b9p13p8290.cern.ch&noUDP&sock=startd_1873030_5dd4>
	SlotName: slot1_1@b9p13p8290.cern.ch
	CondorScratchDir = "/pool/condor/dir_2966376"
	Cpus = 1
	Disk = 10001422
	GPUs = 0
	Memory = 3000
...
006 (7944174.510.000) 07/08 17:34:06 Image size of job updated: 62396
	61  -  MemoryUsage of job (MB)
	62396  -  ResidentSetSize of job (KB)
...
006 (7944174.510.000) 07/08 17:34:26 Image size of job updated: 425032
	416  -  MemoryUsage of job (MB)
	425032  -  ResidentSetSize of job (KB)
...
040 (7944174.510.000) 07/08 17:34:27 Started transferring output files
...
040 (7944174.510.000) 07/08 17:34:27 Finished transferring output files
...
012 (7944174.510.000) 07/08 17:34:27 Job was held.
	Job held by ON_EXIT_HOLD due to exit code 1.
	Code 3 Subcode 0
...
013 (7944174.510.000) 07/08 17:46:04 Job was released.
	The job attribute PeriodicRelease expression '(NumJobStarts < 3) && ((CurrentTime - EnteredCurrentStatus) > 10 * 60)' evaluated to TRUE
...
040 (7944174.510.000) 07/08 17:47:43 Started transferring input files
	Transferring to host: <128.142.161.99:9618?addrs=128.142.161.99-9618+[2001-1458-301-b8--100-21]-9618&alias=b9g03p3189.cern.ch&noUDP&sock=slot1_7_11532_164e_27366>
...
040 (7944174.510.000) 07/08 17:47:44 Finished transferring input files
...
001 (7944174.510.000) 07/08 17:47:44 Job executing on host: <128.142.161.99:9618?addrs=128.142.161.99-9618+[2001-1458-301-b8--100-21]-9618&alias=b9g03p3189.cern.ch&noUDP&sock=startd_10125_7c7f>
	SlotName: slot1_7@b9g03p3189.cern.ch
	CondorScratchDir = "/pool/condor/dir_2630588"
	Cpus = 1
	Disk = 10003214
	GPUs = 0
	Memory = 3000
...
040 (7944174.510.000) 07/08 17:48:26 Started transferring output files
...
040 (7944174.510.000) 07/08 17:48:26 Finished transferring output files
...
012 (7944174.510.000) 07/08 17:48:26 Job was held.
	Job held by ON_EXIT_HOLD due to exit code 1.
	Code 3 Subcode 0
...
013 (7944174.510.000) 07/08 18:01:00 Job was released.
	The job attribute PeriodicRelease expression '(NumJobStarts < 3) && ((CurrentTime - EnteredCurrentStatus) > 10 * 60)' evaluated to TRUE
...
040 (7944174.510.000) 07/08 18:08:45 Started transferring input files
	Transferring to host: <128.142.161.96:9618?addrs=128.142.161.96-9618+[2001-1458-301-b8--100-1e]-9618&alias=b9g03p4133.cern.ch&noUDP&sock=slot1_12_2451515_d783_11812>
...
040 (7944174.510.000) 07/08 18:08:46 Finished transferring input files
...
001 (7944174.510.000) 07/08 18:08:46 Job executing on host: <128.142.161.96:9618?addrs=128.142.161.96-9618+[2001-1458-301-b8--100-1e]-9618&alias=b9g03p4133.cern.ch&noUDP&sock=startd_3331_5e0e>
	SlotName: slot1_12@b9g03p4133.cern.ch
	CondorScratchDir = "/pool/condor/dir_118972"
	Cpus = 1
	Disk = 10000960
	GPUs = 0
	Memory = 3000
...
040 (7944174.510.000) 07/08 18:09:05 Started transferring output files
...
040 (7944174.510.000) 07/08 18:09:05 Finished transferring output files
...
012 (7944174.510.000) 07/08 18:09:05 Job was held.
	Job held by ON_EXIT_HOLD due to exit code 1.
	Code 3 Subcode 0
...
