000 (7944174.053.000) 07/08 17:29:04 Job submitted from host: <188.185.16.120:9618?addrs=188.185.16.120-9618+[2001-1458-d00-65--100-39b]-9618&alias=bigbird27.cern.ch&noUDP&sock=schedd_4465_3274>
...
040 (7944174.053.000) 07/08 17:31:28 Started transferring input files
	Transferring to host: <188.185.211.185:9618?addrs=188.185.211.185-9618+[2001-1458-303-17--100-35]-9618&alias=b9p24p2396.cern.ch&noUDP&sock=slot1_7_8404_20cf_40868>
...
040 (7944174.053.000) 07/08 17:31:29 Finished transferring input files
...
001 (7944174.053.000) 07/08 17:31:29 Job executing on host: <188.185.211.185:9618?addrs=188.185.211.185-9618+[2001-1458-303-17--100-35]-9618&alias=b9p24p2396.cern.ch&noUDP&sock=startd_8282_5773>
	SlotName: slot1_7@b9p24p2396.cern.ch
	CondorScratchDir = "/pool/condor/dir_4156288"
	Cpus = 1
	Disk = 10003072
	GPUs = 0
	Memory = 3000
...
006 (7944174.053.000) 07/08 17:31:37 Image size of job updated: 62632
	62  -  MemoryUsage of job (MB)
	62632  -  ResidentSetSize of job (KB)
...
006 (7944174.053.000) 07/08 17:32:43 Image size of job updated: 425648
	416  -  MemoryUsage of job (MB)
	425648  -  ResidentSetSize of job (KB)
...
040 (7944174.053.000) 07/08 17:32:43 Started transferring output files
...
040 (7944174.053.000) 07/08 17:32:43 Finished transferring output files
...
012 (7944174.053.000) 07/08 17:32:44 Job was held.
	Job held by ON_EXIT_HOLD due to exit code 1.
	Code 3 Subcode 0
...
013 (7944174.053.000) 07/08 17:43:33 Job was released.
	The job attribute PeriodicRelease expression '(NumJobStarts < 3) && ((CurrentTime - EnteredCurrentStatus) > 10 * 60)' evaluated to TRUE
...
040 (7944174.053.000) 07/08 17:44:12 Started transferring input files
	Transferring to host: <128.142.248.61:9618?addrs=128.142.248.61-9618+[2001-1458-301-73--100-12d]-9618&alias=b9g23p8424.cern.ch&noUDP&sock=slot1_24_1655717_28da_63648>
...
040 (7944174.053.000) 07/08 17:44:13 Finished transferring input files
...
001 (7944174.053.000) 07/08 17:44:13 Job executing on host: <128.142.248.61:9618?addrs=128.142.248.61-9618+[2001-1458-301-73--100-12d]-9618&alias=b9g23p8424.cern.ch&noUDP&sock=startd_4388_61a9>
	SlotName: slot1_24@b9g23p8424.cern.ch
	CondorScratchDir = "/pool/condor/dir_2367246"
	Cpus = 1
	Disk = 10002926
	GPUs = 0
	Memory = 3000
...
040 (7944174.053.000) 07/08 17:44:50 Started transferring output files
...
040 (7944174.053.000) 07/08 17:44:50 Finished transferring output files
...
012 (7944174.053.000) 07/08 17:44:50 Job was held.
	Job held by ON_EXIT_HOLD due to exit code 1.
	Code 3 Subcode 0
...
013 (7944174.053.000) 07/08 17:55:47 Job was released.
	The job attribute PeriodicRelease expression '(NumJobStarts < 3) && ((CurrentTime - EnteredCurrentStatus) > 10 * 60)' evaluated to TRUE
...
040 (7944174.053.000) 07/08 17:57:37 Started transferring input files
	Transferring to host: <188.185.193.134:9618?addrs=188.185.193.134-9618+[2001-1458-303-20--100-82]-9618&alias=b9p19p2472.cern.ch&noUDP&sock=slot1_22_11588_8b50_24812>
...
040 (7944174.053.000) 07/08 17:57:38 Finished transferring input files
...
001 (7944174.053.000) 07/08 17:57:38 Job executing on host: <188.185.193.134:9618?addrs=188.185.193.134-9618+[2001-1458-303-20--100-82]-9618&alias=b9p19p2472.cern.ch&noUDP&sock=startd_11540_0f01>
	SlotName: slot1_22@b9p19p2472.cern.ch
	CondorScratchDir = "/pool/condor/dir_1273213"
	Cpus = 1
	Disk = 10004267
	GPUs = 0
	Memory = 3000
...
040 (7944174.053.000) 07/08 17:58:18 Started transferring output files
...
040 (7944174.053.000) 07/08 17:58:18 Finished transferring output files
...
012 (7944174.053.000) 07/08 17:58:18 Job was held.
	Job held by ON_EXIT_HOLD due to exit code 1.
	Code 3 Subcode 0
...
