000 (7944174.054.000) 07/08 17:29:04 Job submitted from host: <188.185.16.120:9618?addrs=188.185.16.120-9618+[2001-1458-d00-65--100-39b]-9618&alias=bigbird27.cern.ch&noUDP&sock=schedd_4465_3274>
...
040 (7944174.054.000) 07/08 17:31:28 Started transferring input files
	Transferring to host: <188.185.193.70:9618?addrs=188.185.193.70-9618+[2001-1458-303-20--100-42]-9618&alias=b9p19p7135.cern.ch&noUDP&sock=slot1_28_6126_1232_21845>
...
040 (7944174.054.000) 07/08 17:31:28 Finished transferring input files
...
001 (7944174.054.000) 07/08 17:31:28 Job executing on host: <188.185.193.70:9618?addrs=188.185.193.70-9618+[2001-1458-303-20--100-42]-9618&alias=b9p19p7135.cern.ch&noUDP&sock=startd_5612_f195>
	SlotName: slot1_28@b9p19p7135.cern.ch
	CondorScratchDir = "/pool/condor/dir_100584"
	Cpus = 1
	Disk = 10003179
	GPUs = 0
	Memory = 3000
...
006 (7944174.054.000) 07/08 17:31:42 Image size of job updated: 30508
	30  -  MemoryUsage of job (MB)
	30508  -  ResidentSetSize of job (KB)
...
006 (7944174.054.000) 07/08 17:32:43 Image size of job updated: 206936
	31  -  MemoryUsage of job (MB)
	31704  -  ResidentSetSize of job (KB)
...
040 (7944174.054.000) 07/08 17:32:43 Started transferring output files
...
040 (7944174.054.000) 07/08 17:32:43 Finished transferring output files
...
012 (7944174.054.000) 07/08 17:32:45 Job was held.
	Job held by ON_EXIT_HOLD due to exit code 1.
	Code 3 Subcode 0
...
013 (7944174.054.000) 07/08 17:43:33 Job was released.
	The job attribute PeriodicRelease expression '(NumJobStarts < 3) && ((CurrentTime - EnteredCurrentStatus) > 10 * 60)' evaluated to TRUE
...
040 (7944174.054.000) 07/08 17:44:13 Started transferring input files
	Transferring to host: <188.185.211.28:9618?addrs=188.185.211.28-9618+[2001-1458-303-16--100-18]-9618&alias=b9p23p1756.cern.ch&noUDP&sock=slot1_32_8423_83f0_37592>
...
040 (7944174.054.000) 07/08 17:44:14 Finished transferring input files
...
001 (7944174.054.000) 07/08 17:44:14 Job executing on host: <188.185.211.28:9618?addrs=188.185.211.28-9618+[2001-1458-303-16--100-18]-9618&alias=b9p23p1756.cern.ch&noUDP&sock=startd_8368_5498>
	SlotName: slot1_32@b9p23p1756.cern.ch
	CondorScratchDir = "/pool/condor/dir_3065081"
	Cpus = 1
	Disk = 10002810
	GPUs = 0
	Memory = 3000
...
040 (7944174.054.000) 07/08 17:44:44 Started transferring output files
...
040 (7944174.054.000) 07/08 17:44:44 Finished transferring output files
...
012 (7944174.054.000) 07/08 17:44:44 Job was held.
	Job held by ON_EXIT_HOLD due to exit code 1.
	Code 3 Subcode 0
...
013 (7944174.054.000) 07/08 17:55:47 Job was released.
	The job attribute PeriodicRelease expression '(NumJobStarts < 3) && ((CurrentTime - EnteredCurrentStatus) > 10 * 60)' evaluated to TRUE
...
040 (7944174.054.000) 07/08 17:57:38 Started transferring input files
	Transferring to host: <188.185.194.87:9618?addrs=188.185.194.87-9618+[2001-1458-303-21--100-53]-9618&alias=b9p20p0819.cern.ch&noUDP&sock=slot1_29_5535_a87a_15154>
...
040 (7944174.054.000) 07/08 17:57:39 Finished transferring input files
...
001 (7944174.054.000) 07/08 17:57:39 Job executing on host: <188.185.194.87:9618?addrs=188.185.194.87-9618+[2001-1458-303-21--100-53]-9618&alias=b9p20p0819.cern.ch&noUDP&sock=startd_4983_8083>
	SlotName: slot1_29@b9p20p0819.cern.ch
	CondorScratchDir = "/pool/condor/dir_1128701"
	Cpus = 1
	Disk = 10004655
	GPUs = 0
	Memory = 3000
...
040 (7944174.054.000) 07/08 17:58:14 Started transferring output files
...
040 (7944174.054.000) 07/08 17:58:14 Finished transferring output files
...
012 (7944174.054.000) 07/08 17:58:14 Job was held.
	Job held by ON_EXIT_HOLD due to exit code 1.
	Code 3 Subcode 0
...
