000 (7944174.055.000) 07/08 17:29:04 Job submitted from host: <188.185.16.120:9618?addrs=188.185.16.120-9618+[2001-1458-d00-65--100-39b]-9618&alias=bigbird27.cern.ch&noUDP&sock=schedd_4465_3274>
...
040 (7944174.055.000) 07/08 17:31:27 Started transferring input files
	Transferring to host: <188.185.214.140:9618?addrs=188.185.214.140-9618+[2001-1458-303-1d--100-8]-9618&alias=b9p30p5740.cern.ch&noUDP&sock=slot1_17_7701_cd12_41999>
...
040 (7944174.055.000) 07/08 17:31:27 Finished transferring input files
...
001 (7944174.055.000) 07/08 17:31:27 Job executing on host: <188.185.214.140:9618?addrs=188.185.214.140-9618+[2001-1458-303-1d--100-8]-9618&alias=b9p30p5740.cern.ch&noUDP&sock=startd_6689_ad15>
	SlotName: slot1_17@b9p30p5740.cern.ch
	CondorScratchDir = "/pool/condor/dir_3211078"
	Cpus = 1
	Disk = 10002630
	GPUs = 0
	Memory = 3000
...
006 (7944174.055.000) 07/08 17:31:36 Image size of job updated: 54000
	53  -  MemoryUsage of job (MB)
	54000  -  ResidentSetSize of job (KB)
...
006 (7944174.055.000) 07/08 17:32:43 Image size of job updated: 408652
	400  -  MemoryUsage of job (MB)
	408652  -  ResidentSetSize of job (KB)
...
040 (7944174.055.000) 07/08 17:32:43 Started transferring output files
...
040 (7944174.055.000) 07/08 17:32:43 Finished transferring output files
...
012 (7944174.055.000) 07/08 17:32:45 Job was held.
	Job held by ON_EXIT_HOLD due to exit code 1.
	Code 3 Subcode 0
...
013 (7944174.055.000) 07/08 17:43:33 Job was released.
	The job attribute PeriodicRelease expression '(NumJobStarts < 3) && ((CurrentTime - EnteredCurrentStatus) > 10 * 60)' evaluated to TRUE
...
040 (7944174.055.000) 07/08 17:44:12 Started transferring input files
	Transferring to host: <188.185.213.59:9618?addrs=188.185.213.59-9618+[2001-1458-303-1a--100-37]-9618&alias=b9p27p3670.cern.ch&noUDP&sock=slot1_13_8413_782f_40462>
...
040 (7944174.055.000) 07/08 17:44:13 Finished transferring input files
...
001 (7944174.055.000) 07/08 17:44:13 Job executing on host: <188.185.213.59:9618?addrs=188.185.213.59-9618+[2001-1458-303-1a--100-37]-9618&alias=b9p27p3670.cern.ch&noUDP&sock=startd_8361_876f>
	SlotName: slot1_13@b9p27p3670.cern.ch
	CondorScratchDir = "/pool/condor/dir_596094"
	Cpus = 1
	Disk = 10000314
	GPUs = 0
	Memory = 3000
...
040 (7944174.055.000) 07/08 17:44:35 Started transferring output files
...
040 (7944174.055.000) 07/08 17:44:35 Finished transferring output files
...
012 (7944174.055.000) 07/08 17:44:35 Job was held.
	Job held by ON_EXIT_HOLD due to exit code 1.
	Code 3 Subcode 0
...
013 (7944174.055.000) 07/08 17:55:47 Job was released.
	The job attribute PeriodicRelease expression '(NumJobStarts < 3) && ((CurrentTime - EnteredCurrentStatus) > 10 * 60)' evaluated to TRUE
...
040 (7944174.055.000) 07/08 17:57:37 Started transferring input files
	Transferring to host: <188.185.192.145:9618?addrs=188.185.192.145-9618+[2001-1458-303-1f--100-8d]-9618&alias=b9p13p9370.cern.ch&noUDP&sock=slot1_17_9522_dc3c_15855>
...
040 (7944174.055.000) 07/08 17:57:38 Finished transferring input files
...
001 (7944174.055.000) 07/08 17:57:38 Job executing on host: <188.185.192.145:9618?addrs=188.185.192.145-9618+[2001-1458-303-1f--100-8d]-9618&alias=b9p13p9370.cern.ch&noUDP&sock=startd_8363_e69f>
	SlotName: slot1_17@b9p13p9370.cern.ch
	CondorScratchDir = "/pool/condor/dir_2707089"
	Cpus = 1
	Disk = 10002910
	GPUs = 0
	Memory = 3000
...
040 (7944174.055.000) 07/08 17:57:59 Started transferring output files
...
040 (7944174.055.000) 07/08 17:57:59 Finished transferring output files
...
012 (7944174.055.000) 07/08 17:57:59 Job was held.
	Job held by ON_EXIT_HOLD due to exit code 1.
	Code 3 Subcode 0
...
