000 (7944174.056.000) 07/08 17:29:04 Job submitted from host: <188.185.16.120:9618?addrs=188.185.16.120-9618+[2001-1458-d00-65--100-39b]-9618&alias=bigbird27.cern.ch&noUDP&sock=schedd_4465_3274>
...
040 (7944174.056.000) 07/08 17:31:29 Started transferring input files
	Transferring to host: <128.142.248.70:9618?addrs=128.142.248.70-9618+[2001-1458-301-73--100-136]-9618&alias=b9g23p6133.cern.ch&noUDP&sock=slot1_10_2022611_2c62_23176>
...
040 (7944174.056.000) 07/08 17:31:30 Finished transferring input files
...
001 (7944174.056.000) 07/08 17:31:30 Job executing on host: <128.142.248.70:9618?addrs=128.142.248.70-9618+[2001-1458-301-73--100-136]-9618&alias=b9g23p6133.cern.ch&noUDP&sock=startd_2022537_bbaa>
	SlotName: slot1_10@b9g23p6133.cern.ch
	CondorScratchDir = "/pool/condor/dir_544058"
	Cpus = 1
	Disk = 10001499
	GPUs = 0
	Memory = 3000
...
006 (7944174.056.000) 07/08 17:31:46 Image size of job updated: 14820
	15  -  MemoryUsage of job (MB)
	14820  -  ResidentSetSize of job (KB)
...
006 (7944174.056.000) 07/08 17:33:23 Image size of job updated: 207412
	15  -  MemoryUsage of job (MB)
	14820  -  ResidentSetSize of job (KB)
...
040 (7944174.056.000) 07/08 17:33:23 Started transferring output files
...
040 (7944174.056.000) 07/08 17:33:23 Finished transferring output files
...
012 (7944174.056.000) 07/08 17:33:23 Job was held.
	Job held by ON_EXIT_HOLD due to exit code 1.
	Code 3 Subcode 0
...
013 (7944174.056.000) 07/08 17:43:33 Job was released.
	The job attribute PeriodicRelease expression '(NumJobStarts < 3) && ((CurrentTime - EnteredCurrentStatus) > 10 * 60)' evaluated to TRUE
...
040 (7944174.056.000) 07/08 17:45:22 Started transferring input files
	Transferring to host: <188.185.193.118:9618?addrs=188.185.193.118-9618+[2001-1458-303-20--100-72]-9618&alias=b9p19p8043.cern.ch&noUDP&sock=slot1_31_3157419_11a4_16639>
...
040 (7944174.056.000) 07/08 17:45:23 Finished transferring input files
...
001 (7944174.056.000) 07/08 17:45:23 Job executing on host: <188.185.193.118:9618?addrs=188.185.193.118-9618+[2001-1458-303-20--100-72]-9618&alias=b9p19p8043.cern.ch&noUDP&sock=startd_4383_f3b0>
	SlotName: slot1_31@b9p19p8043.cern.ch
	CondorScratchDir = "/pool/condor/dir_2778254"
	Cpus = 1
	Disk = 10006218
	GPUs = 0
	Memory = 3000
...
006 (7944174.056.000) 07/08 17:45:36 Image size of job updated: 225000
	35  -  MemoryUsage of job (MB)
	35272  -  ResidentSetSize of job (KB)
...
006 (7944174.056.000) 07/08 17:45:43 Image size of job updated: 225000
	35  -  MemoryUsage of job (MB)
	35700  -  ResidentSetSize of job (KB)
...
040 (7944174.056.000) 07/08 17:45:43 Started transferring output files
...
040 (7944174.056.000) 07/08 17:45:43 Finished transferring output files
...
012 (7944174.056.000) 07/08 17:45:43 Job was held.
	Job held by ON_EXIT_HOLD due to exit code 1.
	Code 3 Subcode 0
...
013 (7944174.056.000) 07/08 17:55:47 Job was released.
	The job attribute PeriodicRelease expression '(NumJobStarts < 3) && ((CurrentTime - EnteredCurrentStatus) > 10 * 60)' evaluated to TRUE
...
040 (7944174.056.000) 07/08 17:57:38 Started transferring input files
	Transferring to host: <188.185.193.99:9618?addrs=188.185.193.99-9618+[2001-1458-303-20--100-5f]-9618&alias=b9p19p2598.cern.ch&noUDP&sock=slot1_9_8686_d29a_14953>
...
040 (7944174.056.000) 07/08 17:57:39 Finished transferring input files
...
001 (7944174.056.000) 07/08 17:57:39 Job executing on host: <188.185.193.99:9618?addrs=188.185.193.99-9618+[2001-1458-303-20--100-5f]-9618&alias=b9p19p2598.cern.ch&noUDP&sock=startd_7488_b941>
	SlotName: slot1_9@b9p19p2598.cern.ch
	CondorScratchDir = "/pool/condor/dir_2204573"
	Cpus = 1
	Disk = 10003252
	GPUs = 0
	Memory = 3000
...
040 (7944174.056.000) 07/08 17:58:14 Started transferring output files
...
040 (7944174.056.000) 07/08 17:58:14 Finished transferring output files
...
012 (7944174.056.000) 07/08 17:58:14 Job was held.
	Job held by ON_EXIT_HOLD due to exit code 1.
	Code 3 Subcode 0
...
