000 (7944174.057.000) 07/08 17:29:04 Job submitted from host: <188.185.16.120:9618?addrs=188.185.16.120-9618+[2001-1458-d00-65--100-39b]-9618&alias=bigbird27.cern.ch&noUDP&sock=schedd_4465_3274>
...
040 (7944174.057.000) 07/08 17:31:32 Started transferring input files
	Transferring to host: <188.185.196.48:9618?addrs=188.185.196.48-9618+[2001-1458-303-23--100-2c]-9618&alias=b9p16p7526.cern.ch&noUDP&sock=slot1_3_7243_1940_39720>
...
040 (7944174.057.000) 07/08 17:31:33 Finished transferring input files
...
001 (7944174.057.000) 07/08 17:31:33 Job executing on host: <188.185.196.48:9618?addrs=188.185.196.48-9618+[2001-1458-303-23--100-2c]-9618&alias=b9p16p7526.cern.ch&noUDP&sock=startd_6784_d694>
	SlotName: slot1_3@b9p16p7526.cern.ch
	CondorScratchDir = "/pool/condor/dir_2325797"
	Cpus = 1
	Disk = 10006884
	GPUs = 0
	Memory = 3000
...
006 (7944174.057.000) 07/08 17:31:46 Image size of job updated: 22448
	19  -  MemoryUsage of job (MB)
	18848  -  ResidentSetSize of job (KB)
...
006 (7944174.057.000) 07/08 17:32:43 Image size of job updated: 201772
	20  -  MemoryUsage of job (MB)
	19584  -  ResidentSetSize of job (KB)
...
040 (7944174.057.000) 07/08 17:32:43 Started transferring output files
...
040 (7944174.057.000) 07/08 17:32:43 Finished transferring output files
...
012 (7944174.057.000) 07/08 17:32:45 Job was held.
	Job held by ON_EXIT_HOLD due to exit code 1.
	Code 3 Subcode 0
...
013 (7944174.057.000) 07/08 17:43:33 Job was released.
	The job attribute PeriodicRelease expression '(NumJobStarts < 3) && ((CurrentTime - EnteredCurrentStatus) > 10 * 60)' evaluated to TRUE
...
040 (7944174.057.000) 07/08 17:44:13 Started transferring input files
	Transferring to host: <188.185.211.37:9618?addrs=188.185.211.37-9618+[2001-1458-303-16--100-21]-9618&alias=b9p23p0150.cern.ch&noUDP&sock=slot1_26_8432_db50_38854>
...
040 (7944174.057.000) 07/08 17:44:14 Finished transferring input files
...
001 (7944174.057.000) 07/08 17:44:14 Job executing on host: <188.185.211.37:9618?addrs=188.185.211.37-9618+[2001-1458-303-16--100-21]-9618&alias=b9p23p0150.cern.ch&noUDP&sock=startd_8344_de52>
	SlotName: slot1_26@b9p23p0150.cern.ch
	CondorScratchDir = "/pool/condor/dir_2994540"
	Cpus = 1
	Disk = 10003121
	GPUs = 0
	Memory = 3000
...
006 (7944174.057.000) 07/08 17:44:23 Image size of job updated: 225000
	56  -  MemoryUsage of job (MB)
	57288  -  ResidentSetSize of job (KB)
...
006 (7944174.057.000) 07/08 17:44:40 Image size of job updated: 423608
	414  -  MemoryUsage of job (MB)
	423608  -  ResidentSetSize of job (KB)
...
040 (7944174.057.000) 07/08 17:44:40 Started transferring output files
...
040 (7944174.057.000) 07/08 17:44:40 Finished transferring output files
...
012 (7944174.057.000) 07/08 17:44:40 Job was held.
	Job held by ON_EXIT_HOLD due to exit code 1.
	Code 3 Subcode 0
...
013 (7944174.057.000) 07/08 17:55:47 Job was released.
	The job attribute PeriodicRelease expression '(NumJobStarts < 3) && ((CurrentTime - EnteredCurrentStatus) > 10 * 60)' evaluated to TRUE
...
040 (7944174.057.000) 07/08 17:57:38 Started transferring input files
	Transferring to host: <128.142.248.13:9618?addrs=128.142.248.13-9618+[2001-1458-301-73--100-fd]-9618&alias=b9g23p7326.cern.ch&noUDP&sock=slot1_28_434249_7454_59938>
...
040 (7944174.057.000) 07/08 17:57:39 Finished transferring input files
...
001 (7944174.057.000) 07/08 17:57:39 Job executing on host: <128.142.248.13:9618?addrs=128.142.248.13-9618+[2001-1458-301-73--100-fd]-9618&alias=b9g23p7326.cern.ch&noUDP&sock=startd_5664_9c82>
	SlotName: slot1_28@b9g23p7326.cern.ch
	CondorScratchDir = "/pool/condor/dir_2965240"
	Cpus = 1
	Disk = 10002629
	GPUs = 0
	Memory = 3000
...
040 (7944174.057.000) 07/08 17:58:20 Started transferring output files
...
040 (7944174.057.000) 07/08 17:58:20 Finished transferring output files
...
012 (7944174.057.000) 07/08 17:58:20 Job was held.
	Job held by ON_EXIT_HOLD due to exit code 1.
	Code 3 Subcode 0
...
