000 (7944174.058.000) 07/08 17:29:04 Job submitted from host: <188.185.16.120:9618?addrs=188.185.16.120-9618+[2001-1458-d00-65--100-39b]-9618&alias=bigbird27.cern.ch&noUDP&sock=schedd_4465_3274>
...
040 (7944174.058.000) 07/08 17:34:13 Started transferring input files
	Transferring to host: <188.185.205.136:9618?addrs=188.185.205.136-9618+[2001-1458-303-a--100-5]-9618&alias=b9p04p5422.cern.ch&noUDP&sock=slot1_1_5065_8027_263>
...
040 (7944174.058.000) 07/08 17:34:14 Finished transferring input files
...
001 (7944174.058.000) 07/08 17:34:14 Job executing on host: <188.185.205.136:9618?addrs=188.185.205.136-9618+[2001-1458-303-a--100-5]-9618&alias=b9p04p5422.cern.ch&noUDP&sock=startd_4594_ae2c>
	SlotName: slot1_1@b9p04p5422.cern.ch
	CondorScratchDir = "/pool/condor/dir_192030"
	Cpus = 1
	Disk = 10002138
	GPUs = 0
	Memory = 3000
...
006 (7944174.058.000) 07/08 17:34:28 Image size of job updated: 35916
	34  -  MemoryUsage of job (MB)
	33860  -  ResidentSetSize of job (KB)
...
006 (7944174.058.000) 07/08 17:34:38 Image size of job updated: 165072
	34  -  MemoryUsage of job (MB)
	34240  -  ResidentSetSize of job (KB)
...
040 (7944174.058.000) 07/08 17:34:38 Started transferring output files
...
040 (7944174.058.000) 07/08 17:34:39 Finished transferring output files
...
012 (7944174.058.000) 07/08 17:34:39 Job was held.
	Job held by ON_EXIT_HOLD due to exit code 1.
	Code 3 Subcode 0
...
013 (7944174.058.000) 07/08 17:46:02 Job was released.
	The job attribute PeriodicRelease expression '(NumJobStarts < 3) && ((CurrentTime - EnteredCurrentStatus) > 10 * 60)' evaluated to TRUE
...
040 (7944174.058.000) 07/08 17:46:25 Started transferring input files
	Transferring to host: <128.142.33.15:9618?addrs=128.142.33.15-9618+[2001-1458-301-53--100-c]-9618&alias=b9g34p4429.cern.ch&noUDP&sock=slot1_16_1996649_9882_84906>
...
040 (7944174.058.000) 07/08 17:46:26 Finished transferring input files
...
001 (7944174.058.000) 07/08 17:46:26 Job executing on host: <128.142.33.15:9618?addrs=128.142.33.15-9618+[2001-1458-301-53--100-c]-9618&alias=b9g34p4429.cern.ch&noUDP&sock=startd_3661_b84f>
	SlotName: slot1_16@b9g34p4429.cern.ch
	CondorScratchDir = "/pool/condor/dir_2078502"
	Cpus = 1
	Disk = 10003017
	GPUs = 0
	Memory = 3000
...
006 (7944174.058.000) 07/08 17:46:35 Image size of job updated: 175000
	43  -  MemoryUsage of job (MB)
	43712  -  ResidentSetSize of job (KB)
...
006 (7944174.058.000) 07/08 17:47:12 Image size of job updated: 424696
	415  -  MemoryUsage of job (MB)
	424696  -  ResidentSetSize of job (KB)
...
040 (7944174.058.000) 07/08 17:47:12 Started transferring output files
...
040 (7944174.058.000) 07/08 17:47:12 Finished transferring output files
...
012 (7944174.058.000) 07/08 17:47:12 Job was held.
	Job held by ON_EXIT_HOLD due to exit code 1.
	Code 3 Subcode 0
...
013 (7944174.058.000) 07/08 17:58:12 Job was released.
	The job attribute PeriodicRelease expression '(NumJobStarts < 3) && ((CurrentTime - EnteredCurrentStatus) > 10 * 60)' evaluated to TRUE
...
040 (7944174.058.000) 07/08 18:07:34 Started transferring input files
	Transferring to host: <128.142.161.89:9618?addrs=128.142.161.89-9618+[2001-1458-301-b8--100-17]-9618&alias=b9g03p5498.cern.ch&noUDP&sock=slot1_5_1903711_5dff_10684>
...
040 (7944174.058.000) 07/08 18:07:40 Finished transferring input files
...
001 (7944174.058.000) 07/08 18:07:40 Job executing on host: <128.142.161.89:9618?addrs=128.142.161.89-9618+[2001-1458-301-b8--100-17]-9618&alias=b9g03p5498.cern.ch&noUDP&sock=startd_2584_fccf>
	SlotName: slot1_5@b9g03p5498.cern.ch
	CondorScratchDir = "/pool/condor/dir_1214502"
	Cpus = 1
	Disk = 10002546
	GPUs = 0
	Memory = 3000
...
040 (7944174.058.000) 07/08 18:08:17 Started transferring output files
...
040 (7944174.058.000) 07/08 18:08:17 Finished transferring output files
...
012 (7944174.058.000) 07/08 18:08:17 Job was held.
	Job held by ON_EXIT_HOLD due to exit code 1.
	Code 3 Subcode 0
...
