000 (7944174.059.000) 07/08 17:29:04 Job submitted from host: <188.185.16.120:9618?addrs=188.185.16.120-9618+[2001-1458-d00-65--100-39b]-9618&alias=bigbird27.cern.ch&noUDP&sock=schedd_4465_3274>
...
040 (7944174.059.000) 07/08 17:31:30 Started transferring input files
	Transferring to host: <188.185.194.93:9618?addrs=188.185.194.93-9618+[2001-1458-303-21--100-59]-9618&alias=b9p20p7492.cern.ch&noUDP&sock=slot1_19_4243_53c6_24438>
...
040 (7944174.059.000) 07/08 17:31:30 Finished transferring input files
...
001 (7944174.059.000) 07/08 17:31:30 Job executing on host: <188.185.194.93:9618?addrs=188.185.194.93-9618+[2001-1458-303-21--100-59]-9618&alias=b9p20p7492.cern.ch&noUDP&sock=startd_3617_8a24>
	SlotName: slot1_19@b9p20p7492.cern.ch
	CondorScratchDir = "/pool/condor/dir_3776704"
	Cpus = 1
	Disk = 10002881
	GPUs = 0
	Memory = 3000
...
006 (7944174.059.000) 07/08 17:31:44 Image size of job updated: 34872
	35  -  MemoryUsage of job (MB)
	34872  -  ResidentSetSize of job (KB)
...
006 (7944174.059.000) 07/08 17:32:43 Image size of job updated: 210148
	35  -  MemoryUsage of job (MB)
	34872  -  ResidentSetSize of job (KB)
...
040 (7944174.059.000) 07/08 17:32:43 Started transferring output files
...
040 (7944174.059.000) 07/08 17:32:43 Finished transferring output files
...
012 (7944174.059.000) 07/08 17:32:44 Job was held.
	Job held by ON_EXIT_HOLD due to exit code 1.
	Code 3 Subcode 0
...
013 (7944174.059.000) 07/08 17:43:33 Job was released.
	The job attribute PeriodicRelease expression '(NumJobStarts < 3) && ((CurrentTime - EnteredCurrentStatus) > 10 * 60)' evaluated to TRUE
...
040 (7944174.059.000) 07/08 17:44:13 Started transferring input files
	Transferring to host: <188.185.206.172:9618?addrs=188.185.206.172-9618+[2001-1458-303-c--100-29]-9618&alias=b9p06p3808.cern.ch&noUDP&sock=slot1_11_9400_e677_32575>
...
040 (7944174.059.000) 07/08 17:44:13 Finished transferring input files
...
001 (7944174.059.000) 07/08 17:44:13 Job executing on host: <188.185.206.172:9618?addrs=188.185.206.172-9618+[2001-1458-303-c--100-29]-9618&alias=b9p06p3808.cern.ch&noUDP&sock=startd_9255_bd1a>
	SlotName: slot1_11@b9p06p3808.cern.ch
	CondorScratchDir = "/pool/condor/dir_1692091"
	Cpus = 1
	Disk = 10001359
	GPUs = 0
	Memory = 3000
...
006 (7944174.059.000) 07/08 17:44:27 Image size of job updated: 225000
	92  -  MemoryUsage of job (MB)
	94032  -  ResidentSetSize of job (KB)
...
006 (7944174.059.000) 07/08 17:44:32 Image size of job updated: 225000
	92  -  MemoryUsage of job (MB)
	94124  -  ResidentSetSize of job (KB)
...
040 (7944174.059.000) 07/08 17:44:32 Started transferring output files
...
040 (7944174.059.000) 07/08 17:44:32 Finished transferring output files
...
012 (7944174.059.000) 07/08 17:44:32 Job was held.
	Job held by ON_EXIT_HOLD due to exit code 1.
	Code 3 Subcode 0
...
013 (7944174.059.000) 07/08 17:55:47 Job was released.
	The job attribute PeriodicRelease expression '(NumJobStarts < 3) && ((CurrentTime - EnteredCurrentStatus) > 10 * 60)' evaluated to TRUE
...
040 (7944174.059.000) 07/08 17:57:38 Started transferring input files
	Transferring to host: <188.185.195.40:9618?addrs=188.185.195.40-9618+[2001-1458-303-22--100-24]-9618&alias=b9p17p8506.cern.ch&noUDP&sock=slot1_19_9196_29ef_23279>
...
040 (7944174.059.000) 07/08 17:57:39 Finished transferring input files
...
001 (7944174.059.000) 07/08 17:57:39 Job executing on host: <188.185.195.40:9618?addrs=188.185.195.40-9618+[2001-1458-303-22--100-24]-9618&alias=b9p17p8506.cern.ch&noUDP&sock=startd_8166_c677>
	SlotName: slot1_19@b9p17p8506.cern.ch
	CondorScratchDir = "/pool/condor/dir_355616"
	Cpus = 1
	Disk = 10003595
	GPUs = 0
	Memory = 3000
...
040 (7944174.059.000) 07/08 17:58:01 Started transferring output files
...
040 (7944174.059.000) 07/08 17:58:01 Finished transferring output files
...
012 (7944174.059.000) 07/08 17:58:01 Job was held.
	Job held by ON_EXIT_HOLD due to exit code 1.
	Code 3 Subcode 0
...
