000 (7944174.006.000) 07/08 17:29:04 Job submitted from host: <188.185.16.120:9618?addrs=188.185.16.120-9618+[2001-1458-d00-65--100-39b]-9618&alias=bigbird27.cern.ch&noUDP&sock=schedd_4465_3274>
...
040 (7944174.006.000) 07/08 17:31:12 Started transferring input files
	Transferring to host: <188.184.185.162:9618?addrs=188.184.185.162-9618+[2001-1458-301-52--100-a1]-9618&alias=b9g37p1702.cern.ch&noUDP&sock=slot1_10_5387_60f4_23714>
...
040 (7944174.006.000) 07/08 17:31:16 Finished transferring input files
...
001 (7944174.006.000) 07/08 17:31:16 Job executing on host: <188.184.185.162:9618?addrs=188.184.185.162-9618+[2001-1458-301-52--100-a1]-9618&alias=b9g37p1702.cern.ch&noUDP&sock=startd_4234_c014>
	SlotName: slot1_10@b9g37p1702.cern.ch
	CondorScratchDir = "/pool/condor/dir_2608879"
	Cpus = 1
	Disk = 10003133
	GPUs = 0
	Memory = 3000
...
006 (7944174.006.000) 07/08 17:31:30 Image size of job updated: 26888
	27  -  MemoryUsage of job (MB)
	26888  -  ResidentSetSize of job (KB)
...
006 (7944174.006.000) 07/08 17:32:46 Image size of job updated: 194768
	27  -  MemoryUsage of job (MB)
	26888  -  ResidentSetSize of job (KB)
...
040 (7944174.006.000) 07/08 17:32:46 Started transferring output files
...
040 (7944174.006.000) 07/08 17:32:46 Finished transferring output files
...
012 (7944174.006.000) 07/08 17:32:46 Job was held.
	Job held by ON_EXIT_HOLD due to exit code 1.
	Code 3 Subcode 0
...
013 (7944174.006.000) 07/08 17:43:32 Job was released.
	The job attribute PeriodicRelease expression '(NumJobStarts < 3) && ((CurrentTime - EnteredCurrentStatus) > 10 * 60)' evaluated to TRUE
...
040 (7944174.006.000) 07/08 17:43:57 Started transferring input files
	Transferring to host: <188.185.198.34:9618?addrs=188.185.198.34-9618+[2001-1458-303-25--100-1e]-9618&alias=b9p15p3368.cern.ch&noUDP&sock=slot1_14_4593_ef14_39892>
...
040 (7944174.006.000) 07/08 17:43:57 Finished transferring input files
...
001 (7944174.006.000) 07/08 17:43:57 Job executing on host: <188.185.198.34:9618?addrs=188.185.198.34-9618+[2001-1458-303-25--100-1e]-9618&alias=b9p15p3368.cern.ch&noUDP&sock=startd_3400_b217>
	SlotName: slot1_14@b9p15p3368.cern.ch
	CondorScratchDir = "/pool/condor/dir_899565"
	Cpus = 1
	Disk = 10003206
	GPUs = 0
	Memory = 3000
...
006 (7944174.006.000) 07/08 17:44:06 Image size of job updated: 200000
	60  -  MemoryUsage of job (MB)
	61264  -  ResidentSetSize of job (KB)
...
006 (7944174.006.000) 07/08 17:44:22 Image size of job updated: 426696
	417  -  MemoryUsage of job (MB)
	426696  -  ResidentSetSize of job (KB)
...
040 (7944174.006.000) 07/08 17:44:22 Started transferring output files
...
040 (7944174.006.000) 07/08 17:44:22 Finished transferring output files
...
012 (7944174.006.000) 07/08 17:44:22 Job was held.
	Job held by ON_EXIT_HOLD due to exit code 1.
	Code 3 Subcode 0
...
013 (7944174.006.000) 07/08 17:55:47 Job was released.
	The job attribute PeriodicRelease expression '(NumJobStarts < 3) && ((CurrentTime - EnteredCurrentStatus) > 10 * 60)' evaluated to TRUE
...
040 (7944174.006.000) 07/08 17:57:23 Started transferring input files
	Transferring to host: <188.185.196.61:9618?addrs=188.185.196.61-9618+[2001-1458-303-23--100-39]-9618&alias=b9p16p0681.cern.ch&noUDP&sock=slot1_7_6484_5081_36204>
...
040 (7944174.006.000) 07/08 17:57:24 Finished transferring input files
...
001 (7944174.006.000) 07/08 17:57:24 Job executing on host: <188.185.196.61:9618?addrs=188.185.196.61-9618+[2001-1458-303-23--100-39]-9618&alias=b9p16p0681.cern.ch&noUDP&sock=startd_5831_28d3>
	SlotName: slot1_7@b9p16p0681.cern.ch
	CondorScratchDir = "/pool/condor/dir_2646400"
	Cpus = 1
	Disk = 10003147
	GPUs = 0
	Memory = 3000
...
040 (7944174.006.000) 07/08 17:57:55 Started transferring output files
...
040 (7944174.006.000) 07/08 17:57:55 Finished transferring output files
...
012 (7944174.006.000) 07/08 17:57:55 Job was held.
	Job held by ON_EXIT_HOLD due to exit code 1.
	Code 3 Subcode 0
...
