000 (7944174.060.000) 07/08 17:29:04 Job submitted from host: <188.185.16.120:9618?addrs=188.185.16.120-9618+[2001-1458-d00-65--100-39b]-9618&alias=bigbird27.cern.ch&noUDP&sock=schedd_4465_3274>
...
040 (7944174.060.000) 07/08 17:31:29 Started transferring input files
	Transferring to host: <128.142.248.240:9618?addrs=128.142.248.240-9618+[2001-1458-301-73--100-ef]-9618&alias=b9g23p3798.cern.ch&noUDP&sock=slot1_6_6929_db73_46678>
...
040 (7944174.060.000) 07/08 17:31:29 Finished transferring input files
...
001 (7944174.060.000) 07/08 17:31:29 Job executing on host: <128.142.248.240:9618?addrs=128.142.248.240-9618+[2001-1458-301-73--100-ef]-9618&alias=b9g23p3798.cern.ch&noUDP&sock=startd_6200_4345>
	SlotName: slot1_6@b9g23p3798.cern.ch
	CondorScratchDir = "/pool/condor/dir_435947"
	Cpus = 1
	Disk = 10002866
	GPUs = 0
	Memory = 3000
...
006 (7944174.060.000) 07/08 17:31:43 Image size of job updated: 23212
	19  -  MemoryUsage of job (MB)
	19012  -  ResidentSetSize of job (KB)
...
006 (7944174.060.000) 07/08 17:31:54 Image size of job updated: 159548
	19  -  MemoryUsage of job (MB)
	19300  -  ResidentSetSize of job (KB)
...
040 (7944174.060.000) 07/08 17:31:55 Started transferring output files
...
040 (7944174.060.000) 07/08 17:31:55 Finished transferring output files
...
012 (7944174.060.000) 07/08 17:31:55 Job was held.
	Job held by ON_EXIT_HOLD due to exit code 1.
	Code 3 Subcode 0
...
013 (7944174.060.000) 07/08 17:43:33 Job was released.
	The job attribute PeriodicRelease expression '(NumJobStarts < 3) && ((CurrentTime - EnteredCurrentStatus) > 10 * 60)' evaluated to TRUE
...
040 (7944174.060.000) 07/08 17:44:14 Started transferring input files
	Transferring to host: <188.185.194.114:9618?addrs=188.185.194.114-9618+[2001-1458-303-21--100-6e]-9618&alias=b9p20p8518.cern.ch&noUDP&sock=slot1_15_2352012_fa15_7154>
...
040 (7944174.060.000) 07/08 17:44:14 Finished transferring input files
...
001 (7944174.060.000) 07/08 17:44:14 Job executing on host: <188.185.194.114:9618?addrs=188.185.194.114-9618+[2001-1458-303-21--100-6e]-9618&alias=b9p20p8518.cern.ch&noUDP&sock=startd_2666641_80b6>
	SlotName: slot1_15@b9p20p8518.cern.ch
	CondorScratchDir = "/pool/condor/dir_468422"
	Cpus = 1
	Disk = 10002930
	GPUs = 0
	Memory = 3000
...
006 (7944174.060.000) 07/08 17:44:28 Image size of job updated: 175000
	32  -  MemoryUsage of job (MB)
	32076  -  ResidentSetSize of job (KB)
...
006 (7944174.060.000) 07/08 17:44:51 Image size of job updated: 209584
	33  -  MemoryUsage of job (MB)
	33172  -  ResidentSetSize of job (KB)
...
040 (7944174.060.000) 07/08 17:44:51 Started transferring output files
...
040 (7944174.060.000) 07/08 17:44:51 Finished transferring output files
...
012 (7944174.060.000) 07/08 17:44:51 Job was held.
	Job held by ON_EXIT_HOLD due to exit code 1.
	Code 3 Subcode 0
...
013 (7944174.060.000) 07/08 17:55:47 Job was released.
	The job attribute PeriodicRelease expression '(NumJobStarts < 3) && ((CurrentTime - EnteredCurrentStatus) > 10 * 60)' evaluated to TRUE
...
040 (7944174.060.000) 07/08 17:57:38 Started transferring input files
	Transferring to host: <188.185.193.96:9618?addrs=188.185.193.96-9618+[2001-1458-303-20--100-5c]-9618&alias=b9p19p8780.cern.ch&noUDP&sock=slot1_15_8740_dedc_24439>
...
040 (7944174.060.000) 07/08 17:57:39 Finished transferring input files
...
001 (7944174.060.000) 07/08 17:57:39 Job executing on host: <188.185.193.96:9618?addrs=188.185.193.96-9618+[2001-1458-303-20--100-5c]-9618&alias=b9p19p8780.cern.ch&noUDP&sock=startd_7643_0a6f>
	SlotName: slot1_15@b9p19p8780.cern.ch
	CondorScratchDir = "/pool/condor/dir_2298532"
	Cpus = 1
	Disk = 10003070
	GPUs = 0
	Memory = 3000
...
040 (7944174.060.000) 07/08 17:58:01 Started transferring output files
...
040 (7944174.060.000) 07/08 17:58:01 Finished transferring output files
...
012 (7944174.060.000) 07/08 17:58:01 Job was held.
	Job held by ON_EXIT_HOLD due to exit code 1.
	Code 3 Subcode 0
...
