000 (7944174.061.000) 07/08 17:29:04 Job submitted from host: <188.185.16.120:9618?addrs=188.185.16.120-9618+[2001-1458-d00-65--100-39b]-9618&alias=bigbird27.cern.ch&noUDP&sock=schedd_4465_3274>
...
040 (7944174.061.000) 07/08 17:34:13 Started transferring input files
	Transferring to host: <188.185.205.136:9618?addrs=188.185.205.136-9618+[2001-1458-303-a--100-5]-9618&alias=b9p04p5422.cern.ch&noUDP&sock=slot1_14_5065_8027_264>
...
040 (7944174.061.000) 07/08 17:34:14 Finished transferring input files
...
001 (7944174.061.000) 07/08 17:34:14 Job executing on host: <188.185.205.136:9618?addrs=188.185.205.136-9618+[2001-1458-303-a--100-5]-9618&alias=b9p04p5422.cern.ch&noUDP&sock=startd_4594_ae2c>
	SlotName: slot1_14@b9p04p5422.cern.ch
	CondorScratchDir = "/pool/condor/dir_192031"
	Cpus = 1
	Disk = 10002105
	GPUs = 0
	Memory = 3000
...
006 (7944174.061.000) 07/08 17:34:28 Image size of job updated: 40168
	38  -  MemoryUsage of job (MB)
	37972  -  ResidentSetSize of job (KB)
...
006 (7944174.061.000) 07/08 17:34:38 Image size of job updated: 169108
	38  -  MemoryUsage of job (MB)
	38216  -  ResidentSetSize of job (KB)
...
040 (7944174.061.000) 07/08 17:34:38 Started transferring output files
...
040 (7944174.061.000) 07/08 17:34:39 Finished transferring output files
...
012 (7944174.061.000) 07/08 17:34:39 Job was held.
	Job held by ON_EXIT_HOLD due to exit code 1.
	Code 3 Subcode 0
...
013 (7944174.061.000) 07/08 17:46:02 Job was released.
	The job attribute PeriodicRelease expression '(NumJobStarts < 3) && ((CurrentTime - EnteredCurrentStatus) > 10 * 60)' evaluated to TRUE
...
040 (7944174.061.000) 07/08 17:46:23 Started transferring input files
	Transferring to host: <188.185.211.159:9618?addrs=188.185.211.159-9618+[2001-1458-303-17--100-1b]-9618&alias=b9p24p4146.cern.ch&noUDP&sock=slot1_26_6451_101f_42570>
...
040 (7944174.061.000) 07/08 17:46:24 Finished transferring input files
...
001 (7944174.061.000) 07/08 17:46:24 Job executing on host: <188.185.211.159:9618?addrs=188.185.211.159-9618+[2001-1458-303-17--100-1b]-9618&alias=b9p24p4146.cern.ch&noUDP&sock=startd_6020_cc39>
	SlotName: slot1_26@b9p24p4146.cern.ch
	CondorScratchDir = "/pool/condor/dir_735137"
	Cpus = 1
	Disk = 10654493
	GPUs = 0
	Memory = 3000
...
006 (7944174.061.000) 07/08 17:47:43 Image size of job updated: 203968
	200  -  MemoryUsage of job (MB)
	203968  -  ResidentSetSize of job (KB)
...
040 (7944174.061.000) 07/08 17:47:43 Started transferring output files
...
040 (7944174.061.000) 07/08 17:47:43 Finished transferring output files
...
012 (7944174.061.000) 07/08 17:47:43 Job was held.
	Job held by ON_EXIT_HOLD due to exit code 1.
	Code 3 Subcode 0
...
013 (7944174.061.000) 07/08 17:58:12 Job was released.
	The job attribute PeriodicRelease expression '(NumJobStarts < 3) && ((CurrentTime - EnteredCurrentStatus) > 10 * 60)' evaluated to TRUE
...
040 (7944174.061.000) 07/08 18:01:09 Started transferring input files
	Transferring to host: <188.185.194.62:9618?addrs=188.185.194.62-9618+[2001-1458-303-21--100-3a]-9618&alias=b9p20p4971.cern.ch&noUDP&sock=slot1_21_3079811_3651_18411>
...
040 (7944174.061.000) 07/08 18:01:10 Finished transferring input files
...
001 (7944174.061.000) 07/08 18:01:10 Job executing on host: <188.185.194.62:9618?addrs=188.185.194.62-9618+[2001-1458-303-21--100-3a]-9618&alias=b9p20p4971.cern.ch&noUDP&sock=startd_3079609_339b>
	SlotName: slot1_21@b9p20p4971.cern.ch
	CondorScratchDir = "/pool/condor/dir_1004986"
	Cpus = 1
	Disk = 10002179
	GPUs = 0
	Memory = 3000
...
040 (7944174.061.000) 07/08 18:01:31 Started transferring output files
...
040 (7944174.061.000) 07/08 18:01:31 Finished transferring output files
...
012 (7944174.061.000) 07/08 18:01:31 Job was held.
	Job held by ON_EXIT_HOLD due to exit code 1.
	Code 3 Subcode 0
...
