000 (7944174.062.000) 07/08 17:29:04 Job submitted from host: <188.185.16.120:9618?addrs=188.185.16.120-9618+[2001-1458-d00-65--100-39b]-9618&alias=bigbird27.cern.ch&noUDP&sock=schedd_4465_3274>
...
040 (7944174.062.000) 07/08 17:31:31 Started transferring input files
	Transferring to host: <188.185.196.85:9618?addrs=188.185.196.85-9618+[2001-1458-303-23--100-51]-9618&alias=b9p16p2609.cern.ch&noUDP&sock=slot1_6_4803_e5dc_36752>
...
040 (7944174.062.000) 07/08 17:31:31 Finished transferring input files
...
001 (7944174.062.000) 07/08 17:31:31 Job executing on host: <188.185.196.85:9618?addrs=188.185.196.85-9618+[2001-1458-303-23--100-51]-9618&alias=b9p16p2609.cern.ch&noUDP&sock=startd_3891_7b18>
	SlotName: slot1_6@b9p16p2609.cern.ch
	CondorScratchDir = "/pool/condor/dir_888337"
	Cpus = 1
	Disk = 10003207
	GPUs = 0
	Memory = 3000
...
006 (7944174.062.000) 07/08 17:31:40 Image size of job updated: 57780
	57  -  MemoryUsage of job (MB)
	57780  -  ResidentSetSize of job (KB)
...
006 (7944174.062.000) 07/08 17:32:43 Image size of job updated: 423920
	414  -  MemoryUsage of job (MB)
	423920  -  ResidentSetSize of job (KB)
...
040 (7944174.062.000) 07/08 17:32:43 Started transferring output files
...
040 (7944174.062.000) 07/08 17:32:43 Finished transferring output files
...
012 (7944174.062.000) 07/08 17:32:44 Job was held.
	Job held by ON_EXIT_HOLD due to exit code 1.
	Code 3 Subcode 0
...
013 (7944174.062.000) 07/08 17:43:33 Job was released.
	The job attribute PeriodicRelease expression '(NumJobStarts < 3) && ((CurrentTime - EnteredCurrentStatus) > 10 * 60)' evaluated to TRUE
...
040 (7944174.062.000) 07/08 17:44:15 Started transferring input files
	Transferring to host: <128.142.196.51:9618?addrs=128.142.196.51-9618+[2001-1458-301-3c--100-31]-9618&alias=b9g32p1086.cern.ch&noUDP&sock=slot1_3_3157_2459_97690>
...
040 (7944174.062.000) 07/08 17:44:16 Finished transferring input files
...
001 (7944174.062.000) 07/08 17:44:16 Job executing on host: <128.142.196.51:9618?addrs=128.142.196.51-9618+[2001-1458-301-3c--100-31]-9618&alias=b9g32p1086.cern.ch&noUDP&sock=startd_2809_519f>
	SlotName: slot1_3@b9g32p1086.cern.ch
	CondorScratchDir = "/pool/condor/dir_4134713"
	Cpus = 1
	Disk = 10003160
	GPUs = 0
	Memory = 3000
...
040 (7944174.062.000) 07/08 17:44:45 Started transferring output files
...
040 (7944174.062.000) 07/08 17:44:45 Finished transferring output files
...
012 (7944174.062.000) 07/08 17:44:45 Job was held.
	Job held by ON_EXIT_HOLD due to exit code 1.
	Code 3 Subcode 0
...
013 (7944174.062.000) 07/08 17:55:47 Job was released.
	The job attribute PeriodicRelease expression '(NumJobStarts < 3) && ((CurrentTime - EnteredCurrentStatus) > 10 * 60)' evaluated to TRUE
...
040 (7944174.062.000) 07/08 17:57:39 Started transferring input files
	Transferring to host: <188.185.198.160:9618?addrs=188.185.198.160-9618+[2001-1458-303-25--100-9c]-9618&alias=b9p15p6374.cern.ch&noUDP&sock=slot1_18_8955_5b85_38446>
...
040 (7944174.062.000) 07/08 17:57:39 Finished transferring input files
...
001 (7944174.062.000) 07/08 17:57:39 Job executing on host: <188.185.198.160:9618?addrs=188.185.198.160-9618+[2001-1458-303-25--100-9c]-9618&alias=b9p15p6374.cern.ch&noUDP&sock=startd_8466_8ce0>
	SlotName: slot1_18@b9p15p6374.cern.ch
	CondorScratchDir = "/pool/condor/dir_1977319"
	Cpus = 1
	Disk = 10003147
	GPUs = 0
	Memory = 3000
...
040 (7944174.062.000) 07/08 17:57:55 Started transferring output files
...
040 (7944174.062.000) 07/08 17:57:55 Finished transferring output files
...
012 (7944174.062.000) 07/08 17:57:55 Job was held.
	Job held by ON_EXIT_HOLD due to exit code 1.
	Code 3 Subcode 0
...
