000 (7944174.063.000) 07/08 17:29:04 Job submitted from host: <188.185.16.120:9618?addrs=188.185.16.120-9618+[2001-1458-d00-65--100-39b]-9618&alias=bigbird27.cern.ch&noUDP&sock=schedd_4465_3274>
...
040 (7944174.063.000) 07/08 17:31:31 Started transferring input files
	Transferring to host: <188.185.213.33:9618?addrs=188.185.213.33-9618+[2001-1458-303-1a--100-1d]-9618&alias=b9p27p3404.cern.ch&noUDP&sock=slot1_6_3395711_56ff_22583>
...
040 (7944174.063.000) 07/08 17:31:31 Finished transferring input files
...
001 (7944174.063.000) 07/08 17:31:31 Job executing on host: <188.185.213.33:9618?addrs=188.185.213.33-9618+[2001-1458-303-1a--100-1d]-9618&alias=b9p27p3404.cern.ch&noUDP&sock=startd_3395626_9413>
	SlotName: slot1_6@b9p27p3404.cern.ch
	CondorScratchDir = "/pool/condor/dir_986965"
	Cpus = 1
	Disk = 10002270
	GPUs = 0
	Memory = 3000
...
006 (7944174.063.000) 07/08 17:31:45 Image size of job updated: 25136
	21  -  MemoryUsage of job (MB)
	20980  -  ResidentSetSize of job (KB)
...
006 (7944174.063.000) 07/08 17:32:43 Image size of job updated: 209812
	21  -  MemoryUsage of job (MB)
	20980  -  ResidentSetSize of job (KB)
...
040 (7944174.063.000) 07/08 17:32:43 Started transferring output files
...
040 (7944174.063.000) 07/08 17:32:43 Finished transferring output files
...
012 (7944174.063.000) 07/08 17:32:44 Job was held.
	Job held by ON_EXIT_HOLD due to exit code 1.
	Code 3 Subcode 0
...
013 (7944174.063.000) 07/08 17:43:33 Job was released.
	The job attribute PeriodicRelease expression '(NumJobStarts < 3) && ((CurrentTime - EnteredCurrentStatus) > 10 * 60)' evaluated to TRUE
...
040 (7944174.063.000) 07/08 17:44:19 Started transferring input files
	Transferring to host: <188.185.192.30:9618?addrs=188.185.192.30-9618+[2001-1458-303-1f--100-1a]-9618&alias=b9p13p4361.cern.ch&noUDP&sock=slot1_16_8861_2041_40137>
...
040 (7944174.063.000) 07/08 17:44:20 Finished transferring input files
...
001 (7944174.063.000) 07/08 17:44:20 Job executing on host: <188.185.192.30:9618?addrs=188.185.192.30-9618+[2001-1458-303-1f--100-1a]-9618&alias=b9p13p4361.cern.ch&noUDP&sock=startd_8786_0b2f>
	SlotName: slot1_16@b9p13p4361.cern.ch
	CondorScratchDir = "/pool/condor/dir_249961"
	Cpus = 1
	Disk = 10012841
	GPUs = 0
	Memory = 3000
...
040 (7944174.063.000) 07/08 17:44:51 Started transferring output files
...
040 (7944174.063.000) 07/08 17:44:51 Finished transferring output files
...
012 (7944174.063.000) 07/08 17:44:51 Job was held.
	Job held by ON_EXIT_HOLD due to exit code 1.
	Code 3 Subcode 0
...
013 (7944174.063.000) 07/08 17:55:47 Job was released.
	The job attribute PeriodicRelease expression '(NumJobStarts < 3) && ((CurrentTime - EnteredCurrentStatus) > 10 * 60)' evaluated to TRUE
...
040 (7944174.063.000) 07/08 17:57:41 Started transferring input files
	Transferring to host: <188.185.196.150:9618?addrs=188.185.196.150-9618+[2001-1458-303-23--100-92]-9618&alias=b9p16p1856.cern.ch&noUDP&sock=slot1_12_8806_5f9f_34910>
...
040 (7944174.063.000) 07/08 17:57:41 Finished transferring input files
...
001 (7944174.063.000) 07/08 17:57:41 Job executing on host: <188.185.196.150:9618?addrs=188.185.196.150-9618+[2001-1458-303-23--100-92]-9618&alias=b9p16p1856.cern.ch&noUDP&sock=startd_8750_59c6>
	SlotName: slot1_12@b9p16p1856.cern.ch
	CondorScratchDir = "/pool/condor/dir_2410304"
	Cpus = 1
	Disk = 10001000
	GPUs = 0
	Memory = 3000
...
006 (7944174.063.000) 07/08 17:57:50 Image size of job updated: 225000
	58  -  MemoryUsage of job (MB)
	58664  -  ResidentSetSize of job (KB)
...
006 (7944174.063.000) 07/08 17:58:18 Image size of job updated: 422208
	413  -  MemoryUsage of job (MB)
	422208  -  ResidentSetSize of job (KB)
...
040 (7944174.063.000) 07/08 17:58:18 Started transferring output files
...
040 (7944174.063.000) 07/08 17:58:18 Finished transferring output files
...
012 (7944174.063.000) 07/08 17:58:18 Job was held.
	Job held by ON_EXIT_HOLD due to exit code 1.
	Code 3 Subcode 0
...
