000 (7944174.064.000) 07/08 17:29:04 Job submitted from host: <188.185.16.120:9618?addrs=188.185.16.120-9618+[2001-1458-d00-65--100-39b]-9618&alias=bigbird27.cern.ch&noUDP&sock=schedd_4465_3274>
...
040 (7944174.064.000) 07/08 17:31:31 Started transferring input files
	Transferring to host: <188.185.193.165:9618?addrs=188.185.193.165-9618+[2001-1458-303-20--100-a1]-9618&alias=b9p19p2832.cern.ch&noUDP&sock=slot1_37_2546865_8ae9_22407>
...
040 (7944174.064.000) 07/08 17:31:32 Finished transferring input files
...
001 (7944174.064.000) 07/08 17:31:32 Job executing on host: <188.185.193.165:9618?addrs=188.185.193.165-9618+[2001-1458-303-20--100-a1]-9618&alias=b9p19p2832.cern.ch&noUDP&sock=startd_2546826_60ea>
	SlotName: slot1_37@b9p19p2832.cern.ch
	CondorScratchDir = "/pool/condor/dir_4003655"
	Cpus = 1
	Disk = 10002927
	GPUs = 0
	Memory = 3000
...
006 (7944174.064.000) 07/08 17:31:46 Image size of job updated: 26204
	26  -  MemoryUsage of job (MB)
	26204  -  ResidentSetSize of job (KB)
...
006 (7944174.064.000) 07/08 17:33:11 Image size of job updated: 211000
	26  -  MemoryUsage of job (MB)
	26204  -  ResidentSetSize of job (KB)
...
040 (7944174.064.000) 07/08 17:33:11 Started transferring output files
...
040 (7944174.064.000) 07/08 17:33:11 Finished transferring output files
...
012 (7944174.064.000) 07/08 17:33:12 Job was held.
	Job held by ON_EXIT_HOLD due to exit code 1.
	Code 3 Subcode 0
...
013 (7944174.064.000) 07/08 17:43:33 Job was released.
	The job attribute PeriodicRelease expression '(NumJobStarts < 3) && ((CurrentTime - EnteredCurrentStatus) > 10 * 60)' evaluated to TRUE
...
040 (7944174.064.000) 07/08 17:44:15 Started transferring input files
	Transferring to host: <188.185.196.27:9618?addrs=188.185.196.27-9618+[2001-1458-303-23--100-17]-9618&alias=b9p16p7172.cern.ch&noUDP&sock=slot1_47_2929380_f6cb_19630>
...
040 (7944174.064.000) 07/08 17:44:16 Finished transferring input files
...
001 (7944174.064.000) 07/08 17:44:16 Job executing on host: <188.185.196.27:9618?addrs=188.185.196.27-9618+[2001-1458-303-23--100-17]-9618&alias=b9p16p7172.cern.ch&noUDP&sock=startd_2929325_e0af>
	SlotName: slot1_47@b9p16p7172.cern.ch
	CondorScratchDir = "/pool/condor/dir_3003714"
	Cpus = 1
	Disk = 10003245
	GPUs = 0
	Memory = 3000
...
006 (7944174.064.000) 07/08 17:44:24 Image size of job updated: 225000
	54  -  MemoryUsage of job (MB)
	54500  -  ResidentSetSize of job (KB)
...
006 (7944174.064.000) 07/08 17:44:46 Image size of job updated: 426480
	417  -  MemoryUsage of job (MB)
	426480  -  ResidentSetSize of job (KB)
...
040 (7944174.064.000) 07/08 17:44:46 Started transferring output files
...
040 (7944174.064.000) 07/08 17:44:46 Finished transferring output files
...
012 (7944174.064.000) 07/08 17:44:46 Job was held.
	Job held by ON_EXIT_HOLD due to exit code 1.
	Code 3 Subcode 0
...
013 (7944174.064.000) 07/08 17:55:47 Job was released.
	The job attribute PeriodicRelease expression '(NumJobStarts < 3) && ((CurrentTime - EnteredCurrentStatus) > 10 * 60)' evaluated to TRUE
...
040 (7944174.064.000) 07/08 17:57:39 Started transferring input files
	Transferring to host: <188.185.194.183:9618?addrs=188.185.194.183-9618+[2001-1458-303-21--100-b3]-9618&alias=b9p20p1785.cern.ch&noUDP&sock=slot1_11_4343_c94a_24208>
...
040 (7944174.064.000) 07/08 17:57:40 Finished transferring input files
...
001 (7944174.064.000) 07/08 17:57:40 Job executing on host: <188.185.194.183:9618?addrs=188.185.194.183-9618+[2001-1458-303-21--100-b3]-9618&alias=b9p20p1785.cern.ch&noUDP&sock=startd_3801_bf92>
	SlotName: slot1_11@b9p20p1785.cern.ch
	CondorScratchDir = "/pool/condor/dir_2413048"
	Cpus = 1
	Disk = 10003045
	GPUs = 0
	Memory = 3000
...
040 (7944174.064.000) 07/08 17:58:03 Started transferring output files
...
040 (7944174.064.000) 07/08 17:58:03 Finished transferring output files
...
012 (7944174.064.000) 07/08 17:58:03 Job was held.
	Job held by ON_EXIT_HOLD due to exit code 1.
	Code 3 Subcode 0
...
