000 (7944174.065.000) 07/08 17:29:04 Job submitted from host: <188.185.16.120:9618?addrs=188.185.16.120-9618+[2001-1458-d00-65--100-39b]-9618&alias=bigbird27.cern.ch&noUDP&sock=schedd_4465_3274>
...
040 (7944174.065.000) 07/08 17:31:32 Started transferring input files
	Transferring to host: <188.185.192.137:9618?addrs=188.185.192.137-9618+[2001-1458-303-1f--100-85]-9618&alias=b9p13p0967.cern.ch&noUDP&sock=slot1_12_6733_c1eb_23396>
...
040 (7944174.065.000) 07/08 17:31:33 Finished transferring input files
...
001 (7944174.065.000) 07/08 17:31:33 Job executing on host: <188.185.192.137:9618?addrs=188.185.192.137-9618+[2001-1458-303-1f--100-85]-9618&alias=b9p13p0967.cern.ch&noUDP&sock=startd_5237_b991>
	SlotName: slot1_12@b9p13p0967.cern.ch
	CondorScratchDir = "/pool/condor/dir_2395217"
	Cpus = 1
	Disk = 10003015
	GPUs = 0
	Memory = 3000
...
006 (7944174.065.000) 07/08 17:31:47 Image size of job updated: 32448
	32  -  MemoryUsage of job (MB)
	32448  -  ResidentSetSize of job (KB)
...
006 (7944174.065.000) 07/08 17:32:42 Image size of job updated: 205640
	33  -  MemoryUsage of job (MB)
	33260  -  ResidentSetSize of job (KB)
...
040 (7944174.065.000) 07/08 17:32:43 Started transferring output files
...
040 (7944174.065.000) 07/08 17:32:43 Finished transferring output files
...
012 (7944174.065.000) 07/08 17:32:44 Job was held.
	Job held by ON_EXIT_HOLD due to exit code 1.
	Code 3 Subcode 0
...
013 (7944174.065.000) 07/08 17:43:33 Job was released.
	The job attribute PeriodicRelease expression '(NumJobStarts < 3) && ((CurrentTime - EnteredCurrentStatus) > 10 * 60)' evaluated to TRUE
...
040 (7944174.065.000) 07/08 17:44:15 Started transferring input files
	Transferring to host: <188.185.206.77:9618?addrs=188.185.206.77-9618+[2001-1458-303-b--100-4a]-9618&alias=b9p05p8888.cern.ch&noUDP&sock=slot1_34_2872884_6bd2_19739>
...
040 (7944174.065.000) 07/08 17:44:16 Finished transferring input files
...
001 (7944174.065.000) 07/08 17:44:16 Job executing on host: <188.185.206.77:9618?addrs=188.185.206.77-9618+[2001-1458-303-b--100-4a]-9618&alias=b9p05p8888.cern.ch&noUDP&sock=startd_2872843_ec74>
	SlotName: slot1_34@b9p05p8888.cern.ch
	CondorScratchDir = "/pool/condor/dir_3555589"
	Cpus = 1
	Disk = 10002345
	GPUs = 0
	Memory = 3000
...
040 (7944174.065.000) 07/08 17:44:47 Started transferring output files
...
040 (7944174.065.000) 07/08 17:44:47 Finished transferring output files
...
012 (7944174.065.000) 07/08 17:44:47 Job was held.
	Job held by ON_EXIT_HOLD due to exit code 1.
	Code 3 Subcode 0
...
013 (7944174.065.000) 07/08 17:55:47 Job was released.
	The job attribute PeriodicRelease expression '(NumJobStarts < 3) && ((CurrentTime - EnteredCurrentStatus) > 10 * 60)' evaluated to TRUE
...
040 (7944174.065.000) 07/08 17:57:40 Started transferring input files
	Transferring to host: <188.185.192.70:9618?addrs=188.185.192.70-9618+[2001-1458-303-1f--100-42]-9618&alias=b9p13p3947.cern.ch&noUDP&sock=slot1_13_8946_0425_41291>
...
040 (7944174.065.000) 07/08 17:57:40 Finished transferring input files
...
001 (7944174.065.000) 07/08 17:57:40 Job executing on host: <188.185.192.70:9618?addrs=188.185.192.70-9618+[2001-1458-303-1f--100-42]-9618&alias=b9p13p3947.cern.ch&noUDP&sock=startd_8473_5a0a>
	SlotName: slot1_13@b9p13p3947.cern.ch
	CondorScratchDir = "/pool/condor/dir_700119"
	Cpus = 1
	Disk = 10003114
	GPUs = 0
	Memory = 3000
...
006 (7944174.065.000) 07/08 17:57:49 Image size of job updated: 225000
	58  -  MemoryUsage of job (MB)
	58984  -  ResidentSetSize of job (KB)
...
006 (7944174.065.000) 07/08 17:58:09 Image size of job updated: 423240
	414  -  MemoryUsage of job (MB)
	423240  -  ResidentSetSize of job (KB)
...
040 (7944174.065.000) 07/08 17:58:09 Started transferring output files
...
040 (7944174.065.000) 07/08 17:58:09 Finished transferring output files
...
012 (7944174.065.000) 07/08 17:58:09 Job was held.
	Job held by ON_EXIT_HOLD due to exit code 1.
	Code 3 Subcode 0
...
