000 (7944174.066.000) 07/08 17:29:04 Job submitted from host: <188.185.16.120:9618?addrs=188.185.16.120-9618+[2001-1458-d00-65--100-39b]-9618&alias=bigbird27.cern.ch&noUDP&sock=schedd_4465_3274>
...
040 (7944174.066.000) 07/08 17:33:56 Started transferring input files
	Transferring to host: <188.185.193.128:9618?addrs=188.185.193.128-9618+[2001-1458-303-20--100-7c]-9618&alias=b9p19p5066.cern.ch&noUDP&sock=slot1_11_7067_1738_15875>
...
040 (7944174.066.000) 07/08 17:33:56 Finished transferring input files
...
001 (7944174.066.000) 07/08 17:33:56 Job executing on host: <188.185.193.128:9618?addrs=188.185.193.128-9618+[2001-1458-303-20--100-7c]-9618&alias=b9p19p5066.cern.ch&noUDP&sock=startd_6522_20c4>
	SlotName: slot1_11@b9p19p5066.cern.ch
	CondorScratchDir = "/pool/condor/dir_2769503"
	Cpus = 1
	Disk = 10016437
	GPUs = 0
	Memory = 3000
...
006 (7944174.066.000) 07/08 17:34:10 Image size of job updated: 113764
	112  -  MemoryUsage of job (MB)
	113764  -  ResidentSetSize of job (KB)
...
006 (7944174.066.000) 07/08 17:34:14 Image size of job updated: 187464
	113  -  MemoryUsage of job (MB)
	115628  -  ResidentSetSize of job (KB)
...
040 (7944174.066.000) 07/08 17:34:14 Started transferring output files
...
040 (7944174.066.000) 07/08 17:34:14 Finished transferring output files
...
012 (7944174.066.000) 07/08 17:34:14 Job was held.
	Job held by ON_EXIT_HOLD due to exit code 1.
	Code 3 Subcode 0
...
013 (7944174.066.000) 07/08 17:46:02 Job was released.
	The job attribute PeriodicRelease expression '(NumJobStarts < 3) && ((CurrentTime - EnteredCurrentStatus) > 10 * 60)' evaluated to TRUE
...
040 (7944174.066.000) 07/08 17:46:23 Started transferring input files
	Transferring to host: <128.142.33.22:9618?addrs=128.142.33.22-9618+[2001-1458-301-53--100-13]-9618&alias=b9g34p0608.cern.ch&noUDP&sock=slot1_11_2704319_212b_58173>
...
040 (7944174.066.000) 07/08 17:46:24 Finished transferring input files
...
001 (7944174.066.000) 07/08 17:46:24 Job executing on host: <128.142.33.22:9618?addrs=128.142.33.22-9618+[2001-1458-301-53--100-13]-9618&alias=b9g34p0608.cern.ch&noUDP&sock=startd_5282_9754>
	SlotName: slot1_11@b9g34p0608.cern.ch
	CondorScratchDir = "/pool/condor/dir_902635"
	Cpus = 1
	Disk = 10003032
	GPUs = 0
	Memory = 3000
...
006 (7944174.066.000) 07/08 17:46:56 Image size of job updated: 420384
	411  -  MemoryUsage of job (MB)
	420384  -  ResidentSetSize of job (KB)
...
040 (7944174.066.000) 07/08 17:46:56 Started transferring output files
...
040 (7944174.066.000) 07/08 17:46:56 Finished transferring output files
...
012 (7944174.066.000) 07/08 17:46:56 Job was held.
	Job held by ON_EXIT_HOLD due to exit code 1.
	Code 3 Subcode 0
...
013 (7944174.066.000) 07/08 17:58:12 Job was released.
	The job attribute PeriodicRelease expression '(NumJobStarts < 3) && ((CurrentTime - EnteredCurrentStatus) > 10 * 60)' evaluated to TRUE
...
040 (7944174.066.000) 07/08 18:07:35 Started transferring input files
	Transferring to host: <128.142.161.102:9618?addrs=128.142.161.102-9618+[2001-1458-301-b8--100-24]-9618&alias=b9g03p0525.cern.ch&noUDP&sock=slot1_16_2281762_7f2c_10886>
...
040 (7944174.066.000) 07/08 18:07:40 Finished transferring input files
...
001 (7944174.066.000) 07/08 18:07:40 Job executing on host: <128.142.161.102:9618?addrs=128.142.161.102-9618+[2001-1458-301-b8--100-24]-9618&alias=b9g03p0525.cern.ch&noUDP&sock=startd_4414_3720>
	SlotName: slot1_16@b9g03p0525.cern.ch
	CondorScratchDir = "/pool/condor/dir_3803237"
	Cpus = 1
	Disk = 10002424
	GPUs = 0
	Memory = 3000
...
040 (7944174.066.000) 07/08 18:08:05 Started transferring output files
...
040 (7944174.066.000) 07/08 18:08:05 Finished transferring output files
...
012 (7944174.066.000) 07/08 18:08:05 Job was held.
	Job held by ON_EXIT_HOLD due to exit code 1.
	Code 3 Subcode 0
...
