000 (7944174.067.000) 07/08 17:29:04 Job submitted from host: <188.185.16.120:9618?addrs=188.185.16.120-9618+[2001-1458-d00-65--100-39b]-9618&alias=bigbird27.cern.ch&noUDP&sock=schedd_4465_3274>
...
040 (7944174.067.000) 07/08 17:31:32 Started transferring input files
	Transferring to host: <188.185.193.128:9618?addrs=188.185.193.128-9618+[2001-1458-303-20--100-7c]-9618&alias=b9p19p5066.cern.ch&noUDP&sock=slot1_10_7067_1738_15872>
...
040 (7944174.067.000) 07/08 17:31:33 Finished transferring input files
...
001 (7944174.067.000) 07/08 17:31:33 Job executing on host: <188.185.193.128:9618?addrs=188.185.193.128-9618+[2001-1458-303-20--100-7c]-9618&alias=b9p19p5066.cern.ch&noUDP&sock=startd_6522_20c4>
	SlotName: slot1_10@b9p19p5066.cern.ch
	CondorScratchDir = "/pool/condor/dir_2757558"
	Cpus = 1
	Disk = 10003089
	GPUs = 0
	Memory = 3000
...
006 (7944174.067.000) 07/08 17:31:46 Image size of job updated: 27180
	19  -  MemoryUsage of job (MB)
	18840  -  ResidentSetSize of job (KB)
...
006 (7944174.067.000) 07/08 17:32:43 Image size of job updated: 208048
	19  -  MemoryUsage of job (MB)
	18840  -  ResidentSetSize of job (KB)
...
040 (7944174.067.000) 07/08 17:32:43 Started transferring output files
...
040 (7944174.067.000) 07/08 17:32:43 Finished transferring output files
...
012 (7944174.067.000) 07/08 17:32:44 Job was held.
	Job held by ON_EXIT_HOLD due to exit code 1.
	Code 3 Subcode 0
...
013 (7944174.067.000) 07/08 17:43:33 Job was released.
	The job attribute PeriodicRelease expression '(NumJobStarts < 3) && ((CurrentTime - EnteredCurrentStatus) > 10 * 60)' evaluated to TRUE
...
040 (7944174.067.000) 07/08 17:44:16 Started transferring input files
	Transferring to host: <188.185.193.112:9618?addrs=188.185.193.112-9618+[2001-1458-303-20--100-6c]-9618&alias=b9p19p7239.cern.ch&noUDP&sock=slot1_25_4526_b9f1_23363>
...
040 (7944174.067.000) 07/08 17:44:17 Finished transferring input files
...
001 (7944174.067.000) 07/08 17:44:17 Job executing on host: <188.185.193.112:9618?addrs=188.185.193.112-9618+[2001-1458-303-20--100-6c]-9618&alias=b9p19p7239.cern.ch&noUDP&sock=startd_3966_ecb2>
	SlotName: slot1_25@b9p19p7239.cern.ch
	CondorScratchDir = "/pool/condor/dir_4166513"
	Cpus = 1
	Disk = 10001938
	GPUs = 0
	Memory = 3000
...
006 (7944174.067.000) 07/08 17:44:30 Image size of job updated: 225000
	29  -  MemoryUsage of job (MB)
	29432  -  ResidentSetSize of job (KB)
...
040 (7944174.067.000) 07/08 17:45:02 Started transferring output files
...
040 (7944174.067.000) 07/08 17:45:02 Finished transferring output files
...
012 (7944174.067.000) 07/08 17:45:02 Job was held.
	Job held by ON_EXIT_HOLD due to exit code 1.
	Code 3 Subcode 0
...
013 (7944174.067.000) 07/08 17:55:47 Job was released.
	The job attribute PeriodicRelease expression '(NumJobStarts < 3) && ((CurrentTime - EnteredCurrentStatus) > 10 * 60)' evaluated to TRUE
...
040 (7944174.067.000) 07/08 17:57:40 Started transferring input files
	Transferring to host: <188.185.194.28:9618?addrs=188.185.194.28-9618+[2001-1458-303-21--100-18]-9618&alias=b9p20p7099.cern.ch&noUDP&sock=slot1_3_6593_1d65_24483>
...
040 (7944174.067.000) 07/08 17:57:40 Finished transferring input files
...
001 (7944174.067.000) 07/08 17:57:40 Job executing on host: <188.185.194.28:9618?addrs=188.185.194.28-9618+[2001-1458-303-21--100-18]-9618&alias=b9p20p7099.cern.ch&noUDP&sock=startd_5056_92ed>
	SlotName: slot1_3@b9p20p7099.cern.ch
	CondorScratchDir = "/pool/condor/dir_3564906"
	Cpus = 1
	Disk = 10004985
	GPUs = 0
	Memory = 3000
...
006 (7944174.067.000) 07/08 17:57:54 Image size of job updated: 225000
	31  -  MemoryUsage of job (MB)
	30872  -  ResidentSetSize of job (KB)
...
040 (7944174.067.000) 07/08 17:58:03 Started transferring output files
...
040 (7944174.067.000) 07/08 17:58:03 Finished transferring output files
...
012 (7944174.067.000) 07/08 17:58:03 Job was held.
	Job held by ON_EXIT_HOLD due to exit code 1.
	Code 3 Subcode 0
...
