000 (7944174.007.000) 07/08 17:29:04 Job submitted from host: <188.185.16.120:9618?addrs=188.185.16.120-9618+[2001-1458-d00-65--100-39b]-9618&alias=bigbird27.cern.ch&noUDP&sock=schedd_4465_3274>
...
040 (7944174.007.000) 07/08 17:31:16 Started transferring input files
	Transferring to host: <128.142.33.13:9618?addrs=128.142.33.13-9618+[2001-1458-301-53--100-3d]-9618&alias=b9g34p8066.cern.ch&noUDP&sock=slot1_8_4211_c7c4_42825>
...
040 (7944174.007.000) 07/08 17:31:17 Finished transferring input files
...
001 (7944174.007.000) 07/08 17:31:17 Job executing on host: <128.142.33.13:9618?addrs=128.142.33.13-9618+[2001-1458-301-53--100-3d]-9618&alias=b9g34p8066.cern.ch&noUDP&sock=startd_3401_61b0>
	SlotName: slot1_8@b9g34p8066.cern.ch
	CondorScratchDir = "/pool/condor/dir_3476317"
	Cpus = 1
	Disk = 10002971
	GPUs = 0
	Memory = 3000
...
006 (7944174.007.000) 07/08 17:31:31 Image size of job updated: 28792
	29  -  MemoryUsage of job (MB)
	28792  -  ResidentSetSize of job (KB)
...
006 (7944174.007.000) 07/08 17:32:43 Image size of job updated: 206980
	29  -  MemoryUsage of job (MB)
	29432  -  ResidentSetSize of job (KB)
...
040 (7944174.007.000) 07/08 17:32:43 Started transferring output files
...
040 (7944174.007.000) 07/08 17:32:43 Finished transferring output files
...
012 (7944174.007.000) 07/08 17:32:45 Job was held.
	Job held by ON_EXIT_HOLD due to exit code 1.
	Code 3 Subcode 0
...
013 (7944174.007.000) 07/08 17:43:32 Job was released.
	The job attribute PeriodicRelease expression '(NumJobStarts < 3) && ((CurrentTime - EnteredCurrentStatus) > 10 * 60)' evaluated to TRUE
...
040 (7944174.007.000) 07/08 17:43:58 Started transferring input files
	Transferring to host: <128.142.51.214:9618?addrs=128.142.51.214-9618+[2001-1458-301-3--100-13]-9618&alias=b9g02p5039.cern.ch&noUDP&sock=slot1_1_2561134_580d_19020>
...
040 (7944174.007.000) 07/08 17:43:59 Finished transferring input files
...
001 (7944174.007.000) 07/08 17:43:59 Job executing on host: <128.142.51.214:9618?addrs=128.142.51.214-9618+[2001-1458-301-3--100-13]-9618&alias=b9g02p5039.cern.ch&noUDP&sock=startd_2561086_8d6f>
	SlotName: slot1_1@b9g02p5039.cern.ch
	CondorScratchDir = "/pool/condor/dir_1494083"
	Cpus = 1
	Disk = 10004897
	GPUs = 0
	Memory = 3000
...
040 (7944174.007.000) 07/08 17:44:46 Started transferring output files
...
040 (7944174.007.000) 07/08 17:44:46 Finished transferring output files
...
012 (7944174.007.000) 07/08 17:44:46 Job was held.
	Job held by ON_EXIT_HOLD due to exit code 1.
	Code 3 Subcode 0
...
013 (7944174.007.000) 07/08 17:55:47 Job was released.
	The job attribute PeriodicRelease expression '(NumJobStarts < 3) && ((CurrentTime - EnteredCurrentStatus) > 10 * 60)' evaluated to TRUE
...
040 (7944174.007.000) 07/08 18:01:48 Started transferring input files
	Transferring to host: <188.185.196.51:9618?addrs=188.185.196.51-9618+[2001-1458-303-23--100-2f]-9618&alias=b9p16p9669.cern.ch&noUDP&sock=slot1_31_8694_759b_34450>
...
040 (7944174.007.000) 07/08 18:01:48 Finished transferring input files
...
001 (7944174.007.000) 07/08 18:01:48 Job executing on host: <188.185.196.51:9618?addrs=188.185.196.51-9618+[2001-1458-303-23--100-2f]-9618&alias=b9p16p9669.cern.ch&noUDP&sock=startd_8231_5c1f>
	SlotName: slot1_31@b9p16p9669.cern.ch
	CondorScratchDir = "/pool/condor/dir_3947039"
	Cpus = 1
	Disk = 10000152
	GPUs = 0
	Memory = 3000
...
006 (7944174.007.000) 07/08 18:01:57 Image size of job updated: 225000
	162  -  MemoryUsage of job (MB)
	165252  -  ResidentSetSize of job (KB)
...
006 (7944174.007.000) 07/08 18:02:01 Image size of job updated: 225000
	162  -  MemoryUsage of job (MB)
	165704  -  ResidentSetSize of job (KB)
...
040 (7944174.007.000) 07/08 18:02:01 Started transferring output files
...
040 (7944174.007.000) 07/08 18:02:01 Finished transferring output files
...
012 (7944174.007.000) 07/08 18:02:01 Job was held.
	Job held by ON_EXIT_HOLD due to exit code 1.
	Code 3 Subcode 0
...
