000 (7944174.070.000) 07/08 17:29:04 Job submitted from host: <188.185.16.120:9618?addrs=188.185.16.120-9618+[2001-1458-d00-65--100-39b]-9618&alias=bigbird27.cern.ch&noUDP&sock=schedd_4465_3274>
...
040 (7944174.070.000) 07/08 17:31:33 Started transferring input files
	Transferring to host: <188.185.210.81:9618?addrs=188.185.210.81-9618+[2001-1458-303-1--100-4d]-9618&alias=b9p21p8125.cern.ch&noUDP&sock=slot1_31_8366_5a8d_39115>
...
040 (7944174.070.000) 07/08 17:31:34 Finished transferring input files
...
001 (7944174.070.000) 07/08 17:31:34 Job executing on host: <188.185.210.81:9618?addrs=188.185.210.81-9618+[2001-1458-303-1--100-4d]-9618&alias=b9p21p8125.cern.ch&noUDP&sock=startd_8295_422e>
	SlotName: slot1_31@b9p21p8125.cern.ch
	CondorScratchDir = "/pool/condor/dir_2674301"
	Cpus = 1
	Disk = 10005720
	GPUs = 0
	Memory = 3000
...
006 (7944174.070.000) 07/08 17:31:42 Image size of job updated: 61992
	61  -  MemoryUsage of job (MB)
	61992  -  ResidentSetSize of job (KB)
...
006 (7944174.070.000) 07/08 17:32:43 Image size of job updated: 408104
	399  -  MemoryUsage of job (MB)
	408104  -  ResidentSetSize of job (KB)
...
040 (7944174.070.000) 07/08 17:32:43 Started transferring output files
...
040 (7944174.070.000) 07/08 17:32:43 Finished transferring output files
...
012 (7944174.070.000) 07/08 17:32:45 Job was held.
	Job held by ON_EXIT_HOLD due to exit code 1.
	Code 3 Subcode 0
...
013 (7944174.070.000) 07/08 17:43:33 Job was released.
	The job attribute PeriodicRelease expression '(NumJobStarts < 3) && ((CurrentTime - EnteredCurrentStatus) > 10 * 60)' evaluated to TRUE
...
040 (7944174.070.000) 07/08 17:44:17 Started transferring input files
	Transferring to host: <188.185.210.43:9618?addrs=188.185.210.43-9618+[2001-1458-303-1--100-27]-9618&alias=b9p21p4088.cern.ch&noUDP&sock=slot1_8_2159874_5fd0_17924>
...
040 (7944174.070.000) 07/08 17:44:18 Finished transferring input files
...
001 (7944174.070.000) 07/08 17:44:18 Job executing on host: <188.185.210.43:9618?addrs=188.185.210.43-9618+[2001-1458-303-1--100-27]-9618&alias=b9p21p4088.cern.ch&noUDP&sock=startd_2159804_7a49>
	SlotName: slot1_8@b9p21p4088.cern.ch
	CondorScratchDir = "/pool/condor/dir_2485508"
	Cpus = 1
	Disk = 10004029
	GPUs = 0
	Memory = 3000
...
040 (7944174.070.000) 07/08 17:44:48 Started transferring output files
...
040 (7944174.070.000) 07/08 17:44:48 Finished transferring output files
...
012 (7944174.070.000) 07/08 17:44:48 Job was held.
	Job held by ON_EXIT_HOLD due to exit code 1.
	Code 3 Subcode 0
...
013 (7944174.070.000) 07/08 17:55:47 Job was released.
	The job attribute PeriodicRelease expression '(NumJobStarts < 3) && ((CurrentTime - EnteredCurrentStatus) > 10 * 60)' evaluated to TRUE
...
040 (7944174.070.000) 07/08 18:07:35 Started transferring input files
	Transferring to host: <128.142.161.77:9618?addrs=128.142.161.77-9618+[2001-1458-301-b8--100-b]-9618&alias=b9g03p8125.cern.ch&noUDP&sock=slot1_12_6944_6d13_9563>
...
040 (7944174.070.000) 07/08 18:07:40 Finished transferring input files
...
001 (7944174.070.000) 07/08 18:07:40 Job executing on host: <128.142.161.77:9618?addrs=128.142.161.77-9618+[2001-1458-301-b8--100-b]-9618&alias=b9g03p8125.cern.ch&noUDP&sock=startd_6355_9473>
	SlotName: slot1_12@b9g03p8125.cern.ch
	CondorScratchDir = "/pool/condor/dir_3824074"
	Cpus = 1
	Disk = 10003489
	GPUs = 0
	Memory = 3000
...
040 (7944174.070.000) 07/08 18:08:05 Started transferring output files
...
040 (7944174.070.000) 07/08 18:08:05 Finished transferring output files
...
012 (7944174.070.000) 07/08 18:08:05 Job was held.
	Job held by ON_EXIT_HOLD due to exit code 1.
	Code 3 Subcode 0
...
