000 (7944174.074.000) 07/08 17:29:04 Job submitted from host: <188.185.16.120:9618?addrs=188.185.16.120-9618+[2001-1458-d00-65--100-39b]-9618&alias=bigbird27.cern.ch&noUDP&sock=schedd_4465_3274>
...
040 (7944174.074.000) 07/08 17:31:33 Started transferring input files
	Transferring to host: <188.185.211.144:9618?addrs=188.185.211.144-9618+[2001-1458-303-17--100-c]-9618&alias=b9p24p0603.cern.ch&noUDP&sock=slot1_3_7938_c9fc_40481>
...
040 (7944174.074.000) 07/08 17:31:33 Finished transferring input files
...
001 (7944174.074.000) 07/08 17:31:33 Job executing on host: <188.185.211.144:9618?addrs=188.185.211.144-9618+[2001-1458-303-17--100-c]-9618&alias=b9p24p0603.cern.ch&noUDP&sock=startd_7438_6d84>
	SlotName: slot1_3@b9p24p0603.cern.ch
	CondorScratchDir = "/pool/condor/dir_1710876"
	Cpus = 1
	Disk = 10001556
	GPUs = 0
	Memory = 3000
...
006 (7944174.074.000) 07/08 17:31:42 Image size of job updated: 83792
	82  -  MemoryUsage of job (MB)
	83792  -  ResidentSetSize of job (KB)
...
006 (7944174.074.000) 07/08 17:32:42 Image size of job updated: 420528
	411  -  MemoryUsage of job (MB)
	420528  -  ResidentSetSize of job (KB)
...
040 (7944174.074.000) 07/08 17:32:43 Started transferring output files
...
040 (7944174.074.000) 07/08 17:32:43 Finished transferring output files
...
012 (7944174.074.000) 07/08 17:32:43 Job was held.
	Job held by ON_EXIT_HOLD due to exit code 1.
	Code 3 Subcode 0
...
013 (7944174.074.000) 07/08 17:43:33 Job was released.
	The job attribute PeriodicRelease expression '(NumJobStarts < 3) && ((CurrentTime - EnteredCurrentStatus) > 10 * 60)' evaluated to TRUE
...
040 (7944174.074.000) 07/08 17:44:19 Started transferring input files
	Transferring to host: <188.185.209.84:9618?addrs=188.185.209.84-9618+[2001-1458-303-11--100-51]-9618&alias=b9p11p6104.cern.ch&noUDP&sock=slot1_2_3965614_8f25_18264>
...
040 (7944174.074.000) 07/08 17:44:20 Finished transferring input files
...
001 (7944174.074.000) 07/08 17:44:20 Job executing on host: <188.185.209.84:9618?addrs=188.185.209.84-9618+[2001-1458-303-11--100-51]-9618&alias=b9p11p6104.cern.ch&noUDP&sock=startd_3965576_df3c>
	SlotName: slot1_2@b9p11p6104.cern.ch
	CondorScratchDir = "/pool/condor/dir_66618"
	Cpus = 1
	Disk = 10002140
	GPUs = 0
	Memory = 3000
...
040 (7944174.074.000) 07/08 17:44:48 Started transferring output files
...
040 (7944174.074.000) 07/08 17:44:48 Finished transferring output files
...
012 (7944174.074.000) 07/08 17:44:48 Job was held.
	Job held by ON_EXIT_HOLD due to exit code 1.
	Code 3 Subcode 0
...
013 (7944174.074.000) 07/08 17:55:47 Job was released.
	The job attribute PeriodicRelease expression '(NumJobStarts < 3) && ((CurrentTime - EnteredCurrentStatus) > 10 * 60)' evaluated to TRUE
...
040 (7944174.074.000) 07/08 17:57:42 Started transferring input files
	Transferring to host: <188.185.194.64:9618?addrs=188.185.194.64-9618+[2001-1458-303-21--100-3c]-9618&alias=b9p20p5563.cern.ch&noUDP&sock=slot1_34_2862695_5954_23463>
...
040 (7944174.074.000) 07/08 17:57:42 Finished transferring input files
...
001 (7944174.074.000) 07/08 17:57:42 Job executing on host: <188.185.194.64:9618?addrs=188.185.194.64-9618+[2001-1458-303-21--100-3c]-9618&alias=b9p20p5563.cern.ch&noUDP&sock=startd_2862627_98ed>
	SlotName: slot1_34@b9p20p5563.cern.ch
	CondorScratchDir = "/pool/condor/dir_3066165"
	Cpus = 1
	Disk = 10004688
	GPUs = 0
	Memory = 3000
...
040 (7944174.074.000) 07/08 17:58:02 Started transferring output files
...
040 (7944174.074.000) 07/08 17:58:02 Finished transferring output files
...
012 (7944174.074.000) 07/08 17:58:02 Job was held.
	Job held by ON_EXIT_HOLD due to exit code 1.
	Code 3 Subcode 0
...
