000 (7944174.075.000) 07/08 17:29:04 Job submitted from host: <188.185.16.120:9618?addrs=188.185.16.120-9618+[2001-1458-d00-65--100-39b]-9618&alias=bigbird27.cern.ch&noUDP&sock=schedd_4465_3274>
...
040 (7944174.075.000) 07/08 17:34:13 Started transferring input files
	Transferring to host: <188.185.205.136:9618?addrs=188.185.205.136-9618+[2001-1458-303-a--100-5]-9618&alias=b9p04p5422.cern.ch&noUDP&sock=slot1_15_5065_8027_265>
...
040 (7944174.075.000) 07/08 17:34:14 Finished transferring input files
...
001 (7944174.075.000) 07/08 17:34:14 Job executing on host: <188.185.205.136:9618?addrs=188.185.205.136-9618+[2001-1458-303-a--100-5]-9618&alias=b9p04p5422.cern.ch&noUDP&sock=startd_4594_ae2c>
	SlotName: slot1_15@b9p04p5422.cern.ch
	CondorScratchDir = "/pool/condor/dir_192032"
	Cpus = 1
	Disk = 10002105
	GPUs = 0
	Memory = 3000
...
006 (7944174.075.000) 07/08 17:34:28 Image size of job updated: 37656
	36  -  MemoryUsage of job (MB)
	36316  -  ResidentSetSize of job (KB)
...
006 (7944174.075.000) 07/08 17:34:38 Image size of job updated: 167476
	36  -  MemoryUsage of job (MB)
	36556  -  ResidentSetSize of job (KB)
...
040 (7944174.075.000) 07/08 17:34:38 Started transferring output files
...
040 (7944174.075.000) 07/08 17:34:39 Finished transferring output files
...
012 (7944174.075.000) 07/08 17:34:39 Job was held.
	Job held by ON_EXIT_HOLD due to exit code 1.
	Code 3 Subcode 0
...
013 (7944174.075.000) 07/08 17:46:02 Job was released.
	The job attribute PeriodicRelease expression '(NumJobStarts < 3) && ((CurrentTime - EnteredCurrentStatus) > 10 * 60)' evaluated to TRUE
...
040 (7944174.075.000) 07/08 17:46:24 Started transferring input files
	Transferring to host: <188.184.185.35:9618?addrs=188.184.185.35-9618+[2001-1458-301-52--100-22]-9618&alias=b9g37p2408.cern.ch&noUDP&sock=slot1_10_502581_87ae_51428>
...
040 (7944174.075.000) 07/08 17:46:25 Finished transferring input files
...
001 (7944174.075.000) 07/08 17:46:25 Job executing on host: <188.184.185.35:9618?addrs=188.184.185.35-9618+[2001-1458-301-52--100-22]-9618&alias=b9g37p2408.cern.ch&noUDP&sock=startd_3389_268d>
	SlotName: slot1_10@b9g37p2408.cern.ch
	CondorScratchDir = "/pool/condor/dir_1722546"
	Cpus = 1
	Disk = 10004484
	GPUs = 0
	Memory = 3000
...
006 (7944174.075.000) 07/08 17:47:19 Image size of job updated: 422856
	413  -  MemoryUsage of job (MB)
	422856  -  ResidentSetSize of job (KB)
...
040 (7944174.075.000) 07/08 17:47:19 Started transferring output files
...
040 (7944174.075.000) 07/08 17:47:19 Finished transferring output files
...
012 (7944174.075.000) 07/08 17:47:19 Job was held.
	Job held by ON_EXIT_HOLD due to exit code 1.
	Code 3 Subcode 0
...
013 (7944174.075.000) 07/08 17:58:12 Job was released.
	The job attribute PeriodicRelease expression '(NumJobStarts < 3) && ((CurrentTime - EnteredCurrentStatus) > 10 * 60)' evaluated to TRUE
...
040 (7944174.075.000) 07/08 18:07:35 Started transferring input files
	Transferring to host: <188.185.214.11:9618?addrs=188.185.214.11-9618+[2001-1458-303-1c--100-7]-9618&alias=b9p29p4563.cern.ch&noUDP&sock=slot1_32_7953_5b9c_48344>
...
040 (7944174.075.000) 07/08 18:07:40 Finished transferring input files
...
001 (7944174.075.000) 07/08 18:07:40 Job executing on host: <188.185.214.11:9618?addrs=188.185.214.11-9618+[2001-1458-303-1c--100-7]-9618&alias=b9p29p4563.cern.ch&noUDP&sock=startd_7166_dbc2>
	SlotName: slot1_32@b9p29p4563.cern.ch
	CondorScratchDir = "/pool/condor/dir_26663"
	Cpus = 1
	Disk = 10002341
	GPUs = 0
	Memory = 3000
...
040 (7944174.075.000) 07/08 18:07:56 Started transferring output files
...
040 (7944174.075.000) 07/08 18:07:56 Finished transferring output files
...
012 (7944174.075.000) 07/08 18:07:56 Job was held.
	Job held by ON_EXIT_HOLD due to exit code 1.
	Code 3 Subcode 0
...
