000 (7944174.076.000) 07/08 17:29:04 Job submitted from host: <188.185.16.120:9618?addrs=188.185.16.120-9618+[2001-1458-d00-65--100-39b]-9618&alias=bigbird27.cern.ch&noUDP&sock=schedd_4465_3274>
...
040 (7944174.076.000) 07/08 17:31:36 Started transferring input files
	Transferring to host: <188.185.210.36:9618?addrs=188.185.210.36-9618+[2001-1458-303-1--100-20]-9618&alias=b9p21p5630.cern.ch&noUDP&sock=slot1_31_8381_ec2e_42935>
...
040 (7944174.076.000) 07/08 17:31:36 Finished transferring input files
...
001 (7944174.076.000) 07/08 17:31:36 Job executing on host: <188.185.210.36:9618?addrs=188.185.210.36-9618+[2001-1458-303-1--100-20]-9618&alias=b9p21p5630.cern.ch&noUDP&sock=startd_7866_000d>
	SlotName: slot1_31@b9p21p5630.cern.ch
	CondorScratchDir = "/pool/condor/dir_3468417"
	Cpus = 1
	Disk = 10003398
	GPUs = 0
	Memory = 3000
...
006 (7944174.076.000) 07/08 17:31:45 Image size of job updated: 68576
	67  -  MemoryUsage of job (MB)
	68576  -  ResidentSetSize of job (KB)
...
006 (7944174.076.000) 07/08 17:32:43 Image size of job updated: 408216
	399  -  MemoryUsage of job (MB)
	408216  -  ResidentSetSize of job (KB)
...
040 (7944174.076.000) 07/08 17:32:43 Started transferring output files
...
040 (7944174.076.000) 07/08 17:32:43 Finished transferring output files
...
012 (7944174.076.000) 07/08 17:32:44 Job was held.
	Job held by ON_EXIT_HOLD due to exit code 1.
	Code 3 Subcode 0
...
013 (7944174.076.000) 07/08 17:43:33 Job was released.
	The job attribute PeriodicRelease expression '(NumJobStarts < 3) && ((CurrentTime - EnteredCurrentStatus) > 10 * 60)' evaluated to TRUE
...
040 (7944174.076.000) 07/08 17:44:19 Started transferring input files
	Transferring to host: <188.185.204.143:9618?addrs=188.185.204.143-9618+[2001-1458-303-8--100-83]-9618&alias=b9p02p6122.cern.ch&noUDP&sock=slot1_1_660692_086c_20000>
...
040 (7944174.076.000) 07/08 17:44:20 Finished transferring input files
...
001 (7944174.076.000) 07/08 17:44:20 Job executing on host: <188.185.204.143:9618?addrs=188.185.204.143-9618+[2001-1458-303-8--100-83]-9618&alias=b9p02p6122.cern.ch&noUDP&sock=startd_660652_e659>
	SlotName: slot1_1@b9p02p6122.cern.ch
	CondorScratchDir = "/pool/condor/dir_869833"
	Cpus = 1
	Disk = 10001522
	GPUs = 0
	Memory = 3000
...
040 (7944174.076.000) 07/08 17:44:51 Started transferring output files
...
040 (7944174.076.000) 07/08 17:44:51 Finished transferring output files
...
012 (7944174.076.000) 07/08 17:44:51 Job was held.
	Job held by ON_EXIT_HOLD due to exit code 1.
	Code 3 Subcode 0
...
013 (7944174.076.000) 07/08 17:55:47 Job was released.
	The job attribute PeriodicRelease expression '(NumJobStarts < 3) && ((CurrentTime - EnteredCurrentStatus) > 10 * 60)' evaluated to TRUE
...
040 (7944174.076.000) 07/08 17:57:43 Started transferring input files
	Transferring to host: <188.185.194.56:9618?addrs=188.185.194.56-9618+[2001-1458-303-21--100-34]-9618&alias=b9p20p9384.cern.ch&noUDP&sock=slot1_28_2543148_9471_23179>
...
040 (7944174.076.000) 07/08 17:57:43 Finished transferring input files
...
001 (7944174.076.000) 07/08 17:57:43 Job executing on host: <188.185.194.56:9618?addrs=188.185.194.56-9618+[2001-1458-303-21--100-34]-9618&alias=b9p20p9384.cern.ch&noUDP&sock=startd_2543099_f771>
	SlotName: slot1_28@b9p20p9384.cern.ch
	CondorScratchDir = "/pool/condor/dir_2852234"
	Cpus = 1
	Disk = 10003253
	GPUs = 0
	Memory = 3000
...
040 (7944174.076.000) 07/08 17:58:16 Started transferring output files
...
040 (7944174.076.000) 07/08 17:58:16 Finished transferring output files
...
012 (7944174.076.000) 07/08 17:58:16 Job was held.
	Job held by ON_EXIT_HOLD due to exit code 1.
	Code 3 Subcode 0
...
