000 (7944174.077.000) 07/08 17:29:04 Job submitted from host: <188.185.16.120:9618?addrs=188.185.16.120-9618+[2001-1458-d00-65--100-39b]-9618&alias=bigbird27.cern.ch&noUDP&sock=schedd_4465_3274>
...
040 (7944174.077.000) 07/08 17:31:35 Started transferring input files
	Transferring to host: <188.185.210.10:9618?addrs=188.185.210.10-9618+[2001-1458-303-1--100-6]-9618&alias=b9p21p6774.cern.ch&noUDP&sock=slot1_7_8416_954f_42951>
...
040 (7944174.077.000) 07/08 17:31:36 Finished transferring input files
...
001 (7944174.077.000) 07/08 17:31:36 Job executing on host: <188.185.210.10:9618?addrs=188.185.210.10-9618+[2001-1458-303-1--100-6]-9618&alias=b9p21p6774.cern.ch&noUDP&sock=startd_8354_ba45>
	SlotName: slot1_7@b9p21p6774.cern.ch
	CondorScratchDir = "/pool/condor/dir_833697"
	Cpus = 1
	Disk = 10003155
	GPUs = 0
	Memory = 3000
...
006 (7944174.077.000) 07/08 17:31:44 Image size of job updated: 54696
	54  -  MemoryUsage of job (MB)
	54696  -  ResidentSetSize of job (KB)
...
006 (7944174.077.000) 07/08 17:32:43 Image size of job updated: 425720
	416  -  MemoryUsage of job (MB)
	425720  -  ResidentSetSize of job (KB)
...
040 (7944174.077.000) 07/08 17:32:43 Started transferring output files
...
040 (7944174.077.000) 07/08 17:32:43 Finished transferring output files
...
012 (7944174.077.000) 07/08 17:32:45 Job was held.
	Job held by ON_EXIT_HOLD due to exit code 1.
	Code 3 Subcode 0
...
013 (7944174.077.000) 07/08 17:43:33 Job was released.
	The job attribute PeriodicRelease expression '(NumJobStarts < 3) && ((CurrentTime - EnteredCurrentStatus) > 10 * 60)' evaluated to TRUE
...
040 (7944174.077.000) 07/08 17:44:18 Started transferring input files
	Transferring to host: <188.185.213.28:9618?addrs=188.185.213.28-9618+[2001-1458-303-1a--100-18]-9618&alias=b9p27p1310.cern.ch&noUDP&sock=slot1_28_8432_db50_41277>
...
040 (7944174.077.000) 07/08 17:44:18 Finished transferring input files
...
001 (7944174.077.000) 07/08 17:44:18 Job executing on host: <188.185.213.28:9618?addrs=188.185.213.28-9618+[2001-1458-303-1a--100-18]-9618&alias=b9p27p1310.cern.ch&noUDP&sock=startd_8380_8fbb>
	SlotName: slot1_28@b9p27p1310.cern.ch
	CondorScratchDir = "/pool/condor/dir_3599575"
	Cpus = 1
	Disk = 10002934
	GPUs = 0
	Memory = 3000
...
040 (7944174.077.000) 07/08 17:44:47 Started transferring output files
...
040 (7944174.077.000) 07/08 17:44:47 Finished transferring output files
...
012 (7944174.077.000) 07/08 17:44:48 Job was held.
	Job held by ON_EXIT_HOLD due to exit code 1.
	Code 3 Subcode 0
...
013 (7944174.077.000) 07/08 17:55:47 Job was released.
	The job attribute PeriodicRelease expression '(NumJobStarts < 3) && ((CurrentTime - EnteredCurrentStatus) > 10 * 60)' evaluated to TRUE
...
040 (7944174.077.000) 07/08 17:57:43 Started transferring input files
	Transferring to host: <188.185.195.10:9618?addrs=188.185.195.10-9618+[2001-1458-303-22--100-6]-9618&alias=b9p17p2837.cern.ch&noUDP&sock=slot1_19_8547_e275_24182>
...
040 (7944174.077.000) 07/08 17:57:43 Finished transferring input files
...
001 (7944174.077.000) 07/08 17:57:43 Job executing on host: <188.185.195.10:9618?addrs=188.185.195.10-9618+[2001-1458-303-22--100-6]-9618&alias=b9p17p2837.cern.ch&noUDP&sock=startd_7174_5884>
	SlotName: slot1_19@b9p17p2837.cern.ch
	CondorScratchDir = "/pool/condor/dir_407930"
	Cpus = 1
	Disk = 10003112
	GPUs = 0
	Memory = 3000
...
040 (7944174.077.000) 07/08 17:58:16 Started transferring output files
...
040 (7944174.077.000) 07/08 17:58:16 Finished transferring output files
...
012 (7944174.077.000) 07/08 17:58:16 Job was held.
	Job held by ON_EXIT_HOLD due to exit code 1.
	Code 3 Subcode 0
...
