000 (7944174.079.000) 07/08 17:29:04 Job submitted from host: <188.185.16.120:9618?addrs=188.185.16.120-9618+[2001-1458-d00-65--100-39b]-9618&alias=bigbird27.cern.ch&noUDP&sock=schedd_4465_3274>
...
040 (7944174.079.000) 07/08 17:31:36 Started transferring input files
	Transferring to host: <188.185.192.146:9618?addrs=188.185.192.146-9618+[2001-1458-303-1f--100-8e]-9618&alias=b9p13p7425.cern.ch&noUDP&sock=slot1_12_4636_3b36_14839>
...
040 (7944174.079.000) 07/08 17:31:37 Finished transferring input files
...
001 (7944174.079.000) 07/08 17:31:37 Job executing on host: <188.185.192.146:9618?addrs=188.185.192.146-9618+[2001-1458-303-1f--100-8e]-9618&alias=b9p13p7425.cern.ch&noUDP&sock=startd_3966_ecb2>
	SlotName: slot1_12@b9p13p7425.cern.ch
	CondorScratchDir = "/pool/condor/dir_1901499"
	Cpus = 1
	Disk = 10000579
	GPUs = 0
	Memory = 3000
...
006 (7944174.079.000) 07/08 17:31:51 Image size of job updated: 27524
	27  -  MemoryUsage of job (MB)
	27524  -  ResidentSetSize of job (KB)
...
006 (7944174.079.000) 07/08 17:32:43 Image size of job updated: 210272
	28  -  MemoryUsage of job (MB)
	27744  -  ResidentSetSize of job (KB)
...
040 (7944174.079.000) 07/08 17:32:43 Started transferring output files
...
040 (7944174.079.000) 07/08 17:32:43 Finished transferring output files
...
012 (7944174.079.000) 07/08 17:32:45 Job was held.
	Job held by ON_EXIT_HOLD due to exit code 1.
	Code 3 Subcode 0
...
013 (7944174.079.000) 07/08 17:43:33 Job was released.
	The job attribute PeriodicRelease expression '(NumJobStarts < 3) && ((CurrentTime - EnteredCurrentStatus) > 10 * 60)' evaluated to TRUE
...
040 (7944174.079.000) 07/08 17:44:19 Started transferring input files
	Transferring to host: <188.185.192.121:9618?addrs=188.185.192.121-9618+[2001-1458-303-1f--100-75]-9618&alias=b9p13p1267.cern.ch&noUDP&sock=slot1_9_5280_fcd0_22852>
...
040 (7944174.079.000) 07/08 17:44:20 Finished transferring input files
...
001 (7944174.079.000) 07/08 17:44:20 Job executing on host: <188.185.192.121:9618?addrs=188.185.192.121-9618+[2001-1458-303-1f--100-75]-9618&alias=b9p13p1267.cern.ch&noUDP&sock=startd_4743_e1c8>
	SlotName: slot1_9@b9p13p1267.cern.ch
	CondorScratchDir = "/pool/condor/dir_1376490"
	Cpus = 1
	Disk = 10003260
	GPUs = 0
	Memory = 3000
...
006 (7944174.079.000) 07/08 17:44:58 Image size of job updated: 225000
	30  -  MemoryUsage of job (MB)
	30352  -  ResidentSetSize of job (KB)
...
040 (7944174.079.000) 07/08 17:44:58 Started transferring output files
...
040 (7944174.079.000) 07/08 17:44:58 Finished transferring output files
...
012 (7944174.079.000) 07/08 17:44:58 Job was held.
	Job held by ON_EXIT_HOLD due to exit code 1.
	Code 3 Subcode 0
...
013 (7944174.079.000) 07/08 17:55:47 Job was released.
	The job attribute PeriodicRelease expression '(NumJobStarts < 3) && ((CurrentTime - EnteredCurrentStatus) > 10 * 60)' evaluated to TRUE
...
040 (7944174.079.000) 07/08 17:57:43 Started transferring input files
	Transferring to host: <128.142.161.116:9618?addrs=128.142.161.116-9618+[2001-1458-301-b8--100-32]-9618&alias=b9g03p2624.cern.ch&noUDP&sock=slot1_14_6663_6fa8_15584>
...
040 (7944174.079.000) 07/08 17:57:44 Finished transferring input files
...
001 (7944174.079.000) 07/08 17:57:44 Job executing on host: <128.142.161.116:9618?addrs=128.142.161.116-9618+[2001-1458-301-b8--100-32]-9618&alias=b9g03p2624.cern.ch&noUDP&sock=startd_5075_9b3a>
	SlotName: slot1_14@b9g03p2624.cern.ch
	CondorScratchDir = "/pool/condor/dir_2722412"
	Cpus = 1
	Disk = 10002385
	GPUs = 0
	Memory = 3000
...
040 (7944174.079.000) 07/08 17:58:09 Started transferring output files
...
040 (7944174.079.000) 07/08 17:58:09 Finished transferring output files
...
012 (7944174.079.000) 07/08 17:58:09 Job was held.
	Job held by ON_EXIT_HOLD due to exit code 1.
	Code 3 Subcode 0
...
