000 (7944174.080.000) 07/08 17:29:04 Job submitted from host: <188.185.16.120:9618?addrs=188.185.16.120-9618+[2001-1458-d00-65--100-39b]-9618&alias=bigbird27.cern.ch&noUDP&sock=schedd_4465_3274>
...
040 (7944174.080.000) 07/08 17:31:36 Started transferring input files
	Transferring to host: <188.185.205.179:9618?addrs=188.185.205.179-9618+[2001-1458-303-a--100-30]-9618&alias=b9p04p5046.cern.ch&noUDP&sock=slot1_16_5456_fed7_34129>
...
040 (7944174.080.000) 07/08 17:31:37 Finished transferring input files
...
001 (7944174.080.000) 07/08 17:31:37 Job executing on host: <188.185.205.179:9618?addrs=188.185.205.179-9618+[2001-1458-303-a--100-30]-9618&alias=b9p04p5046.cern.ch&noUDP&sock=startd_4733_05d6>
	SlotName: slot1_16@b9p04p5046.cern.ch
	CondorScratchDir = "/pool/condor/dir_2966231"
	Cpus = 1
	Disk = 10002126
	GPUs = 0
	Memory = 3000
...
006 (7944174.080.000) 07/08 17:31:51 Image size of job updated: 31376
	31  -  MemoryUsage of job (MB)
	31376  -  ResidentSetSize of job (KB)
...
006 (7944174.080.000) 07/08 17:32:43 Image size of job updated: 217944
	31  -  MemoryUsage of job (MB)
	31384  -  ResidentSetSize of job (KB)
...
040 (7944174.080.000) 07/08 17:32:43 Started transferring output files
...
040 (7944174.080.000) 07/08 17:32:43 Finished transferring output files
...
012 (7944174.080.000) 07/08 17:32:44 Job was held.
	Job held by ON_EXIT_HOLD due to exit code 1.
	Code 3 Subcode 0
...
013 (7944174.080.000) 07/08 17:43:33 Job was released.
	The job attribute PeriodicRelease expression '(NumJobStarts < 3) && ((CurrentTime - EnteredCurrentStatus) > 10 * 60)' evaluated to TRUE
...
040 (7944174.080.000) 07/08 17:44:19 Started transferring input files
	Transferring to host: <188.185.193.188:9618?addrs=188.185.193.188-9618+[2001-1458-303-20--100-b8]-9618&alias=b9p19p2034.cern.ch&noUDP&sock=slot1_20_7529_9c8b_15728>
...
040 (7944174.080.000) 07/08 17:44:19 Finished transferring input files
...
001 (7944174.080.000) 07/08 17:44:19 Job executing on host: <188.185.193.188:9618?addrs=188.185.193.188-9618+[2001-1458-303-20--100-b8]-9618&alias=b9p19p2034.cern.ch&noUDP&sock=startd_6829_b457>
	SlotName: slot1_20@b9p19p2034.cern.ch
	CondorScratchDir = "/pool/condor/dir_762053"
	Cpus = 1
	Disk = 10006422
	GPUs = 0
	Memory = 3000
...
040 (7944174.080.000) 07/08 17:44:53 Started transferring output files
...
040 (7944174.080.000) 07/08 17:44:53 Finished transferring output files
...
012 (7944174.080.000) 07/08 17:44:53 Job was held.
	Job held by ON_EXIT_HOLD due to exit code 1.
	Code 3 Subcode 0
...
013 (7944174.080.000) 07/08 17:55:47 Job was released.
	The job attribute PeriodicRelease expression '(NumJobStarts < 3) && ((CurrentTime - EnteredCurrentStatus) > 10 * 60)' evaluated to TRUE
...
040 (7944174.080.000) 07/08 18:07:35 Started transferring input files
	Transferring to host: <128.142.161.96:9618?addrs=128.142.161.96-9618+[2001-1458-301-b8--100-1e]-9618&alias=b9g03p4133.cern.ch&noUDP&sock=slot1_5_2451515_d783_11810>
...
040 (7944174.080.000) 07/08 18:07:40 Finished transferring input files
...
001 (7944174.080.000) 07/08 18:07:40 Job executing on host: <128.142.161.96:9618?addrs=128.142.161.96-9618+[2001-1458-301-b8--100-1e]-9618&alias=b9g03p4133.cern.ch&noUDP&sock=startd_3331_5e0e>
	SlotName: slot1_5@b9g03p4133.cern.ch
	CondorScratchDir = "/pool/condor/dir_114077"
	Cpus = 1
	Disk = 10002262
	GPUs = 0
	Memory = 3000
...
006 (7944174.080.000) 07/08 18:07:54 Image size of job updated: 225000
	113  -  MemoryUsage of job (MB)
	114908  -  ResidentSetSize of job (KB)
...
006 (7944174.080.000) 07/08 18:07:59 Image size of job updated: 225000
	114  -  MemoryUsage of job (MB)
	116404  -  ResidentSetSize of job (KB)
...
040 (7944174.080.000) 07/08 18:07:59 Started transferring output files
...
040 (7944174.080.000) 07/08 18:07:59 Finished transferring output files
...
012 (7944174.080.000) 07/08 18:07:59 Job was held.
	Job held by ON_EXIT_HOLD due to exit code 1.
	Code 3 Subcode 0
...
