000 (7944174.081.000) 07/08 17:29:04 Job submitted from host: <188.185.16.120:9618?addrs=188.185.16.120-9618+[2001-1458-d00-65--100-39b]-9618&alias=bigbird27.cern.ch&noUDP&sock=schedd_4465_3274>
...
040 (7944174.081.000) 07/08 17:31:36 Started transferring input files
	Transferring to host: <188.185.206.172:9618?addrs=188.185.206.172-9618+[2001-1458-303-c--100-29]-9618&alias=b9p06p3808.cern.ch&noUDP&sock=slot1_26_9400_e677_32568>
...
040 (7944174.081.000) 07/08 17:31:37 Finished transferring input files
...
001 (7944174.081.000) 07/08 17:31:37 Job executing on host: <188.185.206.172:9618?addrs=188.185.206.172-9618+[2001-1458-303-c--100-29]-9618&alias=b9p06p3808.cern.ch&noUDP&sock=startd_9255_bd1a>
	SlotName: slot1_26@b9p06p3808.cern.ch
	CondorScratchDir = "/pool/condor/dir_1651902"
	Cpus = 1
	Disk = 10001672
	GPUs = 0
	Memory = 3000
...
006 (7944174.081.000) 07/08 17:31:51 Image size of job updated: 26984
	23  -  MemoryUsage of job (MB)
	23296  -  ResidentSetSize of job (KB)
...
006 (7944174.081.000) 07/08 17:32:43 Image size of job updated: 216428
	23  -  MemoryUsage of job (MB)
	23296  -  ResidentSetSize of job (KB)
...
040 (7944174.081.000) 07/08 17:32:43 Started transferring output files
...
040 (7944174.081.000) 07/08 17:32:43 Finished transferring output files
...
012 (7944174.081.000) 07/08 17:32:44 Job was held.
	Job held by ON_EXIT_HOLD due to exit code 1.
	Code 3 Subcode 0
...
013 (7944174.081.000) 07/08 17:43:33 Job was released.
	The job attribute PeriodicRelease expression '(NumJobStarts < 3) && ((CurrentTime - EnteredCurrentStatus) > 10 * 60)' evaluated to TRUE
...
040 (7944174.081.000) 07/08 17:44:19 Started transferring input files
	Transferring to host: <188.185.192.141:9618?addrs=188.185.192.141-9618+[2001-1458-303-1f--100-89]-9618&alias=b9p13p6301.cern.ch&noUDP&sock=slot1_4_11536_e7ce_23936>
...
040 (7944174.081.000) 07/08 17:44:20 Finished transferring input files
...
001 (7944174.081.000) 07/08 17:44:20 Job executing on host: <188.185.192.141:9618?addrs=188.185.192.141-9618+[2001-1458-303-1f--100-89]-9618&alias=b9p13p6301.cern.ch&noUDP&sock=startd_10578_34e6>
	SlotName: slot1_4@b9p13p6301.cern.ch
	CondorScratchDir = "/pool/condor/dir_3688798"
	Cpus = 1
	Disk = 10000581
	GPUs = 0
	Memory = 3000
...
006 (7944174.081.000) 07/08 17:44:33 Image size of job updated: 225000
	39  -  MemoryUsage of job (MB)
	39444  -  ResidentSetSize of job (KB)
...
006 (7944174.081.000) 07/08 17:44:40 Image size of job updated: 225000
	40  -  MemoryUsage of job (MB)
	40144  -  ResidentSetSize of job (KB)
...
040 (7944174.081.000) 07/08 17:44:40 Started transferring output files
...
040 (7944174.081.000) 07/08 17:44:40 Finished transferring output files
...
012 (7944174.081.000) 07/08 17:44:40 Job was held.
	Job held by ON_EXIT_HOLD due to exit code 1.
	Code 3 Subcode 0
...
013 (7944174.081.000) 07/08 17:55:47 Job was released.
	The job attribute PeriodicRelease expression '(NumJobStarts < 3) && ((CurrentTime - EnteredCurrentStatus) > 10 * 60)' evaluated to TRUE
...
040 (7944174.081.000) 07/08 17:57:44 Started transferring input files
	Transferring to host: <188.185.198.43:9618?addrs=188.185.198.43-9618+[2001-1458-303-25--100-27]-9618&alias=b9p15p6350.cern.ch&noUDP&sock=slot1_25_9028_cae8_41322>
...
040 (7944174.081.000) 07/08 17:57:45 Finished transferring input files
...
001 (7944174.081.000) 07/08 17:57:45 Job executing on host: <188.185.198.43:9618?addrs=188.185.198.43-9618+[2001-1458-303-25--100-27]-9618&alias=b9p15p6350.cern.ch&noUDP&sock=startd_8979_6cf6>
	SlotName: slot1_25@b9p15p6350.cern.ch
	CondorScratchDir = "/pool/condor/dir_385905"
	Cpus = 1
	Disk = 10003058
	GPUs = 0
	Memory = 3000
...
040 (7944174.081.000) 07/08 17:58:19 Started transferring output files
...
040 (7944174.081.000) 07/08 17:58:19 Finished transferring output files
...
012 (7944174.081.000) 07/08 17:58:19 Job was held.
	Job held by ON_EXIT_HOLD due to exit code 1.
	Code 3 Subcode 0
...
