000 (7944174.082.000) 07/08 17:29:04 Job submitted from host: <188.185.16.120:9618?addrs=188.185.16.120-9618+[2001-1458-d00-65--100-39b]-9618&alias=bigbird27.cern.ch&noUDP&sock=schedd_4465_3274>
...
040 (7944174.082.000) 07/08 17:31:37 Started transferring input files
	Transferring to host: <188.185.214.27:9618?addrs=188.185.214.27-9618+[2001-1458-303-1c--100-17]-9618&alias=b9p29p9073.cern.ch&noUDP&sock=slot1_29_8433_8fb0_41488>
...
040 (7944174.082.000) 07/08 17:31:37 Finished transferring input files
...
001 (7944174.082.000) 07/08 17:31:37 Job executing on host: <188.185.214.27:9618?addrs=188.185.214.27-9618+[2001-1458-303-1c--100-17]-9618&alias=b9p29p9073.cern.ch&noUDP&sock=startd_8289_249d>
	SlotName: slot1_29@b9p29p9073.cern.ch
	CondorScratchDir = "/pool/condor/dir_1866833"
	Cpus = 1
	Disk = 10003142
	GPUs = 0
	Memory = 3000
...
006 (7944174.082.000) 07/08 17:31:46 Image size of job updated: 65588
	65  -  MemoryUsage of job (MB)
	65588  -  ResidentSetSize of job (KB)
...
006 (7944174.082.000) 07/08 17:32:43 Image size of job updated: 424120
	415  -  MemoryUsage of job (MB)
	424120  -  ResidentSetSize of job (KB)
...
040 (7944174.082.000) 07/08 17:32:43 Started transferring output files
...
040 (7944174.082.000) 07/08 17:32:43 Finished transferring output files
...
012 (7944174.082.000) 07/08 17:32:45 Job was held.
	Job held by ON_EXIT_HOLD due to exit code 1.
	Code 3 Subcode 0
...
013 (7944174.082.000) 07/08 17:43:33 Job was released.
	The job attribute PeriodicRelease expression '(NumJobStarts < 3) && ((CurrentTime - EnteredCurrentStatus) > 10 * 60)' evaluated to TRUE
...
040 (7944174.082.000) 07/08 17:44:19 Started transferring input files
	Transferring to host: <188.185.195.77:9618?addrs=188.185.195.77-9618+[2001-1458-303-22--100-49]-9618&alias=b9p17p9952.cern.ch&noUDP&sock=slot1_13_7742_b074_39754>
...
040 (7944174.082.000) 07/08 17:44:20 Finished transferring input files
...
001 (7944174.082.000) 07/08 17:44:20 Job executing on host: <188.185.195.77:9618?addrs=188.185.195.77-9618+[2001-1458-303-22--100-49]-9618&alias=b9p17p9952.cern.ch&noUDP&sock=startd_6822_e72e>
	SlotName: slot1_13@b9p17p9952.cern.ch
	CondorScratchDir = "/pool/condor/dir_1428850"
	Cpus = 1
	Disk = 10002233
	GPUs = 0
	Memory = 3000
...
040 (7944174.082.000) 07/08 17:44:39 Started transferring output files
...
040 (7944174.082.000) 07/08 17:44:39 Finished transferring output files
...
012 (7944174.082.000) 07/08 17:44:39 Job was held.
	Job held by ON_EXIT_HOLD due to exit code 1.
	Code 3 Subcode 0
...
013 (7944174.082.000) 07/08 17:55:47 Job was released.
	The job attribute PeriodicRelease expression '(NumJobStarts < 3) && ((CurrentTime - EnteredCurrentStatus) > 10 * 60)' evaluated to TRUE
...
040 (7944174.082.000) 07/08 17:57:45 Started transferring input files
	Transferring to host: <128.142.248.76:9618?addrs=128.142.248.76-9618+[2001-1458-301-73--100-13c]-9618&alias=b9g23p7088.cern.ch&noUDP&sock=slot1_7_1876422_cc49_59921>
...
040 (7944174.082.000) 07/08 17:57:45 Finished transferring input files
...
001 (7944174.082.000) 07/08 17:57:45 Job executing on host: <128.142.248.76:9618?addrs=128.142.248.76-9618+[2001-1458-301-73--100-13c]-9618&alias=b9g23p7088.cern.ch&noUDP&sock=startd_7988_ae9b>
	SlotName: slot1_7@b9g23p7088.cern.ch
	CondorScratchDir = "/pool/condor/dir_2596512"
	Cpus = 1
	Disk = 10004999
	GPUs = 0
	Memory = 3000
...
040 (7944174.082.000) 07/08 17:58:18 Started transferring output files
...
040 (7944174.082.000) 07/08 17:58:18 Finished transferring output files
...
012 (7944174.082.000) 07/08 17:58:18 Job was held.
	Job held by ON_EXIT_HOLD due to exit code 1.
	Code 3 Subcode 0
...
