000 (7944174.083.000) 07/08 17:29:04 Job submitted from host: <188.185.16.120:9618?addrs=188.185.16.120-9618+[2001-1458-d00-65--100-39b]-9618&alias=bigbird27.cern.ch&noUDP&sock=schedd_4465_3274>
...
040 (7944174.083.000) 07/08 17:31:37 Started transferring input files
	Transferring to host: <188.185.211.217:9618?addrs=188.185.211.217-9618+[2001-1458-303-17--100-55]-9618&alias=b9p24p8616.cern.ch&noUDP&sock=slot1_14_7812_02b7_40408>
...
040 (7944174.083.000) 07/08 17:31:37 Finished transferring input files
...
001 (7944174.083.000) 07/08 17:31:37 Job executing on host: <188.185.211.217:9618?addrs=188.185.211.217-9618+[2001-1458-303-17--100-55]-9618&alias=b9p24p8616.cern.ch&noUDP&sock=startd_6722_4fb5>
	SlotName: slot1_14@b9p24p8616.cern.ch
	CondorScratchDir = "/pool/condor/dir_2815233"
	Cpus = 1
	Disk = 10003113
	GPUs = 0
	Memory = 3000
...
006 (7944174.083.000) 07/08 17:31:46 Image size of job updated: 59220
	58  -  MemoryUsage of job (MB)
	59220  -  ResidentSetSize of job (KB)
...
006 (7944174.083.000) 07/08 17:32:43 Image size of job updated: 406224
	397  -  MemoryUsage of job (MB)
	406224  -  ResidentSetSize of job (KB)
...
040 (7944174.083.000) 07/08 17:32:43 Started transferring output files
...
040 (7944174.083.000) 07/08 17:32:43 Finished transferring output files
...
012 (7944174.083.000) 07/08 17:32:45 Job was held.
	Job held by ON_EXIT_HOLD due to exit code 1.
	Code 3 Subcode 0
...
013 (7944174.083.000) 07/08 17:43:33 Job was released.
	The job attribute PeriodicRelease expression '(NumJobStarts < 3) && ((CurrentTime - EnteredCurrentStatus) > 10 * 60)' evaluated to TRUE
...
040 (7944174.083.000) 07/08 17:44:19 Started transferring input files
	Transferring to host: <188.185.192.77:9618?addrs=188.185.192.77-9618+[2001-1458-303-1f--100-49]-9618&alias=b9p13p3197.cern.ch&noUDP&sock=slot1_20_8676_c6da_40756>
...
040 (7944174.083.000) 07/08 17:44:20 Finished transferring input files
...
001 (7944174.083.000) 07/08 17:44:20 Job executing on host: <188.185.192.77:9618?addrs=188.185.192.77-9618+[2001-1458-303-1f--100-49]-9618&alias=b9p13p3197.cern.ch&noUDP&sock=startd_8219_20fc>
	SlotName: slot1_20@b9p13p3197.cern.ch
	CondorScratchDir = "/pool/condor/dir_1599495"
	Cpus = 1
	Disk = 10000976
	GPUs = 0
	Memory = 3000
...
040 (7944174.083.000) 07/08 17:44:36 Started transferring output files
...
040 (7944174.083.000) 07/08 17:44:36 Finished transferring output files
...
012 (7944174.083.000) 07/08 17:44:36 Job was held.
	Job held by ON_EXIT_HOLD due to exit code 1.
	Code 3 Subcode 0
...
013 (7944174.083.000) 07/08 17:55:47 Job was released.
	The job attribute PeriodicRelease expression '(NumJobStarts < 3) && ((CurrentTime - EnteredCurrentStatus) > 10 * 60)' evaluated to TRUE
...
040 (7944174.083.000) 07/08 17:57:45 Started transferring input files
	Transferring to host: <188.185.195.177:9618?addrs=188.185.195.177-9618+[2001-1458-303-22--100-ad]-9618&alias=b9p17p5043.cern.ch&noUDP&sock=slot1_6_8732_3bdc_24323>
...
040 (7944174.083.000) 07/08 17:57:45 Finished transferring input files
...
001 (7944174.083.000) 07/08 17:57:45 Job executing on host: <188.185.195.177:9618?addrs=188.185.195.177-9618+[2001-1458-303-22--100-ad]-9618&alias=b9p17p5043.cern.ch&noUDP&sock=startd_7208_aabc>
	SlotName: slot1_6@b9p17p5043.cern.ch
	CondorScratchDir = "/pool/condor/dir_992171"
	Cpus = 1
	Disk = 10003685
	GPUs = 0
	Memory = 3000
...
040 (7944174.083.000) 07/08 17:58:17 Started transferring output files
...
040 (7944174.083.000) 07/08 17:58:17 Finished transferring output files
...
012 (7944174.083.000) 07/08 17:58:17 Job was held.
	Job held by ON_EXIT_HOLD due to exit code 1.
	Code 3 Subcode 0
...
