000 (7944174.084.000) 07/08 17:29:04 Job submitted from host: <188.185.16.120:9618?addrs=188.185.16.120-9618+[2001-1458-d00-65--100-39b]-9618&alias=bigbird27.cern.ch&noUDP&sock=schedd_4465_3274>
...
040 (7944174.084.000) 07/08 17:31:37 Started transferring input files
	Transferring to host: <188.185.212.215:9618?addrs=188.185.212.215-9618+[2001-1458-303-19--100-53]-9618&alias=b9p26p5558.cern.ch&noUDP&sock=slot1_15_8280_c24a_37953>
...
040 (7944174.084.000) 07/08 17:31:37 Finished transferring input files
...
001 (7944174.084.000) 07/08 17:31:37 Job executing on host: <188.185.212.215:9618?addrs=188.185.212.215-9618+[2001-1458-303-19--100-53]-9618&alias=b9p26p5558.cern.ch&noUDP&sock=startd_7791_8e73>
	SlotName: slot1_15@b9p26p5558.cern.ch
	CondorScratchDir = "/pool/condor/dir_2959312"
	Cpus = 1
	Disk = 10002860
	GPUs = 0
	Memory = 3000
...
006 (7944174.084.000) 07/08 17:31:51 Image size of job updated: 21028
	17  -  MemoryUsage of job (MB)
	17296  -  ResidentSetSize of job (KB)
...
006 (7944174.084.000) 07/08 17:32:43 Image size of job updated: 200108
	17  -  MemoryUsage of job (MB)
	17296  -  ResidentSetSize of job (KB)
...
040 (7944174.084.000) 07/08 17:32:43 Started transferring output files
...
040 (7944174.084.000) 07/08 17:32:43 Finished transferring output files
...
012 (7944174.084.000) 07/08 17:32:45 Job was held.
	Job held by ON_EXIT_HOLD due to exit code 1.
	Code 3 Subcode 0
...
013 (7944174.084.000) 07/08 17:43:33 Job was released.
	The job attribute PeriodicRelease expression '(NumJobStarts < 3) && ((CurrentTime - EnteredCurrentStatus) > 10 * 60)' evaluated to TRUE
...
040 (7944174.084.000) 07/08 17:44:20 Started transferring input files
	Transferring to host: <188.185.214.11:9618?addrs=188.185.214.11-9618+[2001-1458-303-1c--100-7]-9618&alias=b9p29p4563.cern.ch&noUDP&sock=slot1_5_7953_5b9c_48321>
...
040 (7944174.084.000) 07/08 17:44:21 Finished transferring input files
...
001 (7944174.084.000) 07/08 17:44:21 Job executing on host: <188.185.214.11:9618?addrs=188.185.214.11-9618+[2001-1458-303-1c--100-7]-9618&alias=b9p29p4563.cern.ch&noUDP&sock=startd_7166_dbc2>
	SlotName: slot1_5@b9p29p4563.cern.ch
	CondorScratchDir = "/pool/condor/dir_4173281"
	Cpus = 1
	Disk = 10004044
	GPUs = 0
	Memory = 3000
...
006 (7944174.084.000) 07/08 17:44:29 Image size of job updated: 225000
	56  -  MemoryUsage of job (MB)
	57136  -  ResidentSetSize of job (KB)
...
006 (7944174.084.000) 07/08 17:44:42 Image size of job updated: 409340
	400  -  MemoryUsage of job (MB)
	409340  -  ResidentSetSize of job (KB)
...
040 (7944174.084.000) 07/08 17:44:42 Started transferring output files
...
040 (7944174.084.000) 07/08 17:44:42 Finished transferring output files
...
012 (7944174.084.000) 07/08 17:44:42 Job was held.
	Job held by ON_EXIT_HOLD due to exit code 1.
	Code 3 Subcode 0
...
013 (7944174.084.000) 07/08 17:55:47 Job was released.
	The job attribute PeriodicRelease expression '(NumJobStarts < 3) && ((CurrentTime - EnteredCurrentStatus) > 10 * 60)' evaluated to TRUE
...
040 (7944174.084.000) 07/08 17:57:44 Started transferring input files
	Transferring to host: <188.185.198.177:9618?addrs=188.185.198.177-9618+[2001-1458-303-25--100-ad]-9618&alias=b9p15p6984.cern.ch&noUDP&sock=slot1_22_9027_1688_40754>
...
040 (7944174.084.000) 07/08 17:57:44 Finished transferring input files
...
001 (7944174.084.000) 07/08 17:57:44 Job executing on host: <188.185.198.177:9618?addrs=188.185.198.177-9618+[2001-1458-303-25--100-ad]-9618&alias=b9p15p6984.cern.ch&noUDP&sock=startd_8975_ae95>
	SlotName: slot1_22@b9p15p6984.cern.ch
	CondorScratchDir = "/pool/condor/dir_696850"
	Cpus = 1
	Disk = 10000660
	GPUs = 0
	Memory = 3000
...
040 (7944174.084.000) 07/08 17:58:15 Started transferring output files
...
040 (7944174.084.000) 07/08 17:58:15 Finished transferring output files
...
012 (7944174.084.000) 07/08 17:58:15 Job was held.
	Job held by ON_EXIT_HOLD due to exit code 1.
	Code 3 Subcode 0
...
