000 (7944174.085.000) 07/08 17:29:04 Job submitted from host: <188.185.16.120:9618?addrs=188.185.16.120-9618+[2001-1458-d00-65--100-39b]-9618&alias=bigbird27.cern.ch&noUDP&sock=schedd_4465_3274>
...
040 (7944174.085.000) 07/08 17:31:38 Started transferring input files
	Transferring to host: <188.185.195.40:9618?addrs=188.185.195.40-9618+[2001-1458-303-22--100-24]-9618&alias=b9p17p8506.cern.ch&noUDP&sock=slot1_19_9196_29ef_23262>
...
040 (7944174.085.000) 07/08 17:31:39 Finished transferring input files
...
001 (7944174.085.000) 07/08 17:31:39 Job executing on host: <188.185.195.40:9618?addrs=188.185.195.40-9618+[2001-1458-303-22--100-24]-9618&alias=b9p17p8506.cern.ch&noUDP&sock=startd_8166_c677>
	SlotName: slot1_19@b9p17p8506.cern.ch
	CondorScratchDir = "/pool/condor/dir_341409"
	Cpus = 1
	Disk = 10003583
	GPUs = 0
	Memory = 3000
...
006 (7944174.085.000) 07/08 17:31:53 Image size of job updated: 21500
	21  -  MemoryUsage of job (MB)
	21500  -  ResidentSetSize of job (KB)
...
006 (7944174.085.000) 07/08 17:32:45 Image size of job updated: 206424
	21  -  MemoryUsage of job (MB)
	21500  -  ResidentSetSize of job (KB)
...
040 (7944174.085.000) 07/08 17:32:45 Started transferring output files
...
040 (7944174.085.000) 07/08 17:32:45 Finished transferring output files
...
012 (7944174.085.000) 07/08 17:32:45 Job was held.
	Job held by ON_EXIT_HOLD due to exit code 1.
	Code 3 Subcode 0
...
013 (7944174.085.000) 07/08 17:43:33 Job was released.
	The job attribute PeriodicRelease expression '(NumJobStarts < 3) && ((CurrentTime - EnteredCurrentStatus) > 10 * 60)' evaluated to TRUE
...
040 (7944174.085.000) 07/08 17:45:39 Started transferring input files
	Transferring to host: <188.185.214.184:9618?addrs=188.185.214.184-9618+[2001-1458-303-1d--100-34]-9618&alias=b9p30p7685.cern.ch&noUDP&sock=slot1_31_3788795_93ef_23768>
...
040 (7944174.085.000) 07/08 17:45:40 Finished transferring input files
...
001 (7944174.085.000) 07/08 17:45:40 Job executing on host: <188.185.214.184:9618?addrs=188.185.214.184-9618+[2001-1458-303-1d--100-34]-9618&alias=b9p30p7685.cern.ch&noUDP&sock=startd_3788508_f3af>
	SlotName: slot1_31@b9p30p7685.cern.ch
	CondorScratchDir = "/pool/condor/dir_2213331"
	Cpus = 1
	Disk = 10013526
	GPUs = 0
	Memory = 3000
...
006 (7944174.085.000) 07/08 17:45:49 Image size of job updated: 225000
	89  -  MemoryUsage of job (MB)
	90980  -  ResidentSetSize of job (KB)
...
006 (7944174.085.000) 07/08 17:45:56 Image size of job updated: 225000
	91  -  MemoryUsage of job (MB)
	92412  -  ResidentSetSize of job (KB)
...
040 (7944174.085.000) 07/08 17:45:56 Started transferring output files
...
040 (7944174.085.000) 07/08 17:45:56 Finished transferring output files
...
012 (7944174.085.000) 07/08 17:45:56 Job was held.
	Job held by ON_EXIT_HOLD due to exit code 1.
	Code 3 Subcode 0
...
013 (7944174.085.000) 07/08 17:58:12 Job was released.
	The job attribute PeriodicRelease expression '(NumJobStarts < 3) && ((CurrentTime - EnteredCurrentStatus) > 10 * 60)' evaluated to TRUE
...
040 (7944174.085.000) 07/08 18:07:37 Started transferring input files
	Transferring to host: <128.142.161.109:9618?addrs=128.142.161.109-9618+[2001-1458-301-b8--100-2b]-9618&alias=b9g03p0586.cern.ch&noUDP&sock=slot1_1_591086_4f1d_26230>
...
040 (7944174.085.000) 07/08 18:07:40 Finished transferring input files
...
001 (7944174.085.000) 07/08 18:07:40 Job executing on host: <128.142.161.109:9618?addrs=128.142.161.109-9618+[2001-1458-301-b8--100-2b]-9618&alias=b9g03p0586.cern.ch&noUDP&sock=startd_591012_a6f7>
	SlotName: slot1_1@b9g03p0586.cern.ch
	CondorScratchDir = "/pool/condor/dir_2472789"
	Cpus = 1
	Disk = 10002625
	GPUs = 0
	Memory = 3000
...
040 (7944174.085.000) 07/08 18:08:25 Started transferring output files
...
040 (7944174.085.000) 07/08 18:08:25 Finished transferring output files
...
012 (7944174.085.000) 07/08 18:08:25 Job was held.
	Job held by ON_EXIT_HOLD due to exit code 1.
	Code 3 Subcode 0
...
