000 (7944174.086.000) 07/08 17:29:04 Job submitted from host: <188.185.16.120:9618?addrs=188.185.16.120-9618+[2001-1458-d00-65--100-39b]-9618&alias=bigbird27.cern.ch&noUDP&sock=schedd_4465_3274>
...
040 (7944174.086.000) 07/08 17:34:13 Started transferring input files
	Transferring to host: <188.185.205.136:9618?addrs=188.185.205.136-9618+[2001-1458-303-a--100-5]-9618&alias=b9p04p5422.cern.ch&noUDP&sock=slot1_16_5065_8027_266>
...
040 (7944174.086.000) 07/08 17:34:14 Finished transferring input files
...
001 (7944174.086.000) 07/08 17:34:14 Job executing on host: <188.185.205.136:9618?addrs=188.185.205.136-9618+[2001-1458-303-a--100-5]-9618&alias=b9p04p5422.cern.ch&noUDP&sock=startd_4594_ae2c>
	SlotName: slot1_16@b9p04p5422.cern.ch
	CondorScratchDir = "/pool/condor/dir_192082"
	Cpus = 1
	Disk = 10002105
	GPUs = 0
	Memory = 3000
...
006 (7944174.086.000) 07/08 17:34:28 Image size of job updated: 34280
	32  -  MemoryUsage of job (MB)
	32224  -  ResidentSetSize of job (KB)
...
006 (7944174.086.000) 07/08 17:34:38 Image size of job updated: 163380
	32  -  MemoryUsage of job (MB)
	32480  -  ResidentSetSize of job (KB)
...
040 (7944174.086.000) 07/08 17:34:38 Started transferring output files
...
040 (7944174.086.000) 07/08 17:34:39 Finished transferring output files
...
012 (7944174.086.000) 07/08 17:34:39 Job was held.
	Job held by ON_EXIT_HOLD due to exit code 1.
	Code 3 Subcode 0
...
013 (7944174.086.000) 07/08 17:46:02 Job was released.
	The job attribute PeriodicRelease expression '(NumJobStarts < 3) && ((CurrentTime - EnteredCurrentStatus) > 10 * 60)' evaluated to TRUE
...
040 (7944174.086.000) 07/08 17:46:24 Started transferring input files
	Transferring to host: <188.185.195.98:9618?addrs=188.185.195.98-9618+[2001-1458-303-22--100-5e]-9618&alias=b9p17p3053.cern.ch&noUDP&sock=slot1_7_3206412_11cd_22900>
...
040 (7944174.086.000) 07/08 17:46:25 Finished transferring input files
...
001 (7944174.086.000) 07/08 17:46:25 Job executing on host: <188.185.195.98:9618?addrs=188.185.195.98-9618+[2001-1458-303-22--100-5e]-9618&alias=b9p17p3053.cern.ch&noUDP&sock=startd_3206054_f44f>
	SlotName: slot1_7@b9p17p3053.cern.ch
	CondorScratchDir = "/pool/condor/dir_2655829"
	Cpus = 1
	Disk = 10003160
	GPUs = 0
	Memory = 3000
...
006 (7944174.086.000) 07/08 17:46:46 Image size of job updated: 212092
	32  -  MemoryUsage of job (MB)
	32500  -  ResidentSetSize of job (KB)
...
040 (7944174.086.000) 07/08 17:46:46 Started transferring output files
...
040 (7944174.086.000) 07/08 17:46:46 Finished transferring output files
...
012 (7944174.086.000) 07/08 17:46:46 Job was held.
	Job held by ON_EXIT_HOLD due to exit code 1.
	Code 3 Subcode 0
...
013 (7944174.086.000) 07/08 17:58:12 Job was released.
	The job attribute PeriodicRelease expression '(NumJobStarts < 3) && ((CurrentTime - EnteredCurrentStatus) > 10 * 60)' evaluated to TRUE
...
040 (7944174.086.000) 07/08 18:15:08 Started transferring input files
	Transferring to host: <188.185.214.87:9618?addrs=188.185.214.87-9618+[2001-1458-303-1c--100-53]-9618&alias=b9p29p4639.cern.ch&noUDP&sock=slot1_5_7931_db5c_48086>
...
040 (7944174.086.000) 07/08 18:15:09 Finished transferring input files
...
001 (7944174.086.000) 07/08 18:15:09 Job executing on host: <188.185.214.87:9618?addrs=188.185.214.87-9618+[2001-1458-303-1c--100-53]-9618&alias=b9p29p4639.cern.ch&noUDP&sock=startd_7288_8a50>
	SlotName: slot1_5@b9p29p4639.cern.ch
	CondorScratchDir = "/pool/condor/dir_2236136"
	Cpus = 1
	Disk = 10000679
	GPUs = 0
	Memory = 3000
...
006 (7944174.086.000) 07/08 18:15:18 Image size of job updated: 225000
	162  -  MemoryUsage of job (MB)
	164868  -  ResidentSetSize of job (KB)
...
006 (7944174.086.000) 07/08 18:15:22 Image size of job updated: 225000
	162  -  MemoryUsage of job (MB)
	165820  -  ResidentSetSize of job (KB)
...
040 (7944174.086.000) 07/08 18:15:23 Started transferring output files
...
040 (7944174.086.000) 07/08 18:15:23 Finished transferring output files
...
012 (7944174.086.000) 07/08 18:15:23 Job was held.
	Job held by ON_EXIT_HOLD due to exit code 1.
	Code 3 Subcode 0
...
