000 (7944174.087.000) 07/08 17:29:04 Job submitted from host: <188.185.16.120:9618?addrs=188.185.16.120-9618+[2001-1458-d00-65--100-39b]-9618&alias=bigbird27.cern.ch&noUDP&sock=schedd_4465_3274>
...
040 (7944174.087.000) 07/08 17:33:58 Started transferring input files
	Transferring to host: <188.185.198.29:9618?addrs=188.185.198.29-9618+[2001-1458-303-25--100-19]-9618&alias=b9p15p5743.cern.ch&noUDP&sock=slot1_18_8924_83e4_39002>
...
040 (7944174.087.000) 07/08 17:33:58 Finished transferring input files
...
001 (7944174.087.000) 07/08 17:33:58 Job executing on host: <188.185.198.29:9618?addrs=188.185.198.29-9618+[2001-1458-303-25--100-19]-9618&alias=b9p15p5743.cern.ch&noUDP&sock=startd_8202_77e0>
	SlotName: slot1_18@b9p15p5743.cern.ch
	CondorScratchDir = "/pool/condor/dir_2156512"
	Cpus = 1
	Disk = 10000818
	GPUs = 0
	Memory = 3000
...
006 (7944174.087.000) 07/08 17:34:12 Image size of job updated: 66644
	66  -  MemoryUsage of job (MB)
	66644  -  ResidentSetSize of job (KB)
...
006 (7944174.087.000) 07/08 17:34:18 Image size of job updated: 163808
	78  -  MemoryUsage of job (MB)
	78972  -  ResidentSetSize of job (KB)
...
040 (7944174.087.000) 07/08 17:34:18 Started transferring output files
...
040 (7944174.087.000) 07/08 17:34:18 Finished transferring output files
...
012 (7944174.087.000) 07/08 17:34:18 Job was held.
	Job held by ON_EXIT_HOLD due to exit code 1.
	Code 3 Subcode 0
...
013 (7944174.087.000) 07/08 17:46:02 Job was released.
	The job attribute PeriodicRelease expression '(NumJobStarts < 3) && ((CurrentTime - EnteredCurrentStatus) > 10 * 60)' evaluated to TRUE
...
040 (7944174.087.000) 07/08 17:46:25 Started transferring input files
	Transferring to host: <188.184.185.143:9618?addrs=188.184.185.143-9618+[2001-1458-301-52--100-8e]-9618&alias=b9g37p3172.cern.ch&noUDP&sock=slot1_8_4139655_302b_57597>
...
040 (7944174.087.000) 07/08 17:46:26 Finished transferring input files
...
001 (7944174.087.000) 07/08 17:46:26 Job executing on host: <188.184.185.143:9618?addrs=188.184.185.143-9618+[2001-1458-301-52--100-8e]-9618&alias=b9g37p3172.cern.ch&noUDP&sock=startd_3920_5f57>
	SlotName: slot1_8@b9g37p3172.cern.ch
	CondorScratchDir = "/pool/condor/dir_3703006"
	Cpus = 1
	Disk = 10003660
	GPUs = 0
	Memory = 3000
...
006 (7944174.087.000) 07/08 17:47:04 Image size of job updated: 204332
	98  -  MemoryUsage of job (MB)
	100000  -  ResidentSetSize of job (KB)
...
040 (7944174.087.000) 07/08 17:47:04 Started transferring output files
...
040 (7944174.087.000) 07/08 17:47:04 Finished transferring output files
...
012 (7944174.087.000) 07/08 17:47:04 Job was held.
	Job held by ON_EXIT_HOLD due to exit code 1.
	Code 3 Subcode 0
...
013 (7944174.087.000) 07/08 17:58:12 Job was released.
	The job attribute PeriodicRelease expression '(NumJobStarts < 3) && ((CurrentTime - EnteredCurrentStatus) > 10 * 60)' evaluated to TRUE
...
040 (7944174.087.000) 07/08 18:09:58 Started transferring input files
	Transferring to host: <188.185.198.100:9618?addrs=188.185.198.100-9618+[2001-1458-303-25--100-60]-9618&alias=b9p15p6229.cern.ch&noUDP&sock=slot1_18_3164_12fa_42660>
...
040 (7944174.087.000) 07/08 18:09:59 Finished transferring input files
...
001 (7944174.087.000) 07/08 18:09:59 Job executing on host: <188.185.198.100:9618?addrs=188.185.198.100-9618+[2001-1458-303-25--100-60]-9618&alias=b9p15p6229.cern.ch&noUDP&sock=startd_2535_60ab>
	SlotName: slot1_18@b9p15p6229.cern.ch
	CondorScratchDir = "/pool/condor/dir_2686808"
	Cpus = 1
	Disk = 10002573
	GPUs = 0
	Memory = 3000
...
040 (7944174.087.000) 07/08 18:10:14 Started transferring output files
...
040 (7944174.087.000) 07/08 18:10:14 Finished transferring output files
...
012 (7944174.087.000) 07/08 18:10:14 Job was held.
	Job held by ON_EXIT_HOLD due to exit code 1.
	Code 3 Subcode 0
...
