000 (7944174.089.000) 07/08 17:29:04 Job submitted from host: <188.185.16.120:9618?addrs=188.185.16.120-9618+[2001-1458-d00-65--100-39b]-9618&alias=bigbird27.cern.ch&noUDP&sock=schedd_4465_3274>
...
040 (7944174.089.000) 07/08 17:31:39 Started transferring input files
	Transferring to host: <188.185.193.82:9618?addrs=188.185.193.82-9618+[2001-1458-303-20--100-4e]-9618&alias=b9p19p0921.cern.ch&noUDP&sock=slot1_9_8605_c037_24832>
...
040 (7944174.089.000) 07/08 17:31:40 Finished transferring input files
...
001 (7944174.089.000) 07/08 17:31:40 Job executing on host: <188.185.193.82:9618?addrs=188.185.193.82-9618+[2001-1458-303-20--100-4e]-9618&alias=b9p19p0921.cern.ch&noUDP&sock=startd_7549_9088>
	SlotName: slot1_9@b9p19p0921.cern.ch
	CondorScratchDir = "/pool/condor/dir_2988878"
	Cpus = 1
	Disk = 10000398
	GPUs = 0
	Memory = 3000
...
006 (7944174.089.000) 07/08 17:31:54 Image size of job updated: 27136
	27  -  MemoryUsage of job (MB)
	26780  -  ResidentSetSize of job (KB)
...
006 (7944174.089.000) 07/08 17:32:43 Image size of job updated: 195524
	27  -  MemoryUsage of job (MB)
	26780  -  ResidentSetSize of job (KB)
...
040 (7944174.089.000) 07/08 17:32:43 Started transferring output files
...
040 (7944174.089.000) 07/08 17:32:44 Finished transferring output files
...
012 (7944174.089.000) 07/08 17:32:45 Job was held.
	Job held by ON_EXIT_HOLD due to exit code 1.
	Code 3 Subcode 0
...
013 (7944174.089.000) 07/08 17:43:33 Job was released.
	The job attribute PeriodicRelease expression '(NumJobStarts < 3) && ((CurrentTime - EnteredCurrentStatus) > 10 * 60)' evaluated to TRUE
...
040 (7944174.089.000) 07/08 17:44:21 Started transferring input files
	Transferring to host: <128.142.196.64:9618?addrs=128.142.196.64-9618+[2001-1458-301-3c--100-3e]-9618&alias=b9g32p2268.cern.ch&noUDP&sock=slot1_5_2523024_66bf_67959>
...
040 (7944174.089.000) 07/08 17:44:22 Finished transferring input files
...
001 (7944174.089.000) 07/08 17:44:22 Job executing on host: <128.142.196.64:9618?addrs=128.142.196.64-9618+[2001-1458-301-3c--100-3e]-9618&alias=b9g32p2268.cern.ch&noUDP&sock=startd_3008_d0f7>
	SlotName: slot1_5@b9g32p2268.cern.ch
	CondorScratchDir = "/pool/condor/dir_2236362"
	Cpus = 1
	Disk = 10002670
	GPUs = 0
	Memory = 3000
...
006 (7944174.089.000) 07/08 17:45:21 Image size of job updated: 424440
	415  -  MemoryUsage of job (MB)
	424440  -  ResidentSetSize of job (KB)
...
040 (7944174.089.000) 07/08 17:45:21 Started transferring output files
...
040 (7944174.089.000) 07/08 17:45:21 Finished transferring output files
...
012 (7944174.089.000) 07/08 17:45:21 Job was held.
	Job held by ON_EXIT_HOLD due to exit code 1.
	Code 3 Subcode 0
...
013 (7944174.089.000) 07/08 17:55:47 Job was released.
	The job attribute PeriodicRelease expression '(NumJobStarts < 3) && ((CurrentTime - EnteredCurrentStatus) > 10 * 60)' evaluated to TRUE
...
040 (7944174.089.000) 07/08 18:01:06 Started transferring input files
	Transferring to host: <188.185.193.95:9618?addrs=188.185.193.95-9618+[2001-1458-303-20--100-5b]-9618&alias=b9p19p0505.cern.ch&noUDP&sock=slot1_30_6134_b533_24279>
...
040 (7944174.089.000) 07/08 18:01:06 Finished transferring input files
...
001 (7944174.089.000) 07/08 18:01:06 Job executing on host: <188.185.193.95:9618?addrs=188.185.193.95-9618+[2001-1458-303-20--100-5b]-9618&alias=b9p19p0505.cern.ch&noUDP&sock=startd_5793_183a>
	SlotName: slot1_30@b9p19p0505.cern.ch
	CondorScratchDir = "/pool/condor/dir_1322951"
	Cpus = 1
	Disk = 10003158
	GPUs = 0
	Memory = 3000
...
040 (7944174.089.000) 07/08 18:01:43 Started transferring output files
...
040 (7944174.089.000) 07/08 18:01:43 Finished transferring output files
...
012 (7944174.089.000) 07/08 18:01:43 Job was held.
	Job held by ON_EXIT_HOLD due to exit code 1.
	Code 3 Subcode 0
...
