000 (7944174.009.000) 07/08 17:29:04 Job submitted from host: <188.185.16.120:9618?addrs=188.185.16.120-9618+[2001-1458-d00-65--100-39b]-9618&alias=bigbird27.cern.ch&noUDP&sock=schedd_4465_3274>
...
040 (7944174.009.000) 07/08 17:31:14 Started transferring input files
	Transferring to host: <188.185.206.140:9618?addrs=188.185.206.140-9618+[2001-1458-303-c--100-9]-9618&alias=b9p06p8414.cern.ch&noUDP&sock=slot1_11_9408_8978_36283>
...
040 (7944174.009.000) 07/08 17:31:16 Finished transferring input files
...
001 (7944174.009.000) 07/08 17:31:16 Job executing on host: <188.185.206.140:9618?addrs=188.185.206.140-9618+[2001-1458-303-c--100-9]-9618&alias=b9p06p8414.cern.ch&noUDP&sock=startd_9332_8de4>
	SlotName: slot1_11@b9p06p8414.cern.ch
	CondorScratchDir = "/pool/condor/dir_1238204"
	Cpus = 1
	Disk = 10002853
	GPUs = 0
	Memory = 3000
...
006 (7944174.009.000) 07/08 17:31:30 Image size of job updated: 26840
	21  -  MemoryUsage of job (MB)
	20628  -  ResidentSetSize of job (KB)
...
006 (7944174.009.000) 07/08 17:32:43 Image size of job updated: 212196
	22  -  MemoryUsage of job (MB)
	22240  -  ResidentSetSize of job (KB)
...
040 (7944174.009.000) 07/08 17:32:43 Started transferring output files
...
040 (7944174.009.000) 07/08 17:32:43 Finished transferring output files
...
012 (7944174.009.000) 07/08 17:32:45 Job was held.
	Job held by ON_EXIT_HOLD due to exit code 1.
	Code 3 Subcode 0
...
013 (7944174.009.000) 07/08 17:43:32 Job was released.
	The job attribute PeriodicRelease expression '(NumJobStarts < 3) && ((CurrentTime - EnteredCurrentStatus) > 10 * 60)' evaluated to TRUE
...
040 (7944174.009.000) 07/08 17:43:59 Started transferring input files
	Transferring to host: <188.185.192.28:9618?addrs=188.185.192.28-9618+[2001-1458-303-1f--100-18]-9618&alias=b9p13p0517.cern.ch&noUDP&sock=slot1_31_8661_3539_42190>
...
040 (7944174.009.000) 07/08 17:43:59 Finished transferring input files
...
001 (7944174.009.000) 07/08 17:43:59 Job executing on host: <188.185.192.28:9618?addrs=188.185.192.28-9618+[2001-1458-303-1f--100-18]-9618&alias=b9p13p0517.cern.ch&noUDP&sock=startd_8204_d710>
	SlotName: slot1_31@b9p13p0517.cern.ch
	CondorScratchDir = "/pool/condor/dir_1679392"
	Cpus = 1
	Disk = 10003230
	GPUs = 0
	Memory = 3000
...
006 (7944174.009.000) 07/08 17:44:13 Image size of job updated: 225000
	29  -  MemoryUsage of job (MB)
	28868  -  ResidentSetSize of job (KB)
...
006 (7944174.009.000) 07/08 17:44:37 Image size of job updated: 225000
	30  -  MemoryUsage of job (MB)
	29772  -  ResidentSetSize of job (KB)
...
040 (7944174.009.000) 07/08 17:44:37 Started transferring output files
...
040 (7944174.009.000) 07/08 17:44:37 Finished transferring output files
...
012 (7944174.009.000) 07/08 17:44:37 Job was held.
	Job held by ON_EXIT_HOLD due to exit code 1.
	Code 3 Subcode 0
...
013 (7944174.009.000) 07/08 17:55:47 Job was released.
	The job attribute PeriodicRelease expression '(NumJobStarts < 3) && ((CurrentTime - EnteredCurrentStatus) > 10 * 60)' evaluated to TRUE
...
040 (7944174.009.000) 07/08 17:57:27 Started transferring input files
	Transferring to host: <188.185.198.114:9618?addrs=188.185.198.114-9618+[2001-1458-303-25--100-6e]-9618&alias=b9p15p8665.cern.ch&noUDP&sock=slot1_17_1154082_ec0b_18444>
...
040 (7944174.009.000) 07/08 17:57:27 Finished transferring input files
...
001 (7944174.009.000) 07/08 17:57:27 Job executing on host: <188.185.198.114:9618?addrs=188.185.198.114-9618+[2001-1458-303-25--100-6e]-9618&alias=b9p15p8665.cern.ch&noUDP&sock=startd_1154034_e9fe>
	SlotName: slot1_17@b9p15p8665.cern.ch
	CondorScratchDir = "/pool/condor/dir_3962212"
	Cpus = 1
	Disk = 10003172
	GPUs = 0
	Memory = 3000
...
040 (7944174.009.000) 07/08 18:00:54 Started transferring output files
...
040 (7944174.009.000) 07/08 18:00:59 Finished transferring output files
...
012 (7944174.009.000) 07/08 18:01:01 Job was held.
	Job held by ON_EXIT_HOLD due to exit code 1.
	Code 3 Subcode 0
...
