000 (7944174.090.000) 07/08 17:29:05 Job submitted from host: <188.185.16.120:9618?addrs=188.185.16.120-9618+[2001-1458-d00-65--100-39b]-9618&alias=bigbird27.cern.ch&noUDP&sock=schedd_4465_3274>
...
040 (7944174.090.000) 07/08 17:31:39 Started transferring input files
	Transferring to host: <188.185.212.23:9618?addrs=188.185.212.23-9618+[2001-1458-303-18--100-13]-9618&alias=b9p25p5701.cern.ch&noUDP&sock=slot1_37_1837162_938d_23709>
...
040 (7944174.090.000) 07/08 17:31:40 Finished transferring input files
...
001 (7944174.090.000) 07/08 17:31:40 Job executing on host: <188.185.212.23:9618?addrs=188.185.212.23-9618+[2001-1458-303-18--100-13]-9618&alias=b9p25p5701.cern.ch&noUDP&sock=startd_1837113_4abe>
	SlotName: slot1_37@b9p25p5701.cern.ch
	CondorScratchDir = "/pool/condor/dir_2413107"
	Cpus = 1
	Disk = 10003206
	GPUs = 0
	Memory = 3000
...
006 (7944174.090.000) 07/08 17:31:54 Image size of job updated: 28836
	29  -  MemoryUsage of job (MB)
	28836  -  ResidentSetSize of job (KB)
...
006 (7944174.090.000) 07/08 17:32:43 Image size of job updated: 211516
	29  -  MemoryUsage of job (MB)
	28836  -  ResidentSetSize of job (KB)
...
040 (7944174.090.000) 07/08 17:32:43 Started transferring output files
...
040 (7944174.090.000) 07/08 17:32:43 Finished transferring output files
...
012 (7944174.090.000) 07/08 17:32:44 Job was held.
	Job held by ON_EXIT_HOLD due to exit code 1.
	Code 3 Subcode 0
...
013 (7944174.090.000) 07/08 17:43:33 Job was released.
	The job attribute PeriodicRelease expression '(NumJobStarts < 3) && ((CurrentTime - EnteredCurrentStatus) > 10 * 60)' evaluated to TRUE
...
040 (7944174.090.000) 07/08 17:44:22 Started transferring input files
	Transferring to host: <188.185.215.80:9618?addrs=188.185.215.80-9618+[2001-1458-303-1e--100-4c]-9618&alias=b9p31p8919.cern.ch&noUDP&sock=slot1_8_1255240_e25d_22422>
...
040 (7944174.090.000) 07/08 17:44:23 Finished transferring input files
...
001 (7944174.090.000) 07/08 17:44:23 Job executing on host: <188.185.215.80:9618?addrs=188.185.215.80-9618+[2001-1458-303-1e--100-4c]-9618&alias=b9p31p8919.cern.ch&noUDP&sock=startd_1255172_2b74>
	SlotName: slot1_8@b9p31p8919.cern.ch
	CondorScratchDir = "/pool/condor/dir_600197"
	Cpus = 1
	Disk = 10002761
	GPUs = 0
	Memory = 3000
...
006 (7944174.090.000) 07/08 17:44:31 Image size of job updated: 225000
	57  -  MemoryUsage of job (MB)
	57540  -  ResidentSetSize of job (KB)
...
006 (7944174.090.000) 07/08 17:44:51 Image size of job updated: 425172
	416  -  MemoryUsage of job (MB)
	425172  -  ResidentSetSize of job (KB)
...
040 (7944174.090.000) 07/08 17:44:51 Started transferring output files
...
040 (7944174.090.000) 07/08 17:44:51 Finished transferring output files
...
012 (7944174.090.000) 07/08 17:44:51 Job was held.
	Job held by ON_EXIT_HOLD due to exit code 1.
	Code 3 Subcode 0
...
013 (7944174.090.000) 07/08 17:55:47 Job was released.
	The job attribute PeriodicRelease expression '(NumJobStarts < 3) && ((CurrentTime - EnteredCurrentStatus) > 10 * 60)' evaluated to TRUE
...
040 (7944174.090.000) 07/08 17:57:45 Started transferring input files
	Transferring to host: <188.185.193.40:9618?addrs=188.185.193.40-9618+[2001-1458-303-20--100-24]-9618&alias=b9p19p3580.cern.ch&noUDP&sock=slot1_34_6138_86b3_22662>
...
040 (7944174.090.000) 07/08 17:57:46 Finished transferring input files
...
001 (7944174.090.000) 07/08 17:57:46 Job executing on host: <188.185.193.40:9618?addrs=188.185.193.40-9618+[2001-1458-303-20--100-24]-9618&alias=b9p19p3580.cern.ch&noUDP&sock=startd_6091_7f73>
	SlotName: slot1_34@b9p19p3580.cern.ch
	CondorScratchDir = "/pool/condor/dir_1986195"
	Cpus = 1
	Disk = 10003142
	GPUs = 0
	Memory = 3000
...
040 (7944174.090.000) 07/08 17:58:09 Started transferring output files
...
040 (7944174.090.000) 07/08 17:58:09 Finished transferring output files
...
012 (7944174.090.000) 07/08 17:58:09 Job was held.
	Job held by ON_EXIT_HOLD due to exit code 1.
	Code 3 Subcode 0
...
