000 (7944174.091.000) 07/08 17:29:05 Job submitted from host: <188.185.16.120:9618?addrs=188.185.16.120-9618+[2001-1458-d00-65--100-39b]-9618&alias=bigbird27.cern.ch&noUDP&sock=schedd_4465_3274>
...
040 (7944174.091.000) 07/08 17:31:39 Started transferring input files
	Transferring to host: <188.185.195.168:9618?addrs=188.185.195.168-9618+[2001-1458-303-22--100-a4]-9618&alias=b9p17p5224.cern.ch&noUDP&sock=slot1_10_7710_2473_24259>
...
040 (7944174.091.000) 07/08 17:31:40 Finished transferring input files
...
001 (7944174.091.000) 07/08 17:31:40 Job executing on host: <188.185.195.168:9618?addrs=188.185.195.168-9618+[2001-1458-303-22--100-a4]-9618&alias=b9p17p5224.cern.ch&noUDP&sock=startd_6377_ab89>
	SlotName: slot1_10@b9p17p5224.cern.ch
	CondorScratchDir = "/pool/condor/dir_2724072"
	Cpus = 1
	Disk = 10003129
	GPUs = 0
	Memory = 3000
...
006 (7944174.091.000) 07/08 17:31:54 Image size of job updated: 26996
	27  -  MemoryUsage of job (MB)
	26996  -  ResidentSetSize of job (KB)
...
006 (7944174.091.000) 07/08 17:32:04 Image size of job updated: 166092
	27  -  MemoryUsage of job (MB)
	26996  -  ResidentSetSize of job (KB)
...
040 (7944174.091.000) 07/08 17:32:04 Started transferring output files
...
040 (7944174.091.000) 07/08 17:32:04 Finished transferring output files
...
012 (7944174.091.000) 07/08 17:32:04 Job was held.
	Job held by ON_EXIT_HOLD due to exit code 1.
	Code 3 Subcode 0
...
013 (7944174.091.000) 07/08 17:43:33 Job was released.
	The job attribute PeriodicRelease expression '(NumJobStarts < 3) && ((CurrentTime - EnteredCurrentStatus) > 10 * 60)' evaluated to TRUE
...
040 (7944174.091.000) 07/08 17:44:21 Started transferring input files
	Transferring to host: <128.142.240.114:9618?addrs=128.142.240.114-9618+[2001-1458-301-11--100-72]-9618&alias=b9g29p6184.cern.ch&noUDP&sock=slot1_15_3191_191b_85485>
...
040 (7944174.091.000) 07/08 17:44:21 Finished transferring input files
...
001 (7944174.091.000) 07/08 17:44:21 Job executing on host: <128.142.240.114:9618?addrs=128.142.240.114-9618+[2001-1458-301-11--100-72]-9618&alias=b9g29p6184.cern.ch&noUDP&sock=startd_3138_fc47>
	SlotName: slot1_15@b9g29p6184.cern.ch
	CondorScratchDir = "/pool/condor/dir_4149335"
	Cpus = 1
	Disk = 10011410
	GPUs = 0
	Memory = 3000
...
006 (7944174.091.000) 07/08 17:44:30 Image size of job updated: 175000
	41  -  MemoryUsage of job (MB)
	41768  -  ResidentSetSize of job (KB)
...
006 (7944174.091.000) 07/08 17:44:36 Image size of job updated: 175000
	42  -  MemoryUsage of job (MB)
	42300  -  ResidentSetSize of job (KB)
...
040 (7944174.091.000) 07/08 17:44:36 Started transferring output files
...
040 (7944174.091.000) 07/08 17:44:36 Finished transferring output files
...
012 (7944174.091.000) 07/08 17:44:36 Job was held.
	Job held by ON_EXIT_HOLD due to exit code 1.
	Code 3 Subcode 0
...
013 (7944174.091.000) 07/08 17:55:47 Job was released.
	The job attribute PeriodicRelease expression '(NumJobStarts < 3) && ((CurrentTime - EnteredCurrentStatus) > 10 * 60)' evaluated to TRUE
...
040 (7944174.091.000) 07/08 17:57:47 Started transferring input files
	Transferring to host: <188.185.195.35:9618?addrs=188.185.195.35-9618+[2001-1458-303-22--100-1f]-9618&alias=b9p17p9246.cern.ch&noUDP&sock=slot1_18_6134_b533_24256>
...
040 (7944174.091.000) 07/08 17:57:48 Finished transferring input files
...
001 (7944174.091.000) 07/08 17:57:48 Job executing on host: <188.185.195.35:9618?addrs=188.185.195.35-9618+[2001-1458-303-22--100-1f]-9618&alias=b9p17p9246.cern.ch&noUDP&sock=startd_5592_39b0>
	SlotName: slot1_18@b9p17p9246.cern.ch
	CondorScratchDir = "/pool/condor/dir_984771"
	Cpus = 1
	Disk = 10003177
	GPUs = 0
	Memory = 3000
...
006 (7944174.091.000) 07/08 17:58:21 Image size of job updated: 207536
	42  -  MemoryUsage of job (MB)
	42500  -  ResidentSetSize of job (KB)
...
040 (7944174.091.000) 07/08 17:58:21 Started transferring output files
...
040 (7944174.091.000) 07/08 17:58:21 Finished transferring output files
...
012 (7944174.091.000) 07/08 18:00:55 Job was held.
	Job held by ON_EXIT_HOLD due to exit code 1.
	Code 3 Subcode 0
...
