000 (7944174.092.000) 07/08 17:29:05 Job submitted from host: <188.185.16.120:9618?addrs=188.185.16.120-9618+[2001-1458-d00-65--100-39b]-9618&alias=bigbird27.cern.ch&noUDP&sock=schedd_4465_3274>
...
040 (7944174.092.000) 07/08 17:31:40 Started transferring input files
	Transferring to host: <188.185.212.96:9618?addrs=188.185.212.96-9618+[2001-1458-303-18--100-5c]-9618&alias=b9p25p1476.cern.ch&noUDP&sock=slot1_23_7321_0e83_39670>
...
040 (7944174.092.000) 07/08 17:31:41 Finished transferring input files
...
001 (7944174.092.000) 07/08 17:31:41 Job executing on host: <188.185.212.96:9618?addrs=188.185.212.96-9618+[2001-1458-303-18--100-5c]-9618&alias=b9p25p1476.cern.ch&noUDP&sock=startd_6436_239f>
	SlotName: slot1_23@b9p25p1476.cern.ch
	CondorScratchDir = "/pool/condor/dir_2187634"
	Cpus = 1
	Disk = 10001054
	GPUs = 0
	Memory = 3000
...
006 (7944174.092.000) 07/08 17:31:49 Image size of job updated: 44564
	44  -  MemoryUsage of job (MB)
	44564  -  ResidentSetSize of job (KB)
...
006 (7944174.092.000) 07/08 17:32:45 Image size of job updated: 407940
	399  -  MemoryUsage of job (MB)
	407940  -  ResidentSetSize of job (KB)
...
040 (7944174.092.000) 07/08 17:32:45 Started transferring output files
...
040 (7944174.092.000) 07/08 17:32:45 Finished transferring output files
...
012 (7944174.092.000) 07/08 17:32:45 Job was held.
	Job held by ON_EXIT_HOLD due to exit code 1.
	Code 3 Subcode 0
...
013 (7944174.092.000) 07/08 17:43:33 Job was released.
	The job attribute PeriodicRelease expression '(NumJobStarts < 3) && ((CurrentTime - EnteredCurrentStatus) > 10 * 60)' evaluated to TRUE
...
040 (7944174.092.000) 07/08 17:44:22 Started transferring input files
	Transferring to host: <188.185.210.206:9618?addrs=188.185.210.206-9618+[2001-1458-303-15--100-4a]-9618&alias=b9p22p3505.cern.ch&noUDP&sock=slot1_24_3173_6a5a_47628>
...
040 (7944174.092.000) 07/08 17:44:23 Finished transferring input files
...
001 (7944174.092.000) 07/08 17:44:23 Job executing on host: <188.185.210.206:9618?addrs=188.185.210.206-9618+[2001-1458-303-15--100-4a]-9618&alias=b9p22p3505.cern.ch&noUDP&sock=startd_3119_f3fb>
	SlotName: slot1_24@b9p22p3505.cern.ch
	CondorScratchDir = "/pool/condor/dir_307082"
	Cpus = 1
	Disk = 10002958
	GPUs = 0
	Memory = 3000
...
006 (7944174.092.000) 07/08 17:44:55 Image size of job updated: 426056
	417  -  MemoryUsage of job (MB)
	426056  -  ResidentSetSize of job (KB)
...
040 (7944174.092.000) 07/08 17:44:55 Started transferring output files
...
040 (7944174.092.000) 07/08 17:44:55 Finished transferring output files
...
012 (7944174.092.000) 07/08 17:44:55 Job was held.
	Job held by ON_EXIT_HOLD due to exit code 1.
	Code 3 Subcode 0
...
013 (7944174.092.000) 07/08 17:55:47 Job was released.
	The job attribute PeriodicRelease expression '(NumJobStarts < 3) && ((CurrentTime - EnteredCurrentStatus) > 10 * 60)' evaluated to TRUE
...
040 (7944174.092.000) 07/08 17:57:47 Started transferring input files
	Transferring to host: <188.185.192.13:9618?addrs=188.185.192.13-9618+[2001-1458-303-1f--100-9]-9618&alias=b9p13p4484.cern.ch&noUDP&sock=slot1_10_9080_6e6a_40668>
...
040 (7944174.092.000) 07/08 17:57:48 Finished transferring input files
...
001 (7944174.092.000) 07/08 17:57:48 Job executing on host: <188.185.192.13:9618?addrs=188.185.192.13-9618+[2001-1458-303-1f--100-9]-9618&alias=b9p13p4484.cern.ch&noUDP&sock=startd_8945_1abe>
	SlotName: slot1_10@b9p13p4484.cern.ch
	CondorScratchDir = "/pool/condor/dir_3332736"
	Cpus = 1
	Disk = 10003500
	GPUs = 0
	Memory = 3000
...
040 (7944174.092.000) 07/08 17:58:27 Started transferring output files
...
040 (7944174.092.000) 07/08 17:58:27 Finished transferring output files
...
012 (7944174.092.000) 07/08 18:00:55 Job was held.
	Job held by ON_EXIT_HOLD due to exit code 1.
	Code 3 Subcode 0
...
