000 (7944174.093.000) 07/08 17:29:05 Job submitted from host: <188.185.16.120:9618?addrs=188.185.16.120-9618+[2001-1458-d00-65--100-39b]-9618&alias=bigbird27.cern.ch&noUDP&sock=schedd_4465_3274>
...
040 (7944174.093.000) 07/08 17:31:40 Started transferring input files
	Transferring to host: <188.185.198.160:9618?addrs=188.185.198.160-9618+[2001-1458-303-25--100-9c]-9618&alias=b9p15p6374.cern.ch&noUDP&sock=slot1_8_8955_5b85_38424>
...
040 (7944174.093.000) 07/08 17:31:40 Finished transferring input files
...
001 (7944174.093.000) 07/08 17:31:40 Job executing on host: <188.185.198.160:9618?addrs=188.185.198.160-9618+[2001-1458-303-25--100-9c]-9618&alias=b9p15p6374.cern.ch&noUDP&sock=startd_8466_8ce0>
	SlotName: slot1_8@b9p15p6374.cern.ch
	CondorScratchDir = "/pool/condor/dir_1932174"
	Cpus = 1
	Disk = 10002809
	GPUs = 0
	Memory = 3000
...
006 (7944174.093.000) 07/08 17:31:49 Image size of job updated: 59224
	58  -  MemoryUsage of job (MB)
	59224  -  ResidentSetSize of job (KB)
...
006 (7944174.093.000) 07/08 17:32:43 Image size of job updated: 424904
	415  -  MemoryUsage of job (MB)
	424904  -  ResidentSetSize of job (KB)
...
040 (7944174.093.000) 07/08 17:32:43 Started transferring output files
...
040 (7944174.093.000) 07/08 17:32:43 Finished transferring output files
...
012 (7944174.093.000) 07/08 17:32:45 Job was held.
	Job held by ON_EXIT_HOLD due to exit code 1.
	Code 3 Subcode 0
...
013 (7944174.093.000) 07/08 17:43:33 Job was released.
	The job attribute PeriodicRelease expression '(NumJobStarts < 3) && ((CurrentTime - EnteredCurrentStatus) > 10 * 60)' evaluated to TRUE
...
040 (7944174.093.000) 07/08 17:44:22 Started transferring input files
	Transferring to host: <188.185.213.160:9618?addrs=188.185.213.160-9618+[2001-1458-303-1b--100-1c]-9618&alias=b9p28p3499.cern.ch&noUDP&sock=slot1_28_8450_8a11_48230>
...
040 (7944174.093.000) 07/08 17:44:23 Finished transferring input files
...
001 (7944174.093.000) 07/08 17:44:23 Job executing on host: <188.185.213.160:9618?addrs=188.185.213.160-9618+[2001-1458-303-1b--100-1c]-9618&alias=b9p28p3499.cern.ch&noUDP&sock=startd_8399_9808>
	SlotName: slot1_28@b9p28p3499.cern.ch
	CondorScratchDir = "/pool/condor/dir_278818"
	Cpus = 1
	Disk = 10003093
	GPUs = 0
	Memory = 3000
...
040 (7944174.093.000) 07/08 17:44:43 Started transferring output files
...
040 (7944174.093.000) 07/08 17:44:43 Finished transferring output files
...
012 (7944174.093.000) 07/08 17:44:43 Job was held.
	Job held by ON_EXIT_HOLD due to exit code 1.
	Code 3 Subcode 0
...
013 (7944174.093.000) 07/08 17:55:47 Job was released.
	The job attribute PeriodicRelease expression '(NumJobStarts < 3) && ((CurrentTime - EnteredCurrentStatus) > 10 * 60)' evaluated to TRUE
...
040 (7944174.093.000) 07/08 17:57:46 Started transferring input files
	Transferring to host: <188.185.195.128:9618?addrs=188.185.195.128-9618+[2001-1458-303-22--100-7c]-9618&alias=b9p17p8721.cern.ch&noUDP&sock=slot1_12_8748_81dd_41605>
...
040 (7944174.093.000) 07/08 17:57:46 Finished transferring input files
...
001 (7944174.093.000) 07/08 17:57:47 Job executing on host: <188.185.195.128:9618?addrs=188.185.195.128-9618+[2001-1458-303-22--100-7c]-9618&alias=b9p17p8721.cern.ch&noUDP&sock=startd_8695_a010>
	SlotName: slot1_12@b9p17p8721.cern.ch
	CondorScratchDir = "/pool/condor/dir_1427988"
	Cpus = 1
	Disk = 10000866
	GPUs = 0
	Memory = 3000
...
040 (7944174.093.000) 07/08 17:58:06 Started transferring output files
...
040 (7944174.093.000) 07/08 17:58:06 Finished transferring output files
...
012 (7944174.093.000) 07/08 17:58:06 Job was held.
	Job held by ON_EXIT_HOLD due to exit code 1.
	Code 3 Subcode 0
...
