000 (7944174.094.000) 07/08 17:29:05 Job submitted from host: <188.185.16.120:9618?addrs=188.185.16.120-9618+[2001-1458-d00-65--100-39b]-9618&alias=bigbird27.cern.ch&noUDP&sock=schedd_4465_3274>
...
040 (7944174.094.000) 07/08 17:31:40 Started transferring input files
	Transferring to host: <188.185.193.44:9618?addrs=188.185.193.44-9618+[2001-1458-303-20--100-28]-9618&alias=b9p19p6395.cern.ch&noUDP&sock=slot1_11_4470_44ef_22941>
...
040 (7944174.094.000) 07/08 17:31:40 Finished transferring input files
...
001 (7944174.094.000) 07/08 17:31:40 Job executing on host: <188.185.193.44:9618?addrs=188.185.193.44-9618+[2001-1458-303-20--100-28]-9618&alias=b9p19p6395.cern.ch&noUDP&sock=startd_3812_4b1c>
	SlotName: slot1_11@b9p19p6395.cern.ch
	CondorScratchDir = "/pool/condor/dir_1070242"
	Cpus = 1
	Disk = 10003337
	GPUs = 0
	Memory = 3000
...
006 (7944174.094.000) 07/08 17:31:54 Image size of job updated: 28092
	28  -  MemoryUsage of job (MB)
	28092  -  ResidentSetSize of job (KB)
...
006 (7944174.094.000) 07/08 17:32:43 Image size of job updated: 211380
	28  -  MemoryUsage of job (MB)
	28092  -  ResidentSetSize of job (KB)
...
040 (7944174.094.000) 07/08 17:32:43 Started transferring output files
...
040 (7944174.094.000) 07/08 17:32:43 Finished transferring output files
...
012 (7944174.094.000) 07/08 17:32:44 Job was held.
	Job held by ON_EXIT_HOLD due to exit code 1.
	Code 3 Subcode 0
...
013 (7944174.094.000) 07/08 17:43:33 Job was released.
	The job attribute PeriodicRelease expression '(NumJobStarts < 3) && ((CurrentTime - EnteredCurrentStatus) > 10 * 60)' evaluated to TRUE
...
040 (7944174.094.000) 07/08 17:44:24 Started transferring input files
	Transferring to host: <128.142.33.219:9618?addrs=128.142.33.219-9618+[2001-1458-301-39--100-18]-9618&alias=b9g24p7463.cern.ch&noUDP&sock=slot1_7_1572694_f20a_23136>
...
040 (7944174.094.000) 07/08 17:44:25 Finished transferring input files
...
001 (7944174.094.000) 07/08 17:44:25 Job executing on host: <128.142.33.219:9618?addrs=128.142.33.219-9618+[2001-1458-301-39--100-18]-9618&alias=b9g24p7463.cern.ch&noUDP&sock=startd_1572644_8e39>
	SlotName: slot1_7@b9g24p7463.cern.ch
	CondorScratchDir = "/pool/condor/dir_2658844"
	Cpus = 1
	Disk = 10007892
	GPUs = 0
	Memory = 3000
...
006 (7944174.094.000) 07/08 17:44:33 Image size of job updated: 225000
	62  -  MemoryUsage of job (MB)
	62740  -  ResidentSetSize of job (KB)
...
006 (7944174.094.000) 07/08 17:44:51 Image size of job updated: 406572
	398  -  MemoryUsage of job (MB)
	406572  -  ResidentSetSize of job (KB)
...
040 (7944174.094.000) 07/08 17:44:51 Started transferring output files
...
040 (7944174.094.000) 07/08 17:44:51 Finished transferring output files
...
012 (7944174.094.000) 07/08 17:44:52 Job was held.
	Job held by ON_EXIT_HOLD due to exit code 1.
	Code 3 Subcode 0
...
013 (7944174.094.000) 07/08 17:55:47 Job was released.
	The job attribute PeriodicRelease expression '(NumJobStarts < 3) && ((CurrentTime - EnteredCurrentStatus) > 10 * 60)' evaluated to TRUE
...
040 (7944174.094.000) 07/08 17:57:47 Started transferring input files
	Transferring to host: <188.185.196.44:9618?addrs=188.185.196.44-9618+[2001-1458-303-23--100-28]-9618&alias=b9p16p6930.cern.ch&noUDP&sock=slot1_40_6924_5593_39556>
...
040 (7944174.094.000) 07/08 17:57:48 Finished transferring input files
...
001 (7944174.094.000) 07/08 17:57:48 Job executing on host: <188.185.196.44:9618?addrs=188.185.196.44-9618+[2001-1458-303-23--100-28]-9618&alias=b9p16p6930.cern.ch&noUDP&sock=startd_6406_8fc8>
	SlotName: slot1_40@b9p16p6930.cern.ch
	CondorScratchDir = "/pool/condor/dir_1832913"
	Cpus = 1
	Disk = 10026795
	GPUs = 0
	Memory = 3000
...
040 (7944174.094.000) 07/08 17:58:24 Started transferring output files
...
040 (7944174.094.000) 07/08 17:58:24 Finished transferring output files
...
012 (7944174.094.000) 07/08 18:00:55 Job was held.
	Job held by ON_EXIT_HOLD due to exit code 1.
	Code 3 Subcode 0
...
