000 (7944174.095.000) 07/08 17:29:05 Job submitted from host: <188.185.16.120:9618?addrs=188.185.16.120-9618+[2001-1458-d00-65--100-39b]-9618&alias=bigbird27.cern.ch&noUDP&sock=schedd_4465_3274>
...
040 (7944174.095.000) 07/08 17:31:41 Started transferring input files
	Transferring to host: <188.185.211.177:9618?addrs=188.185.211.177-9618+[2001-1458-303-17--100-2d]-9618&alias=b9p24p9730.cern.ch&noUDP&sock=slot1_3_6617_0666_41079>
...
040 (7944174.095.000) 07/08 17:31:42 Finished transferring input files
...
001 (7944174.095.000) 07/08 17:31:42 Job executing on host: <188.185.211.177:9618?addrs=188.185.211.177-9618+[2001-1458-303-17--100-2d]-9618&alias=b9p24p9730.cern.ch&noUDP&sock=startd_6258_0bc3>
	SlotName: slot1_3@b9p24p9730.cern.ch
	CondorScratchDir = "/pool/condor/dir_2144672"
	Cpus = 1
	Disk = 10005323
	GPUs = 0
	Memory = 3000
...
006 (7944174.095.000) 07/08 17:31:51 Image size of job updated: 57192
	56  -  MemoryUsage of job (MB)
	57192  -  ResidentSetSize of job (KB)
...
006 (7944174.095.000) 07/08 17:32:43 Image size of job updated: 423908
	414  -  MemoryUsage of job (MB)
	423908  -  ResidentSetSize of job (KB)
...
040 (7944174.095.000) 07/08 17:32:43 Started transferring output files
...
040 (7944174.095.000) 07/08 17:32:43 Finished transferring output files
...
012 (7944174.095.000) 07/08 17:32:45 Job was held.
	Job held by ON_EXIT_HOLD due to exit code 1.
	Code 3 Subcode 0
...
013 (7944174.095.000) 07/08 17:43:33 Job was released.
	The job attribute PeriodicRelease expression '(NumJobStarts < 3) && ((CurrentTime - EnteredCurrentStatus) > 10 * 60)' evaluated to TRUE
...
040 (7944174.095.000) 07/08 17:44:23 Started transferring input files
	Transferring to host: <188.185.195.125:9618?addrs=188.185.195.125-9618+[2001-1458-303-22--100-79]-9618&alias=b9p17p2448.cern.ch&noUDP&sock=slot1_7_6368_94fc_39142>
...
040 (7944174.095.000) 07/08 17:44:23 Finished transferring input files
...
001 (7944174.095.000) 07/08 17:44:23 Job executing on host: <188.185.195.125:9618?addrs=188.185.195.125-9618+[2001-1458-303-22--100-79]-9618&alias=b9p17p2448.cern.ch&noUDP&sock=startd_5404_45e2>
	SlotName: slot1_7@b9p17p2448.cern.ch
	CondorScratchDir = "/pool/condor/dir_2329168"
	Cpus = 1
	Disk = 10003389
	GPUs = 0
	Memory = 3000
...
040 (7944174.095.000) 07/08 17:44:53 Started transferring output files
...
040 (7944174.095.000) 07/08 17:44:53 Finished transferring output files
...
012 (7944174.095.000) 07/08 17:44:53 Job was held.
	Job held by ON_EXIT_HOLD due to exit code 1.
	Code 3 Subcode 0
...
013 (7944174.095.000) 07/08 17:55:47 Job was released.
	The job attribute PeriodicRelease expression '(NumJobStarts < 3) && ((CurrentTime - EnteredCurrentStatus) > 10 * 60)' evaluated to TRUE
...
040 (7944174.095.000) 07/08 17:57:47 Started transferring input files
	Transferring to host: <188.185.193.62:9618?addrs=188.185.193.62-9618+[2001-1458-303-20--100-3a]-9618&alias=b9p19p6922.cern.ch&noUDP&sock=slot1_19_2371690_e875_21629>
...
040 (7944174.095.000) 07/08 17:57:48 Finished transferring input files
...
001 (7944174.095.000) 07/08 17:57:48 Job executing on host: <188.185.193.62:9618?addrs=188.185.193.62-9618+[2001-1458-303-20--100-3a]-9618&alias=b9p19p6922.cern.ch&noUDP&sock=startd_3537_aa91>
	SlotName: slot1_19@b9p19p6922.cern.ch
	CondorScratchDir = "/pool/condor/dir_148061"
	Cpus = 1
	Disk = 10002329
	GPUs = 0
	Memory = 3000
...
040 (7944174.095.000) 07/08 17:58:07 Started transferring output files
...
040 (7944174.095.000) 07/08 17:58:07 Finished transferring output files
...
012 (7944174.095.000) 07/08 17:58:07 Job was held.
	Job held by ON_EXIT_HOLD due to exit code 1.
	Code 3 Subcode 0
...
