000 (7944174.096.000) 07/08 17:29:05 Job submitted from host: <188.185.16.120:9618?addrs=188.185.16.120-9618+[2001-1458-d00-65--100-39b]-9618&alias=bigbird27.cern.ch&noUDP&sock=schedd_4465_3274>
...
040 (7944174.096.000) 07/08 17:31:42 Started transferring input files
	Transferring to host: <188.185.195.114:9618?addrs=188.185.195.114-9618+[2001-1458-303-22--100-6e]-9618&alias=b9p17p4637.cern.ch&noUDP&sock=slot1_28_10331_dfbd_32916>
...
040 (7944174.096.000) 07/08 17:31:43 Finished transferring input files
...
001 (7944174.096.000) 07/08 17:31:43 Job executing on host: <188.185.195.114:9618?addrs=188.185.195.114-9618+[2001-1458-303-22--100-6e]-9618&alias=b9p17p4637.cern.ch&noUDP&sock=startd_9692_7bfd>
	SlotName: slot1_28@b9p17p4637.cern.ch
	CondorScratchDir = "/pool/condor/dir_1580827"
	Cpus = 1
	Disk = 10002670
	GPUs = 0
	Memory = 3000
...
006 (7944174.096.000) 07/08 17:31:57 Image size of job updated: 25392
	21  -  MemoryUsage of job (MB)
	21252  -  ResidentSetSize of job (KB)
...
006 (7944174.096.000) 07/08 17:32:43 Image size of job updated: 205884
	21  -  MemoryUsage of job (MB)
	21252  -  ResidentSetSize of job (KB)
...
040 (7944174.096.000) 07/08 17:32:43 Started transferring output files
...
040 (7944174.096.000) 07/08 17:32:43 Finished transferring output files
...
012 (7944174.096.000) 07/08 17:32:45 Job was held.
	Job held by ON_EXIT_HOLD due to exit code 1.
	Code 3 Subcode 0
...
013 (7944174.096.000) 07/08 17:43:33 Job was released.
	The job attribute PeriodicRelease expression '(NumJobStarts < 3) && ((CurrentTime - EnteredCurrentStatus) > 10 * 60)' evaluated to TRUE
...
040 (7944174.096.000) 07/08 17:44:23 Started transferring input files
	Transferring to host: <188.185.196.63:9618?addrs=188.185.196.63-9618+[2001-1458-303-23--100-3b]-9618&alias=b9p16p5316.cern.ch&noUDP&sock=slot1_2_8236_c1c8_39702>
...
040 (7944174.096.000) 07/08 17:44:23 Finished transferring input files
...
001 (7944174.096.000) 07/08 17:44:23 Job executing on host: <188.185.196.63:9618?addrs=188.185.196.63-9618+[2001-1458-303-23--100-3b]-9618&alias=b9p16p5316.cern.ch&noUDP&sock=startd_7216_277e>
	SlotName: slot1_2@b9p16p5316.cern.ch
	CondorScratchDir = "/pool/condor/dir_2316425"
	Cpus = 1
	Disk = 10051213
	GPUs = 0
	Memory = 3000
...
006 (7944174.096.000) 07/08 17:44:37 Image size of job updated: 225000
	26  -  MemoryUsage of job (MB)
	25620  -  ResidentSetSize of job (KB)
...
006 (7944174.096.000) 07/08 17:44:45 Image size of job updated: 225000
	26  -  MemoryUsage of job (MB)
	25632  -  ResidentSetSize of job (KB)
...
040 (7944174.096.000) 07/08 17:44:45 Started transferring output files
...
040 (7944174.096.000) 07/08 17:44:45 Finished transferring output files
...
012 (7944174.096.000) 07/08 17:44:45 Job was held.
	Job held by ON_EXIT_HOLD due to exit code 1.
	Code 3 Subcode 0
...
013 (7944174.096.000) 07/08 17:55:47 Job was released.
	The job attribute PeriodicRelease expression '(NumJobStarts < 3) && ((CurrentTime - EnteredCurrentStatus) > 10 * 60)' evaluated to TRUE
...
040 (7944174.096.000) 07/08 17:57:48 Started transferring input files
	Transferring to host: <188.185.194.163:9618?addrs=188.185.194.163-9618+[2001-1458-303-21--100-9f]-9618&alias=b9p20p3182.cern.ch&noUDP&sock=slot1_21_4361_780a_24041>
...
040 (7944174.096.000) 07/08 17:57:49 Finished transferring input files
...
001 (7944174.096.000) 07/08 17:57:50 Job executing on host: <188.185.194.163:9618?addrs=188.185.194.163-9618+[2001-1458-303-21--100-9f]-9618&alias=b9p20p3182.cern.ch&noUDP&sock=startd_3843_8e8c>
	SlotName: slot1_21@b9p20p3182.cern.ch
	CondorScratchDir = "/pool/condor/dir_4057186"
	Cpus = 1
	Disk = 10005092
	GPUs = 0
	Memory = 3000
...
040 (7944174.096.000) 07/08 18:00:55 Started transferring output files
...
040 (7944174.096.000) 07/08 18:00:59 Finished transferring output files
...
012 (7944174.096.000) 07/08 18:01:01 Job was held.
	Job held by ON_EXIT_HOLD due to exit code 1.
	Code 3 Subcode 0
...
