000 (7944174.097.000) 07/08 17:29:05 Job submitted from host: <188.185.16.120:9618?addrs=188.185.16.120-9618+[2001-1458-d00-65--100-39b]-9618&alias=bigbird27.cern.ch&noUDP&sock=schedd_4465_3274>
...
040 (7944174.097.000) 07/08 17:31:41 Started transferring input files
	Transferring to host: <188.185.206.195:9618?addrs=188.185.206.195-9618+[2001-1458-303-c--100-40]-9618&alias=b9p06p8468.cern.ch&noUDP&sock=slot1_8_5559_917b_33158>
...
040 (7944174.097.000) 07/08 17:31:42 Finished transferring input files
...
001 (7944174.097.000) 07/08 17:31:42 Job executing on host: <188.185.206.195:9618?addrs=188.185.206.195-9618+[2001-1458-303-c--100-40]-9618&alias=b9p06p8468.cern.ch&noUDP&sock=startd_4718_bbea>
	SlotName: slot1_8@b9p06p8468.cern.ch
	CondorScratchDir = "/pool/condor/dir_225616"
	Cpus = 1
	Disk = 10000608
	GPUs = 0
	Memory = 3000
...
006 (7944174.097.000) 07/08 17:31:56 Image size of job updated: 27116
	23  -  MemoryUsage of job (MB)
	23320  -  ResidentSetSize of job (KB)
...
006 (7944174.097.000) 07/08 17:32:43 Image size of job updated: 216236
	23  -  MemoryUsage of job (MB)
	23320  -  ResidentSetSize of job (KB)
...
040 (7944174.097.000) 07/08 17:32:43 Started transferring output files
...
040 (7944174.097.000) 07/08 17:32:43 Finished transferring output files
...
012 (7944174.097.000) 07/08 17:32:44 Job was held.
	Job held by ON_EXIT_HOLD due to exit code 1.
	Code 3 Subcode 0
...
013 (7944174.097.000) 07/08 17:43:33 Job was released.
	The job attribute PeriodicRelease expression '(NumJobStarts < 3) && ((CurrentTime - EnteredCurrentStatus) > 10 * 60)' evaluated to TRUE
...
040 (7944174.097.000) 07/08 17:44:24 Started transferring input files
	Transferring to host: <188.185.193.74:9618?addrs=188.185.193.74-9618+[2001-1458-303-20--100-46]-9618&alias=b9p19p8680.cern.ch&noUDP&sock=slot1_16_2422945_b139_17855>
...
040 (7944174.097.000) 07/08 17:44:24 Finished transferring input files
...
001 (7944174.097.000) 07/08 17:44:24 Job executing on host: <188.185.193.74:9618?addrs=188.185.193.74-9618+[2001-1458-303-20--100-46]-9618&alias=b9p19p8680.cern.ch&noUDP&sock=startd_7747_6048>
	SlotName: slot1_16@b9p19p8680.cern.ch
	CondorScratchDir = "/pool/condor/dir_3044119"
	Cpus = 1
	Disk = 10001121
	GPUs = 0
	Memory = 3000
...
006 (7944174.097.000) 07/08 17:44:38 Image size of job updated: 225000
	26  -  MemoryUsage of job (MB)
	26156  -  ResidentSetSize of job (KB)
...
006 (7944174.097.000) 07/08 17:44:52 Image size of job updated: 225000
	28  -  MemoryUsage of job (MB)
	27660  -  ResidentSetSize of job (KB)
...
040 (7944174.097.000) 07/08 17:44:52 Started transferring output files
...
040 (7944174.097.000) 07/08 17:44:52 Finished transferring output files
...
012 (7944174.097.000) 07/08 17:44:52 Job was held.
	Job held by ON_EXIT_HOLD due to exit code 1.
	Code 3 Subcode 0
...
013 (7944174.097.000) 07/08 17:55:47 Job was released.
	The job attribute PeriodicRelease expression '(NumJobStarts < 3) && ((CurrentTime - EnteredCurrentStatus) > 10 * 60)' evaluated to TRUE
...
040 (7944174.097.000) 07/08 17:57:48 Started transferring input files
	Transferring to host: <188.185.198.93:9618?addrs=188.185.198.93-9618+[2001-1458-303-25--100-59]-9618&alias=b9p15p2047.cern.ch&noUDP&sock=slot1_39_6620_2386_31415>
...
040 (7944174.097.000) 07/08 17:57:49 Finished transferring input files
...
001 (7944174.097.000) 07/08 17:57:50 Job executing on host: <188.185.198.93:9618?addrs=188.185.198.93-9618+[2001-1458-303-25--100-59]-9618&alias=b9p15p2047.cern.ch&noUDP&sock=startd_6574_cbb1>
	SlotName: slot1_39@b9p15p2047.cern.ch
	CondorScratchDir = "/pool/condor/dir_2625446"
	Cpus = 1
	Disk = 10002896
	GPUs = 0
	Memory = 3000
...
006 (7944174.097.000) 07/08 17:57:59 Image size of job updated: 225000
	64  -  MemoryUsage of job (MB)
	65124  -  ResidentSetSize of job (KB)
...
006 (7944174.097.000) 07/08 17:58:11 Image size of job updated: 423644
	414  -  MemoryUsage of job (MB)
	423644  -  ResidentSetSize of job (KB)
...
040 (7944174.097.000) 07/08 17:58:11 Started transferring output files
...
040 (7944174.097.000) 07/08 17:58:11 Finished transferring output files
...
012 (7944174.097.000) 07/08 17:58:11 Job was held.
	Job held by ON_EXIT_HOLD due to exit code 1.
	Code 3 Subcode 0
...
