000 (7944174.098.000) 07/08 17:29:05 Job submitted from host: <188.185.16.120:9618?addrs=188.185.16.120-9618+[2001-1458-d00-65--100-39b]-9618&alias=bigbird27.cern.ch&noUDP&sock=schedd_4465_3274>
...
040 (7944174.098.000) 07/08 17:31:42 Started transferring input files
	Transferring to host: <188.185.210.220:9618?addrs=188.185.210.220-9618+[2001-1458-303-15--100-58]-9618&alias=b9p22p0994.cern.ch&noUDP&sock=slot1_31_8412_c3cf_41830>
...
040 (7944174.098.000) 07/08 17:31:43 Finished transferring input files
...
001 (7944174.098.000) 07/08 17:31:43 Job executing on host: <188.185.210.220:9618?addrs=188.185.210.220-9618+[2001-1458-303-15--100-58]-9618&alias=b9p22p0994.cern.ch&noUDP&sock=startd_8343_2eba>
	SlotName: slot1_31@b9p22p0994.cern.ch
	CondorScratchDir = "/pool/condor/dir_40571"
	Cpus = 1
	Disk = 10000989
	GPUs = 0
	Memory = 3000
...
006 (7944174.098.000) 07/08 17:31:51 Image size of job updated: 46448
	46  -  MemoryUsage of job (MB)
	46448  -  ResidentSetSize of job (KB)
...
006 (7944174.098.000) 07/08 17:32:43 Image size of job updated: 424040
	415  -  MemoryUsage of job (MB)
	424040  -  ResidentSetSize of job (KB)
...
040 (7944174.098.000) 07/08 17:32:43 Started transferring output files
...
040 (7944174.098.000) 07/08 17:32:43 Finished transferring output files
...
012 (7944174.098.000) 07/08 17:32:45 Job was held.
	Job held by ON_EXIT_HOLD due to exit code 1.
	Code 3 Subcode 0
...
013 (7944174.098.000) 07/08 17:43:33 Job was released.
	The job attribute PeriodicRelease expression '(NumJobStarts < 3) && ((CurrentTime - EnteredCurrentStatus) > 10 * 60)' evaluated to TRUE
...
040 (7944174.098.000) 07/08 17:44:24 Started transferring input files
	Transferring to host: <188.185.192.123:9618?addrs=188.185.192.123-9618+[2001-1458-303-1f--100-77]-9618&alias=b9p13p6073.cern.ch&noUDP&sock=slot1_17_6070_9d30_24458>
...
040 (7944174.098.000) 07/08 17:44:25 Finished transferring input files
...
001 (7944174.098.000) 07/08 17:44:25 Job executing on host: <188.185.192.123:9618?addrs=188.185.192.123-9618+[2001-1458-303-1f--100-77]-9618&alias=b9p13p6073.cern.ch&noUDP&sock=startd_5509_4b54>
	SlotName: slot1_17@b9p13p6073.cern.ch
	CondorScratchDir = "/pool/condor/dir_3816085"
	Cpus = 1
	Disk = 10004394
	GPUs = 0
	Memory = 3000
...
040 (7944174.098.000) 07/08 17:47:15 Started transferring output files
...
040 (7944174.098.000) 07/08 17:47:15 Finished transferring output files
...
012 (7944174.098.000) 07/08 17:47:15 Job was held.
	Job held by ON_EXIT_HOLD due to exit code 1.
	Code 3 Subcode 0
...
013 (7944174.098.000) 07/08 17:58:12 Job was released.
	The job attribute PeriodicRelease expression '(NumJobStarts < 3) && ((CurrentTime - EnteredCurrentStatus) > 10 * 60)' evaluated to TRUE
...
040 (7944174.098.000) 07/08 18:01:12 Started transferring input files
	Transferring to host: <128.142.248.76:9618?addrs=128.142.248.76-9618+[2001-1458-301-73--100-13c]-9618&alias=b9g23p7088.cern.ch&noUDP&sock=slot1_7_1876422_cc49_59924>
...
040 (7944174.098.000) 07/08 18:01:13 Finished transferring input files
...
001 (7944174.098.000) 07/08 18:01:13 Job executing on host: <128.142.248.76:9618?addrs=128.142.248.76-9618+[2001-1458-301-73--100-13c]-9618&alias=b9g23p7088.cern.ch&noUDP&sock=startd_7988_ae9b>
	SlotName: slot1_7@b9g23p7088.cern.ch
	CondorScratchDir = "/pool/condor/dir_2603265"
	Cpus = 1
	Disk = 10001406
	GPUs = 0
	Memory = 3000
...
040 (7944174.098.000) 07/08 18:01:32 Started transferring output files
...
040 (7944174.098.000) 07/08 18:01:32 Finished transferring output files
...
012 (7944174.098.000) 07/08 18:01:32 Job was held.
	Job held by ON_EXIT_HOLD due to exit code 1.
	Code 3 Subcode 0
...
